Started on: 2025-08-16-16:57:18
00000 #37000-1
00000 #Verion 0.0
00000 #input test
00000 UUT_EDS = 37000-561.eds
00000 UUT_DATANAME = 37000-1-CANOPEN-INPUT-RATIO-12
00000 
00000 #cycle IGN to clean slate
00000 RLY_K1 = 1 : NULL : WAIT = 1
00001 RLY_K1 = 0 : NULL : WAIT = 1
00002 
00002 #-----setup pat-----
00002 #setup meter
00002 LdRemote = 1 : NULL : WAIT = 0.1
00003 LdCurrentSet = 0 : NULL : WAIT = 0.1
00004 LdEnable = 0 : NULL : WAIT = 0.1
00005 J0_08_METER_LOAD = 1 : NULL : WAIT = 1
00006 
00006 
00006 #-----setup main supply-----
00006 #setup meter
00006 J0_10_MAIN_SUPPLY = 1 : NULL : WAIT = 1
00007 NULL : MeterVolts = 12 | 0.2 | 0.1
00007 TEST: MeterVolts 12.0 +/- 0.2
00007 PASS: MeterVolts 11.998
00008 J0_10_MAIN_SUPPLY = 0 : NULL : WAIT = 1
00009 
00009 #setup PS1
00009 PwrRemote = 1 : NULL : WAIT = 0.1
00010 PwrSetCurrent = 20 : NULL : WAIT = 0.1
00011 PwrSetVoltage = 0 : NULL : WAIT = 0.1
00012 PwrEnable = 1 : NULL : WAIT = 0.1
00013 J0_09_TEST_SUPPLY = 1 : NULL : WAIT = 1
00014 
00014 J4_03 = 1 : NULL : WAIT = 0.2
00015 #-----setup 34044-----
00015 #disable global modes
00015 sdo[0x2000][3] = 0 : NULL : WAIT = 0.1
00016 sdo[0x2000][4] = 0 : NULL : WAIT = 0.1
00017 #configure Port Modes
00017 sdo[0x2001][1] = 0 : NULL : WAIT = 0.1
00018 sdo[0x2001][2] = 0 : NULL : WAIT = 0.1
00019 sdo[0x2001][3] = 0 : NULL : WAIT = 0.1
00020 sdo[0x2001][4] = 0 : NULL : WAIT = 0.1
00021 sdo[0x2001][5] = 144 : NULL : WAIT = 0.1
00022 sdo[0x2001][6] = 144 : NULL : WAIT = 0.1
00023 sdo[0x2001][7] = 144 : NULL : WAIT = 0.1
00024 sdo[0x2001][8] = 144 : NULL : WAIT = 0.1
00025 #set power supply and wait
00025 PwrSetVoltage = 10 : NULL : WAIT = 0.1
00026 #test power supply
00026 NULL : MeterVolts = 1 | 0.155 | 0.1
00026 TEST: MeterVolts 1.0 +/- 0.155
00026 PASS: MeterVolts 1.003
00027 #switch input to load line
00027 J2_10 = 1 : NULL : WAIT = 0.1
00028 
00028 
00028 #Sweep of Input_5B from 1 to 12 in 0.5 increments
00028 
00028 #set power supply
00028 PwrSetVoltage = 10 : NULL : WAIT = 0.1
00029 #test power supply
00029 NULL : MeterVolts = 1 | 0.155 | 0.1
00029 TEST: MeterVolts 1.0 +/- 0.155
00029 PASS: MeterVolts 1.004
00030 #test feedback
00030 NULL : sdo[0x6401][2] = 83 | 100 | 0.1
00030 TEST: Read Analogue Input 16-Bit.Port 5B 83.0 +/- 100.0
00030 PASS: Read Analogue Input 16-Bit.Port 5B 81.0
00031 #set power supply
00031 PwrSetVoltage = 15 : NULL : WAIT = 0.1
00032 #test power supply
00032 NULL : MeterVolts = 1.5 | 0.155 | 0.1
00032 TEST: MeterVolts 1.5 +/- 0.155
00032 PASS: MeterVolts 1.516
00033 #test feedback
00033 NULL : sdo[0x6401][2] = 125 | 100 | 0.1
00033 TEST: Read Analogue Input 16-Bit.Port 5B 125.0 +/- 100.0
00033 PASS: Read Analogue Input 16-Bit.Port 5B 125.0
00034 #set power supply
00034 PwrSetVoltage = 20 : NULL : WAIT = 0.1
00035 #test power supply
00035 NULL : MeterVolts = 2.0 | 0.155 | 0.1
00035 TEST: MeterVolts 2.0 +/- 0.155
00035 PASS: MeterVolts 2.012
00036 #test feedback
00036 NULL : sdo[0x6401][2] = 166 | 100 | 0.1
00036 TEST: Read Analogue Input 16-Bit.Port 5B 166.0 +/- 100.0
00036 PASS: Read Analogue Input 16-Bit.Port 5B 166.0
00037 #set power supply
00037 PwrSetVoltage = 25 : NULL : WAIT = 0.1
00038 #test power supply
00038 NULL : MeterVolts = 2.5 | 0.155 | 0.1
00038 TEST: MeterVolts 2.5 +/- 0.155
00038 PASS: MeterVolts 2.408
00039 #test feedback
00039 NULL : sdo[0x6401][2] = 208 | 100 | 0.1
00039 TEST: Read Analogue Input 16-Bit.Port 5B 208.0 +/- 100.0
00039 PASS: Read Analogue Input 16-Bit.Port 5B 210.0
00040 #set power supply
00040 PwrSetVoltage = 30 : NULL : WAIT = 0.1
00041 #test power supply
00041 NULL : MeterVolts = 3.0 | 0.155 | 0.1
00041 TEST: MeterVolts 3.0 +/- 0.155
00041 PASS: MeterVolts 2.999
00042 #test feedback
00042 NULL : sdo[0x6401][2] = 250 | 100 | 0.1
00042 TEST: Read Analogue Input 16-Bit.Port 5B 250.0 +/- 100.0
00042 PASS: Read Analogue Input 16-Bit.Port 5B 251.0
00043 #set power supply
00043 PwrSetVoltage = 35 : NULL : WAIT = 0.1
00044 #test power supply
00044 NULL : MeterVolts = 3.5 | 0.155 | 0.1
00044 TEST: MeterVolts 3.5 +/- 0.155
00044 PASS: MeterVolts 3.495
00045 #test feedback
00045 NULL : sdo[0x6401][2] = 291 | 100 | 0.1
00045 TEST: Read Analogue Input 16-Bit.Port 5B 291.0 +/- 100.0
00045 PASS: Read Analogue Input 16-Bit.Port 5B 293.0
00046 #set power supply
00046 PwrSetVoltage = 40 : NULL : WAIT = 0.1
00047 #test power supply
00047 NULL : MeterVolts = 4.0 | 0.155 | 0.1
00047 TEST: MeterVolts 4.0 +/- 0.155
00047 PASS: MeterVolts 3.873
00048 #test feedback
00048 NULL : sdo[0x6401][2] = 333 | 100 | 0.1
00048 TEST: Read Analogue Input 16-Bit.Port 5B 333.0 +/- 100.0
00048 PASS: Read Analogue Input 16-Bit.Port 5B 335.0
00049 #set power supply
00049 PwrSetVoltage = 45 : NULL : WAIT = 0.1
00050 #test power supply
00050 NULL : MeterVolts = 4.5 | 0.155 | 0.1
00050 TEST: MeterVolts 4.5 +/- 0.155
00050 PASS: MeterVolts 4.478
00051 #test feedback
00051 NULL : sdo[0x6401][2] = 375 | 100 | 0.1
00051 TEST: Read Analogue Input 16-Bit.Port 5B 375.0 +/- 100.0
00051 PASS: Read Analogue Input 16-Bit.Port 5B 376.0
00052 #set power supply
00052 PwrSetVoltage = 50 : NULL : WAIT = 0.1
00053 #test power supply
00053 NULL : MeterVolts = 5.0 | 0.155 | 0.1
00053 TEST: MeterVolts 5.0 +/- 0.155
00053 PASS: MeterVolts 4.988
00054 #test feedback
00054 NULL : sdo[0x6401][2] = 416 | 100 | 0.1
00054 TEST: Read Analogue Input 16-Bit.Port 5B 416.0 +/- 100.0
00054 PASS: Read Analogue Input 16-Bit.Port 5B 418.0
00055 #set power supply
00055 PwrSetVoltage = 55 : NULL : WAIT = 0.1
00056 #test power supply
00056 NULL : MeterVolts = 5.5 | 0.155 | 0.1
00056 TEST: MeterVolts 5.5 +/- 0.155
00056 PASS: MeterVolts 5.48
00057 #test feedback
00057 NULL : sdo[0x6401][2] = 458 | 100 | 0.1
00057 TEST: Read Analogue Input 16-Bit.Port 5B 458.0 +/- 100.0
00057 PASS: Read Analogue Input 16-Bit.Port 5B 460.0
00058 #set power supply
00058 PwrSetVoltage = 60 : NULL : WAIT = 0.1
00059 #test power supply
00059 NULL : MeterVolts = 6.0 | 0.155 | 0.1
00059 TEST: MeterVolts 6.0 +/- 0.155
00059 PASS: MeterVolts 5.977
00060 #test feedback
00060 NULL : sdo[0x6401][2] = 500 | 100 | 0.1
00060 TEST: Read Analogue Input 16-Bit.Port 5B 500.0 +/- 100.0
00060 PASS: Read Analogue Input 16-Bit.Port 5B 503.0
00061 #set power supply
00061 PwrSetVoltage = 65 : NULL : WAIT = 0.1
00062 #test power supply
00062 NULL : MeterVolts = 6.5 | 0.155 | 0.1
00062 TEST: MeterVolts 6.5 +/- 0.155
00062 PASS: MeterVolts 6.478
00063 #test feedback
00063 NULL : sdo[0x6401][2] = 541 | 100 | 0.1
00063 TEST: Read Analogue Input 16-Bit.Port 5B 541.0 +/- 100.0
00063 PASS: Read Analogue Input 16-Bit.Port 5B 544.0
00064 #set power supply
00064 PwrSetVoltage = 70 : NULL : WAIT = 0.1
00065 #test power supply
00065 NULL : MeterVolts = 7.0 | 0.155 | 0.1
00065 TEST: MeterVolts 7.0 +/- 0.155
00065 PASS: MeterVolts 6.973
00066 #test feedback
00066 NULL : sdo[0x6401][2] = 583 | 100 | 0.1
00066 TEST: Read Analogue Input 16-Bit.Port 5B 583.0 +/- 100.0
00066 PASS: Read Analogue Input 16-Bit.Port 5B 586.0
00067 #set power supply
00067 PwrSetVoltage = 75 : NULL : WAIT = 0.1
00068 #test power supply
00068 NULL : MeterVolts = 7.5 | 0.155 | 0.1
00068 TEST: MeterVolts 7.5 +/- 0.155
00068 PASS: MeterVolts 7.479
00069 #test feedback
00069 NULL : sdo[0x6401][2] = 625 | 100 | 0.1
00069 TEST: Read Analogue Input 16-Bit.Port 5B 625.0 +/- 100.0
00069 PASS: Read Analogue Input 16-Bit.Port 5B 629.0
00070 #set power supply
00070 PwrSetVoltage = 80 : NULL : WAIT = 0.1
00071 #test power supply
00071 NULL : MeterVolts = 8.0 | 0.155 | 0.1
00071 TEST: MeterVolts 8.0 +/- 0.155
00071 PASS: MeterVolts 7.982
00072 #test feedback
00072 NULL : sdo[0x6401][2] = 666 | 100 | 0.1
00072 TEST: Read Analogue Input 16-Bit.Port 5B 666.0 +/- 100.0
00072 PASS: Read Analogue Input 16-Bit.Port 5B 671.0
00073 #set power supply
00073 PwrSetVoltage = 85 : NULL : WAIT = 0.1
00074 #test power supply
00074 NULL : MeterVolts = 8.5 | 0.155 | 0.1
00074 TEST: MeterVolts 8.5 +/- 0.155
00074 PASS: MeterVolts 8.468
00075 #test feedback
00075 NULL : sdo[0x6401][2] = 708 | 100 | 0.1
00075 TEST: Read Analogue Input 16-Bit.Port 5B 708.0 +/- 100.0
00075 PASS: Read Analogue Input 16-Bit.Port 5B 713.0
00076 #set power supply
00076 PwrSetVoltage = 90 : NULL : WAIT = 0.1
00077 #test power supply
00077 NULL : MeterVolts = 9.0 | 0.155 | 0.1
00077 TEST: MeterVolts 9.0 +/- 0.155
00077 PASS: MeterVolts 8.972
00078 #test feedback
00078 NULL : sdo[0x6401][2] = 750 | 100 | 0.1
00078 TEST: Read Analogue Input 16-Bit.Port 5B 750.0 +/- 100.0
00078 PASS: Read Analogue Input 16-Bit.Port 5B 755.0
00079 #set power supply
00079 PwrSetVoltage = 95 : NULL : WAIT = 0.1
00080 #test power supply
00080 NULL : MeterVolts = 9.5 | 0.155 | 0.1
00080 TEST: MeterVolts 9.5 +/- 0.155
00080 PASS: MeterVolts 9.465
00081 #test feedback
00081 NULL : sdo[0x6401][2] = 791 | 100 | 0.1
00081 TEST: Read Analogue Input 16-Bit.Port 5B 791.0 +/- 100.0
00081 PASS: Read Analogue Input 16-Bit.Port 5B 797.0
00082 #set power supply
00082 PwrSetVoltage = 100 : NULL : WAIT = 0.1
00083 #test power supply
00083 NULL : MeterVolts = 10.0 | 0.155 | 0.1
00083 TEST: MeterVolts 10.0 +/- 0.155
00083 PASS: MeterVolts 9.953
00084 #test feedback
00084 NULL : sdo[0x6401][2] = 833 | 100 | 0.1
00084 TEST: Read Analogue Input 16-Bit.Port 5B 833.0 +/- 100.0
00084 PASS: Read Analogue Input 16-Bit.Port 5B 838.0
00085 #set power supply
00085 PwrSetVoltage = 105 : NULL : WAIT = 0.1
00086 #test power supply
00086 NULL : MeterVolts = 10.5 | 0.155 | 0.1
00086 TEST: MeterVolts 10.5 +/- 0.155
00086 PASS: MeterVolts 10.467
00087 #test feedback
00087 NULL : sdo[0x6401][2] = 875 | 100 | 0.1
00087 TEST: Read Analogue Input 16-Bit.Port 5B 875.0 +/- 100.0
00087 PASS: Read Analogue Input 16-Bit.Port 5B 882.0
00088 #set power supply
00088 PwrSetVoltage = 110 : NULL : WAIT = 0.1
00089 #test power supply
00089 NULL : MeterVolts = 11.0 | 0.155 | 0.1
00089 TEST: MeterVolts 11.0 +/- 0.155
00089 PASS: MeterVolts 10.958
00090 #test feedback
00090 NULL : sdo[0x6401][2] = 916 | 100 | 0.1
00090 TEST: Read Analogue Input 16-Bit.Port 5B 916.0 +/- 100.0
00090 PASS: Read Analogue Input 16-Bit.Port 5B 924.0
00091 #set power supply
00091 PwrSetVoltage = 115 : NULL : WAIT = 0.1
00092 #test power supply
00092 NULL : MeterVolts = 11.5 | 0.155 | 0.1
00092 TEST: MeterVolts 11.5 +/- 0.155
00092 PASS: MeterVolts 11.458
00093 #test feedback
00093 NULL : sdo[0x6401][2] = 958 | 100 | 0.1
00093 TEST: Read Analogue Input 16-Bit.Port 5B 958.0 +/- 100.0
00093 PASS: Read Analogue Input 16-Bit.Port 5B 965.0
00094 #set power supply
00094 PwrSetVoltage = 120 : NULL : WAIT = 0.1
00095 #test power supply
00095 NULL : MeterVolts = 12.0 | 0.155 | 0.1
00095 TEST: MeterVolts 12.0 +/- 0.155
00095 PASS: MeterVolts 11.952
00096 #test feedback
00096 NULL : sdo[0x6401][2] = 1000 | 100 | 0.1
00096 TEST: Read Analogue Input 16-Bit.Port 5B 1000.0 +/- 100.0
00096 PASS: Read Analogue Input 16-Bit.Port 5B 1007.0
00097 
00097 #Finished with port
00097 #switch out input
00097 J2_10 = 0 : NULL : WAIT = 0.1
00098 
00098 #-----setup 34044-----
00098 #disable global modes
00098 sdo[0x2000][3] = 0 : NULL : WAIT = 0.1
00099 sdo[0x2000][4] = 0 : NULL : WAIT = 0.1
00100 #configure Port Modes
00100 sdo[0x2001][1] = 0 : NULL : WAIT = 0.1
00101 sdo[0x2001][2] = 0 : NULL : WAIT = 0.1
00102 sdo[0x2001][3] = 0 : NULL : WAIT = 0.1
00103 sdo[0x2001][4] = 0 : NULL : WAIT = 0.1
00104 sdo[0x2001][5] = 144 : NULL : WAIT = 0.1
00105 sdo[0x2001][6] = 144 : NULL : WAIT = 0.1
00106 sdo[0x2001][7] = 144 : NULL : WAIT = 0.1
00107 sdo[0x2001][8] = 144 : NULL : WAIT = 0.1
00108 #set power supply and wait
00108 PwrSetVoltage = 10 : NULL : WAIT = 0.1
00109 #test power supply
00109 NULL : MeterVolts = 1 | 0.155 | 0.1
00109 TEST: MeterVolts 1.0 +/- 0.155
00109 PASS: MeterVolts 1.031
00110 #switch input to load line
00110 J2_12 = 1 : NULL : WAIT = 0.1
00111 
00111 
00111 #Sweep of Input_6B from 1 to 12 in 0.5 increments
00111 
00111 #set power supply
00111 PwrSetVoltage = 10 : NULL : WAIT = 0.1
00112 #test power supply
00112 NULL : MeterVolts = 1 | 0.155 | 0.1
00112 TEST: MeterVolts 1.0 +/- 0.155
00112 PASS: MeterVolts 1.031
00113 #test feedback
00113 NULL : sdo[0x6401][4] = 83 | 100 | 0.1
00113 TEST: Read Analogue Input 16-Bit.Port 6B 83.0 +/- 100.0
00113 PASS: Read Analogue Input 16-Bit.Port 6B 81.0
00114 #set power supply
00114 PwrSetVoltage = 15 : NULL : WAIT = 0.1
00115 #test power supply
00115 NULL : MeterVolts = 1.5 | 0.155 | 0.1
00115 TEST: MeterVolts 1.5 +/- 0.155
00115 PASS: MeterVolts 1.517
00116 #test feedback
00116 NULL : sdo[0x6401][4] = 125 | 100 | 0.1
00116 TEST: Read Analogue Input 16-Bit.Port 6B 125.0 +/- 100.0
00116 PASS: Read Analogue Input 16-Bit.Port 6B 125.0
00117 #set power supply
00117 PwrSetVoltage = 20 : NULL : WAIT = 0.1
00118 #test power supply
00118 NULL : MeterVolts = 2.0 | 0.155 | 0.1
00118 TEST: MeterVolts 2.0 +/- 0.155
00118 PASS: MeterVolts 2.013
00119 #test feedback
00119 NULL : sdo[0x6401][4] = 166 | 100 | 0.1
00119 TEST: Read Analogue Input 16-Bit.Port 6B 166.0 +/- 100.0
00119 PASS: Read Analogue Input 16-Bit.Port 6B 167.0
00120 #set power supply
00120 PwrSetVoltage = 25 : NULL : WAIT = 0.1
00121 #test power supply
00121 NULL : MeterVolts = 2.5 | 0.155 | 0.1
00121 TEST: MeterVolts 2.5 +/- 0.155
00121 PASS: MeterVolts 2.511
00122 #test feedback
00122 NULL : sdo[0x6401][4] = 208 | 100 | 0.1
00122 TEST: Read Analogue Input 16-Bit.Port 6B 208.0 +/- 100.0
00122 PASS: Read Analogue Input 16-Bit.Port 6B 210.0
00123 #set power supply
00123 PwrSetVoltage = 30 : NULL : WAIT = 0.1
00124 #test power supply
00124 NULL : MeterVolts = 3.0 | 0.155 | 0.1
00124 TEST: MeterVolts 3.0 +/- 0.155
00124 PASS: MeterVolts 3.0
00125 #test feedback
00125 NULL : sdo[0x6401][4] = 250 | 100 | 0.1
00125 TEST: Read Analogue Input 16-Bit.Port 6B 250.0 +/- 100.0
00125 PASS: Read Analogue Input 16-Bit.Port 6B 251.0
00126 #set power supply
00126 PwrSetVoltage = 35 : NULL : WAIT = 0.1
00127 #test power supply
00127 NULL : MeterVolts = 3.5 | 0.155 | 0.1
00127 TEST: MeterVolts 3.5 +/- 0.155
00127 PASS: MeterVolts 3.495
00128 #test feedback
00128 NULL : sdo[0x6401][4] = 291 | 100 | 0.1
00128 TEST: Read Analogue Input 16-Bit.Port 6B 291.0 +/- 100.0
00128 PASS: Read Analogue Input 16-Bit.Port 6B 293.0
00129 #set power supply
00129 PwrSetVoltage = 40 : NULL : WAIT = 0.1
00130 #test power supply
00130 NULL : MeterVolts = 4.0 | 0.155 | 0.1
00130 TEST: MeterVolts 4.0 +/- 0.155
00130 PASS: MeterVolts 3.994
00131 #test feedback
00131 NULL : sdo[0x6401][4] = 333 | 100 | 0.1
00131 TEST: Read Analogue Input 16-Bit.Port 6B 333.0 +/- 100.0
00131 PASS: Read Analogue Input 16-Bit.Port 6B 335.0
00132 #set power supply
00132 PwrSetVoltage = 45 : NULL : WAIT = 0.1
00133 #test power supply
00133 NULL : MeterVolts = 4.5 | 0.155 | 0.1
00133 TEST: MeterVolts 4.5 +/- 0.155
00133 PASS: MeterVolts 4.486
00134 #test feedback
00134 NULL : sdo[0x6401][4] = 375 | 100 | 0.1
00134 TEST: Read Analogue Input 16-Bit.Port 6B 375.0 +/- 100.0
00134 PASS: Read Analogue Input 16-Bit.Port 6B 376.0
00135 #set power supply
00135 PwrSetVoltage = 50 : NULL : WAIT = 0.1
00136 #test power supply
00136 NULL : MeterVolts = 5.0 | 0.155 | 0.1
00136 TEST: MeterVolts 5.0 +/- 0.155
00136 PASS: MeterVolts 4.987
00137 #test feedback
00137 NULL : sdo[0x6401][4] = 416 | 100 | 0.1
00137 TEST: Read Analogue Input 16-Bit.Port 6B 416.0 +/- 100.0
00137 PASS: Read Analogue Input 16-Bit.Port 6B 418.0
00138 #set power supply
00138 PwrSetVoltage = 55 : NULL : WAIT = 0.1
00139 #test power supply
00139 NULL : MeterVolts = 5.5 | 0.155 | 0.1
00139 TEST: MeterVolts 5.5 +/- 0.155
00139 PASS: MeterVolts 5.479
00140 #test feedback
00140 NULL : sdo[0x6401][4] = 458 | 100 | 0.1
00140 TEST: Read Analogue Input 16-Bit.Port 6B 458.0 +/- 100.0
00140 PASS: Read Analogue Input 16-Bit.Port 6B 460.0
00141 #set power supply
00141 PwrSetVoltage = 60 : NULL : WAIT = 0.1
00142 #test power supply
00142 NULL : MeterVolts = 6.0 | 0.155 | 0.1
00142 TEST: MeterVolts 6.0 +/- 0.155
00142 PASS: MeterVolts 5.978
00143 #test feedback
00143 NULL : sdo[0x6401][4] = 500 | 100 | 0.1
00143 TEST: Read Analogue Input 16-Bit.Port 6B 500.0 +/- 100.0
00143 PASS: Read Analogue Input 16-Bit.Port 6B 503.0
00144 #set power supply
00144 PwrSetVoltage = 65 : NULL : WAIT = 0.1
00145 #test power supply
00145 NULL : MeterVolts = 6.5 | 0.155 | 0.1
00145 TEST: MeterVolts 6.5 +/- 0.155
00145 PASS: MeterVolts 6.478
00146 #test feedback
00146 NULL : sdo[0x6401][4] = 541 | 100 | 0.1
00146 TEST: Read Analogue Input 16-Bit.Port 6B 541.0 +/- 100.0
00146 PASS: Read Analogue Input 16-Bit.Port 6B 544.0
00147 #set power supply
00147 PwrSetVoltage = 70 : NULL : WAIT = 0.1
00148 #test power supply
00148 NULL : MeterVolts = 7.0 | 0.155 | 0.1
00148 TEST: MeterVolts 7.0 +/- 0.155
00148 PASS: MeterVolts 6.974
00149 #test feedback
00149 NULL : sdo[0x6401][4] = 583 | 100 | 0.1
00149 TEST: Read Analogue Input 16-Bit.Port 6B 583.0 +/- 100.0
00149 PASS: Read Analogue Input 16-Bit.Port 6B 586.0
00150 #set power supply
00150 PwrSetVoltage = 75 : NULL : WAIT = 0.1
00151 #test power supply
00151 NULL : MeterVolts = 7.5 | 0.155 | 0.1
00151 TEST: MeterVolts 7.5 +/- 0.155
00151 PASS: MeterVolts 7.479
00152 #test feedback
00152 NULL : sdo[0x6401][4] = 625 | 100 | 0.1
00152 TEST: Read Analogue Input 16-Bit.Port 6B 625.0 +/- 100.0
00152 PASS: Read Analogue Input 16-Bit.Port 6B 629.0
00153 #set power supply
00153 PwrSetVoltage = 80 : NULL : WAIT = 0.1
00154 #test power supply
00154 NULL : MeterVolts = 8.0 | 0.155 | 0.1
00154 TEST: MeterVolts 8.0 +/- 0.155
00154 PASS: MeterVolts 7.983
00155 #test feedback
00155 NULL : sdo[0x6401][4] = 666 | 100 | 0.1
00155 TEST: Read Analogue Input 16-Bit.Port 6B 666.0 +/- 100.0
00155 PASS: Read Analogue Input 16-Bit.Port 6B 671.0
00156 #set power supply
00156 PwrSetVoltage = 85 : NULL : WAIT = 0.1
00157 #test power supply
00157 NULL : MeterVolts = 8.5 | 0.155 | 0.1
00157 TEST: MeterVolts 8.5 +/- 0.155
00157 PASS: MeterVolts 8.473
00158 #test feedback
00158 NULL : sdo[0x6401][4] = 708 | 100 | 0.1
00158 TEST: Read Analogue Input 16-Bit.Port 6B 708.0 +/- 100.0
00158 PASS: Read Analogue Input 16-Bit.Port 6B 713.0
00159 #set power supply
00159 PwrSetVoltage = 90 : NULL : WAIT = 0.1
00160 #test power supply
00160 NULL : MeterVolts = 9.0 | 0.155 | 0.1
00160 TEST: MeterVolts 9.0 +/- 0.155
00160 PASS: MeterVolts 8.972
00161 #test feedback
00161 NULL : sdo[0x6401][4] = 750 | 100 | 0.1
00161 TEST: Read Analogue Input 16-Bit.Port 6B 750.0 +/- 100.0
00161 PASS: Read Analogue Input 16-Bit.Port 6B 755.0
00162 #set power supply
00162 PwrSetVoltage = 95 : NULL : WAIT = 0.1
00163 #test power supply
00163 NULL : MeterVolts = 9.5 | 0.155 | 0.1
00163 TEST: MeterVolts 9.5 +/- 0.155
00163 PASS: MeterVolts 9.463
00164 #test feedback
00164 NULL : sdo[0x6401][4] = 791 | 100 | 0.1
00164 TEST: Read Analogue Input 16-Bit.Port 6B 791.0 +/- 100.0
00164 PASS: Read Analogue Input 16-Bit.Port 6B 796.0
00165 #set power supply
00165 PwrSetVoltage = 100 : NULL : WAIT = 0.1
00166 #test power supply
00166 NULL : MeterVolts = 10.0 | 0.155 | 0.1
00166 TEST: MeterVolts 10.0 +/- 0.155
00166 PASS: MeterVolts 9.967
00167 #test feedback
00167 NULL : sdo[0x6401][4] = 833 | 100 | 0.1
00167 TEST: Read Analogue Input 16-Bit.Port 6B 833.0 +/- 100.0
00167 PASS: Read Analogue Input 16-Bit.Port 6B 840.0
00168 #set power supply
00168 PwrSetVoltage = 105 : NULL : WAIT = 0.1
00169 #test power supply
00169 NULL : MeterVolts = 10.5 | 0.155 | 0.1
00169 TEST: MeterVolts 10.5 +/- 0.155
00169 PASS: MeterVolts 10.466
00170 #test feedback
00170 NULL : sdo[0x6401][4] = 875 | 100 | 0.1
00170 TEST: Read Analogue Input 16-Bit.Port 6B 875.0 +/- 100.0
00170 PASS: Read Analogue Input 16-Bit.Port 6B 881.0
00171 #set power supply
00171 PwrSetVoltage = 110 : NULL : WAIT = 0.1
00172 #test power supply
00172 NULL : MeterVolts = 11.0 | 0.155 | 0.1
00172 TEST: MeterVolts 11.0 +/- 0.155
00172 PASS: MeterVolts 10.958
00173 #test feedback
00173 NULL : sdo[0x6401][4] = 916 | 100 | 0.1
00173 TEST: Read Analogue Input 16-Bit.Port 6B 916.0 +/- 100.0
00173 PASS: Read Analogue Input 16-Bit.Port 6B 924.0
00174 #set power supply
00174 PwrSetVoltage = 115 : NULL : WAIT = 0.1
00175 #test power supply
00175 NULL : MeterVolts = 11.5 | 0.155 | 0.1
00175 TEST: MeterVolts 11.5 +/- 0.155
00175 PASS: MeterVolts 11.458
00176 #test feedback
00176 NULL : sdo[0x6401][4] = 958 | 100 | 0.1
00176 TEST: Read Analogue Input 16-Bit.Port 6B 958.0 +/- 100.0
00176 PASS: Read Analogue Input 16-Bit.Port 6B 965.0
00177 #set power supply
00177 PwrSetVoltage = 120 : NULL : WAIT = 0.1
00178 #test power supply
00178 NULL : MeterVolts = 12.0 | 0.155 | 0.1
00178 TEST: MeterVolts 12.0 +/- 0.155
00178 PASS: MeterVolts 11.952
00179 #test feedback
00179 NULL : sdo[0x6401][4] = 1000 | 100 | 0.1
00179 TEST: Read Analogue Input 16-Bit.Port 6B 1000.0 +/- 100.0
00179 PASS: Read Analogue Input 16-Bit.Port 6B 1007.0
00180 
00180 #Finished with port
00180 #switch out input
00180 J2_12 = 0 : NULL : WAIT = 0.1
00181 
00181 #-----setup 34044-----
00181 #disable global modes
00181 sdo[0x2000][3] = 0 : NULL : WAIT = 0.1
00182 sdo[0x2000][4] = 0 : NULL : WAIT = 0.1
00183 #configure Port Modes
00183 sdo[0x2001][1] = 0 : NULL : WAIT = 0.1
00184 sdo[0x2001][2] = 0 : NULL : WAIT = 0.1
00185 sdo[0x2001][3] = 0 : NULL : WAIT = 0.1
00186 sdo[0x2001][4] = 0 : NULL : WAIT = 0.1
00187 sdo[0x2001][5] = 144 : NULL : WAIT = 0.1
00188 sdo[0x2001][6] = 144 : NULL : WAIT = 0.1
00189 sdo[0x2001][7] = 144 : NULL : WAIT = 0.1
00190 sdo[0x2001][8] = 144 : NULL : WAIT = 0.1
00191 #set power supply and wait
00191 PwrSetVoltage = 10 : NULL : WAIT = 0.1
00192 #test power supply
00192 NULL : MeterVolts = 1 | 0.155 | 0.1
00192 TEST: MeterVolts 1.0 +/- 0.155
00192 PASS: MeterVolts 1.005
00193 #switch input to load line
00193 J3_02 = 1 : NULL : WAIT = 0.1
00194 
00194 
00194 #Sweep of Input_7B from 1 to 12 in 0.5 increments
00194 
00194 #set power supply
00194 PwrSetVoltage = 10 : NULL : WAIT = 0.1
00195 #test power supply
00195 NULL : MeterVolts = 1 | 0.155 | 0.1
00195 TEST: MeterVolts 1.0 +/- 0.155
00195 PASS: MeterVolts 1.005
00196 #test feedback
00196 NULL : sdo[0x6401][6] = 83 | 100 | 0.1
00196 TEST: Read Analogue Input 16-Bit.Port 7B 83.0 +/- 100.0
00196 PASS: Read Analogue Input 16-Bit.Port 7B 83.0
00197 #set power supply
00197 PwrSetVoltage = 15 : NULL : WAIT = 0.1
00198 #test power supply
00198 NULL : MeterVolts = 1.5 | 0.155 | 0.1
00198 TEST: MeterVolts 1.5 +/- 0.155
00198 PASS: MeterVolts 1.518
00199 #test feedback
00199 NULL : sdo[0x6401][6] = 125 | 100 | 0.1
00199 TEST: Read Analogue Input 16-Bit.Port 7B 125.0 +/- 100.0
00199 PASS: Read Analogue Input 16-Bit.Port 7B 125.0
00200 #set power supply
00200 PwrSetVoltage = 20 : NULL : WAIT = 0.1
00201 #test power supply
00201 NULL : MeterVolts = 2.0 | 0.155 | 0.1
00201 TEST: MeterVolts 2.0 +/- 0.155
00201 PASS: MeterVolts 1.968
00202 #test feedback
00202 NULL : sdo[0x6401][6] = 166 | 100 | 0.1
00202 TEST: Read Analogue Input 16-Bit.Port 7B 166.0 +/- 100.0
00202 PASS: Read Analogue Input 16-Bit.Port 7B 168.0
00203 #set power supply
00203 PwrSetVoltage = 25 : NULL : WAIT = 0.1
00204 #test power supply
00204 NULL : MeterVolts = 2.5 | 0.155 | 0.1
00204 TEST: MeterVolts 2.5 +/- 0.155
00204 PASS: MeterVolts 2.511
00205 #test feedback
00205 NULL : sdo[0x6401][6] = 208 | 100 | 0.1
00205 TEST: Read Analogue Input 16-Bit.Port 7B 208.0 +/- 100.0
00205 PASS: Read Analogue Input 16-Bit.Port 7B 210.0
00206 #set power supply
00206 PwrSetVoltage = 30 : NULL : WAIT = 0.1
00207 #test power supply
00207 NULL : MeterVolts = 3.0 | 0.155 | 0.1
00207 TEST: MeterVolts 3.0 +/- 0.155
00207 PASS: MeterVolts 3.001
00208 #test feedback
00208 NULL : sdo[0x6401][6] = 250 | 100 | 0.1
00208 TEST: Read Analogue Input 16-Bit.Port 7B 250.0 +/- 100.0
00208 PASS: Read Analogue Input 16-Bit.Port 7B 251.0
00209 #set power supply
00209 PwrSetVoltage = 35 : NULL : WAIT = 0.1
00210 #test power supply
00210 NULL : MeterVolts = 3.5 | 0.155 | 0.1
00210 TEST: MeterVolts 3.5 +/- 0.155
00210 PASS: MeterVolts 3.435
00211 #test feedback
00211 NULL : sdo[0x6401][6] = 291 | 100 | 0.1
00211 TEST: Read Analogue Input 16-Bit.Port 7B 291.0 +/- 100.0
00211 PASS: Read Analogue Input 16-Bit.Port 7B 293.0
00212 #set power supply
00212 PwrSetVoltage = 40 : NULL : WAIT = 0.1
00213 #test power supply
00213 NULL : MeterVolts = 4.0 | 0.155 | 0.1
00213 TEST: MeterVolts 4.0 +/- 0.155
00213 PASS: MeterVolts 3.995
00214 #test feedback
00214 NULL : sdo[0x6401][6] = 333 | 100 | 0.1
00214 TEST: Read Analogue Input 16-Bit.Port 7B 333.0 +/- 100.0
00214 PASS: Read Analogue Input 16-Bit.Port 7B 335.0
00215 #set power supply
00215 PwrSetVoltage = 45 : NULL : WAIT = 0.1
00216 #test power supply
00216 NULL : MeterVolts = 4.5 | 0.155 | 0.1
00216 TEST: MeterVolts 4.5 +/- 0.155
00216 PASS: MeterVolts 4.489
00217 #test feedback
00217 NULL : sdo[0x6401][6] = 375 | 100 | 0.1
00217 TEST: Read Analogue Input 16-Bit.Port 7B 375.0 +/- 100.0
00217 PASS: Read Analogue Input 16-Bit.Port 7B 377.0
00218 #set power supply
00218 PwrSetVoltage = 50 : NULL : WAIT = 0.1
00219 #test power supply
00219 NULL : MeterVolts = 5.0 | 0.155 | 0.1
00219 TEST: MeterVolts 5.0 +/- 0.155
00219 PASS: MeterVolts 4.912
00220 #test feedback
00220 NULL : sdo[0x6401][6] = 416 | 100 | 0.1
00220 TEST: Read Analogue Input 16-Bit.Port 7B 416.0 +/- 100.0
00220 PASS: Read Analogue Input 16-Bit.Port 7B 420.0
00221 #set power supply
00221 PwrSetVoltage = 55 : NULL : WAIT = 0.1
00222 #test power supply
00222 NULL : MeterVolts = 5.5 | 0.155 | 0.1
00222 TEST: MeterVolts 5.5 +/- 0.155
00222 PASS: MeterVolts 5.48
00223 #test feedback
00223 NULL : sdo[0x6401][6] = 458 | 100 | 0.1
00223 TEST: Read Analogue Input 16-Bit.Port 7B 458.0 +/- 100.0
00223 PASS: Read Analogue Input 16-Bit.Port 7B 461.0
00224 #set power supply
00224 PwrSetVoltage = 60 : NULL : WAIT = 0.1
00225 #test power supply
00225 NULL : MeterVolts = 6.0 | 0.155 | 0.1
00225 TEST: MeterVolts 6.0 +/- 0.155
00225 PASS: MeterVolts 5.979
00226 #test feedback
00226 NULL : sdo[0x6401][6] = 500 | 100 | 0.1
00226 TEST: Read Analogue Input 16-Bit.Port 7B 500.0 +/- 100.0
00226 PASS: Read Analogue Input 16-Bit.Port 7B 503.0
00227 #set power supply
00227 PwrSetVoltage = 65 : NULL : WAIT = 0.1
00228 #test power supply
00228 NULL : MeterVolts = 6.5 | 0.155 | 0.1
00228 TEST: MeterVolts 6.5 +/- 0.155
00228 PASS: MeterVolts 6.481
00229 #test feedback
00229 NULL : sdo[0x6401][6] = 541 | 100 | 0.1
00229 TEST: Read Analogue Input 16-Bit.Port 7B 541.0 +/- 100.0
00229 PASS: Read Analogue Input 16-Bit.Port 7B 545.0
00230 #set power supply
00230 PwrSetVoltage = 70 : NULL : WAIT = 0.1
00231 #test power supply
00231 NULL : MeterVolts = 7.0 | 0.155 | 0.1
00231 TEST: MeterVolts 7.0 +/- 0.155
00231 PASS: MeterVolts 6.975
00232 #test feedback
00232 NULL : sdo[0x6401][6] = 583 | 100 | 0.1
00232 TEST: Read Analogue Input 16-Bit.Port 7B 583.0 +/- 100.0
00232 PASS: Read Analogue Input 16-Bit.Port 7B 588.0
00233 #set power supply
00233 PwrSetVoltage = 75 : NULL : WAIT = 0.1
00234 #test power supply
00234 NULL : MeterVolts = 7.5 | 0.155 | 0.1
00234 TEST: MeterVolts 7.5 +/- 0.155
00234 PASS: MeterVolts 7.48
00235 #test feedback
00235 NULL : sdo[0x6401][6] = 625 | 100 | 0.1
00235 TEST: Read Analogue Input 16-Bit.Port 7B 625.0 +/- 100.0
00235 PASS: Read Analogue Input 16-Bit.Port 7B 630.0
00236 #set power supply
00236 PwrSetVoltage = 80 : NULL : WAIT = 0.1
00237 #test power supply
00237 NULL : MeterVolts = 8.0 | 0.155 | 0.1
00237 TEST: MeterVolts 8.0 +/- 0.155
00237 PASS: MeterVolts 7.984
00238 #test feedback
00238 NULL : sdo[0x6401][6] = 666 | 100 | 0.1
00238 TEST: Read Analogue Input 16-Bit.Port 7B 666.0 +/- 100.0
00238 PASS: Read Analogue Input 16-Bit.Port 7B 673.0
00239 #set power supply
00239 PwrSetVoltage = 85 : NULL : WAIT = 0.1
00240 #test power supply
00240 NULL : MeterVolts = 8.5 | 0.155 | 0.1
00240 TEST: MeterVolts 8.5 +/- 0.155
00240 PASS: MeterVolts 8.347
00241 #test feedback
00241 NULL : sdo[0x6401][6] = 708 | 100 | 0.1
00241 TEST: Read Analogue Input 16-Bit.Port 7B 708.0 +/- 100.0
00241 PASS: Read Analogue Input 16-Bit.Port 7B 714.0
00242 #set power supply
00242 PwrSetVoltage = 90 : NULL : WAIT = 0.1
00243 #test power supply
00243 NULL : MeterVolts = 9.0 | 0.155 | 0.1
00243 TEST: MeterVolts 9.0 +/- 0.155
00243 PASS: MeterVolts 8.973
00244 #test feedback
00244 NULL : sdo[0x6401][6] = 750 | 100 | 0.1
00244 TEST: Read Analogue Input 16-Bit.Port 7B 750.0 +/- 100.0
00244 PASS: Read Analogue Input 16-Bit.Port 7B 756.0
00245 #set power supply
00245 PwrSetVoltage = 95 : NULL : WAIT = 0.1
00246 #test power supply
00246 NULL : MeterVolts = 9.5 | 0.155 | 0.1
00246 TEST: MeterVolts 9.5 +/- 0.155
00246 PASS: MeterVolts 9.465
00247 #test feedback
00247 NULL : sdo[0x6401][6] = 791 | 100 | 0.1
00247 TEST: Read Analogue Input 16-Bit.Port 7B 791.0 +/- 100.0
00247 PASS: Read Analogue Input 16-Bit.Port 7B 798.0
00248 #set power supply
00248 PwrSetVoltage = 100 : NULL : WAIT = 0.1
00249 #test power supply
00249 NULL : MeterVolts = 10.0 | 0.155 | 0.1
00249 TEST: MeterVolts 10.0 +/- 0.155
00249 PASS: MeterVolts 9.967
00250 #test feedback
00250 NULL : sdo[0x6401][6] = 833 | 100 | 0.1
00250 TEST: Read Analogue Input 16-Bit.Port 7B 833.0 +/- 100.0
00250 PASS: Read Analogue Input 16-Bit.Port 7B 840.0
00251 #set power supply
00251 PwrSetVoltage = 105 : NULL : WAIT = 0.1
00252 #test power supply
00252 NULL : MeterVolts = 10.5 | 0.155 | 0.1
00252 TEST: MeterVolts 10.5 +/- 0.155
00252 PASS: MeterVolts 10.468
00253 #test feedback
00253 NULL : sdo[0x6401][6] = 875 | 100 | 0.1
00253 TEST: Read Analogue Input 16-Bit.Port 7B 875.0 +/- 100.0
00253 PASS: Read Analogue Input 16-Bit.Port 7B 883.0
00254 #set power supply
00254 PwrSetVoltage = 110 : NULL : WAIT = 0.1
00255 #test power supply
00255 NULL : MeterVolts = 11.0 | 0.155 | 0.1
00255 TEST: MeterVolts 11.0 +/- 0.155
00255 PASS: MeterVolts 10.905
00256 #test feedback
00256 NULL : sdo[0x6401][6] = 916 | 100 | 0.1
00256 TEST: Read Analogue Input 16-Bit.Port 7B 916.0 +/- 100.0
00256 PASS: Read Analogue Input 16-Bit.Port 7B 925.0
00257 #set power supply
00257 PwrSetVoltage = 115 : NULL : WAIT = 0.1
00258 #test power supply
00258 NULL : MeterVolts = 11.5 | 0.155 | 0.1
00258 TEST: MeterVolts 11.5 +/- 0.155
00258 PASS: MeterVolts 11.46
00259 #test feedback
00259 NULL : sdo[0x6401][6] = 958 | 100 | 0.1
00259 TEST: Read Analogue Input 16-Bit.Port 7B 958.0 +/- 100.0
00259 PASS: Read Analogue Input 16-Bit.Port 7B 967.0
00260 #set power supply
00260 PwrSetVoltage = 120 : NULL : WAIT = 0.1
00261 #test power supply
00261 NULL : MeterVolts = 12.0 | 0.155 | 0.1
00261 TEST: MeterVolts 12.0 +/- 0.155
00261 PASS: MeterVolts 11.955
00262 #test feedback
00262 NULL : sdo[0x6401][6] = 1000 | 100 | 0.1
00262 TEST: Read Analogue Input 16-Bit.Port 7B 1000.0 +/- 100.0
00262 PASS: Read Analogue Input 16-Bit.Port 7B 1009.0
00263 
00263 #Finished with port
00263 #switch out input
00263 J3_02 = 0 : NULL : WAIT = 0.1
00264 
00264 #-----setup 34044-----
00264 #disable global modes
00264 sdo[0x2000][3] = 0 : NULL : WAIT = 0.1
00265 sdo[0x2000][4] = 0 : NULL : WAIT = 0.1
00266 #configure Port Modes
00266 sdo[0x2001][1] = 0 : NULL : WAIT = 0.1
00267 sdo[0x2001][2] = 0 : NULL : WAIT = 0.1
00268 sdo[0x2001][3] = 0 : NULL : WAIT = 0.1
00269 sdo[0x2001][4] = 0 : NULL : WAIT = 0.1
00270 sdo[0x2001][5] = 144 : NULL : WAIT = 0.1
00271 sdo[0x2001][6] = 144 : NULL : WAIT = 0.1
00272 sdo[0x2001][7] = 144 : NULL : WAIT = 0.1
00273 sdo[0x2001][8] = 144 : NULL : WAIT = 0.1
00274 #set power supply and wait
00274 PwrSetVoltage = 10 : NULL : WAIT = 0.1
00275 #test power supply
00275 NULL : MeterVolts = 1 | 0.155 | 0.1
00275 TEST: MeterVolts 1.0 +/- 0.155
00275 PASS: MeterVolts 1.079
00276 #switch input to load line
00276 J3_04 = 1 : NULL : WAIT = 0.1
00277 
00277 
00277 #Sweep of Input_8B from 1 to 12 in 0.5 increments
00277 
00277 #set power supply
00277 PwrSetVoltage = 10 : NULL : WAIT = 0.1
00278 #test power supply
00278 NULL : MeterVolts = 1 | 0.155 | 0.1
00278 TEST: MeterVolts 1.0 +/- 0.155
00278 PASS: MeterVolts 1.006
00279 #test feedback
00279 NULL : sdo[0x6401][8] = 83 | 100 | 0.1
00279 TEST: Read Analogue Input 16-Bit.Port 8B 83.0 +/- 100.0
00279 PASS: Read Analogue Input 16-Bit.Port 8B 82.0
00280 #set power supply
00280 PwrSetVoltage = 15 : NULL : WAIT = 0.1
00281 #test power supply
00281 NULL : MeterVolts = 1.5 | 0.155 | 0.1
00281 TEST: MeterVolts 1.5 +/- 0.155
00281 PASS: MeterVolts 1.519
00282 #test feedback
00282 NULL : sdo[0x6401][8] = 125 | 100 | 0.1
00282 TEST: Read Analogue Input 16-Bit.Port 8B 125.0 +/- 100.0
00282 PASS: Read Analogue Input 16-Bit.Port 8B 126.0
00283 #set power supply
00283 PwrSetVoltage = 20 : NULL : WAIT = 0.1
00284 #test power supply
00284 NULL : MeterVolts = 2.0 | 0.155 | 0.1
00284 TEST: MeterVolts 2.0 +/- 0.155
00284 PASS: MeterVolts 2.015
00285 #test feedback
00285 NULL : sdo[0x6401][8] = 166 | 100 | 0.1
00285 TEST: Read Analogue Input 16-Bit.Port 8B 166.0 +/- 100.0
00285 PASS: Read Analogue Input 16-Bit.Port 8B 168.0
00286 #set power supply
00286 PwrSetVoltage = 25 : NULL : WAIT = 0.1
00287 #test power supply
00287 NULL : MeterVolts = 2.5 | 0.155 | 0.1
00287 TEST: MeterVolts 2.5 +/- 0.155
00287 PASS: MeterVolts 2.513
00288 #test feedback
00288 NULL : sdo[0x6401][8] = 208 | 100 | 0.1
00288 TEST: Read Analogue Input 16-Bit.Port 8B 208.0 +/- 100.0
00288 PASS: Read Analogue Input 16-Bit.Port 8B 210.0
00289 #set power supply
00289 PwrSetVoltage = 30 : NULL : WAIT = 0.1
00290 #test power supply
00290 NULL : MeterVolts = 3.0 | 0.155 | 0.1
00290 TEST: MeterVolts 3.0 +/- 0.155
00290 PASS: MeterVolts 3.001
00291 #test feedback
00291 NULL : sdo[0x6401][8] = 250 | 100 | 0.1
00291 TEST: Read Analogue Input 16-Bit.Port 8B 250.0 +/- 100.0
00291 PASS: Read Analogue Input 16-Bit.Port 8B 250.0
00292 #set power supply
00292 PwrSetVoltage = 35 : NULL : WAIT = 0.1
00293 #test power supply
00293 NULL : MeterVolts = 3.5 | 0.155 | 0.1
00293 TEST: MeterVolts 3.5 +/- 0.155
00293 PASS: MeterVolts 3.498
00294 #test feedback
00294 NULL : sdo[0x6401][8] = 291 | 100 | 0.1
00294 TEST: Read Analogue Input 16-Bit.Port 8B 291.0 +/- 100.0
00294 PASS: Read Analogue Input 16-Bit.Port 8B 294.0
00295 #set power supply
00295 PwrSetVoltage = 40 : NULL : WAIT = 0.1
00296 #test power supply
00296 NULL : MeterVolts = 4.0 | 0.155 | 0.1
00296 TEST: MeterVolts 4.0 +/- 0.155
00296 PASS: MeterVolts 3.995
00297 #test feedback
00297 NULL : sdo[0x6401][8] = 333 | 100 | 0.1
00297 TEST: Read Analogue Input 16-Bit.Port 8B 333.0 +/- 100.0
00297 PASS: Read Analogue Input 16-Bit.Port 8B 335.0
00298 #set power supply
00298 PwrSetVoltage = 45 : NULL : WAIT = 0.1
00299 #test power supply
00299 NULL : MeterVolts = 4.5 | 0.155 | 0.1
00299 TEST: MeterVolts 4.5 +/- 0.155
00299 PASS: MeterVolts 4.488
00300 #test feedback
00300 NULL : sdo[0x6401][8] = 375 | 100 | 0.1
00300 TEST: Read Analogue Input 16-Bit.Port 8B 375.0 +/- 100.0
00300 PASS: Read Analogue Input 16-Bit.Port 8B 376.0
00301 #set power supply
00301 PwrSetVoltage = 50 : NULL : WAIT = 0.1
00302 #test power supply
00302 NULL : MeterVolts = 5.0 | 0.155 | 0.1
00302 TEST: MeterVolts 5.0 +/- 0.155
00302 PASS: MeterVolts 4.929
00303 #test feedback
00303 NULL : sdo[0x6401][8] = 416 | 100 | 0.1
00303 TEST: Read Analogue Input 16-Bit.Port 8B 416.0 +/- 100.0
00303 PASS: Read Analogue Input 16-Bit.Port 8B 419.0
00304 #set power supply
00304 PwrSetVoltage = 55 : NULL : WAIT = 0.1
00305 #test power supply
00305 NULL : MeterVolts = 5.5 | 0.155 | 0.1
00305 TEST: MeterVolts 5.5 +/- 0.155
00305 PASS: MeterVolts 5.479
00306 #test feedback
00306 NULL : sdo[0x6401][8] = 458 | 100 | 0.1
00306 TEST: Read Analogue Input 16-Bit.Port 8B 458.0 +/- 100.0
00306 PASS: Read Analogue Input 16-Bit.Port 8B 461.0
00307 #set power supply
00307 PwrSetVoltage = 60 : NULL : WAIT = 0.1
00308 #test power supply
00308 NULL : MeterVolts = 6.0 | 0.155 | 0.1
00308 TEST: MeterVolts 6.0 +/- 0.155
00308 PASS: MeterVolts 5.979
00309 #test feedback
00309 NULL : sdo[0x6401][8] = 500 | 100 | 0.1
00309 TEST: Read Analogue Input 16-Bit.Port 8B 500.0 +/- 100.0
00309 PASS: Read Analogue Input 16-Bit.Port 8B 503.0
00310 #set power supply
00310 PwrSetVoltage = 65 : NULL : WAIT = 0.1
00311 #test power supply
00311 NULL : MeterVolts = 6.5 | 0.155 | 0.1
00311 TEST: MeterVolts 6.5 +/- 0.155
00311 PASS: MeterVolts 6.414
00312 #test feedback
00312 NULL : sdo[0x6401][8] = 541 | 100 | 0.1
00312 TEST: Read Analogue Input 16-Bit.Port 8B 541.0 +/- 100.0
00312 PASS: Read Analogue Input 16-Bit.Port 8B 546.0
00313 #set power supply
00313 PwrSetVoltage = 70 : NULL : WAIT = 0.1
00314 #test power supply
00314 NULL : MeterVolts = 7.0 | 0.155 | 0.1
00314 TEST: MeterVolts 7.0 +/- 0.155
00314 PASS: MeterVolts 6.975
00315 #test feedback
00315 NULL : sdo[0x6401][8] = 583 | 100 | 0.1
00315 TEST: Read Analogue Input 16-Bit.Port 8B 583.0 +/- 100.0
00315 PASS: Read Analogue Input 16-Bit.Port 8B 588.0
00316 #set power supply
00316 PwrSetVoltage = 75 : NULL : WAIT = 0.1
00317 #test power supply
00317 NULL : MeterVolts = 7.5 | 0.155 | 0.1
00317 TEST: MeterVolts 7.5 +/- 0.155
00317 PASS: MeterVolts 7.48
00318 #test feedback
00318 NULL : sdo[0x6401][8] = 625 | 100 | 0.1
00318 TEST: Read Analogue Input 16-Bit.Port 8B 625.0 +/- 100.0
00318 PASS: Read Analogue Input 16-Bit.Port 8B 631.0
00319 #set power supply
00319 PwrSetVoltage = 80 : NULL : WAIT = 0.1
00320 #test power supply
00320 NULL : MeterVolts = 8.0 | 0.155 | 0.1
00320 TEST: MeterVolts 8.0 +/- 0.155
00320 PASS: MeterVolts 7.907
00321 #test feedback
00321 NULL : sdo[0x6401][8] = 666 | 100 | 0.1
00321 TEST: Read Analogue Input 16-Bit.Port 8B 666.0 +/- 100.0
00321 PASS: Read Analogue Input 16-Bit.Port 8B 673.0
00322 #set power supply
00322 PwrSetVoltage = 85 : NULL : WAIT = 0.1
00323 #test power supply
00323 NULL : MeterVolts = 8.5 | 0.155 | 0.1
00323 TEST: MeterVolts 8.5 +/- 0.155
00323 PASS: MeterVolts 8.473
00324 #test feedback
00324 NULL : sdo[0x6401][8] = 708 | 100 | 0.1
00324 TEST: Read Analogue Input 16-Bit.Port 8B 708.0 +/- 100.0
00324 PASS: Read Analogue Input 16-Bit.Port 8B 714.0
00325 #set power supply
00325 PwrSetVoltage = 90 : NULL : WAIT = 0.1
00326 #test power supply
00326 NULL : MeterVolts = 9.0 | 0.155 | 0.1
00326 TEST: MeterVolts 9.0 +/- 0.155
00326 PASS: MeterVolts 8.972
00327 #test feedback
00327 NULL : sdo[0x6401][8] = 750 | 100 | 0.1
00327 TEST: Read Analogue Input 16-Bit.Port 8B 750.0 +/- 100.0
00327 PASS: Read Analogue Input 16-Bit.Port 8B 756.0
00328 #set power supply
00328 PwrSetVoltage = 95 : NULL : WAIT = 0.1
00329 #test power supply
00329 NULL : MeterVolts = 9.5 | 0.155 | 0.1
00329 TEST: MeterVolts 9.5 +/- 0.155
00329 PASS: MeterVolts 9.465
00330 #test feedback
00330 NULL : sdo[0x6401][8] = 791 | 100 | 0.1
00330 TEST: Read Analogue Input 16-Bit.Port 8B 791.0 +/- 100.0
00330 PASS: Read Analogue Input 16-Bit.Port 8B 798.0
00331 #set power supply
00331 PwrSetVoltage = 100 : NULL : WAIT = 0.1
00332 #test power supply
00332 NULL : MeterVolts = 10.0 | 0.155 | 0.1
00332 TEST: MeterVolts 10.0 +/- 0.155
00332 PASS: MeterVolts 9.967
00333 #test feedback
00333 NULL : sdo[0x6401][8] = 833 | 100 | 0.1
00333 TEST: Read Analogue Input 16-Bit.Port 8B 833.0 +/- 100.0
00333 PASS: Read Analogue Input 16-Bit.Port 8B 840.0
00334 #set power supply
00334 PwrSetVoltage = 105 : NULL : WAIT = 0.1
00335 #test power supply
00335 NULL : MeterVolts = 10.5 | 0.155 | 0.1
00335 TEST: MeterVolts 10.5 +/- 0.155
00335 PASS: MeterVolts 10.467
00336 #test feedback
00336 NULL : sdo[0x6401][8] = 875 | 100 | 0.1
00336 TEST: Read Analogue Input 16-Bit.Port 8B 875.0 +/- 100.0
00336 PASS: Read Analogue Input 16-Bit.Port 8B 883.0
00337 #set power supply
00337 PwrSetVoltage = 110 : NULL : WAIT = 0.1
00338 #test power supply
00338 NULL : MeterVolts = 11.0 | 0.155 | 0.1
00338 TEST: MeterVolts 11.0 +/- 0.155
00338 PASS: MeterVolts 10.958
00339 #test feedback
00339 NULL : sdo[0x6401][8] = 916 | 100 | 0.1
00339 TEST: Read Analogue Input 16-Bit.Port 8B 916.0 +/- 100.0
00339 PASS: Read Analogue Input 16-Bit.Port 8B 924.0
00340 #set power supply
00340 PwrSetVoltage = 115 : NULL : WAIT = 0.1
00341 #test power supply
00341 NULL : MeterVolts = 11.5 | 0.155 | 0.1
00341 TEST: MeterVolts 11.5 +/- 0.155
00341 PASS: MeterVolts 11.461
00342 #test feedback
00342 NULL : sdo[0x6401][8] = 958 | 100 | 0.1
00342 TEST: Read Analogue Input 16-Bit.Port 8B 958.0 +/- 100.0
00342 PASS: Read Analogue Input 16-Bit.Port 8B 967.0
00343 #set power supply
00343 PwrSetVoltage = 120 : NULL : WAIT = 0.1
00344 #test power supply
00344 NULL : MeterVolts = 12.0 | 0.155 | 0.1
00344 TEST: MeterVolts 12.0 +/- 0.155
00344 PASS: MeterVolts 11.933
00345 #test feedback
00345 NULL : sdo[0x6401][8] = 1000 | 100 | 0.1
00345 TEST: Read Analogue Input 16-Bit.Port 8B 1000.0 +/- 100.0
00345 PASS: Read Analogue Input 16-Bit.Port 8B 1009.0
00346 
00346 #Finished with port
00346 #switch out input
00346 J3_04 = 0 : NULL : WAIT = 0.1
00347 
00347 #switch out load line, set current
00347 J3_04 = 0 : NULL : WAIT = 0.1
00348 LdRemote = 0 : NULL : WAIT = 0.1
00349 LdEnable = 0 : NULL : WAIT = 0.1
00350 LdCurrentSet = 0 : NULL : WAIT = 0.1
00351 J0_08_METER_LOAD = 0 : NULL : WAIT = 0.1
00352 #tear down PS1
00352 PwrSetCurrent = 0 : NULL : WAIT = 0.1
00353 PwrSetVoltage = 0 : NULL : WAIT = 0.1
00354 PwrEnable = 0 : NULL : WAIT = 0.1
00355 J0_09_TEST_SUPPLY = 0 : NULL : WAIT = 1
00356 PwrRemote = 0 : NULL : WAIT = 0.1
00357 J4_03 = 0 : NULL : WAIT = 0.2
00358 SAVE
00358 END
Fail count: 0
Finished on: 2025-08-16-17:01:14
elapsed time: 0:03:52.618536
