Esc - user interruption @ 2026-01-21-14:27:42
Started on: 2026-01-21-14:27:30
00000 #39009-1
00000 #Verion 0.0
00000 #input test
00000 UUT_DBC = 39009-561.dbc
00000 UUT_DATANAME = 39009-1-INPUT-FREQ
00000 
00000 Command = 82, MODE1 = 0, MODE2 = 0, Enable_24VDC = 0, ADRaw = 0 : NULL : WAIT = 0.5
00001 Command = 83, MODE1A = 7, MODE1B = 7, MODE2A = 1, MODE2B = 1, MODE3A = 7, MODE3B = 7, MODE4A = 1, MODE4B = 1, MODE5A = 1, MODE5B = 1, MODE6A = 1, MODE6B = 1, MODE7A = 1, MODE7B = 1 : NULL : WAIT = 0.5
00002 Command = 0, MODE1A = 0, MODE1B = 0, MODE2A = 0, MODE2B = 0, MODE3A = 0, MODE3B = 0, MODE4A = 0, MODE4B = 0, MODE5A = 0, MODE5B = 0, MODE6A = 0, MODE6B = 0, MODE7A = 0, MODE7B = 0 : NULL
00003 Command = 84, MODE8A = 1, MODE8B = 1, MODE9A = 1, MODE9B = 1, MODE10A = 1, MODE10B = 1, GLOBAL_KP = 255, GLOBAL_KI = 255 : NULL : WAIT = 0.5
00004 Command = 0, MODE8A = 0, MODE8B = 0, MODE9A = 0, MODE9B = 0, MODE10A = 0, MODE10B = 0, GLOBAL_KP = 0, GLOBAL_KI = 0 : NULL
00005 Command = 82, FaultReset = 1, SaveSettings = 1, Enable_DPLTx = 1, Enable_DPLF1 = 1, Enable_DPLF2 = 1 : NULL : WAIT = 0.5
00006 #clear multiplex
00006 Command = 0, FaultReset = 0, SaveSettings = 0, Enable_DPLTx = 0, Enable_DPLF1 = 0, Enable_DPLF2 = 0 : NULL
00007 
00007 #-----setup pat-----
00007 #setup freq
00007 AfgEnable = 0 : NULL : WAIT = 0.1
00008 AfgShape = 1 : NULL : WAIT = 0.1
00009 AfgFreqSet = 500 : NULL : WAIT = 0.1
00010 AfgDutySet = 50 : NULL : WAIT = 0.1
00011 AfgAmplSet = 4000 : NULL : WAIT = 0.1
00012 AfgOffsetSet = 4000 : NULL : WAIT = 0.1
00013 AfgEnable = 1 : NULL : WAIT = 0.1
00014 J0_11_FREQ_GEN = 1 : NULL : WAIT = 0.1
00015 
00015 J4_03 = 1 : NULL : WAIT = 0.2
00016 AfgFreqSet = 100 : NULL : WAIT = 0.1
00017 #switch input to load line
00017 J2_01 = 1 : NULL : WAIT = 0.5
00018 NULL : Hertz_Count_Input1A = 100 | 30 | 0.1
00018 TEST: Hertz_Count_Input1A 100.0 +/- 30.0
00018 PASS: Hertz_Count_Input1A 99.0
00019 J2_01 = 0 : NULL : WAIT = 0.5
00020 
00020 #switch input to load line
00020 J2_02 = 1 : NULL : WAIT = 0.5
00021 NULL : Hertz_Count_Input1B = 100 | 30 | 0.1
00021 TEST: Hertz_Count_Input1B 100.0 +/- 30.0
00021 PASS: Hertz_Count_Input1B 99.0
00022 J2_02 = 0 : NULL : WAIT = 0.5
00023 
00023 AfgFreqSet = 200 : NULL : WAIT = 0.1
00024 #switch input to load line
00024 J2_01 = 1 : NULL : WAIT = 0.5
00025 NULL : Hertz_Count_Input1A = 200 | 30 | 0.1
00025 TEST: Hertz_Count_Input1A 200.0 +/- 30.0
00025 PASS: Hertz_Count_Input1A 199.0
00026 J2_01 = 0 : NULL : WAIT = 0.5
00027 
00027 #switch input to load line
00027 J2_02 = 1 : NULL : WAIT = 0.5
00028 NULL : Hertz_Count_Input1B = 200 | 30 | 0.1
00028 TEST: Hertz_Count_Input1B 200.0 +/- 30.0
00028 PASS: Hertz_Count_Input1B 199.0
00029 J2_02 = 0 : NULL : WAIT = 0.5
00030 
00030 AfgFreqSet = 300 : NULL : WAIT = 0.1
00031 #switch input to load line
00031 J2_01 = 1 : NULL : WAIT = 0.5
00032 NULL : Hertz_Count_Input1A = 300 | 30 | 0.1
00032 TEST: Hertz_Count_Input1A 300.0 +/- 30.0
