Started on: 2025-06-25-09:28:11
00000 #35062-1
00000 #Verion 0.0
00000 #fan test
00000 UUT_DBC = 35062-561.dbc
00000 UUT_DATANAME = 35062-FAN-CONTROL
00000 
00000 
00000 #-----setup pat-----
00000 #setup meter
00000 LdRemote = 1 : NULL : WAIT = 0.1
00001 LdCurrentSet = 0 : NULL : WAIT = 0.1
00002 LdEnable = 0 : NULL : WAIT = 0.1
00003 J0_08_METER_LOAD = 1 : NULL : WAIT = 1
00004 
00004 #setup PS1
00004 PwrRemote = 1 : NULL : WAIT = 0.1
00005 PwrSetCurrent = 20 : NULL : WAIT = 0.1
00006 PwrSetVoltage = 0 : NULL : WAIT = 0.1
00007 PwrEnable = 1 : NULL : WAIT = 0.1
00008 J0_09_TEST_SUPPLY = 1 : NULL : WAIT = 1
00009 
00009 J4_03 = 1 : NULL : WAIT = 0.2
00010 #switch input to load line
00010 J1_01 = 1 : NULL : WAIT = 0.1
00011 #set power supply
00011 PwrSetVoltage = 10 : NULL : WAIT = 0.1
00012 #test power supply
00012 NULL : MeterVolts = 1 | 0.155 | 0.1
00012 TEST: MeterVolts 1.0 +/- 0.155
00012 PASS: MeterVolts 0.999
00013 #switch out load line, set current
00013 J1_01 = 0 : NULL : WAIT = 0.1
00014 LdRemote = 0 : NULL : WAIT = 0.1
00015 LdEnable = 0 : NULL : WAIT = 0.1
00016 LdCurrentSet = 0 : NULL : WAIT = 0.1
00017 J0_08_METER_LOAD = 0 : NULL : WAIT = 0.1
00018 #tear down PS1
00018 PwrSetCurrent = 0 : NULL : WAIT = 0.1
00019 PwrSetVoltage = 0 : NULL : WAIT = 0.1
00020 PwrEnable = 0 : NULL : WAIT = 0.1
00021 J0_09_TEST_SUPPLY = 0 : NULL : WAIT = 1
00022 PwrRemote = 0 : NULL : WAIT = 0.1
00023 J4_03 = 0 : NULL : WAIT = 0.2
00024 SAVE
00024 END
Fail count: 0
Finished on: 2025-06-25-09:28:18
elapsed time: 0:00:05.483317
