Started on: 2025-10-13-18:39:42
00000 #37000-1
00000 #Verion 0.0
00000 #PWM test with 3.9 Ohm resistive load. (3.72 amps @ 14.5 VDC)
00000 UUT_EDS = 37000-561.eds
00000 UUT_DATANAME = 37000-1-CANOPEN-OUTPUT-PWM-NORMAL-MODE-34
00000 
00000 #-----setup 37000-----
00000 #disable global modes
00000 sdo[0x2000][3] = 0 : NULL : WAIT = 0.1
00001 sdo[0x2000][4] = 0 : NULL : WAIT = 0.1
00002 #configure Ports
00002 sdo[0x2001][1] = 34 : NULL : WAIT = 0.1
00003 sdo[0x2001][2] = 34 : NULL : WAIT = 0.1
00004 sdo[0x2001][3] = 34 : NULL : WAIT = 0.1
00005 sdo[0x2001][4] = 34 : NULL : WAIT = 0.1
00006 PRE_OPERATIONAL
00006 #test at 1000hz
00006 sdo[0x3000] = 1000 : NULL : WAIT = 0.5
00007 OPERATIONAL
00007 #switch in 3.9 Ohm resistive load. (3.72 amps @ 14.5 VDC)
00007 J4_01 = 1 : NULL : WAIT = 0.2
00008 J4_03 = 1 : NULL : WAIT = 0.2
00009 METER_MODE = 1 : NULL : WAIT = 0.2
00010 #switch in load line, set current
00010 J2_01 = 1 : NULL : WAIT = 0.5
00011 
00011 sdo[0x6411][1] = 1000 : NULL : WAIT = 0.2
00012 NULL : MeterAmps = 0.8 | 0.2 | 0.5
00012 TEST: MeterAmps 0.8 +/- 0.2
00012 PASS: MeterAmps 0.775
00013 NULL : sdo[0x5003][1] = 800 | 200 | 0.5
00013 TEST: Status Message Amp.Port_1A 800.0 +/- 200.0
00013 PASS: Status Message Amp.Port_1A 800.0
00014 sdo[0x6411][1] = 2000 : NULL : WAIT = 0.2
00015 NULL : MeterAmps = 1.6 | 0.2 | 0.5
00015 TEST: MeterAmps 1.6 +/- 0.2
00015 PASS: MeterAmps 1.557
00016 NULL : sdo[0x5003][1] = 1600 | 200 | 0.5
00016 TEST: Status Message Amp.Port_1A 1600.0 +/- 200.0
00016 PASS: Status Message Amp.Port_1A 1668.0
00017 sdo[0x6411][1] = 4000 : NULL : WAIT = 0.2
00018 NULL : MeterAmps = 3.3 | 0.2 | 0.5
00018 TEST: MeterAmps 3.3 +/- 0.2
00018 PASS: MeterAmps 3.199
00019 NULL : sdo[0x5003][1] = 3300 | 200 | 0.5
00019 TEST: Status Message Amp.Port_1A 3300.0 +/- 200.0
00019 PASS: Status Message Amp.Port_1A 3317.0
00020 #switch out load line, switch coil
00020 sdo[0x6411][1] = 0 : NULL : WAIT = 0.5
00021 J2_01 = 0 : NULL : WAIT = 0.5
00022 #switch in load line, set current
00022 J2_02 = 1 : NULL : WAIT = 0.5
00023 
00023 sdo[0x6411][2] = 1000 : NULL : WAIT = 0.2
00024 NULL : MeterAmps = 0.8 | 0.2 | 0.5
00024 TEST: MeterAmps 0.8 +/- 0.2
00024 PASS: MeterAmps 0.772
00025 NULL : sdo[0x5003][2] = 800 | 200 | 0.5
00025 TEST: Status Message Amp.Port_1B 800.0 +/- 200.0
00025 PASS: Status Message Amp.Port_1B 792.0
00026 sdo[0x6411][2] = 2000 : NULL : WAIT = 0.2
00027 NULL : MeterAmps = 1.6 | 0.2 | 0.5
00027 TEST: MeterAmps 1.6 +/- 0.2
00027 PASS: MeterAmps 1.554
00028 NULL : sdo[0x5003][2] = 1600 | 200 | 0.5
00028 TEST: Status Message Amp.Port_1B 1600.0 +/- 200.0
00028 PASS: Status Message Amp.Port_1B 1652.0
00029 sdo[0x6411][2] = 4000 : NULL : WAIT = 0.2
00030 NULL : MeterAmps = 3.3 | 0.2 | 0.5
00030 TEST: MeterAmps 3.3 +/- 0.2
00030 PASS: MeterAmps 3.191
00031 NULL : sdo[0x5003][2] = 3300 | 200 | 0.5
00031 TEST: Status Message Amp.Port_1B 3300.0 +/- 200.0
00031 PASS: Status Message Amp.Port_1B 3273.0
00032 #switch out load line, switch coil
00032 sdo[0x6411][2] = 0 : NULL : WAIT = 0.5
00033 J2_02 = 0 : NULL : WAIT = 0.5
00034 #switch in load line, set current
00034 J2_03 = 1 : NULL : WAIT = 0.5
00035 
00035 sdo[0x6411][3] = 1000 : NULL : WAIT = 0.2
00036 NULL : MeterAmps = 0.8 | 0.2 | 0.5
00036 TEST: MeterAmps 0.8 +/- 0.2
00036 PASS: MeterAmps 0.779
00037 NULL : sdo[0x5003][3] = 800 | 200 | 0.5
00037 TEST: Status Message Amp.Port_2A 800.0 +/- 200.0
00037 PASS: Status Message Amp.Port_2A 812.0
00038 sdo[0x6411][3] = 2000 : NULL : WAIT = 0.2
00039 NULL : MeterAmps = 1.6 | 0.2 | 0.5
00039 TEST: MeterAmps 1.6 +/- 0.2
00039 PASS: MeterAmps 1.567
00040 NULL : sdo[0x5003][3] = 1600 | 200 | 0.5
00040 TEST: Status Message Amp.Port_2A 1600.0 +/- 200.0
00040 PASS: Status Message Amp.Port_2A 1708.0
00041 sdo[0x6411][3] = 4000 : NULL : WAIT = 0.2
00042 NULL : MeterAmps = 3.3 | 0.2 | 0.5
00042 TEST: MeterAmps 3.3 +/- 0.2
00042 PASS: MeterAmps 3.211
00043 NULL : sdo[0x5003][3] = 3300 | 200 | 0.5
00043 TEST: Status Message Amp.Port_2A 3300.0 +/- 200.0
00043 PASS: Status Message Amp.Port_2A 3364.0
00044 #switch out load line, switch coil
00044 sdo[0x6411][3] = 0 : NULL : WAIT = 0.5
00045 J2_03 = 0 : NULL : WAIT = 0.5
00046 #switch in load line, set current
00046 J2_04 = 1 : NULL : WAIT = 0.5
00047 
00047 sdo[0x6411][4] = 1000 : NULL : WAIT = 0.2
00048 NULL : MeterAmps = 0.8 | 0.2 | 0.5
00048 TEST: MeterAmps 0.8 +/- 0.2
00048 PASS: MeterAmps 0.776
00049 NULL : sdo[0x5003][4] = 800 | 200 | 0.5
00049 TEST: Status Message Amp.Port_2B 800.0 +/- 200.0
00049 PASS: Status Message Amp.Port_2B 800.0
00050 sdo[0x6411][4] = 2000 : NULL : WAIT = 0.2
00051 NULL : MeterAmps = 1.6 | 0.2 | 0.5
00051 TEST: MeterAmps 1.6 +/- 0.2
00051 PASS: MeterAmps 1.562
00052 NULL : sdo[0x5003][4] = 1600 | 200 | 0.5
00052 TEST: Status Message Amp.Port_2B 1600.0 +/- 200.0
00052 PASS: Status Message Amp.Port_2B 1668.0
00053 sdo[0x6411][4] = 4000 : NULL : WAIT = 0.2
00054 NULL : MeterAmps = 3.3 | 0.2 | 0.5
00054 TEST: MeterAmps 3.3 +/- 0.2
00054 PASS: MeterAmps 3.206
00055 NULL : sdo[0x5003][4] = 3300 | 200 | 0.5
00055 TEST: Status Message Amp.Port_2B 3300.0 +/- 200.0
00055 PASS: Status Message Amp.Port_2B 3281.0
00056 #switch out load line, switch coil
00056 sdo[0x6411][4] = 0 : NULL : WAIT = 0.5
00057 J2_04 = 0 : NULL : WAIT = 0.5
00058 #switch in load line, set current
00058 J2_05 = 1 : NULL : WAIT = 0.5
00059 
00059 sdo[0x6411][5] = 1000 : NULL : WAIT = 0.2
00060 NULL : MeterAmps = 0.8 | 0.2 | 0.5
00060 TEST: MeterAmps 0.8 +/- 0.2
00060 PASS: MeterAmps 0.779
00061 NULL : sdo[0x5003][5] = 800 | 200 | 0.5
00061 TEST: Status Message Amp.Port_3A 800.0 +/- 200.0
00061 PASS: Status Message Amp.Port_3A 816.0
00062 sdo[0x6411][5] = 2000 : NULL : WAIT = 0.2
00063 NULL : MeterAmps = 1.6 | 0.2 | 0.5
00063 TEST: MeterAmps 1.6 +/- 0.2
00063 PASS: MeterAmps 1.566
00064 NULL : sdo[0x5003][5] = 1600 | 200 | 0.5
00064 TEST: Status Message Amp.Port_3A 1600.0 +/- 200.0
00064 PASS: Status Message Amp.Port_3A 1700.0
00065 sdo[0x6411][5] = 4000 : NULL : WAIT = 0.2
00066 NULL : MeterAmps = 3.3 | 0.2 | 0.5
00066 TEST: MeterAmps 3.3 +/- 0.2
00066 PASS: MeterAmps 3.216
00067 NULL : sdo[0x5003][5] = 3300 | 200 | 0.5
00067 TEST: Status Message Amp.Port_3A 3300.0 +/- 200.0
00067 PASS: Status Message Amp.Port_3A 3360.0
00068 #switch out load line, switch coil
00068 sdo[0x6411][5] = 0 : NULL : WAIT = 0.5
00069 J2_05 = 0 : NULL : WAIT = 0.5
00070 #switch in load line, set current
00070 J2_06 = 1 : NULL : WAIT = 0.5
00071 
00071 sdo[0x6411][6] = 1000 : NULL : WAIT = 0.2
00072 NULL : MeterAmps = 0.8 | 0.2 | 0.5
00072 TEST: MeterAmps 0.8 +/- 0.2
00072 PASS: MeterAmps 0.78
00073 NULL : sdo[0x5003][6] = 800 | 200 | 0.5
00073 TEST: Status Message Amp.Port_3B 800.0 +/- 200.0
00073 PASS: Status Message Amp.Port_3B 800.0
00074 sdo[0x6411][6] = 2000 : NULL : WAIT = 0.2
00075 NULL : MeterAmps = 1.6 | 0.2 | 0.5
00075 TEST: MeterAmps 1.6 +/- 0.2
00075 PASS: MeterAmps 1.567
00076 NULL : sdo[0x5003][6] = 1600 | 200 | 0.5
00076 TEST: Status Message Amp.Port_3B 1600.0 +/- 200.0
00076 PASS: Status Message Amp.Port_3B 1668.0
00077 sdo[0x6411][6] = 4000 : NULL : WAIT = 0.2
00078 NULL : MeterAmps = 3.3 | 0.2 | 0.5
00078 TEST: MeterAmps 3.3 +/- 0.2
00078 PASS: MeterAmps 3.211
00079 NULL : sdo[0x5003][6] = 3300 | 200 | 0.5
00079 TEST: Status Message Amp.Port_3B 3300.0 +/- 200.0
00079 PASS: Status Message Amp.Port_3B 3309.0
00080 #switch out load line, switch coil
00080 sdo[0x6411][6] = 0 : NULL : WAIT = 0.5
00081 J2_06 = 0 : NULL : WAIT = 0.5
00082 #switch in load line, set current
00082 J2_07 = 1 : NULL : WAIT = 0.5
00083 
00083 sdo[0x6411][7] = 1000 : NULL : WAIT = 0.2
00084 NULL : MeterAmps = 0.8 | 0.2 | 0.5
00084 TEST: MeterAmps 0.8 +/- 0.2
00084 PASS: MeterAmps 0.786
00085 NULL : sdo[0x5003][7] = 800 | 200 | 0.5
00085 TEST: Status Message Amp.Port_4A 800.0 +/- 200.0
00085 PASS: Status Message Amp.Port_4A 816.0
00086 sdo[0x6411][7] = 2000 : NULL : WAIT = 0.2
00087 NULL : MeterAmps = 1.6 | 0.2 | 0.5
00087 TEST: MeterAmps 1.6 +/- 0.2
00087 PASS: MeterAmps 1.576
00088 NULL : sdo[0x5003][7] = 1600 | 200 | 0.5
00088 TEST: Status Message Amp.Port_4A 1600.0 +/- 200.0
00088 PASS: Status Message Amp.Port_4A 1704.0
00089 sdo[0x6411][7] = 4000 : NULL : WAIT = 0.2
00090 NULL : MeterAmps = 3.3 | 0.2 | 0.5
00090 TEST: MeterAmps 3.3 +/- 0.2
00090 PASS: MeterAmps 3.23
00091 NULL : sdo[0x5003][7] = 3300 | 200 | 0.5
00091 TEST: Status Message Amp.Port_4A 3300.0 +/- 200.0
00091 PASS: Status Message Amp.Port_4A 3376.0
00092 #switch out load line, switch coil
00092 sdo[0x6411][7] = 0 : NULL : WAIT = 0.5
00093 J2_07 = 0 : NULL : WAIT = 0.5
00094 #switch in load line, set current
00094 J2_08 = 1 : NULL : WAIT = 0.5
00095 
00095 sdo[0x6411][8] = 1000 : NULL : WAIT = 0.2
00096 NULL : MeterAmps = 0.8 | 0.2 | 0.5
00096 TEST: MeterAmps 0.8 +/- 0.2
00096 PASS: MeterAmps 0.787
00097 NULL : sdo[0x5003][8] = 800 | 200 | 0.5
00097 TEST: Status Message Amp.Port_4B 800.0 +/- 200.0
00097 PASS: Status Message Amp.Port_4B 804.0
00098 sdo[0x6411][8] = 2000 : NULL : WAIT = 0.2
00099 NULL : MeterAmps = 1.6 | 0.2 | 0.5
00099 TEST: MeterAmps 1.6 +/- 0.2
00099 PASS: MeterAmps 1.58
00100 NULL : sdo[0x5003][8] = 1600 | 200 | 0.5
00100 TEST: Status Message Amp.Port_4B 1600.0 +/- 200.0
00100 PASS: Status Message Amp.Port_4B 1668.0
00101 sdo[0x6411][8] = 4000 : NULL : WAIT = 0.2
00102 NULL : MeterAmps = 3.3 | 0.2 | 0.5
00102 TEST: MeterAmps 3.3 +/- 0.2
00102 PASS: MeterAmps 3.236
00103 NULL : sdo[0x5003][8] = 3300 | 200 | 0.5
00103 TEST: Status Message Amp.Port_4B 3300.0 +/- 200.0
00103 PASS: Status Message Amp.Port_4B 3309.0
00104 #switch out load line, switch coil
00104 sdo[0x6411][8] = 0 : NULL : WAIT = 0.5
00105 J2_08 = 0 : NULL : WAIT = 0.5
00106 PRE_OPERATIONAL
00106 #test at 500hz
00106 sdo[0x3000] = 500 : NULL : WAIT = 0.5
00107 OPERATIONAL
00107 #switch in 3.9 Ohm resistive load. (3.72 amps @ 14.5 VDC)
00107 J4_01 = 1 : NULL : WAIT = 0.2
00108 J4_03 = 1 : NULL : WAIT = 0.2
00109 METER_MODE = 1 : NULL : WAIT = 0.2
00110 #switch in load line, set current
00110 J2_01 = 1 : NULL : WAIT = 0.5
00111 
00111 sdo[0x6411][1] = 1000 : NULL : WAIT = 0.2
00112 NULL : MeterAmps = 0.8 | 0.2 | 0.5
00112 TEST: MeterAmps 0.8 +/- 0.2
00112 PASS: MeterAmps 0.787
00113 NULL : sdo[0x5003][1] = 800 | 200 | 0.5
00113 TEST: Status Message Amp.Port_1A 800.0 +/- 200.0
00113 PASS: Status Message Amp.Port_1A 832.0
00114 sdo[0x6411][1] = 2000 : NULL : WAIT = 0.2
00115 NULL : MeterAmps = 1.6 | 0.2 | 0.5
00115 TEST: MeterAmps 1.6 +/- 0.2
00115 PASS: MeterAmps 1.578
00116 NULL : sdo[0x5003][1] = 1600 | 200 | 0.5
00116 TEST: Status Message Amp.Port_1A 1600.0 +/- 200.0
00116 PASS: Status Message Amp.Port_1A 1668.0
00117 sdo[0x6411][1] = 4000 : NULL : WAIT = 0.2
00118 NULL : MeterAmps = 3.3 | 0.2 | 0.5
00118 TEST: MeterAmps 3.3 +/- 0.2
00118 PASS: MeterAmps 3.232
00119 NULL : sdo[0x5003][1] = 3300 | 200 | 0.5
00119 TEST: Status Message Amp.Port_1A 3300.0 +/- 200.0
00119 PASS: Status Message Amp.Port_1A 3348.0
00120 #switch out load line, switch coil
00120 sdo[0x6411][1] = 0 : NULL : WAIT = 0.5
00121 J2_01 = 0 : NULL : WAIT = 0.5
00122 #switch in load line, set current
00122 J2_02 = 1 : NULL : WAIT = 0.5
00123 
00123 sdo[0x6411][2] = 1000 : NULL : WAIT = 0.2
00124 NULL : MeterAmps = 0.8 | 0.2 | 0.5
00124 TEST: MeterAmps 0.8 +/- 0.2
00124 PASS: MeterAmps 0.779
00125 NULL : sdo[0x5003][2] = 800 | 200 | 0.5
00125 TEST: Status Message Amp.Port_1B 800.0 +/- 200.0
00125 PASS: Status Message Amp.Port_1B 812.0
00126 sdo[0x6411][2] = 2000 : NULL : WAIT = 0.2
00127 NULL : MeterAmps = 1.6 | 0.2 | 0.5
00127 TEST: MeterAmps 1.6 +/- 0.2
00127 PASS: MeterAmps 1.562
00128 NULL : sdo[0x5003][2] = 1600 | 200 | 0.5
00128 TEST: Status Message Amp.Port_1B 1600.0 +/- 200.0
00128 PASS: Status Message Amp.Port_1B 1632.0
00129 sdo[0x6411][2] = 4000 : NULL : WAIT = 0.2
00130 NULL : MeterAmps = 3.3 | 0.2 | 0.5
00130 TEST: MeterAmps 3.3 +/- 0.2
00130 PASS: MeterAmps 3.207
00131 NULL : sdo[0x5003][2] = 3300 | 200 | 0.5
00131 TEST: Status Message Amp.Port_1B 3300.0 +/- 200.0
00131 PASS: Status Message Amp.Port_1B 3289.0
00132 #switch out load line, switch coil
00132 sdo[0x6411][2] = 0 : NULL : WAIT = 0.5
00133 J2_02 = 0 : NULL : WAIT = 0.5
00134 #switch in load line, set current
00134 J2_03 = 1 : NULL : WAIT = 0.5
00135 
00135 sdo[0x6411][3] = 1000 : NULL : WAIT = 0.2
00136 NULL : MeterAmps = 0.8 | 0.2 | 0.5
00136 TEST: MeterAmps 0.8 +/- 0.2
00136 PASS: MeterAmps 0.787
00137 NULL : sdo[0x5003][3] = 800 | 200 | 0.5
00137 TEST: Status Message Amp.Port_2A 800.0 +/- 200.0
00137 PASS: Status Message Amp.Port_2A 844.0
00138 sdo[0x6411][3] = 2000 : NULL : WAIT = 0.2
00139 NULL : MeterAmps = 1.6 | 0.2 | 0.5
00139 TEST: MeterAmps 1.6 +/- 0.2
00139 PASS: MeterAmps 1.574
00140 NULL : sdo[0x5003][3] = 1600 | 200 | 0.5
00140 TEST: Status Message Amp.Port_2A 1600.0 +/- 200.0
00140 PASS: Status Message Amp.Port_2A 1684.0
00141 sdo[0x6411][3] = 4000 : NULL : WAIT = 0.2
00142 NULL : MeterAmps = 3.3 | 0.2 | 0.5
00142 TEST: MeterAmps 3.3 +/- 0.2
00142 PASS: MeterAmps 3.228
00143 NULL : sdo[0x5003][3] = 3300 | 200 | 0.5
00143 TEST: Status Message Amp.Port_2A 3300.0 +/- 200.0
00143 PASS: Status Message Amp.Port_2A 3384.0
00144 #switch out load line, switch coil
00144 sdo[0x6411][3] = 0 : NULL : WAIT = 0.5
00145 J2_03 = 0 : NULL : WAIT = 0.5
00146 #switch in load line, set current
00146 J2_04 = 1 : NULL : WAIT = 0.5
00147 
00147 sdo[0x6411][4] = 1000 : NULL : WAIT = 0.2
00148 NULL : MeterAmps = 0.8 | 0.2 | 0.5
00148 TEST: MeterAmps 0.8 +/- 0.2
00148 PASS: MeterAmps 0.784
00149 NULL : sdo[0x5003][4] = 800 | 200 | 0.5
00149 TEST: Status Message Amp.Port_2B 800.0 +/- 200.0
00149 PASS: Status Message Amp.Port_2B 824.0
00150 sdo[0x6411][4] = 2000 : NULL : WAIT = 0.2
00151 NULL : MeterAmps = 1.6 | 0.2 | 0.5
00151 TEST: MeterAmps 1.6 +/- 0.2
00151 PASS: MeterAmps 1.571
00152 NULL : sdo[0x5003][4] = 1600 | 200 | 0.5
00152 TEST: Status Message Amp.Port_2B 1600.0 +/- 200.0
00152 PASS: Status Message Amp.Port_2B 1648.0
00153 sdo[0x6411][4] = 4000 : NULL : WAIT = 0.2
00154 NULL : MeterAmps = 3.3 | 0.2 | 0.5
00154 TEST: MeterAmps 3.3 +/- 0.2
00154 PASS: MeterAmps 3.22
00155 NULL : sdo[0x5003][4] = 3300 | 200 | 0.5
00155 TEST: Status Message Amp.Port_2B 3300.0 +/- 200.0
00155 PASS: Status Message Amp.Port_2B 3297.0
00156 #switch out load line, switch coil
00156 sdo[0x6411][4] = 0 : NULL : WAIT = 0.5
00157 J2_04 = 0 : NULL : WAIT = 0.5
00158 #switch in load line, set current
00158 J2_05 = 1 : NULL : WAIT = 0.5
00159 
00159 sdo[0x6411][5] = 1000 : NULL : WAIT = 0.2
00160 NULL : MeterAmps = 0.8 | 0.2 | 0.5
00160 TEST: MeterAmps 0.8 +/- 0.2
00160 PASS: MeterAmps 0.784
00161 NULL : sdo[0x5003][5] = 800 | 200 | 0.5
00161 TEST: Status Message Amp.Port_3A 800.0 +/- 200.0
00161 PASS: Status Message Amp.Port_3A 840.0
00162 sdo[0x6411][5] = 2000 : NULL : WAIT = 0.2
00163 NULL : MeterAmps = 1.6 | 0.2 | 0.5
00163 TEST: MeterAmps 1.6 +/- 0.2
00163 PASS: MeterAmps 1.571
00164 NULL : sdo[0x5003][5] = 1600 | 200 | 0.5
00164 TEST: Status Message Amp.Port_3A 1600.0 +/- 200.0
00164 PASS: Status Message Amp.Port_3A 1676.0
00165 sdo[0x6411][5] = 4000 : NULL : WAIT = 0.2
00166 NULL : MeterAmps = 3.3 | 0.2 | 0.5
00166 TEST: MeterAmps 3.3 +/- 0.2
00166 PASS: MeterAmps 3.224
00167 NULL : sdo[0x5003][5] = 3300 | 200 | 0.5
00167 TEST: Status Message Amp.Port_3A 3300.0 +/- 200.0
00167 PASS: Status Message Amp.Port_3A 3368.0
00168 #switch out load line, switch coil
00168 sdo[0x6411][5] = 0 : NULL : WAIT = 0.5
00169 J2_05 = 0 : NULL : WAIT = 0.5
00170 #switch in load line, set current
00170 J2_06 = 1 : NULL : WAIT = 0.5
00171 
00171 sdo[0x6411][6] = 1000 : NULL : WAIT = 0.2
00172 NULL : MeterAmps = 0.8 | 0.2 | 0.5
00172 TEST: MeterAmps 0.8 +/- 0.2
00172 PASS: MeterAmps 0.782
00173 NULL : sdo[0x5003][6] = 800 | 200 | 0.5
00173 TEST: Status Message Amp.Port_3B 800.0 +/- 200.0
00173 PASS: Status Message Amp.Port_3B 820.0
00174 sdo[0x6411][6] = 2000 : NULL : WAIT = 0.2
00175 NULL : MeterAmps = 1.6 | 0.2 | 0.5
00175 TEST: MeterAmps 1.6 +/- 0.2
00175 PASS: MeterAmps 1.568
00176 NULL : sdo[0x5003][6] = 1600 | 200 | 0.5
00176 TEST: Status Message Amp.Port_3B 1600.0 +/- 200.0
00176 PASS: Status Message Amp.Port_3B 1640.0
00177 sdo[0x6411][6] = 4000 : NULL : WAIT = 0.2
00178 NULL : MeterAmps = 3.3 | 0.2 | 0.5
00178 TEST: MeterAmps 3.3 +/- 0.2
00178 PASS: MeterAmps 3.215
00179 NULL : sdo[0x5003][6] = 3300 | 200 | 0.5
00179 TEST: Status Message Amp.Port_3B 3300.0 +/- 200.0
00179 PASS: Status Message Amp.Port_3B 3313.0
00180 #switch out load line, switch coil
00180 sdo[0x6411][6] = 0 : NULL : WAIT = 0.5
00181 J2_06 = 0 : NULL : WAIT = 0.5
00182 #switch in load line, set current
00182 J2_07 = 1 : NULL : WAIT = 0.5
00183 
00183 sdo[0x6411][7] = 1000 : NULL : WAIT = 0.2
00184 NULL : MeterAmps = 0.8 | 0.2 | 0.5
00184 TEST: MeterAmps 0.8 +/- 0.2
00184 PASS: MeterAmps 0.789
00185 NULL : sdo[0x5003][7] = 800 | 200 | 0.5
00185 TEST: Status Message Amp.Port_4A 800.0 +/- 200.0
00185 PASS: Status Message Amp.Port_4A 836.0
00186 sdo[0x6411][7] = 2000 : NULL : WAIT = 0.2
00187 NULL : MeterAmps = 1.6 | 0.2 | 0.5
00187 TEST: MeterAmps 1.6 +/- 0.2
00187 PASS: MeterAmps 1.577
00188 NULL : sdo[0x5003][7] = 1600 | 200 | 0.5
00188 TEST: Status Message Amp.Port_4A 1600.0 +/- 200.0
00188 PASS: Status Message Amp.Port_4A 1676.0
00189 sdo[0x6411][7] = 4000 : NULL : WAIT = 0.2
00190 NULL : MeterAmps = 3.3 | 0.2 | 0.5
00190 TEST: MeterAmps 3.3 +/- 0.2
00190 PASS: MeterAmps 3.233
00191 NULL : sdo[0x5003][7] = 3300 | 200 | 0.5
00191 TEST: Status Message Amp.Port_4A 3300.0 +/- 200.0
00191 PASS: Status Message Amp.Port_4A 3380.0
00192 #switch out load line, switch coil
00192 sdo[0x6411][7] = 0 : NULL : WAIT = 0.5
00193 J2_07 = 0 : NULL : WAIT = 0.5
00194 #switch in load line, set current
00194 J2_08 = 1 : NULL : WAIT = 0.5
00195 
00195 sdo[0x6411][8] = 1000 : NULL : WAIT = 0.2
00196 NULL : MeterAmps = 0.8 | 0.2 | 0.5
00196 TEST: MeterAmps 0.8 +/- 0.2
00196 PASS: MeterAmps 0.79
00197 NULL : sdo[0x5003][8] = 800 | 200 | 0.5
00197 TEST: Status Message Amp.Port_4B 800.0 +/- 200.0
00197 PASS: Status Message Amp.Port_4B 820.0
00198 sdo[0x6411][8] = 2000 : NULL : WAIT = 0.2
00199 NULL : MeterAmps = 1.6 | 0.2 | 0.5
00199 TEST: MeterAmps 1.6 +/- 0.2
00199 PASS: MeterAmps 1.579
00200 NULL : sdo[0x5003][8] = 1600 | 200 | 0.5
00200 TEST: Status Message Amp.Port_4B 1600.0 +/- 200.0
00200 PASS: Status Message Amp.Port_4B 1640.0
00201 sdo[0x6411][8] = 4000 : NULL : WAIT = 0.2
00202 NULL : MeterAmps = 3.3 | 0.2 | 0.5
00202 TEST: MeterAmps 3.3 +/- 0.2
00202 PASS: MeterAmps 3.234
00203 NULL : sdo[0x5003][8] = 3300 | 200 | 0.5
00203 TEST: Status Message Amp.Port_4B 3300.0 +/- 200.0
00203 PASS: Status Message Amp.Port_4B 3309.0
00204 #switch out load line, switch coil
00204 sdo[0x6411][8] = 0 : NULL : WAIT = 0.5
00205 J2_08 = 0 : NULL : WAIT = 0.5
00206 PRE_OPERATIONAL
00206 #test at 64hz
00206 sdo[0x3000] = 64 : NULL : WAIT = 0.5
00207 OPERATIONAL
00207 #switch in 3.9 Ohm resistive load. (3.72 amps @ 14.5 VDC)
00207 J4_01 = 1 : NULL : WAIT = 0.2
00208 J4_03 = 1 : NULL : WAIT = 0.2
00209 METER_MODE = 1 : NULL : WAIT = 0.2
00210 #switch in load line, set current
00210 J2_01 = 1 : NULL : WAIT = 0.5
00211 
00211 sdo[0x6411][1] = 1000 : NULL : WAIT = 0.2
00212 NULL : MeterAmps = 0.8 | 0.2 | 0.5
00212 TEST: MeterAmps 0.8 +/- 0.2
00212 PASS: MeterAmps 0.789
00213 NULL : sdo[0x5003][1] = 800 | 200 | 0.5
00213 TEST: Status Message Amp.Port_1A 800.0 +/- 200.0
00213 PASS: Status Message Amp.Port_1A 808.0
00214 sdo[0x6411][1] = 2000 : NULL : WAIT = 0.2
00215 NULL : MeterAmps = 1.6 | 0.2 | 0.5
00215 TEST: MeterAmps 1.6 +/- 0.2
00215 PASS: MeterAmps 1.578
00216 NULL : sdo[0x5003][1] = 1600 | 200 | 0.5
00216 TEST: Status Message Amp.Port_1A 1600.0 +/- 200.0
00216 PASS: Status Message Amp.Port_1A 1628.0
00217 sdo[0x6411][1] = 4000 : NULL : WAIT = 0.2
00218 NULL : MeterAmps = 3.3 | 0.2 | 0.5
00218 TEST: MeterAmps 3.3 +/- 0.2
00218 PASS: MeterAmps 3.233
00219 NULL : sdo[0x5003][1] = 3300 | 200 | 0.5
00219 TEST: Status Message Amp.Port_1A 3300.0 +/- 200.0
00219 PASS: Status Message Amp.Port_1A 3348.0
00220 #switch out load line, switch coil
00220 sdo[0x6411][1] = 0 : NULL : WAIT = 0.5
00221 J2_01 = 0 : NULL : WAIT = 0.5
00222 #switch in load line, set current
00222 J2_02 = 1 : NULL : WAIT = 0.5
00223 
00223 sdo[0x6411][2] = 1000 : NULL : WAIT = 0.2
00224 NULL : MeterAmps = 0.8 | 0.2 | 0.5
00224 TEST: MeterAmps 0.8 +/- 0.2
00224 PASS: MeterAmps 0.783
00225 NULL : sdo[0x5003][2] = 800 | 200 | 0.5
00225 TEST: Status Message Amp.Port_1B 800.0 +/- 200.0
00225 PASS: Status Message Amp.Port_1B 788.0
00226 sdo[0x6411][2] = 2000 : NULL : WAIT = 0.2
00227 NULL : MeterAmps = 1.6 | 0.2 | 0.5
00227 TEST: MeterAmps 1.6 +/- 0.2
00227 PASS: MeterAmps 1.568
00228 NULL : sdo[0x5003][2] = 1600 | 200 | 0.5
00228 TEST: Status Message Amp.Port_1B 1600.0 +/- 200.0
00228 PASS: Status Message Amp.Port_1B 1600.0
00229 sdo[0x6411][2] = 4000 : NULL : WAIT = 0.2
00230 NULL : MeterAmps = 3.3 | 0.2 | 0.5
00230 TEST: MeterAmps 3.3 +/- 0.2
00230 PASS: MeterAmps 3.211
00231 NULL : sdo[0x5003][2] = 3300 | 200 | 0.5
00231 TEST: Status Message Amp.Port_1B 3300.0 +/- 200.0
00231 PASS: Status Message Amp.Port_1B 3293.0
00232 #switch out load line, switch coil
00232 sdo[0x6411][2] = 0 : NULL : WAIT = 0.5
00233 J2_02 = 0 : NULL : WAIT = 0.5
00234 #switch in load line, set current
00234 J2_03 = 1 : NULL : WAIT = 0.5
00235 
00235 sdo[0x6411][3] = 1000 : NULL : WAIT = 0.2
00236 NULL : MeterAmps = 0.8 | 0.2 | 0.5
00236 TEST: MeterAmps 0.8 +/- 0.2
00236 PASS: MeterAmps 0.791
00237 NULL : sdo[0x5003][3] = 800 | 200 | 0.5
00237 TEST: Status Message Amp.Port_2A 800.0 +/- 200.0
00237 PASS: Status Message Amp.Port_2A 812.0
00238 sdo[0x6411][3] = 2000 : NULL : WAIT = 0.2
00239 NULL : MeterAmps = 1.6 | 0.2 | 0.5
00239 TEST: MeterAmps 1.6 +/- 0.2
00239 PASS: MeterAmps 1.582
00240 NULL : sdo[0x5003][3] = 1600 | 200 | 0.5
00240 TEST: Status Message Amp.Port_2A 1600.0 +/- 200.0
00240 PASS: Status Message Amp.Port_2A 1648.0
00241 sdo[0x6411][3] = 4000 : NULL : WAIT = 0.2
00242 NULL : MeterAmps = 3.3 | 0.2 | 0.5
00242 TEST: MeterAmps 3.3 +/- 0.2
00242 PASS: MeterAmps 3.231
00243 NULL : sdo[0x5003][3] = 3300 | 200 | 0.5
00243 TEST: Status Message Amp.Port_2A 3300.0 +/- 200.0
00243 PASS: Status Message Amp.Port_2A 3388.0
00244 #switch out load line, switch coil
00244 sdo[0x6411][3] = 0 : NULL : WAIT = 0.5
00245 J2_03 = 0 : NULL : WAIT = 0.5
00246 #switch in load line, set current
00246 J2_04 = 1 : NULL : WAIT = 0.5
00247 
00247 sdo[0x6411][4] = 1000 : NULL : WAIT = 0.2
00248 NULL : MeterAmps = 0.8 | 0.2 | 0.5
00248 TEST: MeterAmps 0.8 +/- 0.2
00248 PASS: MeterAmps 0.788
00249 NULL : sdo[0x5003][4] = 800 | 200 | 0.5
00249 TEST: Status Message Amp.Port_2B 800.0 +/- 200.0
00249 PASS: Status Message Amp.Port_2B 792.0
00250 sdo[0x6411][4] = 2000 : NULL : WAIT = 0.2
00251 NULL : MeterAmps = 1.6 | 0.2 | 0.5
00251 TEST: MeterAmps 1.6 +/- 0.2
00251 PASS: MeterAmps 1.577
00252 NULL : sdo[0x5003][4] = 1600 | 200 | 0.5
00252 TEST: Status Message Amp.Port_2B 1600.0 +/- 200.0
00252 PASS: Status Message Amp.Port_2B 1612.0
00253 sdo[0x6411][4] = 4000 : NULL : WAIT = 0.2
00254 NULL : MeterAmps = 3.3 | 0.2 | 0.5
00254 TEST: MeterAmps 3.3 +/- 0.2
00254 PASS: MeterAmps 3.227
00255 NULL : sdo[0x5003][4] = 3300 | 200 | 0.5
00255 TEST: Status Message Amp.Port_2B 3300.0 +/- 200.0
00255 PASS: Status Message Amp.Port_2B 3305.0
00256 #switch out load line, switch coil
00256 sdo[0x6411][4] = 0 : NULL : WAIT = 0.5
00257 J2_04 = 0 : NULL : WAIT = 0.5
00258 #switch in load line, set current
00258 J2_05 = 1 : NULL : WAIT = 0.5
00259 
00259 sdo[0x6411][5] = 1000 : NULL : WAIT = 0.2
00260 NULL : MeterAmps = 0.8 | 0.2 | 0.5
00260 TEST: MeterAmps 0.8 +/- 0.2
00260 PASS: MeterAmps 0.788
00261 NULL : sdo[0x5003][5] = 800 | 200 | 0.5
00261 TEST: Status Message Amp.Port_3A 800.0 +/- 200.0
00261 PASS: Status Message Amp.Port_3A 812.0
00262 sdo[0x6411][5] = 2000 : NULL : WAIT = 0.2
00263 NULL : MeterAmps = 1.6 | 0.2 | 0.5
00263 TEST: MeterAmps 1.6 +/- 0.2
00263 PASS: MeterAmps 1.579
00264 NULL : sdo[0x5003][5] = 1600 | 200 | 0.5
00264 TEST: Status Message Amp.Port_3A 1600.0 +/- 200.0
00264 PASS: Status Message Amp.Port_3A 1640.0
00265 sdo[0x6411][5] = 4000 : NULL : WAIT = 0.2
00266 NULL : MeterAmps = 3.3 | 0.2 | 0.5
00266 TEST: MeterAmps 3.3 +/- 0.2
00266 PASS: MeterAmps 3.234
00267 NULL : sdo[0x5003][5] = 3300 | 200 | 0.5
00267 TEST: Status Message Amp.Port_3A 3300.0 +/- 200.0
00267 PASS: Status Message Amp.Port_3A 3376.0
00268 #switch out load line, switch coil
00268 sdo[0x6411][5] = 0 : NULL : WAIT = 0.5
00269 J2_05 = 0 : NULL : WAIT = 0.5
00270 #switch in load line, set current
00270 J2_06 = 1 : NULL : WAIT = 0.5
00271 
00271 sdo[0x6411][6] = 1000 : NULL : WAIT = 0.2
00272 NULL : MeterAmps = 0.8 | 0.2 | 0.5
00272 TEST: MeterAmps 0.8 +/- 0.2
00272 PASS: MeterAmps 0.784
00273 NULL : sdo[0x5003][6] = 800 | 200 | 0.5
00273 TEST: Status Message Amp.Port_3B 800.0 +/- 200.0
00273 PASS: Status Message Amp.Port_3B 796.0
00274 sdo[0x6411][6] = 2000 : NULL : WAIT = 0.2
00275 NULL : MeterAmps = 1.6 | 0.2 | 0.5
00275 TEST: MeterAmps 1.6 +/- 0.2
00275 PASS: MeterAmps 1.571
00276 NULL : sdo[0x5003][6] = 1600 | 200 | 0.5
00276 TEST: Status Message Amp.Port_3B 1600.0 +/- 200.0
00276 PASS: Status Message Amp.Port_3B 1608.0
00277 sdo[0x6411][6] = 4000 : NULL : WAIT = 0.2
00278 NULL : MeterAmps = 3.3 | 0.2 | 0.5
00278 TEST: MeterAmps 3.3 +/- 0.2
00278 PASS: MeterAmps 3.219
00279 NULL : sdo[0x5003][6] = 3300 | 200 | 0.5
00279 TEST: Status Message Amp.Port_3B 3300.0 +/- 200.0
00279 PASS: Status Message Amp.Port_3B 3313.0
00280 #switch out load line, switch coil
00280 sdo[0x6411][6] = 0 : NULL : WAIT = 0.5
00281 J2_06 = 0 : NULL : WAIT = 0.5
00282 #switch in load line, set current
00282 J2_07 = 1 : NULL : WAIT = 0.5
00283 
00283 sdo[0x6411][7] = 1000 : NULL : WAIT = 0.2
00284 NULL : MeterAmps = 0.8 | 0.2 | 0.5
00284 TEST: MeterAmps 0.8 +/- 0.2
00284 PASS: MeterAmps 0.789
00285 NULL : sdo[0x5003][7] = 800 | 200 | 0.5
00285 TEST: Status Message Amp.Port_4A 800.0 +/- 200.0
00285 PASS: Status Message Amp.Port_4A 812.0
00286 sdo[0x6411][7] = 2000 : NULL : WAIT = 0.2
00287 NULL : MeterAmps = 1.6 | 0.2 | 0.5
00287 TEST: MeterAmps 1.6 +/- 0.2
00287 PASS: MeterAmps 1.579
00288 NULL : sdo[0x5003][7] = 1600 | 200 | 0.5
00288 TEST: Status Message Amp.Port_4A 1600.0 +/- 200.0
00288 PASS: Status Message Amp.Port_4A 1644.0
00289 sdo[0x6411][7] = 4000 : NULL : WAIT = 0.2
00290 NULL : MeterAmps = 3.3 | 0.2 | 0.5
00290 TEST: MeterAmps 3.3 +/- 0.2
00290 PASS: MeterAmps 3.234
00291 NULL : sdo[0x5003][7] = 3300 | 200 | 0.5
00291 TEST: Status Message Amp.Port_4A 3300.0 +/- 200.0
00291 PASS: Status Message Amp.Port_4A 3380.0
00292 #switch out load line, switch coil
00292 sdo[0x6411][7] = 0 : NULL : WAIT = 0.5
00293 J2_07 = 0 : NULL : WAIT = 0.5
00294 #switch in load line, set current
00294 J2_08 = 1 : NULL : WAIT = 0.5
00295 
00295 sdo[0x6411][8] = 1000 : NULL : WAIT = 0.2
00296 NULL : MeterAmps = 0.8 | 0.2 | 0.5
00296 TEST: MeterAmps 0.8 +/- 0.2
00296 PASS: MeterAmps 0.789
00297 NULL : sdo[0x5003][8] = 800 | 200 | 0.5
00297 TEST: Status Message Amp.Port_4B 800.0 +/- 200.0
00297 PASS: Status Message Amp.Port_4B 792.0
00298 sdo[0x6411][8] = 2000 : NULL : WAIT = 0.2
00299 NULL : MeterAmps = 1.6 | 0.2 | 0.5
00299 TEST: MeterAmps 1.6 +/- 0.2
00299 PASS: MeterAmps 1.582
00300 NULL : sdo[0x5003][8] = 1600 | 200 | 0.5
00300 TEST: Status Message Amp.Port_4B 1600.0 +/- 200.0
00300 PASS: Status Message Amp.Port_4B 1616.0
00301 sdo[0x6411][8] = 4000 : NULL : WAIT = 0.2
00302 NULL : MeterAmps = 3.3 | 0.2 | 0.5
00302 TEST: MeterAmps 3.3 +/- 0.2
00302 PASS: MeterAmps 3.242
00303 NULL : sdo[0x5003][8] = 3300 | 200 | 0.5
00303 TEST: Status Message Amp.Port_4B 3300.0 +/- 200.0
00303 PASS: Status Message Amp.Port_4B 3317.0
00304 #switch out load line, switch coil
00304 sdo[0x6411][8] = 0 : NULL : WAIT = 0.5
00305 J2_08 = 0 : NULL : WAIT = 0.5
00306 SAVE
00306 END
Fail count: 0
Finished on: 2025-10-13-18:43:18
elapsed time: 0:03:32.599186
