Esc - user interruption @ 2025-12-12-10:46:16
Started on: 2025-12-12-10:45:53
00000 #39009-1
00000 #Verion 0.0
00000 #input test
00000 UUT_DBC = 39009-561.dbc
00000 UUT_DATANAME = 39009-1-INPUT-COUNT
00000 
00000 #setup PS1
00000 PwrRemote = 1 : NULL : WAIT = 0.1
00001 PwrSetCurrent = 100 : NULL : WAIT = 0.1
00002 PwrSetVoltage = 140 : NULL : WAIT = 0.1
00003 PwrEnable = 1 : NULL : WAIT = 0.1
00004 J0_09_TEST_SUPPLY = 1 : NULL : WAIT = 1
00005 
00005 J4_03 = 1 : NULL : WAIT = 0.2
00006 #******MAX COUNT = 5
00006 #-----setup 39009-----
00006 Command = 82, MODE1 = 0, MODE2 = 0, Enable_24VDC = 0, ADRaw = 0 : NULL : WAIT = 0.5
00007 Command = 83, MODE1A = 8, MODE1B = 8, MODE2A = 1, MODE2B = 1, MODE3A = 8, MODE3B = 8, MODE4A = 1, MODE4B = 1, MODE5A = 1, MODE5B = 1, MODE6A = 1, MODE6B = 1, MODE7A = 1, MODE7B = 1 : NULL : WAIT = 0.5
00008 Command = 0, MODE1A = 0, MODE1B = 0, MODE2A = 0, MODE2B = 0, MODE3A = 0, MODE3B = 0, MODE4A = 0, MODE4B = 0, MODE5A = 0, MODE5B = 0, MODE6A = 0, MODE6B = 0, MODE7A = 0, MODE7B = 0 : NULL
00009 Command = 84, MODE8A = 1, MODE8B = 1, MODE9A = 1, MODE9B = 1, MODE10A = 1, MODE10B = 1, GLOBAL_KP = 255, GLOBAL_KI = 255 : NULL : WAIT = 0.5
00010 Command = 0, MODE8A = 0, MODE8B = 0, MODE9A = 0, MODE9B = 0, MODE10A = 0, MODE10B = 0, GLOBAL_KP = 0, GLOBAL_KI = 0 : NULL
00011 Command = 82, FaultReset = 1, SaveSettings = 1, Enable_DPLTx = 1, Enable_DPLF1 = 1, Enable_DPLF2 = 1 : NULL : WAIT = 0.5
00012 #clear multiplex
00012 Command = 0, FaultReset = 0, SaveSettings = 0, Enable_DPLTx = 0, Enable_DPLF1 = 0, Enable_DPLF2 = 0 : NULL
00013 
00013 #switch in test supply
00013 J0_09_TEST_SUPPLY = 1 : NULL : WAIT = 0.2
00014 #switch in input
00014 J2_01 = 0 : NULL : WAIT = 0.2
00015 
00015 PwrSetVoltage = 140 : NULL
00016 #testing count events
00016 Command = 87, Counter_1A_Reset = 1, Counter_1B_Reset = 1, Counter_1A_ON_OFF = 1, Counter_1B_ON_OFF = 1 : NULL : WAIT = 0.2
00017 #clear multiplex
00017 Command = 0, Counter_1A_Reset = 0, Counter_1B_Reset = 0, Counter_1A_ON_OFF = 0, Counter_1B_ON_OFF = 0 : NULL
00018 
00018 #verify count
00018 NULL : Hertz_Count_Input1A = 0 | 0 | 0.1
00018 TEST: Hertz_Count_Input1A 0.0 +/- 0.0
00018 PASS: Hertz_Count_Input1A 0.0
00019 J2_01 = 1 : NULL : WAIT = 1
00020 NULL : Input_1A = 1 | 0 | 0.1
00020 TEST: Input_1A 1.0 +/- 0.0
00020 PASS: Input_1A 1.0
00021 J2_01 = 0 : NULL : WAIT = 1
00022 NULL : Input_1A = 0 | 0 | 0.1
00022 TEST: Input_1A 0.0 +/- 0.0
00022 PASS: Input_1A 0.0
00023 
00023 #verify count
00023 NULL : Hertz_Count_Input1A = 2 | 0 | 0.1
00023 TEST: Hertz_Count_Input1A 2.0 +/- 0.0
00023 FAIL: Hertz_Count_Input1A 5.0
00024 J2_01 = 1 : NULL : WAIT = 1
00025 NULL : Input_1A = 1 | 0 | 0.1
00025 TEST: Input_1A 1.0 +/- 0.0
00025 PASS: Input_1A 1.0
00026 J2_01 = 0 : NULL : WAIT = 1
00027 NULL : Input_1A = 0 | 0 | 0.1
00027 TEST: Input_1A 0.0 +/- 0.0
00027 PASS: Input_1A 0.0
00028 
00028 #verify count
00028 NULL : Hertz_Count_Input1A = 4 | 0 | 0.1
00028 TEST: Hertz_Count_Input1A 4.0 +/- 0.0
00028 FAIL: Hertz_Count_Input1A 7.0
00029 J2_01 = 1 : NULL : WAIT = 1
00030 NULL : Input_1A = 1 | 0 | 0.1
00030 TEST: Input_1A 1.0 +/- 0.0
00030 PASS: Input_1A 1.0
00031 J2_01 = 0 : NULL : WAIT = 1
