Started on: 2025-08-16-17:52:51
00000 #37000-1
00000 #Verion 0.0
00000 #PWMi normal test with a 2.1 Ohm resistive load. (6.9 amps @ 14.5 VDC)
00000 #PWMi overshoot should cause the output to overcurrent
00000 UUT_EDS = 37000-561.eds
00000 UUT_DATANAME = 37000-1-CANOPEN-OUTPUT-PWMI-OVERCURRENT
00000 
00000 #cycle IGN to clean slate
00000 RLY_K1 = 1 : NULL : WAIT = 1
00001 RLY_K1 = 0 : NULL : WAIT = 1
00002 PRE_OPERATIONAL
00002 #-----configure PWMi-----
00002 sdo[0x2002][1] = 80.0, sdo[0x2002][2] = 50.0, sdo[0x2002][3] = 80.0, sdo[0x2002][4] = 50.0, sdo[0x2002][5] = 80.0, sdo[0x2002][6] = 50.0 : NULL : WAIT = 0.5
00003 sdo[0x2002][7] = 80.0, sdo[0x2002][8] = 50.0, sdo[0x2002][9] = 80.0, sdo[0x2002][10] = 50.0, sdo[0x2002][11] = 80.0, sdo[0x2002][12] = 50.0 : NULL : WAIT = 0.5
00004 sdo[0x2002][13] = 80.0, sdo[0x2002][14] = 50.0, sdo[0x2002][15] = 80.0, sdo[0x2002][16] = 50.0 : NULL : WAIT = 0.5
00005 #-----set freq-----
00005 sdo[0x3000][0] = 100 : NULL : WAIT = 0.2
00006 J4_01 = 1, J4_03 = 1 : NULL : WAIT = 1
00007 #-----setup 37000-----
00007 sdo[0x2000][1] = 1 : NULL : WAIT = 0.2
00008 sdo[0x2000][3] = 0 : NULL : WAIT = 0.2
00009 sdo[0x2000][4] = 0 : NULL : WAIT = 0.2
00010 sdo[0x2001][1] = 68 : NULL : WAIT = 0.2
00011 #switch in load line, set current
00011 J2_01 = 1 : NULL : WAIT = 0.5
00012 OPERATIONAL
00012 
00012 
00012 sdo[0x6411][1] = 4000 : sdo[0x5001][3] = 2 | 0.1 | 1
00012 TEST: Status Message F1.Status_Output1-2 2.0 +/- 0.1
00012 PASS: Status Message F1.Status_Output1-2 2.0
00013 #switch out load line, switch coil
00013 sdo[0x6411][1] = 0 : NULL : WAIT = 1
00014 J2_01 = 0 : NULL : WAIT = 1
00015 J4_01 = 1, J4_03 = 1 : NULL : WAIT = 1
00016 #-----setup 37000-----
00016 sdo[0x2000][1] = 1 : NULL : WAIT = 0.2
00017 sdo[0x2000][3] = 0 : NULL : WAIT = 0.2
00018 sdo[0x2000][4] = 0 : NULL : WAIT = 0.2
00019 sdo[0x2001][1] = 68 : NULL : WAIT = 0.2
00020 #switch in load line, set current
00020 J2_02 = 1 : NULL : WAIT = 0.5
00021 OPERATIONAL
00021 
00021 
00021 sdo[0x6411][2] = 4000 : sdo[0x5001][3] = 8 | 0.1 | 1
00021 TEST: Status Message F1.Status_Output1-2 8.0 +/- 0.1
00021 PASS: Status Message F1.Status_Output1-2 8.0
00022 #switch out load line, switch coil
00022 sdo[0x6411][2] = 0 : NULL : WAIT = 1
00023 J2_02 = 0 : NULL : WAIT = 1
00024 J4_01 = 1, J4_03 = 1 : NULL : WAIT = 1
00025 #-----setup 37000-----
00025 sdo[0x2000][1] = 1 : NULL : WAIT = 0.2
00026 sdo[0x2000][3] = 0 : NULL : WAIT = 0.2
00027 sdo[0x2000][4] = 0 : NULL : WAIT = 0.2
00028 sdo[0x2001][2] = 68 : NULL : WAIT = 0.2
00029 #switch in load line, set current
00029 J2_03 = 1 : NULL : WAIT = 0.5
00030 OPERATIONAL
00030 
00030 
00030 sdo[0x6411][3] = 4000 : sdo[0x5001][3] = 32 | 0.1 | 1
00030 TEST: Status Message F1.Status_Output1-2 32.0 +/- 0.1
00030 PASS: Status Message F1.Status_Output1-2 32.0
00031 #switch out load line, switch coil
00031 sdo[0x6411][3] = 0 : NULL : WAIT = 1
00032 J2_03 = 0 : NULL : WAIT = 1
00033 J4_01 = 1, J4_03 = 1 : NULL : WAIT = 1
00034 #-----setup 37000-----
00034 sdo[0x2000][1] = 1 : NULL : WAIT = 0.2
00035 sdo[0x2000][3] = 0 : NULL : WAIT = 0.2
00036 sdo[0x2000][4] = 0 : NULL : WAIT = 0.2
00037 sdo[0x2001][2] = 68 : NULL : WAIT = 0.2
00038 #switch in load line, set current
00038 J2_04 = 1 : NULL : WAIT = 0.5
00039 OPERATIONAL
00039 
00039 
00039 sdo[0x6411][4] = 4000 : sdo[0x5001][3] = 128 | 0.1 | 1
00039 TEST: Status Message F1.Status_Output1-2 128.0 +/- 0.1
00039 PASS: Status Message F1.Status_Output1-2 128.0
00040 #switch out load line, switch coil
00040 sdo[0x6411][4] = 0 : NULL : WAIT = 1
00041 J2_04 = 0 : NULL : WAIT = 1
00042 J4_01 = 1, J4_03 = 1 : NULL : WAIT = 1
00043 #-----setup 37000-----
00043 sdo[0x2000][1] = 1 : NULL : WAIT = 0.2
00044 sdo[0x2000][3] = 0 : NULL : WAIT = 0.2
00045 sdo[0x2000][4] = 0 : NULL : WAIT = 0.2
00046 sdo[0x2001][3] = 68 : NULL : WAIT = 0.2
00047 #switch in load line, set current
00047 J2_05 = 1 : NULL : WAIT = 0.5
00048 OPERATIONAL
00048 
00048 
00048 sdo[0x6411][5] = 4000 : sdo[0x5001][4] = 2 | 0.1 | 1
00048 TEST: Status Message F1.Status_Output3-4 2.0 +/- 0.1
00048 PASS: Status Message F1.Status_Output3-4 2.0
00049 #switch out load line, switch coil
00049 sdo[0x6411][5] = 0 : NULL : WAIT = 1
00050 J2_05 = 0 : NULL : WAIT = 1
00051 J4_01 = 1, J4_03 = 1 : NULL : WAIT = 1
00052 #-----setup 37000-----
00052 sdo[0x2000][1] = 1 : NULL : WAIT = 0.2
00053 sdo[0x2000][3] = 0 : NULL : WAIT = 0.2
00054 sdo[0x2000][4] = 0 : NULL : WAIT = 0.2
00055 sdo[0x2001][3] = 68 : NULL : WAIT = 0.2
00056 #switch in load line, set current
00056 J2_06 = 1 : NULL : WAIT = 0.5
00057 OPERATIONAL
00057 
00057 
00057 sdo[0x6411][6] = 4000 : sdo[0x5001][4] = 8 | 0.1 | 1
00057 TEST: Status Message F1.Status_Output3-4 8.0 +/- 0.1
00057 PASS: Status Message F1.Status_Output3-4 8.0
00058 #switch out load line, switch coil
00058 sdo[0x6411][6] = 0 : NULL : WAIT = 1
00059 J2_06 = 0 : NULL : WAIT = 1
00060 J4_01 = 1, J4_03 = 1 : NULL : WAIT = 1
00061 #-----setup 37000-----
00061 sdo[0x2000][1] = 1 : NULL : WAIT = 0.2
00062 sdo[0x2000][3] = 0 : NULL : WAIT = 0.2
00063 sdo[0x2000][4] = 0 : NULL : WAIT = 0.2
00064 sdo[0x2001][4] = 68 : NULL : WAIT = 0.2
00065 #switch in load line, set current
00065 J2_07 = 1 : NULL : WAIT = 0.5
00066 OPERATIONAL
00066 
00066 
00066 sdo[0x6411][7] = 4000 : sdo[0x5001][4] = 32 | 0.1 | 1
00066 TEST: Status Message F1.Status_Output3-4 32.0 +/- 0.1
00066 PASS: Status Message F1.Status_Output3-4 32.0
00067 #switch out load line, switch coil
00067 sdo[0x6411][7] = 0 : NULL : WAIT = 1
00068 J2_07 = 0 : NULL : WAIT = 1
00069 J4_01 = 1, J4_03 = 1 : NULL : WAIT = 1
00070 #-----setup 37000-----
00070 sdo[0x2000][1] = 1 : NULL : WAIT = 0.2
00071 sdo[0x2000][3] = 0 : NULL : WAIT = 0.2
00072 sdo[0x2000][4] = 0 : NULL : WAIT = 0.2
00073 sdo[0x2001][4] = 68 : NULL : WAIT = 0.2
00074 #switch in load line, set current
00074 J2_08 = 1 : NULL : WAIT = 0.5
00075 OPERATIONAL
00075 
00075 
00075 sdo[0x6411][8] = 4000 : sdo[0x5001][4] = 128 | 0.1 | 1
00075 TEST: Status Message F1.Status_Output3-4 128.0 +/- 0.1
00075 PASS: Status Message F1.Status_Output3-4 128.0
00076 #switch out load line, switch coil
00076 sdo[0x6411][8] = 0 : NULL : WAIT = 1
00077 J2_08 = 0 : NULL : WAIT = 1
00078 SAVE
00078 END
Fail count: 0
Finished on: 2025-08-16-17:53:52
elapsed time: 0:00:57.600637
