Esc - user interruption @ 2025-08-06-15:38:45
Started on: 2025-08-06-15:38:38
00000 #37000-1
00000 #Verion 0.0
00000 #digital normal test using the E-LOAD
00000 UUT_EDS = 37000-561.eds
00000 UUT_DATANAME = 37000-1-CANOPEN-OUTPUT-DIGITAL-NORMAL
00000 
00000 #-----get info 37000-1-----
00000 #-VBAT
00000 NULL : sdo[0x5002][1] = 0 | 9999 | 0.1
00000 TEST: sdo[0x5002][1] 0.0 +/- 9999.0
00000 PASS: sdo[0x5002][1] 145.0
00001 #-TEMP
00001 NULL : sdo[0x5002][2] = 0 | 9999 | 0.1
00001 TEST: sdo[0x5002][2] 0.0 +/- 9999.0
00001 PASS: sdo[0x5002][2] 1752.0
00002 #-CNFG1
00002 NULL : sdo[0x5002][3] = 0 | 9999 | 0.1
00002 TEST: sdo[0x5002][3] 0.0 +/- 9999.0
00002 PASS: sdo[0x5002][3] 2.0
00003 #-CNFG2
00003 NULL : sdo[0x5002][4] = 0 | 9999 | 0.1
00003 TEST: sdo[0x5002][4] 0.0 +/- 9999.0
00003 PASS: sdo[0x5002][4] 4.0
00004 #-CNFG3
00004 NULL : sdo[0x5002][5] = 0 | 9999 | 0.1
00004 TEST: sdo[0x5002][5] 0.0 +/- 9999.0
00004 PASS: sdo[0x5002][5] 2.0
00005 PRE_OPERATIONAL
00005 #-----setup PAT-----
00005 #setup load
00005 LdRemote = 1 : NULL : WAIT = 0.1
00006 LdEnable = 1 : NULL : WAIT = 0.1
00007 LdCurrentSet = 0 : NULL : WAIT = 0.1
00008 J0_08_METER_LOAD = 1 : NULL : WAIT = 1
00009 NULL : sdo[0x5001][3] = 0 | 0.1 | 0.1
00009 TEST: sdo[0x5001][3] 0.0 +/- 0.1
