Started on: 2025-08-08-11:29:05
00000 #37000-1
00000 #Verion 0.0
00000 #input test
00000 UUT_EDS = 37000-561.eds
00000 UUT_DATANAME = 37000-1-CANOPEN-INPUT-RATIO-14_5
00000 
00000 #-----get info 37000-1-----
00000 #-VBAT
00000 NULL : sdo[0x5002][1] = 0 | 9999 | 0.1
00000 TEST: sdo[0x5002][1] 0.0 +/- 9999.0
00000 PASS: sdo[0x5002][1] 142.0
00001 #-TEMP
00001 NULL : sdo[0x5002][2] = 0 | 9999 | 0.1
00001 TEST: sdo[0x5002][2] 0.0 +/- 9999.0
00001 PASS: sdo[0x5002][2] 1914.0
00002 #-CNFG1
00002 NULL : sdo[0x5002][3] = 0 | 9999 | 0.1
00002 TEST: sdo[0x5002][3] 0.0 +/- 9999.0
00002 PASS: sdo[0x5002][3] 5.0
00003 #-CNFG2
00003 NULL : sdo[0x5002][4] = 0 | 9999 | 0.1
00003 TEST: sdo[0x5002][4] 0.0 +/- 9999.0
00003 PASS: sdo[0x5002][4] 10.0
00004 #-CNFG3
00004 NULL : sdo[0x5002][5] = 0 | 9999 | 0.1
00004 TEST: sdo[0x5002][5] 0.0 +/- 9999.0
00004 PASS: sdo[0x5002][5] 1.0
00005 
00005 #-----setup pat-----
00005 #setup meter
00005 LdRemote = 1 : NULL : WAIT = 0.1
00006 LdCurrentSet = 0 : NULL : WAIT = 0.1
00007 LdEnable = 0 : NULL : WAIT = 0.1
00008 J0_08_METER_LOAD = 1 : NULL : WAIT = 1
00009 
00009 
00009 #-----setup main supply-----
00009 #setup meter
00009 J0_10_MAIN_SUPPLY = 1 : NULL : WAIT = 1
00010 PAUSE-VERIFY MAIN SUPPLY IS SET TO 14.5
00010 NULL : MeterVolts = 14.5 | 0.2 | 0.1
00010 FAIL: MeterVolts 14.498
00011 J0_10_MAIN_SUPPLY = 0 : NULL : WAIT = 1
00012 
00012 #setup PS1
00012 PwrRemote = 1 : NULL : WAIT = 0.1
00013 PwrSetCurrent = 20 : NULL : WAIT = 0.1
00014 PwrSetVoltage = 0 : NULL : WAIT = 0.1
00015 PwrEnable = 1 : NULL : WAIT = 0.1
00016 J0_09_TEST_SUPPLY = 1 : NULL : WAIT = 1
00017 
00017 J4_03 = 1 : NULL : WAIT = 0.2
00018 #-----setup 34044-----
00018 #disable global modes
00018 sdo[0x2000][3] = 0 : NULL : WAIT = 0.1
00019 sdo[0x2000][4] = 0 : NULL : WAIT = 0.1
00020 #configure Port Modes
00020 sdo[0x2001][1] = 0 : NULL : WAIT = 0.1
00021 sdo[0x2001][2] = 0 : NULL : WAIT = 0.1
00022 sdo[0x2001][3] = 0 : NULL : WAIT = 0.1
00023 sdo[0x2001][4] = 0 : NULL : WAIT = 0.1
00024 sdo[0x2001][5] = 144 : NULL : WAIT = 0.1
00025 sdo[0x2001][6] = 144 : NULL : WAIT = 0.1
00026 sdo[0x2001][7] = 144 : NULL : WAIT = 0.1
00027 sdo[0x2001][8] = 144 : NULL : WAIT = 0.1
00028 #set power supply and wait
00028 PwrSetVoltage = 10 : NULL : WAIT = 0.1
00029 #test power supply
00029 NULL : MeterVolts = 1 | 0.155 | 0.1
00029 TEST: MeterVolts 1.0 +/- 0.155
00029 PASS: MeterVolts 1.002
00030 #switch input to load line
00030 J2_10 = 1 : NULL : WAIT = 0.1
00031 
00031 
00031 #Sweep of Input_5B from 1 to 14.5 in 1 increments
00031 
00031 #set power supply
00031 PwrSetVoltage = 10 : NULL : WAIT = 0.1
00032 #test power supply
00032 NULL : MeterVolts = 1 | 0.155 | 0.1
00032 TEST: MeterVolts 1.0 +/- 0.155
00032 PASS: MeterVolts 1.001
00033 #test feedback
00033 NULL : sdo[0x6401][2] = 68 | 100 | 0.1
00033 TEST: sdo[0x6401][2] 68.0 +/- 100.0
00033 PASS: sdo[0x6401][2] 64.0
00034 #set power supply
00034 PwrSetVoltage = 20 : NULL : WAIT = 0.1
00035 #test power supply
00035 NULL : MeterVolts = 2 | 0.155 | 0.1
00035 TEST: MeterVolts 2.0 +/- 0.155
00035 PASS: MeterVolts 2.009
00036 #test feedback
00036 NULL : sdo[0x6401][2] = 137 | 100 | 0.1
00036 TEST: sdo[0x6401][2] 137.0 +/- 100.0
00036 PASS: sdo[0x6401][2] 130.0
00037 #set power supply
00037 PwrSetVoltage = 30 : NULL : WAIT = 0.1
00038 #test power supply
00038 NULL : MeterVolts = 3 | 0.155 | 0.1
00038 TEST: MeterVolts 3.0 +/- 0.155
00038 PASS: MeterVolts 2.995
00039 #test feedback
00039 NULL : sdo[0x6401][2] = 206 | 100 | 0.1
00039 TEST: sdo[0x6401][2] 206.0 +/- 100.0
00039 PASS: sdo[0x6401][2] 195.0
00040 #set power supply
00040 PwrSetVoltage = 40 : NULL : WAIT = 0.1
00041 #test power supply
00041 NULL : MeterVolts = 4 | 0.155 | 0.1
00041 TEST: MeterVolts 4.0 +/- 0.155
00041 PASS: MeterVolts 3.991
00042 #test feedback
00042 NULL : sdo[0x6401][2] = 275 | 100 | 0.1
00042 TEST: sdo[0x6401][2] 275.0 +/- 100.0
00042 PASS: sdo[0x6401][2] 260.0
00043 #set power supply
00043 PwrSetVoltage = 50 : NULL : WAIT = 0.1
00044 #test power supply
00044 NULL : MeterVolts = 5 | 0.155 | 0.1
00044 TEST: MeterVolts 5.0 +/- 0.155
00044 PASS: MeterVolts 4.985
00045 #test feedback
00045 NULL : sdo[0x6401][2] = 344 | 100 | 0.1
00045 TEST: sdo[0x6401][2] 344.0 +/- 100.0
00045 PASS: sdo[0x6401][2] 324.0
00046 #set power supply
00046 PwrSetVoltage = 60 : NULL : WAIT = 0.1
00047 #test power supply
00047 NULL : MeterVolts = 6 | 0.155 | 0.1
00047 TEST: MeterVolts 6.0 +/- 0.155
00047 PASS: MeterVolts 5.975
00048 #test feedback
00048 NULL : sdo[0x6401][2] = 413 | 100 | 0.1
00048 TEST: sdo[0x6401][2] 413.0 +/- 100.0
00048 PASS: sdo[0x6401][2] 388.0
00049 #set power supply
00049 PwrSetVoltage = 70 : NULL : WAIT = 0.1
00050 #test power supply
00050 NULL : MeterVolts = 7 | 0.155 | 0.1
00050 TEST: MeterVolts 7.0 +/- 0.155
00050 PASS: MeterVolts 6.971
00051 #test feedback
00051 NULL : sdo[0x6401][2] = 482 | 100 | 0.1
00051 TEST: sdo[0x6401][2] 482.0 +/- 100.0
00051 PASS: sdo[0x6401][2] 454.0
00052 #set power supply
00052 PwrSetVoltage = 80 : NULL : WAIT = 0.1
00053 #test power supply
00053 NULL : MeterVolts = 8 | 0.155 | 0.1
00053 TEST: MeterVolts 8.0 +/- 0.155
00053 PASS: MeterVolts 7.98
00054 #test feedback
00054 NULL : sdo[0x6401][2] = 551 | 100 | 0.1
00054 TEST: sdo[0x6401][2] 551.0 +/- 100.0
00054 PASS: sdo[0x6401][2] 519.0
00055 #set power supply
00055 PwrSetVoltage = 90 : NULL : WAIT = 0.1
00056 #test power supply
00056 NULL : MeterVolts = 9 | 0.155 | 0.1
00056 TEST: MeterVolts 9.0 +/- 0.155
00056 PASS: MeterVolts 8.967
00057 #test feedback
00057 NULL : sdo[0x6401][2] = 620 | 100 | 0.1
00057 TEST: sdo[0x6401][2] 620.0 +/- 100.0
00057 PASS: sdo[0x6401][2] 584.0
00058 #set power supply
00058 PwrSetVoltage = 100 : NULL : WAIT = 0.1
00059 #test power supply
00059 NULL : MeterVolts = 10 | 0.155 | 0.1
00059 TEST: MeterVolts 10.0 +/- 0.155
00059 PASS: MeterVolts 9.963
00060 #test feedback
00060 NULL : sdo[0x6401][2] = 689 | 100 | 0.1
00060 TEST: sdo[0x6401][2] 689.0 +/- 100.0
00060 PASS: sdo[0x6401][2] 647.0
00061 #set power supply
00061 PwrSetVoltage = 110 : NULL : WAIT = 0.1
00062 #test power supply
00062 NULL : MeterVolts = 11 | 0.155 | 0.1
00062 TEST: MeterVolts 11.0 +/- 0.155
00062 PASS: MeterVolts 10.955
00063 #test feedback
00063 NULL : sdo[0x6401][2] = 758 | 100 | 0.1
00063 TEST: sdo[0x6401][2] 758.0 +/- 100.0
00063 PASS: sdo[0x6401][2] 712.0
00064 #set power supply
00064 PwrSetVoltage = 120 : NULL : WAIT = 0.1
00065 #test power supply
00065 NULL : MeterVolts = 12 | 0.155 | 0.1
00065 TEST: MeterVolts 12.0 +/- 0.155
00065 PASS: MeterVolts 11.949
00066 #test feedback
00066 NULL : sdo[0x6401][2] = 827 | 100 | 0.1
00066 TEST: sdo[0x6401][2] 827.0 +/- 100.0
00066 PASS: sdo[0x6401][2] 777.0
00067 #set power supply
00067 PwrSetVoltage = 130 : NULL : WAIT = 0.1
00068 #test power supply
00068 NULL : MeterVolts = 13 | 0.155 | 0.1
00068 TEST: MeterVolts 13.0 +/- 0.155
00068 PASS: MeterVolts 12.951
00069 #test feedback
00069 NULL : sdo[0x6401][2] = 896 | 100 | 0.1
00069 TEST: sdo[0x6401][2] 896.0 +/- 100.0
00069 PASS: sdo[0x6401][2] 842.0
00070 #set power supply
00070 PwrSetVoltage = 140 : NULL : WAIT = 0.1
00071 #test power supply
00071 NULL : MeterVolts = 14 | 0.155 | 0.1
00071 TEST: MeterVolts 14.0 +/- 0.155
00071 PASS: MeterVolts 13.946
00072 #test feedback
00072 NULL : sdo[0x6401][2] = 965 | 100 | 0.1
00072 TEST: sdo[0x6401][2] 965.0 +/- 100.0
00072 PASS: sdo[0x6401][2] 907.0
00073 
00073 #Finished with port
00073 #switch out input
00073 J2_10 = 0 : NULL : WAIT = 0.1
00074 
00074 #-----setup 34044-----
00074 #disable global modes
00074 sdo[0x2000][3] = 0 : NULL : WAIT = 0.1
00075 sdo[0x2000][4] = 0 : NULL : WAIT = 0.1
00076 #configure Port Modes
00076 sdo[0x2001][1] = 0 : NULL : WAIT = 0.1
00077 sdo[0x2001][2] = 0 : NULL : WAIT = 0.1
00078 sdo[0x2001][3] = 0 : NULL : WAIT = 0.1
00079 sdo[0x2001][4] = 0 : NULL : WAIT = 0.1
00080 sdo[0x2001][5] = 144 : NULL : WAIT = 0.1
00081 sdo[0x2001][6] = 144 : NULL : WAIT = 0.1
00082 sdo[0x2001][7] = 144 : NULL : WAIT = 0.1
00083 sdo[0x2001][8] = 144 : NULL : WAIT = 0.1
00084 #set power supply and wait
00084 PwrSetVoltage = 10 : NULL : WAIT = 0.1
00085 #test power supply
00085 NULL : MeterVolts = 1 | 0.155 | 0.1
00085 TEST: MeterVolts 1.0 +/- 0.155
00085 PASS: MeterVolts 1.109
00086 #switch input to load line
00086 J2_12 = 1 : NULL : WAIT = 0.1
00087 
00087 
00087 #Sweep of Input_6B from 1 to 14.5 in 1 increments
00087 
00087 #set power supply
00087 PwrSetVoltage = 10 : NULL : WAIT = 0.1
00088 #test power supply
00088 NULL : MeterVolts = 1 | 0.155 | 0.1
00088 TEST: MeterVolts 1.0 +/- 0.155
00088 PASS: MeterVolts 1.109
00089 #test feedback
00089 NULL : sdo[0x6401][4] = 68 | 100 | 0.1
00089 TEST: sdo[0x6401][4] 68.0 +/- 100.0
00089 PASS: sdo[0x6401][4] 64.0
00090 #set power supply
00090 PwrSetVoltage = 20 : NULL : WAIT = 0.1
00091 #test power supply
00091 NULL : MeterVolts = 2 | 0.155 | 0.1
00091 TEST: MeterVolts 2.0 +/- 0.155
00091 PASS: MeterVolts 2.01
00092 #test feedback
00092 NULL : sdo[0x6401][4] = 137 | 100 | 0.1
00092 TEST: sdo[0x6401][4] 137.0 +/- 100.0
00092 PASS: sdo[0x6401][4] 130.0
00093 #set power supply
00093 PwrSetVoltage = 30 : NULL : WAIT = 0.1
00094 #test power supply
00094 NULL : MeterVolts = 3 | 0.155 | 0.1
00094 TEST: MeterVolts 3.0 +/- 0.155
00094 PASS: MeterVolts 2.997
00095 #test feedback
00095 NULL : sdo[0x6401][4] = 206 | 100 | 0.1
00095 TEST: sdo[0x6401][4] 206.0 +/- 100.0
00095 PASS: sdo[0x6401][4] 194.0
00096 #set power supply
00096 PwrSetVoltage = 40 : NULL : WAIT = 0.1
00097 #test power supply
00097 NULL : MeterVolts = 4 | 0.155 | 0.1
00097 TEST: MeterVolts 4.0 +/- 0.155
00097 PASS: MeterVolts 3.992
00098 #test feedback
00098 NULL : sdo[0x6401][4] = 275 | 100 | 0.1
00098 TEST: sdo[0x6401][4] 275.0 +/- 100.0
00098 PASS: sdo[0x6401][4] 259.0
00099 #set power supply
00099 PwrSetVoltage = 50 : NULL : WAIT = 0.1
00100 #test power supply
00100 NULL : MeterVolts = 5 | 0.155 | 0.1
00100 TEST: MeterVolts 5.0 +/- 0.155
00100 PASS: MeterVolts 4.985
00101 #test feedback
00101 NULL : sdo[0x6401][4] = 344 | 100 | 0.1
00101 TEST: sdo[0x6401][4] 344.0 +/- 100.0
00101 PASS: sdo[0x6401][4] 323.0
00102 #set power supply
00102 PwrSetVoltage = 60 : NULL : WAIT = 0.1
00103 #test power supply
00103 NULL : MeterVolts = 6 | 0.155 | 0.1
00103 TEST: MeterVolts 6.0 +/- 0.155
00103 PASS: MeterVolts 5.976
00104 #test feedback
00104 NULL : sdo[0x6401][4] = 413 | 100 | 0.1
00104 TEST: sdo[0x6401][4] 413.0 +/- 100.0
00104 PASS: sdo[0x6401][4] 387.0
00105 #set power supply
00105 PwrSetVoltage = 70 : NULL : WAIT = 0.1
00106 #test power supply
00106 NULL : MeterVolts = 7 | 0.155 | 0.1
00106 TEST: MeterVolts 7.0 +/- 0.155
00106 PASS: MeterVolts 6.971
00107 #test feedback
00107 NULL : sdo[0x6401][4] = 482 | 100 | 0.1
00107 TEST: sdo[0x6401][4] 482.0 +/- 100.0
00107 PASS: sdo[0x6401][4] 452.0
00108 #set power supply
00108 PwrSetVoltage = 80 : NULL : WAIT = 0.1
00109 #test power supply
00109 NULL : MeterVolts = 8 | 0.155 | 0.1
00109 TEST: MeterVolts 8.0 +/- 0.155
00109 PASS: MeterVolts 7.98
00110 #test feedback
00110 NULL : sdo[0x6401][4] = 551 | 100 | 0.1
00110 TEST: sdo[0x6401][4] 551.0 +/- 100.0
00110 PASS: sdo[0x6401][4] 518.0
00111 #set power supply
00111 PwrSetVoltage = 90 : NULL : WAIT = 0.1
00112 #test power supply
00112 NULL : MeterVolts = 9 | 0.155 | 0.1
00112 TEST: MeterVolts 9.0 +/- 0.155
00112 PASS: MeterVolts 8.968
00113 #test feedback
00113 NULL : sdo[0x6401][4] = 620 | 100 | 0.1
00113 TEST: sdo[0x6401][4] 620.0 +/- 100.0
00113 PASS: sdo[0x6401][4] 581.0
00114 #set power supply
00114 PwrSetVoltage = 100 : NULL : WAIT = 0.1
00115 #test power supply
00115 NULL : MeterVolts = 10 | 0.155 | 0.1
00115 TEST: MeterVolts 10.0 +/- 0.155
00115 PASS: MeterVolts 9.963
00116 #test feedback
00116 NULL : sdo[0x6401][4] = 689 | 100 | 0.1
00116 TEST: sdo[0x6401][4] 689.0 +/- 100.0
00116 PASS: sdo[0x6401][4] 645.0
00117 #set power supply
00117 PwrSetVoltage = 110 : NULL : WAIT = 0.1
00118 #test power supply
00118 NULL : MeterVolts = 11 | 0.155 | 0.1
00118 TEST: MeterVolts 11.0 +/- 0.155
00118 PASS: MeterVolts 10.954
00119 #test feedback
00119 NULL : sdo[0x6401][4] = 758 | 100 | 0.1
00119 TEST: sdo[0x6401][4] 758.0 +/- 100.0
00119 PASS: sdo[0x6401][4] 710.0
00120 #set power supply
00120 PwrSetVoltage = 120 : NULL : WAIT = 0.1
00121 #test power supply
00121 NULL : MeterVolts = 12 | 0.155 | 0.1
00121 TEST: MeterVolts 12.0 +/- 0.155
00121 PASS: MeterVolts 11.948
00122 #test feedback
00122 NULL : sdo[0x6401][4] = 827 | 100 | 0.1
00122 TEST: sdo[0x6401][4] 827.0 +/- 100.0
00122 PASS: sdo[0x6401][4] 775.0
00123 #set power supply
00123 PwrSetVoltage = 130 : NULL : WAIT = 0.1
00124 #test power supply
00124 NULL : MeterVolts = 13 | 0.155 | 0.1
00124 TEST: MeterVolts 13.0 +/- 0.155
00124 PASS: MeterVolts 12.951
00125 #test feedback
00125 NULL : sdo[0x6401][4] = 896 | 100 | 0.1
00125 TEST: sdo[0x6401][4] 896.0 +/- 100.0
00125 PASS: sdo[0x6401][4] 839.0
00126 #set power supply
00126 PwrSetVoltage = 140 : NULL : WAIT = 0.1
00127 #test power supply
00127 NULL : MeterVolts = 14 | 0.155 | 0.1
00127 TEST: MeterVolts 14.0 +/- 0.155
00127 PASS: MeterVolts 13.945
00128 #test feedback
00128 NULL : sdo[0x6401][4] = 965 | 100 | 0.1
00128 TEST: sdo[0x6401][4] 965.0 +/- 100.0
00128 PASS: sdo[0x6401][4] 904.0
00129 
00129 #Finished with port
00129 #switch out input
00129 J2_12 = 0 : NULL : WAIT = 0.1
00130 
00130 #-----setup 34044-----
00130 #disable global modes
00130 sdo[0x2000][3] = 0 : NULL : WAIT = 0.1
00131 sdo[0x2000][4] = 0 : NULL : WAIT = 0.1
00132 #configure Port Modes
00132 sdo[0x2001][1] = 0 : NULL : WAIT = 0.1
00133 sdo[0x2001][2] = 0 : NULL : WAIT = 0.1
00134 sdo[0x2001][3] = 0 : NULL : WAIT = 0.1
00135 sdo[0x2001][4] = 0 : NULL : WAIT = 0.1
00136 sdo[0x2001][5] = 144 : NULL : WAIT = 0.1
00137 sdo[0x2001][6] = 144 : NULL : WAIT = 0.1
00138 sdo[0x2001][7] = 144 : NULL : WAIT = 0.1
00139 sdo[0x2001][8] = 144 : NULL : WAIT = 0.1
00140 #set power supply and wait
00140 PwrSetVoltage = 10 : NULL : WAIT = 0.1
00141 #test power supply
00141 NULL : MeterVolts = 1 | 0.155 | 0.1
00141 TEST: MeterVolts 1.0 +/- 0.155
00141 PASS: MeterVolts 1.033
00142 #switch input to load line
00142 J3_02 = 1 : NULL : WAIT = 0.1
00143 
00143 
00143 #Sweep of Input_7B from 1 to 14.5 in 1 increments
00143 
00143 #set power supply
00143 PwrSetVoltage = 10 : NULL : WAIT = 0.1
00144 #test power supply
00144 NULL : MeterVolts = 1 | 0.155 | 0.1
00144 TEST: MeterVolts 1.0 +/- 0.155
00144 PASS: MeterVolts 1.033
00145 #test feedback
00145 NULL : sdo[0x6401][6] = 68 | 100 | 0.1
00145 TEST: sdo[0x6401][6] 68.0 +/- 100.0
00145 PASS: sdo[0x6401][6] 64.0
00146 #set power supply
00146 PwrSetVoltage = 20 : NULL : WAIT = 0.1
00147 #test power supply
00147 NULL : MeterVolts = 2 | 0.155 | 0.1
00147 TEST: MeterVolts 2.0 +/- 0.155
00147 PASS: MeterVolts 2.009
00148 #test feedback
00148 NULL : sdo[0x6401][6] = 137 | 100 | 0.1
00148 TEST: sdo[0x6401][6] 137.0 +/- 100.0
00148 PASS: sdo[0x6401][6] 130.0
00149 #set power supply
00149 PwrSetVoltage = 30 : NULL : WAIT = 0.1
00150 #test power supply
00150 NULL : MeterVolts = 3 | 0.155 | 0.1
00150 TEST: MeterVolts 3.0 +/- 0.155
00150 PASS: MeterVolts 2.996
00151 #test feedback
00151 NULL : sdo[0x6401][6] = 206 | 100 | 0.1
00151 TEST: sdo[0x6401][6] 206.0 +/- 100.0
00151 PASS: sdo[0x6401][6] 194.0
00152 #set power supply
00152 PwrSetVoltage = 40 : NULL : WAIT = 0.1
00153 #test power supply
00153 NULL : MeterVolts = 4 | 0.155 | 0.1
00153 TEST: MeterVolts 4.0 +/- 0.155
00153 PASS: MeterVolts 3.992
00154 #test feedback
00154 NULL : sdo[0x6401][6] = 275 | 100 | 0.1
00154 TEST: sdo[0x6401][6] 275.0 +/- 100.0
00154 PASS: sdo[0x6401][6] 259.0
00155 #set power supply
00155 PwrSetVoltage = 50 : NULL : WAIT = 0.1
00156 #test power supply
00156 NULL : MeterVolts = 5 | 0.155 | 0.1
00156 TEST: MeterVolts 5.0 +/- 0.155
00156 PASS: MeterVolts 4.984
00157 #test feedback
00157 NULL : sdo[0x6401][6] = 344 | 100 | 0.1
00157 TEST: sdo[0x6401][6] 344.0 +/- 100.0
00157 PASS: sdo[0x6401][6] 322.0
00158 #set power supply
00158 PwrSetVoltage = 60 : NULL : WAIT = 0.1
00159 #test power supply
00159 NULL : MeterVolts = 6 | 0.155 | 0.1
00159 TEST: MeterVolts 6.0 +/- 0.155
00159 PASS: MeterVolts 5.974
00160 #test feedback
00160 NULL : sdo[0x6401][6] = 413 | 100 | 0.1
00160 TEST: sdo[0x6401][6] 413.0 +/- 100.0
00160 PASS: sdo[0x6401][6] 387.0
00161 #set power supply
00161 PwrSetVoltage = 70 : NULL : WAIT = 0.1
00162 #test power supply
00162 NULL : MeterVolts = 7 | 0.155 | 0.1
00162 TEST: MeterVolts 7.0 +/- 0.155
00162 PASS: MeterVolts 6.97
00163 #test feedback
00163 NULL : sdo[0x6401][6] = 482 | 100 | 0.1
00163 TEST: sdo[0x6401][6] 482.0 +/- 100.0
00163 PASS: sdo[0x6401][6] 452.0
00164 #set power supply
00164 PwrSetVoltage = 80 : NULL : WAIT = 0.1
00165 #test power supply
00165 NULL : MeterVolts = 8 | 0.155 | 0.1
00165 TEST: MeterVolts 8.0 +/- 0.155
00165 PASS: MeterVolts 7.98
00166 #test feedback
00166 NULL : sdo[0x6401][6] = 551 | 100 | 0.1
00166 TEST: sdo[0x6401][6] 551.0 +/- 100.0
00166 PASS: sdo[0x6401][6] 517.0
00167 #set power supply
00167 PwrSetVoltage = 90 : NULL : WAIT = 0.1
00168 #test power supply
00168 NULL : MeterVolts = 9 | 0.155 | 0.1
00168 TEST: MeterVolts 9.0 +/- 0.155
00168 PASS: MeterVolts 8.969
00169 #test feedback
00169 NULL : sdo[0x6401][6] = 620 | 100 | 0.1
00169 TEST: sdo[0x6401][6] 620.0 +/- 100.0
00169 PASS: sdo[0x6401][6] 581.0
00170 #set power supply
00170 PwrSetVoltage = 100 : NULL : WAIT = 0.1
00171 #test power supply
00171 NULL : MeterVolts = 10 | 0.155 | 0.1
00171 TEST: MeterVolts 10.0 +/- 0.155
00171 PASS: MeterVolts 9.963
00172 #test feedback
00172 NULL : sdo[0x6401][6] = 689 | 100 | 0.1
00172 TEST: sdo[0x6401][6] 689.0 +/- 100.0
00172 PASS: sdo[0x6401][6] 645.0
00173 #set power supply
00173 PwrSetVoltage = 110 : NULL : WAIT = 0.1
00174 #test power supply
00174 NULL : MeterVolts = 11 | 0.155 | 0.1
00174 TEST: MeterVolts 11.0 +/- 0.155
00174 PASS: MeterVolts 10.955
00175 #test feedback
00175 NULL : sdo[0x6401][6] = 758 | 100 | 0.1
00175 TEST: sdo[0x6401][6] 758.0 +/- 100.0
00175 PASS: sdo[0x6401][6] 710.0
00176 #set power supply
00176 PwrSetVoltage = 120 : NULL : WAIT = 0.1
00177 #test power supply
00177 NULL : MeterVolts = 12 | 0.155 | 0.1
00177 TEST: MeterVolts 12.0 +/- 0.155
00177 PASS: MeterVolts 11.948
00178 #test feedback
00178 NULL : sdo[0x6401][6] = 827 | 100 | 0.1
00178 TEST: sdo[0x6401][6] 827.0 +/- 100.0
00178 PASS: sdo[0x6401][6] 774.0
00179 #set power supply
00179 PwrSetVoltage = 130 : NULL : WAIT = 0.1
00180 #test power supply
00180 NULL : MeterVolts = 13 | 0.155 | 0.1
00180 TEST: MeterVolts 13.0 +/- 0.155
00180 PASS: MeterVolts 12.951
00181 #test feedback
00181 NULL : sdo[0x6401][6] = 896 | 100 | 0.1
00181 TEST: sdo[0x6401][6] 896.0 +/- 100.0
00181 PASS: sdo[0x6401][6] 840.0
00182 #set power supply
00182 PwrSetVoltage = 140 : NULL : WAIT = 0.1
00183 #test power supply
00183 NULL : MeterVolts = 14 | 0.155 | 0.1
00183 TEST: MeterVolts 14.0 +/- 0.155
00183 PASS: MeterVolts 13.946
00184 #test feedback
00184 NULL : sdo[0x6401][6] = 965 | 100 | 0.1
00184 TEST: sdo[0x6401][6] 965.0 +/- 100.0
00184 PASS: sdo[0x6401][6] 904.0
00185 
00185 #Finished with port
00185 #switch out input
00185 J3_02 = 0 : NULL : WAIT = 0.1
00186 
00186 #-----setup 34044-----
00186 #disable global modes
00186 sdo[0x2000][3] = 0 : NULL : WAIT = 0.1
00187 sdo[0x2000][4] = 0 : NULL : WAIT = 0.1
00188 #configure Port Modes
00188 sdo[0x2001][1] = 0 : NULL : WAIT = 0.1
00189 sdo[0x2001][2] = 0 : NULL : WAIT = 0.1
00190 sdo[0x2001][3] = 0 : NULL : WAIT = 0.1
00191 sdo[0x2001][4] = 0 : NULL : WAIT = 0.1
00192 sdo[0x2001][5] = 144 : NULL : WAIT = 0.1
00193 sdo[0x2001][6] = 144 : NULL : WAIT = 0.1
00194 sdo[0x2001][7] = 144 : NULL : WAIT = 0.1
00195 sdo[0x2001][8] = 144 : NULL : WAIT = 0.1
00196 #set power supply and wait
00196 PwrSetVoltage = 10 : NULL : WAIT = 0.1
00197 #test power supply
00197 NULL : MeterVolts = 1 | 0.155 | 0.1
00197 TEST: MeterVolts 1.0 +/- 0.155
00197 PASS: MeterVolts 1.027
00198 #switch input to load line
00198 J3_04 = 1 : NULL : WAIT = 0.1
00199 
00199 
00199 #Sweep of Input_8B from 1 to 14.5 in 1 increments
00199 
00199 #set power supply
00199 PwrSetVoltage = 10 : NULL : WAIT = 0.1
00200 #test power supply
00200 NULL : MeterVolts = 1 | 0.155 | 0.1
00200 TEST: MeterVolts 1.0 +/- 0.155
00200 PASS: MeterVolts 1.001
00201 #test feedback
00201 NULL : sdo[0x6401][8] = 68 | 100 | 0.1
00201 TEST: sdo[0x6401][8] 68.0 +/- 100.0
00201 PASS: sdo[0x6401][8] 65.0
00202 #set power supply
00202 PwrSetVoltage = 20 : NULL : WAIT = 0.1
00203 #test power supply
00203 NULL : MeterVolts = 2 | 0.155 | 0.1
00203 TEST: MeterVolts 2.0 +/- 0.155
00203 PASS: MeterVolts 2.01
00204 #test feedback
00204 NULL : sdo[0x6401][8] = 137 | 100 | 0.1
00204 TEST: sdo[0x6401][8] 137.0 +/- 100.0
00204 PASS: sdo[0x6401][8] 131.0
00205 #set power supply
00205 PwrSetVoltage = 30 : NULL : WAIT = 0.1
00206 #test power supply
00206 NULL : MeterVolts = 3 | 0.155 | 0.1
00206 TEST: MeterVolts 3.0 +/- 0.155
00206 PASS: MeterVolts 2.996
00207 #test feedback
00207 NULL : sdo[0x6401][8] = 206 | 100 | 0.1
00207 TEST: sdo[0x6401][8] 206.0 +/- 100.0
00207 PASS: sdo[0x6401][8] 195.0
00208 #set power supply
00208 PwrSetVoltage = 40 : NULL : WAIT = 0.1
00209 #test power supply
00209 NULL : MeterVolts = 4 | 0.155 | 0.1
00209 TEST: MeterVolts 4.0 +/- 0.155
00209 PASS: MeterVolts 3.991
00210 #test feedback
00210 NULL : sdo[0x6401][8] = 275 | 100 | 0.1
00210 TEST: sdo[0x6401][8] 275.0 +/- 100.0
00210 PASS: sdo[0x6401][8] 260.0
00211 #set power supply
00211 PwrSetVoltage = 50 : NULL : WAIT = 0.1
00212 #test power supply
00212 NULL : MeterVolts = 5 | 0.155 | 0.1
00212 TEST: MeterVolts 5.0 +/- 0.155
00212 PASS: MeterVolts 4.985
00213 #test feedback
00213 NULL : sdo[0x6401][8] = 344 | 100 | 0.1
00213 TEST: sdo[0x6401][8] 344.0 +/- 100.0
00213 PASS: sdo[0x6401][8] 325.0
00214 #set power supply
00214 PwrSetVoltage = 60 : NULL : WAIT = 0.1
00215 #test power supply
00215 NULL : MeterVolts = 6 | 0.155 | 0.1
00215 TEST: MeterVolts 6.0 +/- 0.155
00215 PASS: MeterVolts 5.975
00216 #test feedback
00216 NULL : sdo[0x6401][8] = 413 | 100 | 0.1
00216 TEST: sdo[0x6401][8] 413.0 +/- 100.0
00216 PASS: sdo[0x6401][8] 389.0
00217 #set power supply
00217 PwrSetVoltage = 70 : NULL : WAIT = 0.1
00218 #test power supply
00218 NULL : MeterVolts = 7 | 0.155 | 0.1
00218 TEST: MeterVolts 7.0 +/- 0.155
00218 PASS: MeterVolts 6.972
00219 #test feedback
00219 NULL : sdo[0x6401][8] = 482 | 100 | 0.1
00219 TEST: sdo[0x6401][8] 482.0 +/- 100.0
00219 PASS: sdo[0x6401][8] 454.0
00220 #set power supply
00220 PwrSetVoltage = 80 : NULL : WAIT = 0.1
00221 #test power supply
00221 NULL : MeterVolts = 8 | 0.155 | 0.1
00221 TEST: MeterVolts 8.0 +/- 0.155
00221 PASS: MeterVolts 7.98
00222 #test feedback
00222 NULL : sdo[0x6401][8] = 551 | 100 | 0.1
00222 TEST: sdo[0x6401][8] 551.0 +/- 100.0
00222 PASS: sdo[0x6401][8] 520.0
00223 #set power supply
00223 PwrSetVoltage = 90 : NULL : WAIT = 0.1
00224 #test power supply
00224 NULL : MeterVolts = 9 | 0.155 | 0.1
00224 TEST: MeterVolts 9.0 +/- 0.155
00224 PASS: MeterVolts 8.968
00225 #test feedback
00225 NULL : sdo[0x6401][8] = 620 | 100 | 0.1
00225 TEST: sdo[0x6401][8] 620.0 +/- 100.0
00225 PASS: sdo[0x6401][8] 585.0
00226 #set power supply
00226 PwrSetVoltage = 100 : NULL : WAIT = 0.1
00227 #test power supply
00227 NULL : MeterVolts = 10 | 0.155 | 0.1
00227 TEST: MeterVolts 10.0 +/- 0.155
00227 PASS: MeterVolts 9.964
00228 #test feedback
00228 NULL : sdo[0x6401][8] = 689 | 100 | 0.1
00228 TEST: sdo[0x6401][8] 689.0 +/- 100.0
00228 PASS: sdo[0x6401][8] 649.0
00229 #set power supply
00229 PwrSetVoltage = 110 : NULL : WAIT = 0.1
00230 #test power supply
00230 NULL : MeterVolts = 11 | 0.155 | 0.1
00230 TEST: MeterVolts 11.0 +/- 0.155
00230 PASS: MeterVolts 10.955
00231 #test feedback
00231 NULL : sdo[0x6401][8] = 758 | 100 | 0.1
00231 TEST: sdo[0x6401][8] 758.0 +/- 100.0
00231 PASS: sdo[0x6401][8] 713.0
00232 #set power supply
00232 PwrSetVoltage = 120 : NULL : WAIT = 0.1
00233 #test power supply
00233 NULL : MeterVolts = 12 | 0.155 | 0.1
00233 TEST: MeterVolts 12.0 +/- 0.155
00233 PASS: MeterVolts 11.949
00234 #test feedback
00234 NULL : sdo[0x6401][8] = 827 | 100 | 0.1
00234 TEST: sdo[0x6401][8] 827.0 +/- 100.0
00234 PASS: sdo[0x6401][8] 778.0
00235 #set power supply
00235 PwrSetVoltage = 130 : NULL : WAIT = 0.1
00236 #test power supply
00236 NULL : MeterVolts = 13 | 0.155 | 0.1
00236 TEST: MeterVolts 13.0 +/- 0.155
00236 PASS: MeterVolts 12.952
00237 #test feedback
00237 NULL : sdo[0x6401][8] = 896 | 100 | 0.1
00237 TEST: sdo[0x6401][8] 896.0 +/- 100.0
00237 PASS: sdo[0x6401][8] 844.0
00238 #set power supply
00238 PwrSetVoltage = 140 : NULL : WAIT = 0.1
00239 #test power supply
00239 NULL : MeterVolts = 14 | 0.155 | 0.1
00239 TEST: MeterVolts 14.0 +/- 0.155
00239 PASS: MeterVolts 13.945
00240 #test feedback
00240 NULL : sdo[0x6401][8] = 965 | 100 | 0.1
00240 TEST: sdo[0x6401][8] 965.0 +/- 100.0
00240 PASS: sdo[0x6401][8] 909.0
00241 
00241 #Finished with port
00241 #switch out input
00241 J3_04 = 0 : NULL : WAIT = 0.1
00242 
00242 #switch out load line, set current
00242 J3_04 = 0 : NULL : WAIT = 0.1
00243 LdRemote = 0 : NULL : WAIT = 0.1
00244 LdEnable = 0 : NULL : WAIT = 0.1
00245 LdCurrentSet = 0 : NULL : WAIT = 0.1
00246 J0_08_METER_LOAD = 0 : NULL : WAIT = 0.1
00247 #tear down PS1
00247 PwrSetCurrent = 0 : NULL : WAIT = 0.1
00248 PwrSetVoltage = 0 : NULL : WAIT = 0.1
00249 PwrEnable = 0 : NULL : WAIT = 0.1
00250 J0_09_TEST_SUPPLY = 0 : NULL : WAIT = 1
00251 PwrRemote = 0 : NULL : WAIT = 0.1
00252 J4_03 = 0 : NULL : WAIT = 0.2
00253 SAVE
00253 END
Fail count: 1
Finished on: 2025-08-08-11:30:51
elapsed time: 0:01:43.744148
