Esc - user interruption @ 2025-09-02-16:35:36
Started on: 2025-09-02-16:34:20
00000 #37000-1
00000 #Verion 0.0
00000 #PWMi h-bridge test with a 'red coil' 6.4 ohm inductive load. (2.27 amps @ 14.5 VDC)
00000 UUT_EDS = 37000-563.eds
00000 UUT_DATANAME = 37000-3-CANOPEN-OUTPUT-PWMI-NORMAL
00000 
00000 #cycle IGN to clean slate
00000 RLY_K1 = 1 : NULL : WAIT = 1
00001 RLY_K1 = 0 : NULL : WAIT = 1
00002 PRE_OPERATIONAL
00002 #-----configure PWMi-----
00002 sdo[0x2002][1] = 30.0, sdo[0x2002][2] = 20.0, sdo[0x2002][3] = 30.0, sdo[0x2002][4] = 20.0, sdo[0x2002][5] = 30.0, sdo[0x2002][6] = 20.0 : NULL : WAIT = 0.5
00003 sdo[0x2002][7] = 30.0, sdo[0x2002][8] = 20.0, sdo[0x2002][9] = 30.0, sdo[0x2002][10] = 20.0, sdo[0x2002][11] = 30.0, sdo[0x2002][12] = 20.0 : NULL : WAIT = 0.5
00004 sdo[0x2002][13] = 30.0, sdo[0x2002][14] = 20.0, sdo[0x2002][15] = 30.0, sdo[0x2002][16] = 20.0 : NULL : WAIT = 0.5
00005 #-----set freq-----
00005 sdo[0x3000] = 200 : NULL : WAIT = 0.2
00006 J4_02 = 1, J4_03 = 1 : NULL : WAIT = 1
00007 #-----setup 37000-----
00007 sdo[0x2000][1] = 0 : NULL : WAIT = 0.2
00008 sdo[0x2000][3] = 0 : NULL : WAIT = 0.2
00009 sdo[0x2000][4] = 0 : NULL : WAIT = 0.2
00010 sdo[0x2001][1] = 68 : NULL : WAIT = 0.2
00011 #switch in load line, set current
00011 J2_02 = 1 : NULL : WAIT = 0.5
00012 OPERATIONAL
00012 
00012 sdo[0x6411][2] = 0 : MeterAmps = 0.0 | 0.155 | 0.5
00012 TEST: MeterAmps 0.0 +/- 0.155
00012 PASS: MeterAmps 0.0
00013 sdo[0x6411][2] = 0 : sdo[0x5003][2] = 0 | 155 | 0.5
00013 TEST: Status Message Amp.Port_1B 0.0 +/- 155.0
00013 PASS: Status Message Amp.Port_1B 0.0
00014 sdo[0x6411][2] = 10 : MeterAmps = 0.01 | 0.155 | 0.5
00014 PASS: MeterAmps 0.0
00015 sdo[0x6411][2] = 10 : sdo[0x5003][2] = 10 | 155 | 0.5
00015 TEST: Status Message Amp.Port_1B 10.0 +/- 155.0
00015 PASS: Status Message Amp.Port_1B 0.0
00016 sdo[0x6411][2] = 20 : MeterAmps = 0.02 | 0.155 | 0.5
00016 PASS: MeterAmps 0.064
00017 sdo[0x6411][2] = 20 : sdo[0x5003][2] = 20 | 155 | 0.5
00017 TEST: Status Message Amp.Port_1B 20.0 +/- 155.0
00017 PASS: Status Message Amp.Port_1B 0.0
00018 sdo[0x6411][2] = 30 : MeterAmps = 0.03 | 0.155 | 0.5
00018 PASS: MeterAmps 0.083
00019 sdo[0x6411][2] = 30 : sdo[0x5003][2] = 30 | 155 | 0.5
00019 TEST: Status Message Amp.Port_1B 30.0 +/- 155.0
00019 PASS: Status Message Amp.Port_1B 0.0
00020 sdo[0x6411][2] = 40 : MeterAmps = 0.04 | 0.155 | 0.5
00020 PASS: MeterAmps 0.081
00021 sdo[0x6411][2] = 40 : sdo[0x5003][2] = 40 | 155 | 0.5
00021 TEST: Status Message Amp.Port_1B 40.0 +/- 155.0
00021 PASS: Status Message Amp.Port_1B 0.0
00022 sdo[0x6411][2] = 50 : MeterAmps = 0.05 | 0.155 | 0.5
00022 PASS: MeterAmps 0.084
00023 sdo[0x6411][2] = 50 : sdo[0x5003][2] = 50 | 155 | 0.5
00023 TEST: Status Message Amp.Port_1B 50.0 +/- 155.0
00023 PASS: Status Message Amp.Port_1B 0.0
00024 sdo[0x6411][2] = 60 : MeterAmps = 0.06 | 0.155 | 0.5
00024 PASS: MeterAmps 0.095
00025 sdo[0x6411][2] = 60 : sdo[0x5003][2] = 60 | 155 | 0.5
00025 TEST: Status Message Amp.Port_1B 60.0 +/- 155.0
00025 PASS: Status Message Amp.Port_1B 0.0
00026 sdo[0x6411][2] = 70 : MeterAmps = 0.07 | 0.155 | 0.5
00026 PASS: MeterAmps 0.101
00027 sdo[0x6411][2] = 70 : sdo[0x5003][2] = 70 | 155 | 0.5
00027 TEST: Status Message Amp.Port_1B 70.0 +/- 155.0
00027 PASS: Status Message Amp.Port_1B 0.0
00028 sdo[0x6411][2] = 80 : MeterAmps = 0.08 | 0.155 | 0.5
00028 PASS: MeterAmps 0.108
00029 sdo[0x6411][2] = 80 : sdo[0x5003][2] = 80 | 155 | 0.5
00029 TEST: Status Message Amp.Port_1B 80.0 +/- 155.0
00029 PASS: Status Message Amp.Port_1B 0.0
00030 sdo[0x6411][2] = 90 : MeterAmps = 0.09 | 0.155 | 0.5
00030 PASS: MeterAmps 0.122
00031 sdo[0x6411][2] = 90 : sdo[0x5003][2] = 90 | 155 | 0.5
00031 TEST: Status Message Amp.Port_1B 90.0 +/- 155.0
00031 PASS: Status Message Amp.Port_1B 0.0
00032 sdo[0x6411][2] = 100 : MeterAmps = 0.1 | 0.155 | 0.5
00032 PASS: MeterAmps 0.128
00033 sdo[0x6411][2] = 100 : sdo[0x5003][2] = 100 | 155 | 0.5
00033 TEST: Status Message Amp.Port_1B 100.0 +/- 155.0
00033 PASS: Status Message Amp.Port_1B 0.0
00034 sdo[0x6411][2] = 110 : MeterAmps = 0.11 | 0.155 | 0.5
00034 PASS: MeterAmps 0.139
00035 sdo[0x6411][2] = 110 : sdo[0x5003][2] = 110 | 155 | 0.5
00035 TEST: Status Message Amp.Port_1B 110.0 +/- 155.0
00035 PASS: Status Message Amp.Port_1B 1.0
00036 sdo[0x6411][2] = 120 : MeterAmps = 0.12 | 0.155 | 0.5
00036 PASS: MeterAmps 0.148
00037 sdo[0x6411][2] = 120 : sdo[0x5003][2] = 120 | 155 | 0.5
00037 TEST: Status Message Amp.Port_1B 120.0 +/- 155.0
00037 PASS: Status Message Amp.Port_1B 1.0
00038 sdo[0x6411][2] = 130 : MeterAmps = 0.13 | 0.155 | 0.5
00038 PASS: MeterAmps 0.159
00039 sdo[0x6411][2] = 130 : sdo[0x5003][2] = 130 | 155 | 0.5
00039 TEST: Status Message Amp.Port_1B 130.0 +/- 155.0
00039 PASS: Status Message Amp.Port_1B 1.0
00040 sdo[0x6411][2] = 140 : MeterAmps = 0.14 | 0.155 | 0.5
00040 PASS: MeterAmps 0.167
00041 sdo[0x6411][2] = 140 : sdo[0x5003][2] = 140 | 155 | 0.5
00041 TEST: Status Message Amp.Port_1B 140.0 +/- 155.0
00041 PASS: Status Message Amp.Port_1B 1.0
00042 sdo[0x6411][2] = 150 : MeterAmps = 0.15 | 0.155 | 0.5
00042 PASS: MeterAmps 0.179
00043 sdo[0x6411][2] = 150 : sdo[0x5003][2] = 150 | 155 | 0.5
00043 TEST: Status Message Amp.Port_1B 150.0 +/- 155.0
00043 PASS: Status Message Amp.Port_1B 1.0
00044 sdo[0x6411][2] = 160 : MeterAmps = 0.16 | 0.155 | 0.5
00044 PASS: MeterAmps 0.185
00045 sdo[0x6411][2] = 160 : sdo[0x5003][2] = 160 | 155 | 0.5
00045 TEST: Status Message Amp.Port_1B 160.0 +/- 155.0
00045 FAIL: Status Message Amp.Port_1B 1.0
00046 sdo[0x6411][2] = 170 : MeterAmps = 0.17 | 0.155 | 0.5
00046 PASS: MeterAmps 0.199
00047 sdo[0x6411][2] = 170 : sdo[0x5003][2] = 170 | 155 | 0.5
00047 TEST: Status Message Amp.Port_1B 170.0 +/- 155.0
00047 FAIL: Status Message Amp.Port_1B 1.0
00048 sdo[0x6411][2] = 180 : MeterAmps = 0.18 | 0.155 | 0.5
00048 PASS: MeterAmps 0.206
00049 sdo[0x6411][2] = 180 : sdo[0x5003][2] = 180 | 155 | 0.5
00049 TEST: Status Message Amp.Port_1B 180.0 +/- 155.0
00049 FAIL: Status Message Amp.Port_1B 1.0
00050 sdo[0x6411][2] = 190 : MeterAmps = 0.19 | 0.155 | 0.5
00050 PASS: MeterAmps 0.218
00051 sdo[0x6411][2] = 190 : sdo[0x5003][2] = 190 | 155 | 0.5
00051 TEST: Status Message Amp.Port_1B 190.0 +/- 155.0
00051 FAIL: Status Message Amp.Port_1B 1.0
00052 sdo[0x6411][2] = 200 : MeterAmps = 0.2 | 0.155 | 0.5
00052 PASS: MeterAmps 0.223
00053 sdo[0x6411][2] = 200 : sdo[0x5003][2] = 200 | 155 | 0.5
00053 TEST: Status Message Amp.Port_1B 200.0 +/- 155.0
00053 FAIL: Status Message Amp.Port_1B 1.0
00054 sdo[0x6411][2] = 210 : MeterAmps = 0.21 | 0.155 | 0.5
00054 PASS: MeterAmps 0.234
00055 sdo[0x6411][2] = 210 : sdo[0x5003][2] = 210 | 155 | 0.5
00055 TEST: Status Message Amp.Port_1B 210.0 +/- 155.0
00055 FAIL: Status Message Amp.Port_1B 2.0
