Esc - user interruption @ 2025-09-10-13:24:19
Started on: 2025-09-10-13:24:04
00000 #37000-4
00000 #Verion 0.0
00000 #digital normal test using the E-LOAD
00000 UUT_EDS = 37000-564.eds
00000 UUT_DATANAME = 37000-4-CANOPEN-OUTPUT-DIGITAL-NORMAL
00000 
00000 PRE_OPERATIONAL
00000 #-----setup PAT-----
00000 #setup load
00000 LdRemote = 1 : NULL
00001 LdEnable = 0 : NULL
00002 LdCurrentSet = 0 : NULL
00003 J0_08_METER_LOAD = 1 : NULL
00004 OPERATIONAL
00004 #-----setup 34044-----
00004 sdo[0x2000][1] = 0, sdo[0x2000][2] = 0 : NULL
00005 #disable global modes
00005 sdo[0x2000][3] = 0 : NULL
00006 sdo[0x2000][4] = 0 : NULL
00007 #-----set 1A/3A overcurrent-----
00007 sdo[0x2004][1] = 45 : NULL
00008 sdo[0x2004][2] = 45 : NULL
00009 sdo[0x2000][1] = 0 : NULL
00010 #switch in load line, set current
00010 sdo[0x2000][1] = 0, sdo[0x2000][2] = 0 : NULL
00011 sdo[0x2001][1] = 17 : NULL
00012 #switch in load line, set current
00012 J2_02 = 1 : NULL
00013 
00013 #set current and turn on output and verify feedback
00013 LdCurrentSet = 0: NULL : WAIT = 0.1
00014 LdEnable = 1 : NULL
00015 #TESING Output1B
00015 sdo[0x2005][1] = 1 : NULL : WAIT = 0.1
00016 sdo[0x6200][1] = 2 : NULL : WAIT = 0.1
00017 #verify reading  Output1B
00017 NULL : sdo[0x5003][1] = 0 | 200 | 0.5
00017 TEST: Status Message Amp.Port_1 0.0 +/- 200.0
00017 PASS: Status Message Amp.Port_1 0.0
00018 NULL : sdo[0x5001][3] = 4 | 0.01 | 0.1
00018 PASS: Status Message F1.Status_Output1-2 4.0
00019 #verify reading from load
00019 NULL : MeterCurrent = 0.0 | 0.1 | 0.1
00019 TEST: MeterCurrent 0.0 +/- 0.1
00019 PASS: MeterCurrent 0.0
00020 
00020 #set current and turn on output and verify feedback
00020 LdCurrentSet = 500: NULL : WAIT = 0.1
00021 LdEnable = 1 : NULL
00022 #TESING Output1B
00022 sdo[0x2005][1] = 1 : NULL : WAIT = 0.1
00023 sdo[0x6200][1] = 2 : NULL : WAIT = 0.1
00024 #verify reading  Output1B
00024 NULL : sdo[0x5003][1] = 500 | 200 | 0.5
00024 TEST: Status Message Amp.Port_1 500.0 +/- 200.0
00024 PASS: Status Message Amp.Port_1 461.0
00025 NULL : sdo[0x5001][3] = 4 | 0.01 | 0.1
00025 PASS: Status Message F1.Status_Output1-2 4.0
00026 #verify reading from load
00026 NULL : MeterCurrent = 0.5 | 0.1 | 0.1
00026 TEST: MeterCurrent 0.5 +/- 0.1
00026 PASS: MeterCurrent 0.499
00027 
00027 #set current and turn on output and verify feedback
00027 LdCurrentSet = 1000: NULL : WAIT = 0.1
00028 LdEnable = 1 : NULL
00029 #TESING Output1B
00029 sdo[0x2005][1] = 1 : NULL : WAIT = 0.1
00030 sdo[0x6200][1] = 2 : NULL : WAIT = 0.1
00031 #verify reading  Output1B
00031 NULL : sdo[0x5003][1] = 1000 | 200 | 0.5
00031 TEST: Status Message Amp.Port_1 1000.0 +/- 200.0
00031 PASS: Status Message Amp.Port_1 971.0
00032 NULL : sdo[0x5001][3] = 4 | 0.01 | 0.1
00032 PASS: Status Message F1.Status_Output1-2 4.0
00033 #verify reading from load
00033 NULL : MeterCurrent = 1.0 | 0.1 | 0.1
00033 TEST: MeterCurrent 1.0 +/- 0.1
00033 PASS: MeterCurrent 0.999
00034 
00034 #set current and turn on output and verify feedback
00034 LdCurrentSet = 1500: NULL : WAIT = 0.1
00035 LdEnable = 1 : NULL
00036 #TESING Output1B
00036 sdo[0x2005][1] = 1 : NULL : WAIT = 0.1
00037 sdo[0x6200][1] = 2 : NULL : WAIT = 0.1
00038 #verify reading  Output1B
00038 NULL : sdo[0x5003][1] = 1500 | 200 | 0.5
00038 TEST: Status Message Amp.Port_1 1500.0 +/- 200.0
00038 PASS: Status Message Amp.Port_1 1485.0
00039 NULL : sdo[0x5001][3] = 4 | 0.01 | 0.1
00039 PASS: Status Message F1.Status_Output1-2 4.0
00040 #verify reading from load
00040 NULL : MeterCurrent = 1.5 | 0.1 | 0.1
00040 TEST: MeterCurrent 1.5 +/- 0.1
00040 PASS: MeterCurrent 1.499
00041 
00041 #set current and turn on output and verify feedback
00041 LdCurrentSet = 2000: NULL : WAIT = 0.1
