Started on: 2025-12-15-16:15:21
00000 #39009-1
00000 #Verion 0.0
00000 #input test
00000 UUT_DBC = 39009-561.dbc
00000 UUT_DATANAME = 39009-1-INPUT-ENCODER
00000 
00000 #setup meter
00000 LdRemote = 1 : NULL : WAIT = 0.1
00001 LdCurrentSet = 0 : NULL : WAIT = 0.1
00002 LdEnable = 0 : NULL : WAIT = 0.1
00003 J0_08_METER_LOAD = 1 : NULL : WAIT = 1
00004 
00004 #setup PS1
00004 PwrRemote = 1 : NULL : WAIT = 0.1
00005 PwrSetCurrent = 20 : NULL : WAIT = 0.1
00006 PwrSetVoltage = 0 : NULL : WAIT = 0.1
00007 PwrEnable = 1 : NULL : WAIT = 0.1
00008 J0_09_TEST_SUPPLY = 0 : NULL : WAIT = 1
00009 
00009 #-----setup 39009-----
00009 #configure as Output Digital ON/OFF
00009 Command = 82, MODE1 = 0, MODE2 = 0, Enable_24VDC = 0, ADRaw = 0 : NULL : WAIT = 0.5
00010 Command = 83, MODE1A = 10, MODE1B = 10, MODE2A = 1, MODE2B = 1, MODE3A = 10, MODE3B = 10, MODE4A = 1, MODE4B = 1, MODE5A = 0, MODE5B = 0, MODE6A = 1, MODE6B = 1, MODE7A = 0, MODE7B = 0 : NULL : WAIT = 0.5
00011 Command = 0, MODE1A = 0, MODE1B = 0, MODE2A = 0, MODE2B = 0, MODE3A = 0, MODE3B = 0, MODE4A = 0, MODE4B = 0, MODE5A = 0, MODE5B = 0, MODE6A = 0, MODE6B = 0, MODE7A = 0, MODE7B = 0 : NULL
00012 Command = 84, MODE8A = 1, MODE8B = 1, MODE9A = 0, MODE9B = 0, MODE10A = 1, MODE10B = 1, GLOBAL_KP = 255, GLOBAL_KI = 255 : NULL : WAIT = 0.5
00013 Command = 0, MODE8A = 0, MODE8B = 0, MODE9A = 0, MODE9B = 0, MODE10A = 0, MODE10B = 0, GLOBAL_KP = 0, GLOBAL_KI = 0 : NULL
00014 
00014 Command = 87, Counter_1A_Reset = 1, Counter_3A_Reset = 1, Counter_1A_ON_OFF = 1, Counter_3A_ON_OFF = 1 : NULL : WAIT = 0.2
00015 #clear multiplex
00015 Command = 0, Counter_1A_Reset = 0, Counter_3A_Reset = 0, Counter_1A_ON_OFF = 0, Counter_3A_ON_OFF = 0 : NULL
00016 
00016 Command = 82, FaultReset = 1, SaveSettings = 1, Enable_DPLTx = 1, Enable_DPLF1 = 1, Enable_DPLF2 = 1 : NULL : WAIT = 0.5
00017 #clear multiplex
00017 Command = 0, FaultReset = 0, SaveSettings = 0, Enable_DPLTx = 0, Enable_DPLF1 = 0, Enable_DPLF2 = 0 : NULL
00018 #switch in test supply
00018 J0_09_TEST_SUPPLY = 1 : NULL : WAIT = 0.2
00019 
00019 PwrSetVoltage = 140 : NULL
00020 #testing encoder foward
00020 J2_02 = 1 : NULL : WAIT = 0.2
00021 NULL : EncoderValue1 = 1 | 0 | 0.1
00021 TEST: EncoderValue1 1.0 +/- 0.0
00021 PASS: EncoderValue1 1.0
00022 J2_01 = 1 : NULL : WAIT = 0.2
00023 NULL : EncoderValue1 = 2 | 0 | 0.1
00023 TEST: EncoderValue1 2.0 +/- 0.0
00023 PASS: EncoderValue1 2.0
00024 J2_02 = 0 : NULL : WAIT = 0.2
00025 NULL : EncoderValue1 = 3 | 0 | 0.1
00025 TEST: EncoderValue1 3.0 +/- 0.0
00025 PASS: EncoderValue1 3.0
00026 J2_01 = 0 : NULL : WAIT = 0.2
00027 NULL : EncoderValue1 = 4 | 0 | 0.1
00027 TEST: EncoderValue1 4.0 +/- 0.0
00027 PASS: EncoderValue1 4.0
00028 
00028 J2_02 = 1 : NULL : WAIT = 0.2
00029 NULL : EncoderValue1 = 5 | 0 | 0.1
00029 TEST: EncoderValue1 5.0 +/- 0.0
00029 PASS: EncoderValue1 5.0
00030 J2_01 = 1 : NULL : WAIT = 0.2
00031 NULL : EncoderValue1 = 6 | 0 | 0.1
00031 TEST: EncoderValue1 6.0 +/- 0.0
00031 PASS: EncoderValue1 6.0
00032 J2_02 = 0 : NULL : WAIT = 0.2
00033 NULL : EncoderValue1 = 7 | 0 | 0.1
00033 TEST: EncoderValue1 7.0 +/- 0.0
00033 PASS: EncoderValue1 7.0
00034 J2_01 = 0 : NULL : WAIT = 0.2
00035 NULL : EncoderValue1 = 8 | 0 | 0.1
00035 TEST: EncoderValue1 8.0 +/- 0.0
00035 PASS: EncoderValue1 8.0
00036 
00036 J2_02 = 1 : NULL : WAIT = 0.2
00037 NULL : EncoderValue1 = 9 | 0 | 0.1
00037 TEST: EncoderValue1 9.0 +/- 0.0
00037 PASS: EncoderValue1 9.0
00038 J2_01 = 1 : NULL : WAIT = 0.2
00039 NULL : EncoderValue1 = 10 | 0 | 0.1
00039 TEST: EncoderValue1 10.0 +/- 0.0
00039 PASS: EncoderValue1 10.0
00040 J2_02 = 0 : NULL : WAIT = 0.2
00041 NULL : EncoderValue1 = 11 | 0 | 0.1
00041 TEST: EncoderValue1 11.0 +/- 0.0
00041 PASS: EncoderValue1 11.0
00042 J2_01 = 0 : NULL : WAIT = 0.2
00043 NULL : EncoderValue1 = 12 | 0 | 0.1
00043 TEST: EncoderValue1 12.0 +/- 0.0
00043 PASS: EncoderValue1 12.0
00044 
00044 J2_02 = 1 : NULL : WAIT = 0.2
00045 NULL : EncoderValue1 = 13 | 0 | 0.1
00045 TEST: EncoderValue1 13.0 +/- 0.0
00045 PASS: EncoderValue1 13.0
00046 J2_01 = 1 : NULL : WAIT = 0.2
00047 NULL : EncoderValue1 = 14 | 0 | 0.1
00047 TEST: EncoderValue1 14.0 +/- 0.0
00047 PASS: EncoderValue1 14.0
00048 J2_02 = 0 : NULL : WAIT = 0.2
00049 NULL : EncoderValue1 = 15 | 0 | 0.1
00049 TEST: EncoderValue1 15.0 +/- 0.0
00049 PASS: EncoderValue1 15.0
00050 J2_01 = 0 : NULL : WAIT = 0.2
00051 NULL : EncoderValue1 = 16 | 0 | 0.1
00051 TEST: EncoderValue1 16.0 +/- 0.0
00051 PASS: EncoderValue1 16.0
00052 
00052 J2_02 = 1 : NULL : WAIT = 0.2
00053 NULL : EncoderValue1 = 17 | 0 | 0.1
00053 TEST: EncoderValue1 17.0 +/- 0.0
00053 PASS: EncoderValue1 17.0
00054 J2_01 = 1 : NULL : WAIT = 0.2
00055 NULL : EncoderValue1 = 18 | 0 | 0.1
00055 TEST: EncoderValue1 18.0 +/- 0.0
00055 PASS: EncoderValue1 18.0
00056 J2_02 = 0 : NULL : WAIT = 0.2
00057 NULL : EncoderValue1 = 19 | 0 | 0.1
00057 TEST: EncoderValue1 19.0 +/- 0.0
00057 PASS: EncoderValue1 19.0
00058 J2_01 = 0 : NULL : WAIT = 0.2
00059 NULL : EncoderValue1 = 20 | 0 | 0.1
00059 TEST: EncoderValue1 20.0 +/- 0.0
00059 PASS: EncoderValue1 20.0
00060 
00060 J2_02 = 1 : NULL : WAIT = 0.2
00061 NULL : EncoderValue1 = 21 | 0 | 0.1
00061 TEST: EncoderValue1 21.0 +/- 0.0
00061 PASS: EncoderValue1 21.0
00062 J2_01 = 1 : NULL : WAIT = 0.2
00063 NULL : EncoderValue1 = 22 | 0 | 0.1
00063 TEST: EncoderValue1 22.0 +/- 0.0
00063 PASS: EncoderValue1 22.0
00064 J2_02 = 0 : NULL : WAIT = 0.2
00065 NULL : EncoderValue1 = 23 | 0 | 0.1
00065 TEST: EncoderValue1 23.0 +/- 0.0
00065 PASS: EncoderValue1 23.0
00066 J2_01 = 0 : NULL : WAIT = 0.2
00067 NULL : EncoderValue1 = 24 | 0 | 0.1
00067 TEST: EncoderValue1 24.0 +/- 0.0
00067 PASS: EncoderValue1 24.0
00068 
00068 #testing encoder reverse
00068 J2_01 = 1 : NULL : WAIT = 0.2
00069 NULL : EncoderValue1 = 23 | 0 | 0.1
00069 TEST: EncoderValue1 23.0 +/- 0.0
00069 PASS: EncoderValue1 23.0
00070 J2_02 = 1 : NULL : WAIT = 0.2
00071 NULL : EncoderValue1 = 22 | 0 | 0.1
00071 TEST: EncoderValue1 22.0 +/- 0.0
00071 PASS: EncoderValue1 22.0
00072 J2_01 = 0 : NULL : WAIT = 0.2
00073 NULL : EncoderValue1 = 21 | 0 | 0.1
00073 TEST: EncoderValue1 21.0 +/- 0.0
00073 PASS: EncoderValue1 21.0
00074 J2_02 = 0 : NULL : WAIT = 0.2
00075 NULL : EncoderValue1 = 20 | 0 | 0.1
00075 TEST: EncoderValue1 20.0 +/- 0.0
00075 PASS: EncoderValue1 20.0
00076 
00076 J2_01 = 1 : NULL : WAIT = 0.2
00077 NULL : EncoderValue1 = 19 | 0 | 0.1
00077 TEST: EncoderValue1 19.0 +/- 0.0
00077 PASS: EncoderValue1 19.0
00078 J2_02 = 1 : NULL : WAIT = 0.2
00079 NULL : EncoderValue1 = 18 | 0 | 0.1
00079 TEST: EncoderValue1 18.0 +/- 0.0
00079 PASS: EncoderValue1 18.0
00080 J2_01 = 0 : NULL : WAIT = 0.2
00081 NULL : EncoderValue1 = 17 | 0 | 0.1
00081 TEST: EncoderValue1 17.0 +/- 0.0
00081 PASS: EncoderValue1 17.0
00082 J2_02 = 0 : NULL : WAIT = 0.2
00083 NULL : EncoderValue1 = 16 | 0 | 0.1
00083 TEST: EncoderValue1 16.0 +/- 0.0
00083 PASS: EncoderValue1 16.0
00084 
00084 J2_01 = 1 : NULL : WAIT = 0.2
00085 NULL : EncoderValue1 = 15 | 0 | 0.1
00085 TEST: EncoderValue1 15.0 +/- 0.0
00085 PASS: EncoderValue1 15.0
00086 J2_02 = 1 : NULL : WAIT = 0.2
00087 NULL : EncoderValue1 = 14 | 0 | 0.1
00087 TEST: EncoderValue1 14.0 +/- 0.0
00087 PASS: EncoderValue1 14.0
00088 J2_01 = 0 : NULL : WAIT = 0.2
00089 NULL : EncoderValue1 = 13 | 0 | 0.1
00089 TEST: EncoderValue1 13.0 +/- 0.0
00089 PASS: EncoderValue1 13.0
00090 J2_02 = 0 : NULL : WAIT = 0.2
00091 NULL : EncoderValue1 = 12 | 0 | 0.1
00091 TEST: EncoderValue1 12.0 +/- 0.0
00091 PASS: EncoderValue1 12.0
00092 
00092 J2_01 = 1 : NULL : WAIT = 0.2
00093 NULL : EncoderValue1 = 11 | 0 | 0.1
00093 TEST: EncoderValue1 11.0 +/- 0.0
00093 PASS: EncoderValue1 11.0
00094 J2_02 = 1 : NULL : WAIT = 0.2
00095 NULL : EncoderValue1 = 10 | 0 | 0.1
00095 TEST: EncoderValue1 10.0 +/- 0.0
00095 PASS: EncoderValue1 10.0
00096 J2_01 = 0 : NULL : WAIT = 0.2
00097 NULL : EncoderValue1 = 9 | 0 | 0.1
00097 TEST: EncoderValue1 9.0 +/- 0.0
00097 PASS: EncoderValue1 9.0
00098 J2_02 = 0 : NULL : WAIT = 0.2
00099 NULL : EncoderValue1 = 8 | 0 | 0.1
00099 TEST: EncoderValue1 8.0 +/- 0.0
00099 PASS: EncoderValue1 8.0
00100 
00100 J2_01 = 1 : NULL : WAIT = 0.2
00101 NULL : EncoderValue1 = 7 | 0 | 0.1
00101 TEST: EncoderValue1 7.0 +/- 0.0
00101 PASS: EncoderValue1 7.0
00102 J2_02 = 1 : NULL : WAIT = 0.2
00103 NULL : EncoderValue1 = 6 | 0 | 0.1
00103 TEST: EncoderValue1 6.0 +/- 0.0
00103 PASS: EncoderValue1 6.0
00104 J2_01 = 0 : NULL : WAIT = 0.2
00105 NULL : EncoderValue1 = 5 | 0 | 0.1
00105 TEST: EncoderValue1 5.0 +/- 0.0
00105 PASS: EncoderValue1 5.0
00106 J2_02 = 0 : NULL : WAIT = 0.2
00107 NULL : EncoderValue1 = 4 | 0 | 0.1
00107 TEST: EncoderValue1 4.0 +/- 0.0
00107 PASS: EncoderValue1 4.0
00108 
00108 J2_01 = 1 : NULL : WAIT = 0.2
00109 NULL : EncoderValue1 = 3 | 0 | 0.1
00109 TEST: EncoderValue1 3.0 +/- 0.0
00109 PASS: EncoderValue1 3.0
00110 J2_02 = 1 : NULL : WAIT = 0.2
00111 NULL : EncoderValue1 = 2 | 0 | 0.1
00111 TEST: EncoderValue1 2.0 +/- 0.0
00111 PASS: EncoderValue1 2.0
00112 J2_01 = 0 : NULL : WAIT = 0.2
00113 NULL : EncoderValue1 = 1 | 0 | 0.1
00113 TEST: EncoderValue1 1.0 +/- 0.0
00113 PASS: EncoderValue1 1.0
00114 J2_02 = 0 : NULL : WAIT = 0.2
00115 NULL : EncoderValue1 = 0 | 0 | 0.1
00115 TEST: EncoderValue1 0.0 +/- 0.0
00115 PASS: EncoderValue1 0.0
00116 
00116 #testing encoder reverse rollover
00116 J2_01 = 1 : NULL : WAIT = 0.2
00117 NULL : EncoderValue1 = 4294967295 | 0 | 0.1
00117 TEST: EncoderValue1 4294967295.0 +/- 0.0
00117 PASS: EncoderValue1 4294967295.0
00118 J2_02 = 1 : NULL : WAIT = 0.2
00119 NULL : EncoderValue1 = 4294967294 | 0 | 0.1
00119 TEST: EncoderValue1 4294967294.0 +/- 0.0
00119 PASS: EncoderValue1 4294967294.0
00120 J2_01 = 0 : NULL : WAIT = 0.2
00121 NULL : EncoderValue1 = 4294967293 | 0 | 0.1
00121 TEST: EncoderValue1 4294967293.0 +/- 0.0
00121 PASS: EncoderValue1 4294967293.0
00122 J2_02 = 0 : NULL : WAIT = 0.2
00123 NULL : EncoderValue1 = 4294967292 | 0 | 0.1
00123 TEST: EncoderValue1 4294967292.0 +/- 0.0
00123 PASS: EncoderValue1 4294967292.0
00124 
00124 J2_01 = 1 : NULL : WAIT = 0.2
00125 NULL : EncoderValue1 = 4294967291 | 0 | 0.1
00125 TEST: EncoderValue1 4294967291.0 +/- 0.0
00125 PASS: EncoderValue1 4294967291.0
00126 J2_02 = 1 : NULL : WAIT = 0.2
00127 NULL : EncoderValue1 = 4294967290 | 0 | 0.1
00127 TEST: EncoderValue1 4294967290.0 +/- 0.0
00127 PASS: EncoderValue1 4294967290.0
00128 J2_01 = 0 : NULL : WAIT = 0.2
00129 NULL : EncoderValue1 = 4294967289 | 0 | 0.1
00129 TEST: EncoderValue1 4294967289.0 +/- 0.0
00129 PASS: EncoderValue1 4294967289.0
00130 J2_02 = 0 : NULL : WAIT = 0.2
00131 NULL : EncoderValue1 = 4294967288 | 0 | 0.1
00131 TEST: EncoderValue1 4294967288.0 +/- 0.0
00131 PASS: EncoderValue1 4294967288.0
00132 
00132 J2_01 = 1 : NULL : WAIT = 0.2
00133 NULL : EncoderValue1 = 4294967287 | 0 | 0.1
00133 TEST: EncoderValue1 4294967287.0 +/- 0.0
00133 PASS: EncoderValue1 4294967287.0
00134 J2_02 = 1 : NULL : WAIT = 0.2
00135 NULL : EncoderValue1 = 4294967286 | 0 | 0.1
00135 TEST: EncoderValue1 4294967286.0 +/- 0.0
00135 PASS: EncoderValue1 4294967286.0
00136 J2_01 = 0 : NULL : WAIT = 0.2
00137 NULL : EncoderValue1 = 4294967285 | 0 | 0.1
00137 TEST: EncoderValue1 4294967285.0 +/- 0.0
00137 PASS: EncoderValue1 4294967285.0
00138 J2_02 = 0 : NULL : WAIT = 0.2
00139 NULL : EncoderValue1 = 4294967284 | 0 | 0.1
00139 TEST: EncoderValue1 4294967284.0 +/- 0.0
00139 PASS: EncoderValue1 4294967284.0
00140 
00140 J2_01 = 1 : NULL : WAIT = 0.2
00141 NULL : EncoderValue1 = 4294967283 | 0 | 0.1
00141 TEST: EncoderValue1 4294967283.0 +/- 0.0
00141 PASS: EncoderValue1 4294967283.0
00142 J2_02 = 1 : NULL : WAIT = 0.2
00143 NULL : EncoderValue1 = 4294967282 | 0 | 0.1
00143 TEST: EncoderValue1 4294967282.0 +/- 0.0
00143 PASS: EncoderValue1 4294967282.0
00144 J2_01 = 0 : NULL : WAIT = 0.2
00145 NULL : EncoderValue1 = 4294967281 | 0 | 0.1
00145 TEST: EncoderValue1 4294967281.0 +/- 0.0
00145 PASS: EncoderValue1 4294967281.0
00146 J2_02 = 0 : NULL : WAIT = 0.2
00147 NULL : EncoderValue1 = 4294967280 | 0 | 0.1
00147 TEST: EncoderValue1 4294967280.0 +/- 0.0
00147 PASS: EncoderValue1 4294967280.0
00148 
00148 J2_01 = 1 : NULL : WAIT = 0.2
00149 NULL : EncoderValue1 = 4294967279 | 0 | 0.1
00149 TEST: EncoderValue1 4294967279.0 +/- 0.0
00149 PASS: EncoderValue1 4294967279.0
00150 J2_02 = 1 : NULL : WAIT = 0.2
00151 NULL : EncoderValue1 = 4294967278 | 0 | 0.1
00151 TEST: EncoderValue1 4294967278.0 +/- 0.0
00151 PASS: EncoderValue1 4294967278.0
00152 J2_01 = 0 : NULL : WAIT = 0.2
00153 NULL : EncoderValue1 = 4294967277 | 0 | 0.1
00153 TEST: EncoderValue1 4294967277.0 +/- 0.0
00153 PASS: EncoderValue1 4294967277.0
00154 J2_02 = 0 : NULL : WAIT = 0.2
00155 NULL : EncoderValue1 = 4294967276 | 0 | 0.1
00155 TEST: EncoderValue1 4294967276.0 +/- 0.0
00155 PASS: EncoderValue1 4294967276.0
00156 
00156 J2_01 = 1 : NULL : WAIT = 0.2
00157 NULL : EncoderValue1 = 4294967275 | 0 | 0.1
00157 TEST: EncoderValue1 4294967275.0 +/- 0.0
00157 PASS: EncoderValue1 4294967275.0
00158 J2_02 = 1 : NULL : WAIT = 0.2
00159 NULL : EncoderValue1 = 4294967274 | 0 | 0.1
00159 TEST: EncoderValue1 4294967274.0 +/- 0.0
00159 PASS: EncoderValue1 4294967274.0
00160 J2_01 = 0 : NULL : WAIT = 0.2
00161 NULL : EncoderValue1 = 4294967273 | 0 | 0.1
00161 TEST: EncoderValue1 4294967273.0 +/- 0.0
00161 PASS: EncoderValue1 4294967273.0
00162 J2_02 = 0 : NULL : WAIT = 0.2
00163 NULL : EncoderValue1 = 4294967272 | 0 | 0.1
00163 TEST: EncoderValue1 4294967272.0 +/- 0.0
00163 PASS: EncoderValue1 4294967272.0
00164 
00164 #switch out input
00164 J2_02 = 0 : NULL : WAIT = 0.2
00165 J2_01 = 0 : NULL : WAIT = 0.2
00166 J0_09_TEST_SUPPLY = 0 : NULL : WAIT = 0.2
00167 #disable counter
00167 Command = 87, Counter_1A_ON_OFF = 1 : NULL : WAIT = 0.2
00168 Command = 0, Counter_1A_ON_OFF = 0 : NULL
00169 #verify count
00169 NULL : EncoderValue1 = 4294967272 | 0 | 0.1
00169 TEST: EncoderValue1 4294967272.0 +/- 0.0
00169 PASS: EncoderValue1 4294967272.0
00170 #send counter reset
00170 Command = 87, Counter_1A_Reset = 1 : NULL : WAIT = 0.2
00171 Command = 0, Counter_1A_Reset = 0 : NULL
00172 #verify count reset
00172 NULL : EncoderValue1 = 0 | 0 | 0.1
00172 TEST: EncoderValue1 0.0 +/- 0.0
00172 PASS: EncoderValue1 0.0
00173 
00173 #switch out load line
00173 J2_02 = 0, J2_01 = 0 : NULL : WAIT = 0.1
00174 #switch out power supply
00174 LdRemote = 0 : NULL : WAIT = 0.1
00175 LdCurrentSet = 0 : NULL : WAIT = 0.1
00176 J0_08_METER_LOAD = 0 : NULL : WAIT = 0.1
00177 #cycle IGN to clean slate
00177 RLY_K1 = 1 : NULL : WAIT = 1
00178 RLY_K1 = 0 : NULL : WAIT = 1
00179 #setup meter
00179 LdRemote = 1 : NULL : WAIT = 0.1
00180 LdCurrentSet = 0 : NULL : WAIT = 0.1
00181 LdEnable = 0 : NULL : WAIT = 0.1
00182 J0_08_METER_LOAD = 1 : NULL : WAIT = 1
00183 
00183 #setup PS1
00183 PwrRemote = 1 : NULL : WAIT = 0.1
00184 PwrSetCurrent = 20 : NULL : WAIT = 0.1
00185 PwrSetVoltage = 0 : NULL : WAIT = 0.1
00186 PwrEnable = 1 : NULL : WAIT = 0.1
00187 J0_09_TEST_SUPPLY = 0 : NULL : WAIT = 1
00188 
00188 #-----setup 39009-----
00188 #configure as Output Digital ON/OFF
00188 Command = 82, MODE1 = 0, MODE2 = 0, Enable_24VDC = 0, ADRaw = 0 : NULL : WAIT = 0.5
00189 Command = 83, MODE1A = 10, MODE1B = 10, MODE2A = 1, MODE2B = 1, MODE3A = 10, MODE3B = 10, MODE4A = 1, MODE4B = 1, MODE5A = 0, MODE5B = 0, MODE6A = 1, MODE6B = 1, MODE7A = 0, MODE7B = 0 : NULL : WAIT = 0.5
00190 Command = 0, MODE1A = 0, MODE1B = 0, MODE2A = 0, MODE2B = 0, MODE3A = 0, MODE3B = 0, MODE4A = 0, MODE4B = 0, MODE5A = 0, MODE5B = 0, MODE6A = 0, MODE6B = 0, MODE7A = 0, MODE7B = 0 : NULL
00191 Command = 84, MODE8A = 1, MODE8B = 1, MODE9A = 0, MODE9B = 0, MODE10A = 1, MODE10B = 1, GLOBAL_KP = 255, GLOBAL_KI = 255 : NULL : WAIT = 0.5
00192 Command = 0, MODE8A = 0, MODE8B = 0, MODE9A = 0, MODE9B = 0, MODE10A = 0, MODE10B = 0, GLOBAL_KP = 0, GLOBAL_KI = 0 : NULL
00193 
00193 Command = 87, Counter_1A_Reset = 1, Counter_3A_Reset = 1, Counter_1A_ON_OFF = 1, Counter_3A_ON_OFF = 1 : NULL : WAIT = 0.2
00194 #clear multiplex
00194 Command = 0, Counter_1A_Reset = 0, Counter_3A_Reset = 0, Counter_1A_ON_OFF = 0, Counter_3A_ON_OFF = 0 : NULL
00195 
00195 Command = 82, FaultReset = 1, SaveSettings = 1, Enable_DPLTx = 1, Enable_DPLF1 = 1, Enable_DPLF2 = 1 : NULL : WAIT = 0.5
00196 #clear multiplex
00196 Command = 0, FaultReset = 0, SaveSettings = 0, Enable_DPLTx = 0, Enable_DPLF1 = 0, Enable_DPLF2 = 0 : NULL
00197 #switch in test supply
00197 J0_09_TEST_SUPPLY = 1 : NULL : WAIT = 0.2
00198 
00198 PwrSetVoltage = 140 : NULL
00199 #testing encoder foward
00199 J2_04 = 1 : NULL : WAIT = 0.2
00200 NULL : EncoderValue3 = 1 | 0 | 0.1
00200 TEST: EncoderValue3 1.0 +/- 0.0
00200 PASS: EncoderValue3 1.0
00201 J2_03 = 1 : NULL : WAIT = 0.2
00202 NULL : EncoderValue3 = 2 | 0 | 0.1
00202 TEST: EncoderValue3 2.0 +/- 0.0
00202 PASS: EncoderValue3 2.0
00203 J2_04 = 0 : NULL : WAIT = 0.2
00204 NULL : EncoderValue3 = 3 | 0 | 0.1
00204 TEST: EncoderValue3 3.0 +/- 0.0
00204 PASS: EncoderValue3 3.0
00205 J2_03 = 0 : NULL : WAIT = 0.2
00206 NULL : EncoderValue3 = 4 | 0 | 0.1
00206 TEST: EncoderValue3 4.0 +/- 0.0
00206 PASS: EncoderValue3 4.0
00207 
00207 J2_04 = 1 : NULL : WAIT = 0.2
00208 NULL : EncoderValue3 = 5 | 0 | 0.1
00208 TEST: EncoderValue3 5.0 +/- 0.0
00208 PASS: EncoderValue3 5.0
00209 J2_03 = 1 : NULL : WAIT = 0.2
00210 NULL : EncoderValue3 = 6 | 0 | 0.1
00210 TEST: EncoderValue3 6.0 +/- 0.0
00210 PASS: EncoderValue3 6.0
00211 J2_04 = 0 : NULL : WAIT = 0.2
00212 NULL : EncoderValue3 = 7 | 0 | 0.1
00212 TEST: EncoderValue3 7.0 +/- 0.0
00212 PASS: EncoderValue3 7.0
00213 J2_03 = 0 : NULL : WAIT = 0.2
00214 NULL : EncoderValue3 = 8 | 0 | 0.1
00214 TEST: EncoderValue3 8.0 +/- 0.0
00214 PASS: EncoderValue3 8.0
00215 
00215 J2_04 = 1 : NULL : WAIT = 0.2
00216 NULL : EncoderValue3 = 9 | 0 | 0.1
00216 TEST: EncoderValue3 9.0 +/- 0.0
00216 PASS: EncoderValue3 9.0
00217 J2_03 = 1 : NULL : WAIT = 0.2
00218 NULL : EncoderValue3 = 10 | 0 | 0.1
00218 TEST: EncoderValue3 10.0 +/- 0.0
00218 PASS: EncoderValue3 10.0
00219 J2_04 = 0 : NULL : WAIT = 0.2
00220 NULL : EncoderValue3 = 11 | 0 | 0.1
00220 TEST: EncoderValue3 11.0 +/- 0.0
00220 PASS: EncoderValue3 11.0
00221 J2_03 = 0 : NULL : WAIT = 0.2
00222 NULL : EncoderValue3 = 12 | 0 | 0.1
00222 TEST: EncoderValue3 12.0 +/- 0.0
00222 PASS: EncoderValue3 12.0
00223 
00223 J2_04 = 1 : NULL : WAIT = 0.2
00224 NULL : EncoderValue3 = 13 | 0 | 0.1
00224 TEST: EncoderValue3 13.0 +/- 0.0
00224 PASS: EncoderValue3 13.0
00225 J2_03 = 1 : NULL : WAIT = 0.2
00226 NULL : EncoderValue3 = 14 | 0 | 0.1
00226 TEST: EncoderValue3 14.0 +/- 0.0
00226 PASS: EncoderValue3 14.0
00227 J2_04 = 0 : NULL : WAIT = 0.2
00228 NULL : EncoderValue3 = 15 | 0 | 0.1
00228 TEST: EncoderValue3 15.0 +/- 0.0
00228 PASS: EncoderValue3 15.0
00229 J2_03 = 0 : NULL : WAIT = 0.2
00230 NULL : EncoderValue3 = 16 | 0 | 0.1
00230 TEST: EncoderValue3 16.0 +/- 0.0
00230 PASS: EncoderValue3 16.0
00231 
00231 J2_04 = 1 : NULL : WAIT = 0.2
00232 NULL : EncoderValue3 = 17 | 0 | 0.1
00232 TEST: EncoderValue3 17.0 +/- 0.0
00232 PASS: EncoderValue3 17.0
00233 J2_03 = 1 : NULL : WAIT = 0.2
00234 NULL : EncoderValue3 = 18 | 0 | 0.1
00234 TEST: EncoderValue3 18.0 +/- 0.0
00234 PASS: EncoderValue3 18.0
00235 J2_04 = 0 : NULL : WAIT = 0.2
00236 NULL : EncoderValue3 = 19 | 0 | 0.1
00236 TEST: EncoderValue3 19.0 +/- 0.0
00236 PASS: EncoderValue3 19.0
00237 J2_03 = 0 : NULL : WAIT = 0.2
00238 NULL : EncoderValue3 = 20 | 0 | 0.1
00238 TEST: EncoderValue3 20.0 +/- 0.0
00238 PASS: EncoderValue3 20.0
00239 
00239 J2_04 = 1 : NULL : WAIT = 0.2
00240 NULL : EncoderValue3 = 21 | 0 | 0.1
00240 TEST: EncoderValue3 21.0 +/- 0.0
00240 PASS: EncoderValue3 21.0
00241 J2_03 = 1 : NULL : WAIT = 0.2
00242 NULL : EncoderValue3 = 22 | 0 | 0.1
00242 TEST: EncoderValue3 22.0 +/- 0.0
00242 PASS: EncoderValue3 22.0
00243 J2_04 = 0 : NULL : WAIT = 0.2
00244 NULL : EncoderValue3 = 23 | 0 | 0.1
00244 TEST: EncoderValue3 23.0 +/- 0.0
00244 PASS: EncoderValue3 23.0
00245 J2_03 = 0 : NULL : WAIT = 0.2
00246 NULL : EncoderValue3 = 24 | 0 | 0.1
00246 TEST: EncoderValue3 24.0 +/- 0.0
00246 PASS: EncoderValue3 24.0
00247 
00247 #testing encoder reverse
00247 J2_03 = 1 : NULL : WAIT = 0.2
00248 NULL : EncoderValue3 = 23 | 0 | 0.1
00248 TEST: EncoderValue3 23.0 +/- 0.0
00248 PASS: EncoderValue3 23.0
00249 J2_04 = 1 : NULL : WAIT = 0.2
00250 NULL : EncoderValue3 = 22 | 0 | 0.1
00250 TEST: EncoderValue3 22.0 +/- 0.0
00250 PASS: EncoderValue3 22.0
00251 J2_03 = 0 : NULL : WAIT = 0.2
00252 NULL : EncoderValue3 = 21 | 0 | 0.1
00252 TEST: EncoderValue3 21.0 +/- 0.0
00252 PASS: EncoderValue3 21.0
00253 J2_04 = 0 : NULL : WAIT = 0.2
00254 NULL : EncoderValue3 = 20 | 0 | 0.1
00254 TEST: EncoderValue3 20.0 +/- 0.0
00254 PASS: EncoderValue3 20.0
00255 
00255 J2_03 = 1 : NULL : WAIT = 0.2
00256 NULL : EncoderValue3 = 19 | 0 | 0.1
00256 TEST: EncoderValue3 19.0 +/- 0.0
00256 PASS: EncoderValue3 19.0
00257 J2_04 = 1 : NULL : WAIT = 0.2
00258 NULL : EncoderValue3 = 18 | 0 | 0.1
00258 TEST: EncoderValue3 18.0 +/- 0.0
00258 PASS: EncoderValue3 18.0
00259 J2_03 = 0 : NULL : WAIT = 0.2
00260 NULL : EncoderValue3 = 17 | 0 | 0.1
00260 TEST: EncoderValue3 17.0 +/- 0.0
00260 PASS: EncoderValue3 17.0
00261 J2_04 = 0 : NULL : WAIT = 0.2
00262 NULL : EncoderValue3 = 16 | 0 | 0.1
00262 TEST: EncoderValue3 16.0 +/- 0.0
00262 PASS: EncoderValue3 16.0
00263 
00263 J2_03 = 1 : NULL : WAIT = 0.2
00264 NULL : EncoderValue3 = 15 | 0 | 0.1
00264 TEST: EncoderValue3 15.0 +/- 0.0
00264 PASS: EncoderValue3 15.0
00265 J2_04 = 1 : NULL : WAIT = 0.2
00266 NULL : EncoderValue3 = 14 | 0 | 0.1
00266 TEST: EncoderValue3 14.0 +/- 0.0
00266 PASS: EncoderValue3 14.0
00267 J2_03 = 0 : NULL : WAIT = 0.2
00268 NULL : EncoderValue3 = 13 | 0 | 0.1
00268 TEST: EncoderValue3 13.0 +/- 0.0
00268 PASS: EncoderValue3 13.0
00269 J2_04 = 0 : NULL : WAIT = 0.2
00270 NULL : EncoderValue3 = 12 | 0 | 0.1
00270 TEST: EncoderValue3 12.0 +/- 0.0
00270 PASS: EncoderValue3 12.0
00271 
00271 J2_03 = 1 : NULL : WAIT = 0.2
00272 NULL : EncoderValue3 = 11 | 0 | 0.1
00272 TEST: EncoderValue3 11.0 +/- 0.0
00272 PASS: EncoderValue3 11.0
00273 J2_04 = 1 : NULL : WAIT = 0.2
00274 NULL : EncoderValue3 = 10 | 0 | 0.1
00274 TEST: EncoderValue3 10.0 +/- 0.0
00274 PASS: EncoderValue3 10.0
00275 J2_03 = 0 : NULL : WAIT = 0.2
00276 NULL : EncoderValue3 = 9 | 0 | 0.1
00276 TEST: EncoderValue3 9.0 +/- 0.0
00276 PASS: EncoderValue3 9.0
00277 J2_04 = 0 : NULL : WAIT = 0.2
00278 NULL : EncoderValue3 = 8 | 0 | 0.1
00278 TEST: EncoderValue3 8.0 +/- 0.0
00278 PASS: EncoderValue3 8.0
00279 
00279 J2_03 = 1 : NULL : WAIT = 0.2
00280 NULL : EncoderValue3 = 7 | 0 | 0.1
00280 TEST: EncoderValue3 7.0 +/- 0.0
00280 PASS: EncoderValue3 7.0
00281 J2_04 = 1 : NULL : WAIT = 0.2
00282 NULL : EncoderValue3 = 6 | 0 | 0.1
00282 TEST: EncoderValue3 6.0 +/- 0.0
00282 PASS: EncoderValue3 6.0
00283 J2_03 = 0 : NULL : WAIT = 0.2
00284 NULL : EncoderValue3 = 5 | 0 | 0.1
00284 TEST: EncoderValue3 5.0 +/- 0.0
00284 PASS: EncoderValue3 5.0
00285 J2_04 = 0 : NULL : WAIT = 0.2
00286 NULL : EncoderValue3 = 4 | 0 | 0.1
00286 TEST: EncoderValue3 4.0 +/- 0.0
00286 PASS: EncoderValue3 4.0
00287 
00287 J2_03 = 1 : NULL : WAIT = 0.2
00288 NULL : EncoderValue3 = 3 | 0 | 0.1
00288 TEST: EncoderValue3 3.0 +/- 0.0
00288 PASS: EncoderValue3 3.0
00289 J2_04 = 1 : NULL : WAIT = 0.2
00290 NULL : EncoderValue3 = 2 | 0 | 0.1
00290 TEST: EncoderValue3 2.0 +/- 0.0
00290 PASS: EncoderValue3 2.0
00291 J2_03 = 0 : NULL : WAIT = 0.2
00292 NULL : EncoderValue3 = 1 | 0 | 0.1
00292 TEST: EncoderValue3 1.0 +/- 0.0
00292 PASS: EncoderValue3 1.0
00293 J2_04 = 0 : NULL : WAIT = 0.2
00294 NULL : EncoderValue3 = 0 | 0 | 0.1
00294 TEST: EncoderValue3 0.0 +/- 0.0
00294 PASS: EncoderValue3 0.0
00295 
00295 #testing encoder reverse rollover
00295 J2_03 = 1 : NULL : WAIT = 0.2
00296 NULL : EncoderValue3 = 4294967295 | 0 | 0.1
00296 TEST: EncoderValue3 4294967295.0 +/- 0.0
00296 PASS: EncoderValue3 4294967295.0
00297 J2_04 = 1 : NULL : WAIT = 0.2
00298 NULL : EncoderValue3 = 4294967294 | 0 | 0.1
00298 TEST: EncoderValue3 4294967294.0 +/- 0.0
00298 PASS: EncoderValue3 4294967294.0
00299 J2_03 = 0 : NULL : WAIT = 0.2
00300 NULL : EncoderValue3 = 4294967293 | 0 | 0.1
00300 TEST: EncoderValue3 4294967293.0 +/- 0.0
00300 PASS: EncoderValue3 4294967293.0
00301 J2_04 = 0 : NULL : WAIT = 0.2
00302 NULL : EncoderValue3 = 4294967292 | 0 | 0.1
00302 TEST: EncoderValue3 4294967292.0 +/- 0.0
00302 PASS: EncoderValue3 4294967292.0
00303 
00303 J2_03 = 1 : NULL : WAIT = 0.2
00304 NULL : EncoderValue3 = 4294967291 | 0 | 0.1
00304 TEST: EncoderValue3 4294967291.0 +/- 0.0
00304 PASS: EncoderValue3 4294967291.0
00305 J2_04 = 1 : NULL : WAIT = 0.2
00306 NULL : EncoderValue3 = 4294967290 | 0 | 0.1
00306 TEST: EncoderValue3 4294967290.0 +/- 0.0
00306 PASS: EncoderValue3 4294967290.0
00307 J2_03 = 0 : NULL : WAIT = 0.2
00308 NULL : EncoderValue3 = 4294967289 | 0 | 0.1
00308 TEST: EncoderValue3 4294967289.0 +/- 0.0
00308 PASS: EncoderValue3 4294967289.0
00309 J2_04 = 0 : NULL : WAIT = 0.2
00310 NULL : EncoderValue3 = 4294967288 | 0 | 0.1
00310 TEST: EncoderValue3 4294967288.0 +/- 0.0
00310 PASS: EncoderValue3 4294967288.0
00311 
00311 J2_03 = 1 : NULL : WAIT = 0.2
00312 NULL : EncoderValue3 = 4294967287 | 0 | 0.1
00312 TEST: EncoderValue3 4294967287.0 +/- 0.0
00312 PASS: EncoderValue3 4294967287.0
00313 J2_04 = 1 : NULL : WAIT = 0.2
00314 NULL : EncoderValue3 = 4294967286 | 0 | 0.1
00314 TEST: EncoderValue3 4294967286.0 +/- 0.0
00314 PASS: EncoderValue3 4294967286.0
00315 J2_03 = 0 : NULL : WAIT = 0.2
00316 NULL : EncoderValue3 = 4294967285 | 0 | 0.1
00316 TEST: EncoderValue3 4294967285.0 +/- 0.0
00316 PASS: EncoderValue3 4294967285.0
00317 J2_04 = 0 : NULL : WAIT = 0.2
00318 NULL : EncoderValue3 = 4294967284 | 0 | 0.1
00318 TEST: EncoderValue3 4294967284.0 +/- 0.0
00318 PASS: EncoderValue3 4294967284.0
00319 
00319 J2_03 = 1 : NULL : WAIT = 0.2
00320 NULL : EncoderValue3 = 4294967283 | 0 | 0.1
00320 TEST: EncoderValue3 4294967283.0 +/- 0.0
00320 PASS: EncoderValue3 4294967283.0
00321 J2_04 = 1 : NULL : WAIT = 0.2
00322 NULL : EncoderValue3 = 4294967282 | 0 | 0.1
00322 TEST: EncoderValue3 4294967282.0 +/- 0.0
00322 PASS: EncoderValue3 4294967282.0
00323 J2_03 = 0 : NULL : WAIT = 0.2
00324 NULL : EncoderValue3 = 4294967281 | 0 | 0.1
00324 TEST: EncoderValue3 4294967281.0 +/- 0.0
00324 PASS: EncoderValue3 4294967281.0
00325 J2_04 = 0 : NULL : WAIT = 0.2
00326 NULL : EncoderValue3 = 4294967280 | 0 | 0.1
00326 TEST: EncoderValue3 4294967280.0 +/- 0.0
00326 PASS: EncoderValue3 4294967280.0
00327 
00327 J2_03 = 1 : NULL : WAIT = 0.2
00328 NULL : EncoderValue3 = 4294967279 | 0 | 0.1
00328 TEST: EncoderValue3 4294967279.0 +/- 0.0
00328 PASS: EncoderValue3 4294967279.0
00329 J2_04 = 1 : NULL : WAIT = 0.2
00330 NULL : EncoderValue3 = 4294967278 | 0 | 0.1
00330 TEST: EncoderValue3 4294967278.0 +/- 0.0
00330 PASS: EncoderValue3 4294967278.0
00331 J2_03 = 0 : NULL : WAIT = 0.2
00332 NULL : EncoderValue3 = 4294967277 | 0 | 0.1
00332 TEST: EncoderValue3 4294967277.0 +/- 0.0
00332 PASS: EncoderValue3 4294967277.0
00333 J2_04 = 0 : NULL : WAIT = 0.2
00334 NULL : EncoderValue3 = 4294967276 | 0 | 0.1
00334 TEST: EncoderValue3 4294967276.0 +/- 0.0
00334 PASS: EncoderValue3 4294967276.0
00335 
00335 J2_03 = 1 : NULL : WAIT = 0.2
00336 NULL : EncoderValue3 = 4294967275 | 0 | 0.1
00336 TEST: EncoderValue3 4294967275.0 +/- 0.0
00336 PASS: EncoderValue3 4294967275.0
00337 J2_04 = 1 : NULL : WAIT = 0.2
00338 NULL : EncoderValue3 = 4294967274 | 0 | 0.1
00338 TEST: EncoderValue3 4294967274.0 +/- 0.0
00338 PASS: EncoderValue3 4294967274.0
00339 J2_03 = 0 : NULL : WAIT = 0.2
00340 NULL : EncoderValue3 = 4294967273 | 0 | 0.1
00340 TEST: EncoderValue3 4294967273.0 +/- 0.0
00340 PASS: EncoderValue3 4294967273.0
00341 J2_04 = 0 : NULL : WAIT = 0.2
00342 NULL : EncoderValue3 = 4294967272 | 0 | 0.1
00342 TEST: EncoderValue3 4294967272.0 +/- 0.0
00342 PASS: EncoderValue3 4294967272.0
00343 
00343 #switch out input
00343 J2_04 = 0 : NULL : WAIT = 0.2
00344 J2_03 = 0 : NULL : WAIT = 0.2
00345 J0_09_TEST_SUPPLY = 0 : NULL : WAIT = 0.2
00346 #disable counter
00346 Command = 87, Counter_3A_ON_OFF = 1 : NULL : WAIT = 0.2
00347 Command = 0, Counter_3A_ON_OFF = 0 : NULL
00348 #verify count
00348 NULL : EncoderValue3 = 4294967272 | 0 | 0.1
00348 TEST: EncoderValue3 4294967272.0 +/- 0.0
00348 PASS: EncoderValue3 4294967272.0
00349 #send counter reset
00349 Command = 87, Counter_3A_Reset = 1 : NULL : WAIT = 0.2
00350 Command = 0, Counter_3A_Reset = 0 : NULL
00351 #verify count reset
00351 NULL : EncoderValue3 = 0 | 0 | 0.1
00351 TEST: EncoderValue3 0.0 +/- 0.0
00351 PASS: EncoderValue3 0.0
00352 
00352 #switch out load line
00352 J2_04 = 0, J2_03 = 0 : NULL : WAIT = 0.1
00353 #switch out power supply
00353 LdRemote = 0 : NULL : WAIT = 0.1
00354 LdCurrentSet = 0 : NULL : WAIT = 0.1
00355 J0_08_METER_LOAD = 0 : NULL : WAIT = 0.1
00356 SAVE
00356 END
Fail count: 0
Finished on: 2025-12-15-16:16:25
elapsed time: 0:01:02.047205
