Started on: 2025-08-16-18:56:38
00000 #37000-1
00000 #Verion 0.0
00000 #input test
00000 UUT_EDS = 37000-561.eds
00000 UUT_DATANAME = 37000-1-CANOPEN-INPUT-ENCODER
00000 
00000 #cycle IGN to clean slate
00000 RLY_K1 = 1 : NULL : WAIT = 1
00001 RLY_K1 = 0 : NULL : WAIT = 1
00002 #-----setup 37000-----
00002 #setup meter
00002 LdRemote = 1 : NULL : WAIT = 0.1
00003 LdCurrentSet = 0 : NULL : WAIT = 0.1
00004 LdEnable = 0 : NULL : WAIT = 0.1
00005 J0_08_METER_LOAD = 1 : NULL : WAIT = 1
00006 
00006 #setup PS1
00006 PwrRemote = 1 : NULL : WAIT = 0.1
00007 PwrSetCurrent = 20 : NULL : WAIT = 0.1
00008 PwrSetVoltage = 0 : NULL : WAIT = 0.1
00009 PwrEnable = 1 : NULL : WAIT = 0.1
00010 J0_09_TEST_SUPPLY = 0 : NULL : WAIT = 1
00011 
00011 #-----setup 34044-----
00011 #disable global modes
00011 sdo[0x2000][3] = 0 : NULL : WAIT = 0.1
00012 sdo[0x2000][4] = 0 : NULL : WAIT = 0.1
00013 #configure Port Modes
00013 sdo[0x2001][1] = 0 : NULL : WAIT = 0.1
00014 sdo[0x2001][2] = 0 : NULL : WAIT = 0.1
00015 sdo[0x2001][3] = 0 : NULL : WAIT = 0.1
00016 sdo[0x2001][4] = 0 : NULL : WAIT = 0.1
00017 sdo[0x2001][5] = 0 : NULL : WAIT = 0.1
00018 sdo[0x2001][6] = 0 : NULL : WAIT = 0.1
00019 sdo[0x2001][7] = 170 : NULL : WAIT = 0.1
00020 sdo[0x2001][8] = 170 : NULL : WAIT = 0.1
00021 
00021 sdo[0x2003][1] = 5 : NULL : WAIT = 0.1
00022 sdo[0x2003][2] = 5 : NULL : WAIT = 0.1
00023 sdo[0x3001][1] = 0 : NULL : WAIT = 0.1
00024 sdo[0x3001][2] = 0 : NULL : WAIT = 0.1
00025 
00025 J4_03 = 1 : NULL : WAIT = 0.1
00026 #switch in test supply
00026 J0_09_TEST_SUPPLY = 1 : NULL : WAIT = 0.2
00027 
00027 PwrSetVoltage = 145 : NULL
00028 #testing encoder foward
00028 PwrEnable = 1 : NULL : WAIT = 0.2
00029 J3_01 = 1 : NULL : WAIT = 0.2
00030 NULL : sdo[0x6401][9] = 0 | 0 | 0.1
00030 TEST: Read Analogue Input 16-Bit.FREQ_1 0.0 +/- 0.0
00030 PASS: Read Analogue Input 16-Bit.FREQ_1 0.0
00031 J3_03 = 1 : NULL : WAIT = 0.2
00032 NULL : sdo[0x6401][9] = 1 | 0 | 0.1
00032 TEST: Read Analogue Input 16-Bit.FREQ_1 1.0 +/- 0.0
00032 PASS: Read Analogue Input 16-Bit.FREQ_1 1.0
00033 J3_01 = 0 : NULL : WAIT = 0.2
00034 NULL : sdo[0x6401][9] = 2 | 0 | 0.1
00034 TEST: Read Analogue Input 16-Bit.FREQ_1 2.0 +/- 0.0
00034 PASS: Read Analogue Input 16-Bit.FREQ_1 2.0
00035 J3_03 = 0 : NULL : WAIT = 0.2
00036 NULL : sdo[0x6401][9] = 3 | 0 | 0.1
00036 TEST: Read Analogue Input 16-Bit.FREQ_1 3.0 +/- 0.0
00036 PASS: Read Analogue Input 16-Bit.FREQ_1 3.0
00037 PwrEnable = 0 : NULL : WAIT = 0.2
00038 
00038 PwrEnable = 1 : NULL : WAIT = 0.2
00039 J3_01 = 1 : NULL : WAIT = 0.2
00040 NULL : sdo[0x6401][9] = 4 | 0 | 0.1
00040 TEST: Read Analogue Input 16-Bit.FREQ_1 4.0 +/- 0.0
00040 PASS: Read Analogue Input 16-Bit.FREQ_1 4.0
00041 J3_03 = 1 : NULL : WAIT = 0.2
00042 NULL : sdo[0x6401][9] = 5 | 0 | 0.1
00042 TEST: Read Analogue Input 16-Bit.FREQ_1 5.0 +/- 0.0
00042 PASS: Read Analogue Input 16-Bit.FREQ_1 5.0
00043 J3_01 = 0 : NULL : WAIT = 0.2
00044 NULL : sdo[0x6401][9] = 6 | 0 | 0.1
00044 TEST: Read Analogue Input 16-Bit.FREQ_1 6.0 +/- 0.0
00044 PASS: Read Analogue Input 16-Bit.FREQ_1 6.0
00045 J3_03 = 0 : NULL : WAIT = 0.2
00046 NULL : sdo[0x6401][9] = 7 | 0 | 0.1
00046 TEST: Read Analogue Input 16-Bit.FREQ_1 7.0 +/- 0.0
00046 PASS: Read Analogue Input 16-Bit.FREQ_1 7.0
00047 PwrEnable = 0 : NULL : WAIT = 0.2
00048 
00048 #testing encoder reverse
00048 PwrEnable = 1 : NULL : WAIT = 0.2
00049 J3_03 = 1 : NULL : WAIT = 0.2
00050 NULL : sdo[0x6401][9] = 6 | 0 | 0.1
00050 TEST: Read Analogue Input 16-Bit.FREQ_1 6.0 +/- 0.0
00050 PASS: Read Analogue Input 16-Bit.FREQ_1 6.0
00051 J3_01 = 1 : NULL : WAIT = 0.2
00052 NULL : sdo[0x6401][9] = 5 | 0 | 0.1
00052 TEST: Read Analogue Input 16-Bit.FREQ_1 5.0 +/- 0.0
00052 PASS: Read Analogue Input 16-Bit.FREQ_1 5.0
00053 J3_03 = 0 : NULL : WAIT = 0.2
00054 NULL : sdo[0x6401][9] = 4 | 0 | 0.1
00054 TEST: Read Analogue Input 16-Bit.FREQ_1 4.0 +/- 0.0
00054 PASS: Read Analogue Input 16-Bit.FREQ_1 4.0
00055 J3_01 = 0 : NULL : WAIT = 0.2
00056 NULL : sdo[0x6401][9] = 3 | 0 | 0.1
00056 TEST: Read Analogue Input 16-Bit.FREQ_1 3.0 +/- 0.0
00056 PASS: Read Analogue Input 16-Bit.FREQ_1 3.0
00057 PwrEnable = 0 : NULL : WAIT = 0.2
00058 
00058 PwrEnable = 1 : NULL : WAIT = 0.2
00059 J3_03 = 1 : NULL : WAIT = 0.2
00060 NULL : sdo[0x6401][9] = 2 | 0 | 0.1
00060 TEST: Read Analogue Input 16-Bit.FREQ_1 2.0 +/- 0.0
00060 PASS: Read Analogue Input 16-Bit.FREQ_1 2.0
00061 J3_01 = 1 : NULL : WAIT = 0.2
00062 NULL : sdo[0x6401][9] = 1 | 0 | 0.1
00062 TEST: Read Analogue Input 16-Bit.FREQ_1 1.0 +/- 0.0
00062 PASS: Read Analogue Input 16-Bit.FREQ_1 1.0
00063 J3_03 = 0 : NULL : WAIT = 0.2
00064 NULL : sdo[0x6401][9] = 0 | 0 | 0.1
00064 TEST: Read Analogue Input 16-Bit.FREQ_1 0.0 +/- 0.0
00064 PASS: Read Analogue Input 16-Bit.FREQ_1 0.0
00065 J3_01 = 0 : NULL : WAIT = 0.2
00066 NULL : sdo[0x6401][9] = -1 | 0 | 0.1
00066 TEST: Read Analogue Input 16-Bit.FREQ_1 -1.0 +/- 0.0
00066 PASS: Read Analogue Input 16-Bit.FREQ_1 -1.0
00067 PwrEnable = 0 : NULL : WAIT = 0.2
00068 
00068 #testing encoder reverse rollover
00068 PwrEnable = 1 : NULL : WAIT = 0.2
00069 J3_03 = 1 : NULL : WAIT = 0.2
00070 NULL : sdo[0x6401][9] = -2 | 0 | 0.1
00070 TEST: Read Analogue Input 16-Bit.FREQ_1 -2.0 +/- 0.0
00070 PASS: Read Analogue Input 16-Bit.FREQ_1 -2.0
00071 J3_01 = 1 : NULL : WAIT = 0.2
00072 NULL : sdo[0x6401][9] = -3 | 0 | 0.1
00072 TEST: Read Analogue Input 16-Bit.FREQ_1 -3.0 +/- 0.0
00072 PASS: Read Analogue Input 16-Bit.FREQ_1 -3.0
00073 J3_03 = 0 : NULL : WAIT = 0.2
00074 NULL : sdo[0x6401][9] = -4 | 0 | 0.1
00074 TEST: Read Analogue Input 16-Bit.FREQ_1 -4.0 +/- 0.0
00074 PASS: Read Analogue Input 16-Bit.FREQ_1 -4.0
00075 J3_01 = 0 : NULL : WAIT = 0.2
00076 NULL : sdo[0x6401][9] = -5 | 0 | 0.1
00076 TEST: Read Analogue Input 16-Bit.FREQ_1 -5.0 +/- 0.0
00076 PASS: Read Analogue Input 16-Bit.FREQ_1 -5.0
00077 PwrEnable = 0 : NULL : WAIT = 0.2
00078 
00078 PwrEnable = 1 : NULL : WAIT = 0.2
00079 J3_03 = 1 : NULL : WAIT = 0.2
00080 NULL : sdo[0x6401][9] = -6 | 0 | 0.1
00080 TEST: Read Analogue Input 16-Bit.FREQ_1 -6.0 +/- 0.0
00080 PASS: Read Analogue Input 16-Bit.FREQ_1 -6.0
00081 J3_01 = 1 : NULL : WAIT = 0.2
00082 NULL : sdo[0x6401][9] = -7 | 0 | 0.1
00082 TEST: Read Analogue Input 16-Bit.FREQ_1 -7.0 +/- 0.0
00082 PASS: Read Analogue Input 16-Bit.FREQ_1 -7.0
00083 J3_03 = 0 : NULL : WAIT = 0.2
00084 NULL : sdo[0x6401][9] = -8 | 0 | 0.1
00084 TEST: Read Analogue Input 16-Bit.FREQ_1 -8.0 +/- 0.0
00084 PASS: Read Analogue Input 16-Bit.FREQ_1 -8.0
00085 J3_01 = 0 : NULL : WAIT = 0.2
00086 NULL : sdo[0x6401][9] = -9 | 0 | 0.1
00086 TEST: Read Analogue Input 16-Bit.FREQ_1 -9.0 +/- 0.0
00086 PASS: Read Analogue Input 16-Bit.FREQ_1 -9.0
00087 PwrEnable = 0 : NULL : WAIT = 0.2
00088 
00088 #switch out input
00088 J3_01 = 0 : NULL : WAIT = 0.2
00089 J3_03 = 0 : NULL : WAIT = 0.2
00090 J4_03 = 0 : NULL : WAIT = 0.1
00091 J0_09_TEST_SUPPLY = 0 : NULL : WAIT = 0.2
00092 #disable counter
00092 sdo[0x2003][1] = 1 : NULL : WAIT = 0.1
00093 #verify count
00093 NULL : sdo[0x6401][9] = -9 | 0 | 0.1
00093 TEST: Read Analogue Input 16-Bit.FREQ_1 -9.0 +/- 0.0
00093 PASS: Read Analogue Input 16-Bit.FREQ_1 -9.0
00094 #send counter reset
00094 sdo[0x2003][1] = 4 : NULL : WAIT = 0.1
00095 #verify count reset
00095 NULL : sdo[0x6401][9] = 0 | 0 | 0.1
00095 TEST: Read Analogue Input 16-Bit.FREQ_1 0.0 +/- 0.0
00095 PASS: Read Analogue Input 16-Bit.FREQ_1 0.0
00096 
00096 #switch out load line
00096 J3_01 = 0, J3_03 = 0 : NULL : WAIT = 0.1
00097 #switch out power supply
00097 LdRemote = 0 : NULL : WAIT = 0.1
00098 LdCurrentSet = 0 : NULL : WAIT = 0.1
00099 J0_08_METER_LOAD = 0 : NULL : WAIT = 0.1
00100 SAVE
00100 END
Fail count: 0
Finished on: 2025-08-16-18:57:24
elapsed time: 0:00:42.198550
