Started on: 2025-12-12-12:14:28
00000 #39009-1
00000 #Verion 0.0
00000 #input test
00000 UUT_DBC = 39009-561.dbc
00000 UUT_DATANAME = 39009-1-INPUT-420MA
00000 
00000 #switch in 420ma gen
00000 J4_05 = 1 : NULL : WAIT = 0.2
00001 NULL : Input_1A = 0 | 0.1 | 0.1
00001 TEST: Input_1A 0.0 +/- 0.1
00001 PASS: Input_1A 0.0
00002 NULL : Input_1B = 0 | 0.1 | 0.1
00002 TEST: Input_1B 0.0 +/- 0.1
00002 PASS: Input_1B 0.0
00003 NULL : Input_3A = 0 | 0.1 | 0.1
00003 TEST: Input_3A 0.0 +/- 0.1
00003 PASS: Input_3A 0.0
00004 NULL : Input_3B = 0 | 0.1 | 0.1
00004 TEST: Input_3B 0.0 +/- 0.1
00004 PASS: Input_3B 0.0
00005 NULL : Input_5A = 0 | 0.1 | 0.1
00005 TEST: Input_5A 0.0 +/- 0.1
00005 PASS: Input_5A 0.0
00006 NULL : Input_5B = 0 | 0.1 | 0.1
00006 TEST: Input_5B 0.0 +/- 0.1
00006 PASS: Input_5B 0.0
00007 NULL : Input_7A = 0 | 0.1 | 0.1
00007 TEST: Input_7A 0.0 +/- 0.1
00007 PASS: Input_7A 0.0
00008 NULL : Input_7B = 0 | 0.1 | 0.1
00008 TEST: Input_7B 0.0 +/- 0.1
00008 PASS: Input_7B 0.0
00009 NULL : Input_9A = 0 | 0.1 | 0.1
00009 TEST: Input_9A 0.0 +/- 0.1
00009 PASS: Input_9A 0.0
00010 NULL : Input_9B = 0 | 0.1 | 0.1
00010 TEST: Input_9B 0.0 +/- 0.1
00010 PASS: Input_9B 0.0
00011 #promp user
00011 PAUSE- SET GEN TO 5000ma
00011 METER_MODE = 1 : NULL : WAIT = 0.2
00012 #-----setup 39009-----
00012 #configure as Output Digital ON/OFF
00012 Command = 82, MODE1 = 0, MODE2 = 0, Enable_24VDC = 0, ADRaw = 0 : NULL : WAIT = 0.5
00013 Command = 83, MODE1A = 3, MODE1B = 3, MODE2A = 1, MODE2B = 1, MODE3A = 3, MODE3B = 3, MODE4A = 1, MODE4B = 1, MODE5A = 3, MODE5B = 3, MODE6A = 1, MODE6B = 1, MODE7A = 3, MODE7B = 3 : NULL : WAIT = 0.5
00014 Command = 0, MODE1A = 0, MODE1B = 0, MODE2A = 0, MODE2B = 0, MODE3A = 0, MODE3B = 0, MODE4A = 0, MODE4B = 0, MODE5A = 0, MODE5B = 0, MODE6A = 0, MODE6B = 0, MODE7A = 0, MODE7B = 0 : NULL
00015 Command = 84, MODE8A = 1, MODE8B = 1, MODE9A = 3, MODE9B = 3, MODE10A = 1, MODE10B = 1, GLOBAL_KP = 255, GLOBAL_KI = 255 : NULL : WAIT = 0.5
00016 Command = 0, MODE8A = 0, MODE8B = 0, MODE9A = 0, MODE9B = 0, MODE10A = 0, MODE10B = 0, GLOBAL_KP = 0, GLOBAL_KI = 0 : NULL
00017 Command = 82, FaultReset = 1, SaveSettings = 1, Enable_DPLTx = 1, Enable_DPLF1 = 1, Enable_DPLF2 = 1 : NULL : WAIT = 0.5
00018 #clear multiplex
00018 Command = 0, FaultReset = 0, SaveSettings = 0, Enable_DPLTx = 0, Enable_DPLF1 = 0, Enable_DPLF2 = 0 : NULL
00019 #switch input to load line
00019 J2_01 = 1 : NULL : WAIT = 0.1
00020 
00020 
00020 #Sweep of Port_1A from 5000 to 20000 in 5000 increments
00020 
00020 #test ammmeter
00020 #test feedback
00020 NULL : Port_1A = 5.0 | 0.155 | 0.1
00020 TEST: Port_1A 5.0 +/- 0.155
00020 PASS: Port_1A 4.981
00021 
00021 #Finished with port
00021 #switch out input
00021 J2_01 = 0 : NULL : WAIT = 0.2
00022 
00022 METER_MODE = 1 : NULL : WAIT = 0.2
00023 #-----setup 39009-----
00023 #configure as Output Digital ON/OFF
00023 Command = 82, MODE1 = 0, MODE2 = 0, Enable_24VDC = 0, ADRaw = 0 : NULL : WAIT = 0.5
00024 Command = 83, MODE1A = 3, MODE1B = 3, MODE2A = 1, MODE2B = 1, MODE3A = 3, MODE3B = 3, MODE4A = 1, MODE4B = 1, MODE5A = 3, MODE5B = 3, MODE6A = 1, MODE6B = 1, MODE7A = 3, MODE7B = 3 : NULL : WAIT = 0.5
00025 Command = 0, MODE1A = 0, MODE1B = 0, MODE2A = 0, MODE2B = 0, MODE3A = 0, MODE3B = 0, MODE4A = 0, MODE4B = 0, MODE5A = 0, MODE5B = 0, MODE6A = 0, MODE6B = 0, MODE7A = 0, MODE7B = 0 : NULL
00026 Command = 84, MODE8A = 1, MODE8B = 1, MODE9A = 3, MODE9B = 3, MODE10A = 1, MODE10B = 1, GLOBAL_KP = 255, GLOBAL_KI = 255 : NULL : WAIT = 0.5
00027 Command = 0, MODE8A = 0, MODE8B = 0, MODE9A = 0, MODE9B = 0, MODE10A = 0, MODE10B = 0, GLOBAL_KP = 0, GLOBAL_KI = 0 : NULL
00028 Command = 82, FaultReset = 1, SaveSettings = 1, Enable_DPLTx = 1, Enable_DPLF1 = 1, Enable_DPLF2 = 1 : NULL : WAIT = 0.5
00029 #clear multiplex
00029 Command = 0, FaultReset = 0, SaveSettings = 0, Enable_DPLTx = 0, Enable_DPLF1 = 0, Enable_DPLF2 = 0 : NULL
00030 #switch input to load line
00030 J2_02 = 1 : NULL : WAIT = 0.1
00031 
00031 
00031 #Sweep of Port_1B from 5000 to 20000 in 5000 increments
00031 
00031 #test ammmeter
00031 #test feedback
00031 NULL : Port_1B = 5.0 | 0.155 | 0.1
00031 TEST: Port_1B 5.0 +/- 0.155
00031 PASS: Port_1B 4.975
00032 
00032 #Finished with port
00032 #switch out input
00032 J2_02 = 0 : NULL : WAIT = 0.2
00033 
00033 METER_MODE = 1 : NULL : WAIT = 0.2
00034 #-----setup 39009-----
00034 #configure as Output Digital ON/OFF
00034 Command = 82, MODE1 = 0, MODE2 = 0, Enable_24VDC = 0, ADRaw = 0 : NULL : WAIT = 0.5
00035 Command = 83, MODE1A = 3, MODE1B = 3, MODE2A = 1, MODE2B = 1, MODE3A = 3, MODE3B = 3, MODE4A = 1, MODE4B = 1, MODE5A = 3, MODE5B = 3, MODE6A = 1, MODE6B = 1, MODE7A = 3, MODE7B = 3 : NULL : WAIT = 0.5
00036 Command = 0, MODE1A = 0, MODE1B = 0, MODE2A = 0, MODE2B = 0, MODE3A = 0, MODE3B = 0, MODE4A = 0, MODE4B = 0, MODE5A = 0, MODE5B = 0, MODE6A = 0, MODE6B = 0, MODE7A = 0, MODE7B = 0 : NULL
00037 Command = 84, MODE8A = 1, MODE8B = 1, MODE9A = 3, MODE9B = 3, MODE10A = 1, MODE10B = 1, GLOBAL_KP = 255, GLOBAL_KI = 255 : NULL : WAIT = 0.5
00038 Command = 0, MODE8A = 0, MODE8B = 0, MODE9A = 0, MODE9B = 0, MODE10A = 0, MODE10B = 0, GLOBAL_KP = 0, GLOBAL_KI = 0 : NULL
00039 Command = 82, FaultReset = 1, SaveSettings = 1, Enable_DPLTx = 1, Enable_DPLF1 = 1, Enable_DPLF2 = 1 : NULL : WAIT = 0.5
00040 #clear multiplex
00040 Command = 0, FaultReset = 0, SaveSettings = 0, Enable_DPLTx = 0, Enable_DPLF1 = 0, Enable_DPLF2 = 0 : NULL
00041 #switch input to load line
00041 J2_03 = 1 : NULL : WAIT = 0.1
00042 
00042 
00042 #Sweep of Port_3A from 5000 to 20000 in 5000 increments
00042 
00042 #test ammmeter
00042 #test feedback
00042 NULL : Port_3A = 5.0 | 0.155 | 0.1
00042 TEST: Port_3A 5.0 +/- 0.155
00042 PASS: Port_3A 4.987
00043 
00043 #Finished with port
00043 #switch out input
00043 J2_03 = 0 : NULL : WAIT = 0.2
00044 
00044 METER_MODE = 1 : NULL : WAIT = 0.2
00045 #-----setup 39009-----
00045 #configure as Output Digital ON/OFF
00045 Command = 82, MODE1 = 0, MODE2 = 0, Enable_24VDC = 0, ADRaw = 0 : NULL : WAIT = 0.5
00046 Command = 83, MODE1A = 3, MODE1B = 3, MODE2A = 1, MODE2B = 1, MODE3A = 3, MODE3B = 3, MODE4A = 1, MODE4B = 1, MODE5A = 3, MODE5B = 3, MODE6A = 1, MODE6B = 1, MODE7A = 3, MODE7B = 3 : NULL : WAIT = 0.5
00047 Command = 0, MODE1A = 0, MODE1B = 0, MODE2A = 0, MODE2B = 0, MODE3A = 0, MODE3B = 0, MODE4A = 0, MODE4B = 0, MODE5A = 0, MODE5B = 0, MODE6A = 0, MODE6B = 0, MODE7A = 0, MODE7B = 0 : NULL
00048 Command = 84, MODE8A = 1, MODE8B = 1, MODE9A = 3, MODE9B = 3, MODE10A = 1, MODE10B = 1, GLOBAL_KP = 255, GLOBAL_KI = 255 : NULL : WAIT = 0.5
00049 Command = 0, MODE8A = 0, MODE8B = 0, MODE9A = 0, MODE9B = 0, MODE10A = 0, MODE10B = 0, GLOBAL_KP = 0, GLOBAL_KI = 0 : NULL
00050 Command = 82, FaultReset = 1, SaveSettings = 1, Enable_DPLTx = 1, Enable_DPLF1 = 1, Enable_DPLF2 = 1 : NULL : WAIT = 0.5
00051 #clear multiplex
00051 Command = 0, FaultReset = 0, SaveSettings = 0, Enable_DPLTx = 0, Enable_DPLF1 = 0, Enable_DPLF2 = 0 : NULL
00052 #switch input to load line
00052 J2_04 = 1 : NULL : WAIT = 0.1
00053 
00053 
00053 #Sweep of Port_3B from 5000 to 20000 in 5000 increments
00053 
00053 #test ammmeter
00053 #test feedback
00053 NULL : Port_3B = 5.0 | 0.155 | 0.1
00053 TEST: Port_3B 5.0 +/- 0.155
00053 PASS: Port_3B 4.987
00054 
00054 #Finished with port
00054 #switch out input
00054 J2_04 = 0 : NULL : WAIT = 0.2
00055 
00055 METER_MODE = 1 : NULL : WAIT = 0.2
00056 #-----setup 39009-----
00056 #configure as Output Digital ON/OFF
00056 Command = 82, MODE1 = 0, MODE2 = 0, Enable_24VDC = 0, ADRaw = 0 : NULL : WAIT = 0.5
00057 Command = 83, MODE1A = 3, MODE1B = 3, MODE2A = 1, MODE2B = 1, MODE3A = 3, MODE3B = 3, MODE4A = 1, MODE4B = 1, MODE5A = 3, MODE5B = 3, MODE6A = 1, MODE6B = 1, MODE7A = 3, MODE7B = 3 : NULL : WAIT = 0.5
00058 Command = 0, MODE1A = 0, MODE1B = 0, MODE2A = 0, MODE2B = 0, MODE3A = 0, MODE3B = 0, MODE4A = 0, MODE4B = 0, MODE5A = 0, MODE5B = 0, MODE6A = 0, MODE6B = 0, MODE7A = 0, MODE7B = 0 : NULL
00059 Command = 84, MODE8A = 1, MODE8B = 1, MODE9A = 3, MODE9B = 3, MODE10A = 1, MODE10B = 1, GLOBAL_KP = 255, GLOBAL_KI = 255 : NULL : WAIT = 0.5
00060 Command = 0, MODE8A = 0, MODE8B = 0, MODE9A = 0, MODE9B = 0, MODE10A = 0, MODE10B = 0, GLOBAL_KP = 0, GLOBAL_KI = 0 : NULL
00061 Command = 82, FaultReset = 1, SaveSettings = 1, Enable_DPLTx = 1, Enable_DPLF1 = 1, Enable_DPLF2 = 1 : NULL : WAIT = 0.5
00062 #clear multiplex
00062 Command = 0, FaultReset = 0, SaveSettings = 0, Enable_DPLTx = 0, Enable_DPLF1 = 0, Enable_DPLF2 = 0 : NULL
00063 #switch input to load line
00063 J2_05 = 1 : NULL : WAIT = 0.1
00064 
00064 
00064 #Sweep of Port_5A from 5000 to 20000 in 5000 increments
00064 
00064 #test ammmeter
00064 #test feedback
00064 NULL : Port_5A = 5.0 | 0.155 | 0.1
00064 TEST: Port_5A 5.0 +/- 0.155
00064 PASS: Port_5A 4.993
00065 
00065 #Finished with port
00065 #switch out input
00065 J2_05 = 0 : NULL : WAIT = 0.2
00066 
00066 METER_MODE = 1 : NULL : WAIT = 0.2
00067 #-----setup 39009-----
00067 #configure as Output Digital ON/OFF
00067 Command = 82, MODE1 = 0, MODE2 = 0, Enable_24VDC = 0, ADRaw = 0 : NULL : WAIT = 0.5
00068 Command = 83, MODE1A = 3, MODE1B = 3, MODE2A = 1, MODE2B = 1, MODE3A = 3, MODE3B = 3, MODE4A = 1, MODE4B = 1, MODE5A = 3, MODE5B = 3, MODE6A = 1, MODE6B = 1, MODE7A = 3, MODE7B = 3 : NULL : WAIT = 0.5
00069 Command = 0, MODE1A = 0, MODE1B = 0, MODE2A = 0, MODE2B = 0, MODE3A = 0, MODE3B = 0, MODE4A = 0, MODE4B = 0, MODE5A = 0, MODE5B = 0, MODE6A = 0, MODE6B = 0, MODE7A = 0, MODE7B = 0 : NULL
00070 Command = 84, MODE8A = 1, MODE8B = 1, MODE9A = 3, MODE9B = 3, MODE10A = 1, MODE10B = 1, GLOBAL_KP = 255, GLOBAL_KI = 255 : NULL : WAIT = 0.5
00071 Command = 0, MODE8A = 0, MODE8B = 0, MODE9A = 0, MODE9B = 0, MODE10A = 0, MODE10B = 0, GLOBAL_KP = 0, GLOBAL_KI = 0 : NULL
00072 Command = 82, FaultReset = 1, SaveSettings = 1, Enable_DPLTx = 1, Enable_DPLF1 = 1, Enable_DPLF2 = 1 : NULL : WAIT = 0.5
00073 #clear multiplex
00073 Command = 0, FaultReset = 0, SaveSettings = 0, Enable_DPLTx = 0, Enable_DPLF1 = 0, Enable_DPLF2 = 0 : NULL
00074 #switch input to load line
00074 J2_06 = 1 : NULL : WAIT = 0.1
00075 
00075 
00075 #Sweep of Port_5B from 5000 to 20000 in 5000 increments
00075 
00075 #test ammmeter
00075 #test feedback
00075 NULL : Port_5B = 5.0 | 0.155 | 0.1
00075 TEST: Port_5B 5.0 +/- 0.155
00075 PASS: Port_5B 4.993
00076 
00076 #Finished with port
00076 #switch out input
00076 J2_06 = 0 : NULL : WAIT = 0.2
00077 
00077 METER_MODE = 1 : NULL : WAIT = 0.2
00078 #-----setup 39009-----
00078 #configure as Output Digital ON/OFF
00078 Command = 82, MODE1 = 0, MODE2 = 0, Enable_24VDC = 0, ADRaw = 0 : NULL : WAIT = 0.5
00079 Command = 83, MODE1A = 3, MODE1B = 3, MODE2A = 1, MODE2B = 1, MODE3A = 3, MODE3B = 3, MODE4A = 1, MODE4B = 1, MODE5A = 3, MODE5B = 3, MODE6A = 1, MODE6B = 1, MODE7A = 3, MODE7B = 3 : NULL : WAIT = 0.5
00080 Command = 0, MODE1A = 0, MODE1B = 0, MODE2A = 0, MODE2B = 0, MODE3A = 0, MODE3B = 0, MODE4A = 0, MODE4B = 0, MODE5A = 0, MODE5B = 0, MODE6A = 0, MODE6B = 0, MODE7A = 0, MODE7B = 0 : NULL
00081 Command = 84, MODE8A = 1, MODE8B = 1, MODE9A = 3, MODE9B = 3, MODE10A = 1, MODE10B = 1, GLOBAL_KP = 255, GLOBAL_KI = 255 : NULL : WAIT = 0.5
00082 Command = 0, MODE8A = 0, MODE8B = 0, MODE9A = 0, MODE9B = 0, MODE10A = 0, MODE10B = 0, GLOBAL_KP = 0, GLOBAL_KI = 0 : NULL
00083 Command = 82, FaultReset = 1, SaveSettings = 1, Enable_DPLTx = 1, Enable_DPLF1 = 1, Enable_DPLF2 = 1 : NULL : WAIT = 0.5
00084 #clear multiplex
00084 Command = 0, FaultReset = 0, SaveSettings = 0, Enable_DPLTx = 0, Enable_DPLF1 = 0, Enable_DPLF2 = 0 : NULL
00085 #switch input to load line
00085 J2_07 = 1 : NULL : WAIT = 0.1
00086 
00086 
00086 #Sweep of Port_7A from 5000 to 20000 in 5000 increments
00086 
00086 #test ammmeter
00086 #test feedback
00086 NULL : Port_7A = 5.0 | 0.155 | 0.1
00086 TEST: Port_7A 5.0 +/- 0.155
00086 PASS: Port_7A 4.993
00087 
00087 #Finished with port
00087 #switch out input
00087 J2_07 = 0 : NULL : WAIT = 0.2
00088 
00088 METER_MODE = 1 : NULL : WAIT = 0.2
00089 #-----setup 39009-----
00089 #configure as Output Digital ON/OFF
00089 Command = 82, MODE1 = 0, MODE2 = 0, Enable_24VDC = 0, ADRaw = 0 : NULL : WAIT = 0.5
00090 Command = 83, MODE1A = 3, MODE1B = 3, MODE2A = 1, MODE2B = 1, MODE3A = 3, MODE3B = 3, MODE4A = 1, MODE4B = 1, MODE5A = 3, MODE5B = 3, MODE6A = 1, MODE6B = 1, MODE7A = 3, MODE7B = 3 : NULL : WAIT = 0.5
00091 Command = 0, MODE1A = 0, MODE1B = 0, MODE2A = 0, MODE2B = 0, MODE3A = 0, MODE3B = 0, MODE4A = 0, MODE4B = 0, MODE5A = 0, MODE5B = 0, MODE6A = 0, MODE6B = 0, MODE7A = 0, MODE7B = 0 : NULL
00092 Command = 84, MODE8A = 1, MODE8B = 1, MODE9A = 3, MODE9B = 3, MODE10A = 1, MODE10B = 1, GLOBAL_KP = 255, GLOBAL_KI = 255 : NULL : WAIT = 0.5
00093 Command = 0, MODE8A = 0, MODE8B = 0, MODE9A = 0, MODE9B = 0, MODE10A = 0, MODE10B = 0, GLOBAL_KP = 0, GLOBAL_KI = 0 : NULL
00094 Command = 82, FaultReset = 1, SaveSettings = 1, Enable_DPLTx = 1, Enable_DPLF1 = 1, Enable_DPLF2 = 1 : NULL : WAIT = 0.5
00095 #clear multiplex
00095 Command = 0, FaultReset = 0, SaveSettings = 0, Enable_DPLTx = 0, Enable_DPLF1 = 0, Enable_DPLF2 = 0 : NULL
00096 #switch input to load line
00096 J2_08 = 1 : NULL : WAIT = 0.1
00097 
00097 
00097 #Sweep of Port_7B from 5000 to 20000 in 5000 increments
00097 
00097 #test ammmeter
00097 #test feedback
00097 NULL : Port_7B = 5.0 | 0.155 | 0.1
00097 TEST: Port_7B 5.0 +/- 0.155
00097 PASS: Port_7B 5.0
00098 
00098 #Finished with port
00098 #switch out input
00098 J2_08 = 0 : NULL : WAIT = 0.2
00099 
00099 METER_MODE = 1 : NULL : WAIT = 0.2
00100 #-----setup 39009-----
00100 #configure as Output Digital ON/OFF
00100 Command = 82, MODE1 = 0, MODE2 = 0, Enable_24VDC = 0, ADRaw = 0 : NULL : WAIT = 0.5
00101 Command = 83, MODE1A = 3, MODE1B = 3, MODE2A = 1, MODE2B = 1, MODE3A = 3, MODE3B = 3, MODE4A = 1, MODE4B = 1, MODE5A = 3, MODE5B = 3, MODE6A = 1, MODE6B = 1, MODE7A = 3, MODE7B = 3 : NULL : WAIT = 0.5
00102 Command = 0, MODE1A = 0, MODE1B = 0, MODE2A = 0, MODE2B = 0, MODE3A = 0, MODE3B = 0, MODE4A = 0, MODE4B = 0, MODE5A = 0, MODE5B = 0, MODE6A = 0, MODE6B = 0, MODE7A = 0, MODE7B = 0 : NULL
00103 Command = 84, MODE8A = 1, MODE8B = 1, MODE9A = 3, MODE9B = 3, MODE10A = 1, MODE10B = 1, GLOBAL_KP = 255, GLOBAL_KI = 255 : NULL : WAIT = 0.5
00104 Command = 0, MODE8A = 0, MODE8B = 0, MODE9A = 0, MODE9B = 0, MODE10A = 0, MODE10B = 0, GLOBAL_KP = 0, GLOBAL_KI = 0 : NULL
00105 Command = 82, FaultReset = 1, SaveSettings = 1, Enable_DPLTx = 1, Enable_DPLF1 = 1, Enable_DPLF2 = 1 : NULL : WAIT = 0.5
00106 #clear multiplex
00106 Command = 0, FaultReset = 0, SaveSettings = 0, Enable_DPLTx = 0, Enable_DPLF1 = 0, Enable_DPLF2 = 0 : NULL
00107 #switch input to load line
00107 J2_09 = 1 : NULL : WAIT = 0.1
00108 
00108 
00108 #Sweep of Port_9A from 5000 to 20000 in 5000 increments
00108 
00108 #test ammmeter
00108 #test feedback
00108 NULL : Port_9A = 5.0 | 0.155 | 0.1
00108 TEST: Port_9A 5.0 +/- 0.155
00108 PASS: Port_9A 4.993
00109 
00109 #Finished with port
00109 #switch out input
00109 J2_09 = 0 : NULL : WAIT = 0.2
00110 
00110 METER_MODE = 1 : NULL : WAIT = 0.2
00111 #-----setup 39009-----
00111 #configure as Output Digital ON/OFF
00111 Command = 82, MODE1 = 0, MODE2 = 0, Enable_24VDC = 0, ADRaw = 0 : NULL : WAIT = 0.5
00112 Command = 83, MODE1A = 3, MODE1B = 3, MODE2A = 1, MODE2B = 1, MODE3A = 3, MODE3B = 3, MODE4A = 1, MODE4B = 1, MODE5A = 3, MODE5B = 3, MODE6A = 1, MODE6B = 1, MODE7A = 3, MODE7B = 3 : NULL : WAIT = 0.5
00113 Command = 0, MODE1A = 0, MODE1B = 0, MODE2A = 0, MODE2B = 0, MODE3A = 0, MODE3B = 0, MODE4A = 0, MODE4B = 0, MODE5A = 0, MODE5B = 0, MODE6A = 0, MODE6B = 0, MODE7A = 0, MODE7B = 0 : NULL
00114 Command = 84, MODE8A = 1, MODE8B = 1, MODE9A = 3, MODE9B = 3, MODE10A = 1, MODE10B = 1, GLOBAL_KP = 255, GLOBAL_KI = 255 : NULL : WAIT = 0.5
00115 Command = 0, MODE8A = 0, MODE8B = 0, MODE9A = 0, MODE9B = 0, MODE10A = 0, MODE10B = 0, GLOBAL_KP = 0, GLOBAL_KI = 0 : NULL
00116 Command = 82, FaultReset = 1, SaveSettings = 1, Enable_DPLTx = 1, Enable_DPLF1 = 1, Enable_DPLF2 = 1 : NULL : WAIT = 0.5
00117 #clear multiplex
00117 Command = 0, FaultReset = 0, SaveSettings = 0, Enable_DPLTx = 0, Enable_DPLF1 = 0, Enable_DPLF2 = 0 : NULL
00118 #switch input to load line
00118 J2_10 = 1 : NULL : WAIT = 0.1
00119 
00119 
00119 #Sweep of Port_9B from 5000 to 20000 in 5000 increments
00119 
00119 #test ammmeter
00119 #test feedback
00119 NULL : Port_9B = 5.0 | 0.155 | 0.1
00119 TEST: Port_9B 5.0 +/- 0.155
00119 PASS: Port_9B 4.987
00120 
00120 #Finished with port
00120 #switch out input
00120 J2_10 = 0 : NULL : WAIT = 0.2
00121 
00121 #promp user
00121 PAUSE- SET GEN TO 10000ma
00121 METER_MODE = 1 : NULL : WAIT = 0.2
00122 #-----setup 39009-----
00122 #configure as Output Digital ON/OFF
00122 Command = 82, MODE1 = 0, MODE2 = 0, Enable_24VDC = 0, ADRaw = 0 : NULL : WAIT = 0.5
00123 Command = 83, MODE1A = 3, MODE1B = 3, MODE2A = 1, MODE2B = 1, MODE3A = 3, MODE3B = 3, MODE4A = 1, MODE4B = 1, MODE5A = 3, MODE5B = 3, MODE6A = 1, MODE6B = 1, MODE7A = 3, MODE7B = 3 : NULL : WAIT = 0.5
00124 Command = 0, MODE1A = 0, MODE1B = 0, MODE2A = 0, MODE2B = 0, MODE3A = 0, MODE3B = 0, MODE4A = 0, MODE4B = 0, MODE5A = 0, MODE5B = 0, MODE6A = 0, MODE6B = 0, MODE7A = 0, MODE7B = 0 : NULL
00125 Command = 84, MODE8A = 1, MODE8B = 1, MODE9A = 3, MODE9B = 3, MODE10A = 1, MODE10B = 1, GLOBAL_KP = 255, GLOBAL_KI = 255 : NULL : WAIT = 0.5
00126 Command = 0, MODE8A = 0, MODE8B = 0, MODE9A = 0, MODE9B = 0, MODE10A = 0, MODE10B = 0, GLOBAL_KP = 0, GLOBAL_KI = 0 : NULL
00127 Command = 82, FaultReset = 1, SaveSettings = 1, Enable_DPLTx = 1, Enable_DPLF1 = 1, Enable_DPLF2 = 1 : NULL : WAIT = 0.5
00128 #clear multiplex
00128 Command = 0, FaultReset = 0, SaveSettings = 0, Enable_DPLTx = 0, Enable_DPLF1 = 0, Enable_DPLF2 = 0 : NULL
00129 #switch input to load line
00129 J2_01 = 1 : NULL : WAIT = 0.1
00130 
00130 
00130 #Sweep of Port_1A from 5000 to 20000 in 5000 increments
00130 
00130 #test ammmeter
00130 #test feedback
00130 NULL : Port_1A = 10.0 | 0.155 | 0.1
00130 TEST: Port_1A 10.0 +/- 0.155
00130 PASS: Port_1A 9.975
00131 
00131 #Finished with port
00131 #switch out input
00131 J2_01 = 0 : NULL : WAIT = 0.2
00132 
00132 METER_MODE = 1 : NULL : WAIT = 0.2
00133 #-----setup 39009-----
00133 #configure as Output Digital ON/OFF
00133 Command = 82, MODE1 = 0, MODE2 = 0, Enable_24VDC = 0, ADRaw = 0 : NULL : WAIT = 0.5
00134 Command = 83, MODE1A = 3, MODE1B = 3, MODE2A = 1, MODE2B = 1, MODE3A = 3, MODE3B = 3, MODE4A = 1, MODE4B = 1, MODE5A = 3, MODE5B = 3, MODE6A = 1, MODE6B = 1, MODE7A = 3, MODE7B = 3 : NULL : WAIT = 0.5
00135 Command = 0, MODE1A = 0, MODE1B = 0, MODE2A = 0, MODE2B = 0, MODE3A = 0, MODE3B = 0, MODE4A = 0, MODE4B = 0, MODE5A = 0, MODE5B = 0, MODE6A = 0, MODE6B = 0, MODE7A = 0, MODE7B = 0 : NULL
00136 Command = 84, MODE8A = 1, MODE8B = 1, MODE9A = 3, MODE9B = 3, MODE10A = 1, MODE10B = 1, GLOBAL_KP = 255, GLOBAL_KI = 255 : NULL : WAIT = 0.5
00137 Command = 0, MODE8A = 0, MODE8B = 0, MODE9A = 0, MODE9B = 0, MODE10A = 0, MODE10B = 0, GLOBAL_KP = 0, GLOBAL_KI = 0 : NULL
00138 Command = 82, FaultReset = 1, SaveSettings = 1, Enable_DPLTx = 1, Enable_DPLF1 = 1, Enable_DPLF2 = 1 : NULL : WAIT = 0.5
00139 #clear multiplex
00139 Command = 0, FaultReset = 0, SaveSettings = 0, Enable_DPLTx = 0, Enable_DPLF1 = 0, Enable_DPLF2 = 0 : NULL
00140 #switch input to load line
00140 J2_02 = 1 : NULL : WAIT = 0.1
00141 
00141 
00141 #Sweep of Port_1B from 5000 to 20000 in 5000 increments
00141 
00141 #test ammmeter
00141 #test feedback
00141 NULL : Port_1B = 10.0 | 0.155 | 0.1
00141 TEST: Port_1B 10.0 +/- 0.155
00141 PASS: Port_1B 9.938
00142 
00142 #Finished with port
00142 #switch out input
00142 J2_02 = 0 : NULL : WAIT = 0.2
00143 
00143 METER_MODE = 1 : NULL : WAIT = 0.2
00144 #-----setup 39009-----
00144 #configure as Output Digital ON/OFF
00144 Command = 82, MODE1 = 0, MODE2 = 0, Enable_24VDC = 0, ADRaw = 0 : NULL : WAIT = 0.5
00145 Command = 83, MODE1A = 3, MODE1B = 3, MODE2A = 1, MODE2B = 1, MODE3A = 3, MODE3B = 3, MODE4A = 1, MODE4B = 1, MODE5A = 3, MODE5B = 3, MODE6A = 1, MODE6B = 1, MODE7A = 3, MODE7B = 3 : NULL : WAIT = 0.5
00146 Command = 0, MODE1A = 0, MODE1B = 0, MODE2A = 0, MODE2B = 0, MODE3A = 0, MODE3B = 0, MODE4A = 0, MODE4B = 0, MODE5A = 0, MODE5B = 0, MODE6A = 0, MODE6B = 0, MODE7A = 0, MODE7B = 0 : NULL
00147 Command = 84, MODE8A = 1, MODE8B = 1, MODE9A = 3, MODE9B = 3, MODE10A = 1, MODE10B = 1, GLOBAL_KP = 255, GLOBAL_KI = 255 : NULL : WAIT = 0.5
00148 Command = 0, MODE8A = 0, MODE8B = 0, MODE9A = 0, MODE9B = 0, MODE10A = 0, MODE10B = 0, GLOBAL_KP = 0, GLOBAL_KI = 0 : NULL
00149 Command = 82, FaultReset = 1, SaveSettings = 1, Enable_DPLTx = 1, Enable_DPLF1 = 1, Enable_DPLF2 = 1 : NULL : WAIT = 0.5
00150 #clear multiplex
00150 Command = 0, FaultReset = 0, SaveSettings = 0, Enable_DPLTx = 0, Enable_DPLF1 = 0, Enable_DPLF2 = 0 : NULL
00151 #switch input to load line
00151 J2_03 = 1 : NULL : WAIT = 0.1
00152 
00152 
00152 #Sweep of Port_3A from 5000 to 20000 in 5000 increments
00152 
00152 #test ammmeter
00152 #test feedback
00152 NULL : Port_3A = 10.0 | 0.155 | 0.1
00152 TEST: Port_3A 10.0 +/- 0.155
00152 PASS: Port_3A 9.981
00153 
00153 #Finished with port
00153 #switch out input
00153 J2_03 = 0 : NULL : WAIT = 0.2
00154 
00154 METER_MODE = 1 : NULL : WAIT = 0.2
00155 #-----setup 39009-----
00155 #configure as Output Digital ON/OFF
00155 Command = 82, MODE1 = 0, MODE2 = 0, Enable_24VDC = 0, ADRaw = 0 : NULL : WAIT = 0.5
00156 Command = 83, MODE1A = 3, MODE1B = 3, MODE2A = 1, MODE2B = 1, MODE3A = 3, MODE3B = 3, MODE4A = 1, MODE4B = 1, MODE5A = 3, MODE5B = 3, MODE6A = 1, MODE6B = 1, MODE7A = 3, MODE7B = 3 : NULL : WAIT = 0.5
00157 Command = 0, MODE1A = 0, MODE1B = 0, MODE2A = 0, MODE2B = 0, MODE3A = 0, MODE3B = 0, MODE4A = 0, MODE4B = 0, MODE5A = 0, MODE5B = 0, MODE6A = 0, MODE6B = 0, MODE7A = 0, MODE7B = 0 : NULL
00158 Command = 84, MODE8A = 1, MODE8B = 1, MODE9A = 3, MODE9B = 3, MODE10A = 1, MODE10B = 1, GLOBAL_KP = 255, GLOBAL_KI = 255 : NULL : WAIT = 0.5
00159 Command = 0, MODE8A = 0, MODE8B = 0, MODE9A = 0, MODE9B = 0, MODE10A = 0, MODE10B = 0, GLOBAL_KP = 0, GLOBAL_KI = 0 : NULL
00160 Command = 82, FaultReset = 1, SaveSettings = 1, Enable_DPLTx = 1, Enable_DPLF1 = 1, Enable_DPLF2 = 1 : NULL : WAIT = 0.5
00161 #clear multiplex
00161 Command = 0, FaultReset = 0, SaveSettings = 0, Enable_DPLTx = 0, Enable_DPLF1 = 0, Enable_DPLF2 = 0 : NULL
00162 #switch input to load line
00162 J2_04 = 1 : NULL : WAIT = 0.1
00163 
00163 
00163 #Sweep of Port_3B from 5000 to 20000 in 5000 increments
00163 
00163 #test ammmeter
00163 #test feedback
00163 NULL : Port_3B = 10.0 | 0.155 | 0.1
00163 TEST: Port_3B 10.0 +/- 0.155
00163 PASS: Port_3B 9.981
00164 
00164 #Finished with port
00164 #switch out input
00164 J2_04 = 0 : NULL : WAIT = 0.2
00165 
00165 METER_MODE = 1 : NULL : WAIT = 0.2
00166 #-----setup 39009-----
00166 #configure as Output Digital ON/OFF
00166 Command = 82, MODE1 = 0, MODE2 = 0, Enable_24VDC = 0, ADRaw = 0 : NULL : WAIT = 0.5
00167 Command = 83, MODE1A = 3, MODE1B = 3, MODE2A = 1, MODE2B = 1, MODE3A = 3, MODE3B = 3, MODE4A = 1, MODE4B = 1, MODE5A = 3, MODE5B = 3, MODE6A = 1, MODE6B = 1, MODE7A = 3, MODE7B = 3 : NULL : WAIT = 0.5
00168 Command = 0, MODE1A = 0, MODE1B = 0, MODE2A = 0, MODE2B = 0, MODE3A = 0, MODE3B = 0, MODE4A = 0, MODE4B = 0, MODE5A = 0, MODE5B = 0, MODE6A = 0, MODE6B = 0, MODE7A = 0, MODE7B = 0 : NULL
00169 Command = 84, MODE8A = 1, MODE8B = 1, MODE9A = 3, MODE9B = 3, MODE10A = 1, MODE10B = 1, GLOBAL_KP = 255, GLOBAL_KI = 255 : NULL : WAIT = 0.5
00170 Command = 0, MODE8A = 0, MODE8B = 0, MODE9A = 0, MODE9B = 0, MODE10A = 0, MODE10B = 0, GLOBAL_KP = 0, GLOBAL_KI = 0 : NULL
00171 Command = 82, FaultReset = 1, SaveSettings = 1, Enable_DPLTx = 1, Enable_DPLF1 = 1, Enable_DPLF2 = 1 : NULL : WAIT = 0.5
00172 #clear multiplex
00172 Command = 0, FaultReset = 0, SaveSettings = 0, Enable_DPLTx = 0, Enable_DPLF1 = 0, Enable_DPLF2 = 0 : NULL
00173 #switch input to load line
00173 J2_05 = 1 : NULL : WAIT = 0.1
00174 
00174 
00174 #Sweep of Port_5A from 5000 to 20000 in 5000 increments
00174 
00174 #test ammmeter
00174 #test feedback
00174 NULL : Port_5A = 10.0 | 0.155 | 0.1
00174 TEST: Port_5A 10.0 +/- 0.155
00174 PASS: Port_5A 9.993
00175 
00175 #Finished with port
00175 #switch out input
00175 J2_05 = 0 : NULL : WAIT = 0.2
00176 
00176 METER_MODE = 1 : NULL : WAIT = 0.2
00177 #-----setup 39009-----
00177 #configure as Output Digital ON/OFF
00177 Command = 82, MODE1 = 0, MODE2 = 0, Enable_24VDC = 0, ADRaw = 0 : NULL : WAIT = 0.5
00178 Command = 83, MODE1A = 3, MODE1B = 3, MODE2A = 1, MODE2B = 1, MODE3A = 3, MODE3B = 3, MODE4A = 1, MODE4B = 1, MODE5A = 3, MODE5B = 3, MODE6A = 1, MODE6B = 1, MODE7A = 3, MODE7B = 3 : NULL : WAIT = 0.5
00179 Command = 0, MODE1A = 0, MODE1B = 0, MODE2A = 0, MODE2B = 0, MODE3A = 0, MODE3B = 0, MODE4A = 0, MODE4B = 0, MODE5A = 0, MODE5B = 0, MODE6A = 0, MODE6B = 0, MODE7A = 0, MODE7B = 0 : NULL
00180 Command = 84, MODE8A = 1, MODE8B = 1, MODE9A = 3, MODE9B = 3, MODE10A = 1, MODE10B = 1, GLOBAL_KP = 255, GLOBAL_KI = 255 : NULL : WAIT = 0.5
00181 Command = 0, MODE8A = 0, MODE8B = 0, MODE9A = 0, MODE9B = 0, MODE10A = 0, MODE10B = 0, GLOBAL_KP = 0, GLOBAL_KI = 0 : NULL
00182 Command = 82, FaultReset = 1, SaveSettings = 1, Enable_DPLTx = 1, Enable_DPLF1 = 1, Enable_DPLF2 = 1 : NULL : WAIT = 0.5
00183 #clear multiplex
00183 Command = 0, FaultReset = 0, SaveSettings = 0, Enable_DPLTx = 0, Enable_DPLF1 = 0, Enable_DPLF2 = 0 : NULL
00184 #switch input to load line
00184 J2_06 = 1 : NULL : WAIT = 0.1
00185 
00185 
00185 #Sweep of Port_5B from 5000 to 20000 in 5000 increments
00185 
00185 #test ammmeter
00185 #test feedback
00185 NULL : Port_5B = 10.0 | 0.155 | 0.1
00185 TEST: Port_5B 10.0 +/- 0.155
00185 PASS: Port_5B 9.987
00186 
00186 #Finished with port
00186 #switch out input
00186 J2_06 = 0 : NULL : WAIT = 0.2
00187 
00187 METER_MODE = 1 : NULL : WAIT = 0.2
00188 #-----setup 39009-----
00188 #configure as Output Digital ON/OFF
00188 Command = 82, MODE1 = 0, MODE2 = 0, Enable_24VDC = 0, ADRaw = 0 : NULL : WAIT = 0.5
00189 Command = 83, MODE1A = 3, MODE1B = 3, MODE2A = 1, MODE2B = 1, MODE3A = 3, MODE3B = 3, MODE4A = 1, MODE4B = 1, MODE5A = 3, MODE5B = 3, MODE6A = 1, MODE6B = 1, MODE7A = 3, MODE7B = 3 : NULL : WAIT = 0.5
00190 Command = 0, MODE1A = 0, MODE1B = 0, MODE2A = 0, MODE2B = 0, MODE3A = 0, MODE3B = 0, MODE4A = 0, MODE4B = 0, MODE5A = 0, MODE5B = 0, MODE6A = 0, MODE6B = 0, MODE7A = 0, MODE7B = 0 : NULL
00191 Command = 84, MODE8A = 1, MODE8B = 1, MODE9A = 3, MODE9B = 3, MODE10A = 1, MODE10B = 1, GLOBAL_KP = 255, GLOBAL_KI = 255 : NULL : WAIT = 0.5
00192 Command = 0, MODE8A = 0, MODE8B = 0, MODE9A = 0, MODE9B = 0, MODE10A = 0, MODE10B = 0, GLOBAL_KP = 0, GLOBAL_KI = 0 : NULL
00193 Command = 82, FaultReset = 1, SaveSettings = 1, Enable_DPLTx = 1, Enable_DPLF1 = 1, Enable_DPLF2 = 1 : NULL : WAIT = 0.5
00194 #clear multiplex
00194 Command = 0, FaultReset = 0, SaveSettings = 0, Enable_DPLTx = 0, Enable_DPLF1 = 0, Enable_DPLF2 = 0 : NULL
00195 #switch input to load line
00195 J2_07 = 1 : NULL : WAIT = 0.1
00196 
00196 
00196 #Sweep of Port_7A from 5000 to 20000 in 5000 increments
00196 
00196 #test ammmeter
00196 #test feedback
00196 NULL : Port_7A = 10.0 | 0.155 | 0.1
00196 TEST: Port_7A 10.0 +/- 0.155
00196 PASS: Port_7A 9.993
00197 
00197 #Finished with port
00197 #switch out input
00197 J2_07 = 0 : NULL : WAIT = 0.2
00198 
00198 METER_MODE = 1 : NULL : WAIT = 0.2
00199 #-----setup 39009-----
00199 #configure as Output Digital ON/OFF
00199 Command = 82, MODE1 = 0, MODE2 = 0, Enable_24VDC = 0, ADRaw = 0 : NULL : WAIT = 0.5
00200 Command = 83, MODE1A = 3, MODE1B = 3, MODE2A = 1, MODE2B = 1, MODE3A = 3, MODE3B = 3, MODE4A = 1, MODE4B = 1, MODE5A = 3, MODE5B = 3, MODE6A = 1, MODE6B = 1, MODE7A = 3, MODE7B = 3 : NULL : WAIT = 0.5
00201 Command = 0, MODE1A = 0, MODE1B = 0, MODE2A = 0, MODE2B = 0, MODE3A = 0, MODE3B = 0, MODE4A = 0, MODE4B = 0, MODE5A = 0, MODE5B = 0, MODE6A = 0, MODE6B = 0, MODE7A = 0, MODE7B = 0 : NULL
00202 Command = 84, MODE8A = 1, MODE8B = 1, MODE9A = 3, MODE9B = 3, MODE10A = 1, MODE10B = 1, GLOBAL_KP = 255, GLOBAL_KI = 255 : NULL : WAIT = 0.5
00203 Command = 0, MODE8A = 0, MODE8B = 0, MODE9A = 0, MODE9B = 0, MODE10A = 0, MODE10B = 0, GLOBAL_KP = 0, GLOBAL_KI = 0 : NULL
00204 Command = 82, FaultReset = 1, SaveSettings = 1, Enable_DPLTx = 1, Enable_DPLF1 = 1, Enable_DPLF2 = 1 : NULL : WAIT = 0.5
00205 #clear multiplex
00205 Command = 0, FaultReset = 0, SaveSettings = 0, Enable_DPLTx = 0, Enable_DPLF1 = 0, Enable_DPLF2 = 0 : NULL
00206 #switch input to load line
00206 J2_08 = 1 : NULL : WAIT = 0.1
00207 
00207 
00207 #Sweep of Port_7B from 5000 to 20000 in 5000 increments
00207 
00207 #test ammmeter
00207 #test feedback
00207 NULL : Port_7B = 10.0 | 0.155 | 0.1
00207 TEST: Port_7B 10.0 +/- 0.155
00207 PASS: Port_7B 9.993
00208 
00208 #Finished with port
00208 #switch out input
00208 J2_08 = 0 : NULL : WAIT = 0.2
00209 
00209 METER_MODE = 1 : NULL : WAIT = 0.2
00210 #-----setup 39009-----
00210 #configure as Output Digital ON/OFF
00210 Command = 82, MODE1 = 0, MODE2 = 0, Enable_24VDC = 0, ADRaw = 0 : NULL : WAIT = 0.5
00211 Command = 83, MODE1A = 3, MODE1B = 3, MODE2A = 1, MODE2B = 1, MODE3A = 3, MODE3B = 3, MODE4A = 1, MODE4B = 1, MODE5A = 3, MODE5B = 3, MODE6A = 1, MODE6B = 1, MODE7A = 3, MODE7B = 3 : NULL : WAIT = 0.5
00212 Command = 0, MODE1A = 0, MODE1B = 0, MODE2A = 0, MODE2B = 0, MODE3A = 0, MODE3B = 0, MODE4A = 0, MODE4B = 0, MODE5A = 0, MODE5B = 0, MODE6A = 0, MODE6B = 0, MODE7A = 0, MODE7B = 0 : NULL
00213 Command = 84, MODE8A = 1, MODE8B = 1, MODE9A = 3, MODE9B = 3, MODE10A = 1, MODE10B = 1, GLOBAL_KP = 255, GLOBAL_KI = 255 : NULL : WAIT = 0.5
00214 Command = 0, MODE8A = 0, MODE8B = 0, MODE9A = 0, MODE9B = 0, MODE10A = 0, MODE10B = 0, GLOBAL_KP = 0, GLOBAL_KI = 0 : NULL
00215 Command = 82, FaultReset = 1, SaveSettings = 1, Enable_DPLTx = 1, Enable_DPLF1 = 1, Enable_DPLF2 = 1 : NULL : WAIT = 0.5
00216 #clear multiplex
00216 Command = 0, FaultReset = 0, SaveSettings = 0, Enable_DPLTx = 0, Enable_DPLF1 = 0, Enable_DPLF2 = 0 : NULL
00217 #switch input to load line
00217 J2_09 = 1 : NULL : WAIT = 0.1
00218 
00218 
00218 #Sweep of Port_9A from 5000 to 20000 in 5000 increments
00218 
00218 #test ammmeter
00218 #test feedback
00218 NULL : Port_9A = 10.0 | 0.155 | 0.1
00218 TEST: Port_9A 10.0 +/- 0.155
00218 PASS: Port_9A 9.987
00219 
00219 #Finished with port
00219 #switch out input
00219 J2_09 = 0 : NULL : WAIT = 0.2
00220 
00220 METER_MODE = 1 : NULL : WAIT = 0.2
00221 #-----setup 39009-----
00221 #configure as Output Digital ON/OFF
00221 Command = 82, MODE1 = 0, MODE2 = 0, Enable_24VDC = 0, ADRaw = 0 : NULL : WAIT = 0.5
00222 Command = 83, MODE1A = 3, MODE1B = 3, MODE2A = 1, MODE2B = 1, MODE3A = 3, MODE3B = 3, MODE4A = 1, MODE4B = 1, MODE5A = 3, MODE5B = 3, MODE6A = 1, MODE6B = 1, MODE7A = 3, MODE7B = 3 : NULL : WAIT = 0.5
00223 Command = 0, MODE1A = 0, MODE1B = 0, MODE2A = 0, MODE2B = 0, MODE3A = 0, MODE3B = 0, MODE4A = 0, MODE4B = 0, MODE5A = 0, MODE5B = 0, MODE6A = 0, MODE6B = 0, MODE7A = 0, MODE7B = 0 : NULL
00224 Command = 84, MODE8A = 1, MODE8B = 1, MODE9A = 3, MODE9B = 3, MODE10A = 1, MODE10B = 1, GLOBAL_KP = 255, GLOBAL_KI = 255 : NULL : WAIT = 0.5
00225 Command = 0, MODE8A = 0, MODE8B = 0, MODE9A = 0, MODE9B = 0, MODE10A = 0, MODE10B = 0, GLOBAL_KP = 0, GLOBAL_KI = 0 : NULL
00226 Command = 82, FaultReset = 1, SaveSettings = 1, Enable_DPLTx = 1, Enable_DPLF1 = 1, Enable_DPLF2 = 1 : NULL : WAIT = 0.5
00227 #clear multiplex
00227 Command = 0, FaultReset = 0, SaveSettings = 0, Enable_DPLTx = 0, Enable_DPLF1 = 0, Enable_DPLF2 = 0 : NULL
00228 #switch input to load line
00228 J2_10 = 1 : NULL : WAIT = 0.1
00229 
00229 
00229 #Sweep of Port_9B from 5000 to 20000 in 5000 increments
00229 
00229 #test ammmeter
00229 #test feedback
00229 NULL : Port_9B = 10.0 | 0.155 | 0.1
00229 TEST: Port_9B 10.0 +/- 0.155
00229 PASS: Port_9B 9.987
00230 
00230 #Finished with port
00230 #switch out input
00230 J2_10 = 0 : NULL : WAIT = 0.2
00231 
00231 #promp user
00231 PAUSE- SET GEN TO 15000ma
00231 METER_MODE = 1 : NULL : WAIT = 0.2
00232 #-----setup 39009-----
00232 #configure as Output Digital ON/OFF
00232 Command = 82, MODE1 = 0, MODE2 = 0, Enable_24VDC = 0, ADRaw = 0 : NULL : WAIT = 0.5
00233 Command = 83, MODE1A = 3, MODE1B = 3, MODE2A = 1, MODE2B = 1, MODE3A = 3, MODE3B = 3, MODE4A = 1, MODE4B = 1, MODE5A = 3, MODE5B = 3, MODE6A = 1, MODE6B = 1, MODE7A = 3, MODE7B = 3 : NULL : WAIT = 0.5
00234 Command = 0, MODE1A = 0, MODE1B = 0, MODE2A = 0, MODE2B = 0, MODE3A = 0, MODE3B = 0, MODE4A = 0, MODE4B = 0, MODE5A = 0, MODE5B = 0, MODE6A = 0, MODE6B = 0, MODE7A = 0, MODE7B = 0 : NULL
00235 Command = 84, MODE8A = 1, MODE8B = 1, MODE9A = 3, MODE9B = 3, MODE10A = 1, MODE10B = 1, GLOBAL_KP = 255, GLOBAL_KI = 255 : NULL : WAIT = 0.5
00236 Command = 0, MODE8A = 0, MODE8B = 0, MODE9A = 0, MODE9B = 0, MODE10A = 0, MODE10B = 0, GLOBAL_KP = 0, GLOBAL_KI = 0 : NULL
00237 Command = 82, FaultReset = 1, SaveSettings = 1, Enable_DPLTx = 1, Enable_DPLF1 = 1, Enable_DPLF2 = 1 : NULL : WAIT = 0.5
00238 #clear multiplex
00238 Command = 0, FaultReset = 0, SaveSettings = 0, Enable_DPLTx = 0, Enable_DPLF1 = 0, Enable_DPLF2 = 0 : NULL
00239 #switch input to load line
00239 J2_01 = 1 : NULL : WAIT = 0.1
00240 
00240 
00240 #Sweep of Port_1A from 5000 to 20000 in 5000 increments
00240 
00240 #test ammmeter
00240 #test feedback
00240 NULL : Port_1A = 15.0 | 0.155 | 0.1
00240 TEST: Port_1A 15.0 +/- 0.155
00240 PASS: Port_1A 14.956
00241 
00241 #Finished with port
00241 #switch out input
00241 J2_01 = 0 : NULL : WAIT = 0.2
00242 
00242 METER_MODE = 1 : NULL : WAIT = 0.2
00243 #-----setup 39009-----
00243 #configure as Output Digital ON/OFF
00243 Command = 82, MODE1 = 0, MODE2 = 0, Enable_24VDC = 0, ADRaw = 0 : NULL : WAIT = 0.5
00244 Command = 83, MODE1A = 3, MODE1B = 3, MODE2A = 1, MODE2B = 1, MODE3A = 3, MODE3B = 3, MODE4A = 1, MODE4B = 1, MODE5A = 3, MODE5B = 3, MODE6A = 1, MODE6B = 1, MODE7A = 3, MODE7B = 3 : NULL : WAIT = 0.5
00245 Command = 0, MODE1A = 0, MODE1B = 0, MODE2A = 0, MODE2B = 0, MODE3A = 0, MODE3B = 0, MODE4A = 0, MODE4B = 0, MODE5A = 0, MODE5B = 0, MODE6A = 0, MODE6B = 0, MODE7A = 0, MODE7B = 0 : NULL
00246 Command = 84, MODE8A = 1, MODE8B = 1, MODE9A = 3, MODE9B = 3, MODE10A = 1, MODE10B = 1, GLOBAL_KP = 255, GLOBAL_KI = 255 : NULL : WAIT = 0.5
00247 Command = 0, MODE8A = 0, MODE8B = 0, MODE9A = 0, MODE9B = 0, MODE10A = 0, MODE10B = 0, GLOBAL_KP = 0, GLOBAL_KI = 0 : NULL
00248 Command = 82, FaultReset = 1, SaveSettings = 1, Enable_DPLTx = 1, Enable_DPLF1 = 1, Enable_DPLF2 = 1 : NULL : WAIT = 0.5
00249 #clear multiplex
00249 Command = 0, FaultReset = 0, SaveSettings = 0, Enable_DPLTx = 0, Enable_DPLF1 = 0, Enable_DPLF2 = 0 : NULL
00250 #switch input to load line
00250 J2_02 = 1 : NULL : WAIT = 0.1
00251 
00251 
00251 #Sweep of Port_1B from 5000 to 20000 in 5000 increments
00251 
00251 #test ammmeter
00251 #test feedback
00251 NULL : Port_1B = 15.0 | 0.155 | 0.1
00251 TEST: Port_1B 15.0 +/- 0.155
00251 PASS: Port_1B 14.888
00252 
00252 #Finished with port
00252 #switch out input
00252 J2_02 = 0 : NULL : WAIT = 0.2
00253 
00253 METER_MODE = 1 : NULL : WAIT = 0.2
00254 #-----setup 39009-----
00254 #configure as Output Digital ON/OFF
00254 Command = 82, MODE1 = 0, MODE2 = 0, Enable_24VDC = 0, ADRaw = 0 : NULL : WAIT = 0.5
00255 Command = 83, MODE1A = 3, MODE1B = 3, MODE2A = 1, MODE2B = 1, MODE3A = 3, MODE3B = 3, MODE4A = 1, MODE4B = 1, MODE5A = 3, MODE5B = 3, MODE6A = 1, MODE6B = 1, MODE7A = 3, MODE7B = 3 : NULL : WAIT = 0.5
00256 Command = 0, MODE1A = 0, MODE1B = 0, MODE2A = 0, MODE2B = 0, MODE3A = 0, MODE3B = 0, MODE4A = 0, MODE4B = 0, MODE5A = 0, MODE5B = 0, MODE6A = 0, MODE6B = 0, MODE7A = 0, MODE7B = 0 : NULL
00257 Command = 84, MODE8A = 1, MODE8B = 1, MODE9A = 3, MODE9B = 3, MODE10A = 1, MODE10B = 1, GLOBAL_KP = 255, GLOBAL_KI = 255 : NULL : WAIT = 0.5
00258 Command = 0, MODE8A = 0, MODE8B = 0, MODE9A = 0, MODE9B = 0, MODE10A = 0, MODE10B = 0, GLOBAL_KP = 0, GLOBAL_KI = 0 : NULL
00259 Command = 82, FaultReset = 1, SaveSettings = 1, Enable_DPLTx = 1, Enable_DPLF1 = 1, Enable_DPLF2 = 1 : NULL : WAIT = 0.5
00260 #clear multiplex
00260 Command = 0, FaultReset = 0, SaveSettings = 0, Enable_DPLTx = 0, Enable_DPLF1 = 0, Enable_DPLF2 = 0 : NULL
00261 #switch input to load line
00261 J2_03 = 1 : NULL : WAIT = 0.1
00262 
00262 
00262 #Sweep of Port_3A from 5000 to 20000 in 5000 increments
00262 
00262 #test ammmeter
00262 #test feedback
00262 NULL : Port_3A = 15.0 | 0.155 | 0.1
00262 TEST: Port_3A 15.0 +/- 0.155
00262 PASS: Port_3A 14.975
00263 
00263 #Finished with port
00263 #switch out input
00263 J2_03 = 0 : NULL : WAIT = 0.2
00264 
00264 METER_MODE = 1 : NULL : WAIT = 0.2
00265 #-----setup 39009-----
00265 #configure as Output Digital ON/OFF
00265 Command = 82, MODE1 = 0, MODE2 = 0, Enable_24VDC = 0, ADRaw = 0 : NULL : WAIT = 0.5
00266 Command = 83, MODE1A = 3, MODE1B = 3, MODE2A = 1, MODE2B = 1, MODE3A = 3, MODE3B = 3, MODE4A = 1, MODE4B = 1, MODE5A = 3, MODE5B = 3, MODE6A = 1, MODE6B = 1, MODE7A = 3, MODE7B = 3 : NULL : WAIT = 0.5
00267 Command = 0, MODE1A = 0, MODE1B = 0, MODE2A = 0, MODE2B = 0, MODE3A = 0, MODE3B = 0, MODE4A = 0, MODE4B = 0, MODE5A = 0, MODE5B = 0, MODE6A = 0, MODE6B = 0, MODE7A = 0, MODE7B = 0 : NULL
00268 Command = 84, MODE8A = 1, MODE8B = 1, MODE9A = 3, MODE9B = 3, MODE10A = 1, MODE10B = 1, GLOBAL_KP = 255, GLOBAL_KI = 255 : NULL : WAIT = 0.5
00269 Command = 0, MODE8A = 0, MODE8B = 0, MODE9A = 0, MODE9B = 0, MODE10A = 0, MODE10B = 0, GLOBAL_KP = 0, GLOBAL_KI = 0 : NULL
00270 Command = 82, FaultReset = 1, SaveSettings = 1, Enable_DPLTx = 1, Enable_DPLF1 = 1, Enable_DPLF2 = 1 : NULL : WAIT = 0.5
00271 #clear multiplex
00271 Command = 0, FaultReset = 0, SaveSettings = 0, Enable_DPLTx = 0, Enable_DPLF1 = 0, Enable_DPLF2 = 0 : NULL
00272 #switch input to load line
00272 J2_04 = 1 : NULL : WAIT = 0.1
00273 
00273 
00273 #Sweep of Port_3B from 5000 to 20000 in 5000 increments
00273 
00273 #test ammmeter
00273 #test feedback
00273 NULL : Port_3B = 15.0 | 0.155 | 0.1
00273 TEST: Port_3B 15.0 +/- 0.155
00273 PASS: Port_3B 14.969
00274 
00274 #Finished with port
00274 #switch out input
00274 J2_04 = 0 : NULL : WAIT = 0.2
00275 
00275 METER_MODE = 1 : NULL : WAIT = 0.2
00276 #-----setup 39009-----
00276 #configure as Output Digital ON/OFF
00276 Command = 82, MODE1 = 0, MODE2 = 0, Enable_24VDC = 0, ADRaw = 0 : NULL : WAIT = 0.5
00277 Command = 83, MODE1A = 3, MODE1B = 3, MODE2A = 1, MODE2B = 1, MODE3A = 3, MODE3B = 3, MODE4A = 1, MODE4B = 1, MODE5A = 3, MODE5B = 3, MODE6A = 1, MODE6B = 1, MODE7A = 3, MODE7B = 3 : NULL : WAIT = 0.5
00278 Command = 0, MODE1A = 0, MODE1B = 0, MODE2A = 0, MODE2B = 0, MODE3A = 0, MODE3B = 0, MODE4A = 0, MODE4B = 0, MODE5A = 0, MODE5B = 0, MODE6A = 0, MODE6B = 0, MODE7A = 0, MODE7B = 0 : NULL
00279 Command = 84, MODE8A = 1, MODE8B = 1, MODE9A = 3, MODE9B = 3, MODE10A = 1, MODE10B = 1, GLOBAL_KP = 255, GLOBAL_KI = 255 : NULL : WAIT = 0.5
00280 Command = 0, MODE8A = 0, MODE8B = 0, MODE9A = 0, MODE9B = 0, MODE10A = 0, MODE10B = 0, GLOBAL_KP = 0, GLOBAL_KI = 0 : NULL
00281 Command = 82, FaultReset = 1, SaveSettings = 1, Enable_DPLTx = 1, Enable_DPLF1 = 1, Enable_DPLF2 = 1 : NULL : WAIT = 0.5
00282 #clear multiplex
00282 Command = 0, FaultReset = 0, SaveSettings = 0, Enable_DPLTx = 0, Enable_DPLF1 = 0, Enable_DPLF2 = 0 : NULL
00283 #switch input to load line
00283 J2_05 = 1 : NULL : WAIT = 0.1
00284 
00284 
00284 #Sweep of Port_5A from 5000 to 20000 in 5000 increments
00284 
00284 #test ammmeter
00284 #test feedback
00284 NULL : Port_5A = 15.0 | 0.155 | 0.1
00284 TEST: Port_5A 15.0 +/- 0.155
00284 PASS: Port_5A 14.993
00285 
00285 #Finished with port
00285 #switch out input
00285 J2_05 = 0 : NULL : WAIT = 0.2
00286 
00286 METER_MODE = 1 : NULL : WAIT = 0.2
00287 #-----setup 39009-----
00287 #configure as Output Digital ON/OFF
00287 Command = 82, MODE1 = 0, MODE2 = 0, Enable_24VDC = 0, ADRaw = 0 : NULL : WAIT = 0.5
00288 Command = 83, MODE1A = 3, MODE1B = 3, MODE2A = 1, MODE2B = 1, MODE3A = 3, MODE3B = 3, MODE4A = 1, MODE4B = 1, MODE5A = 3, MODE5B = 3, MODE6A = 1, MODE6B = 1, MODE7A = 3, MODE7B = 3 : NULL : WAIT = 0.5
00289 Command = 0, MODE1A = 0, MODE1B = 0, MODE2A = 0, MODE2B = 0, MODE3A = 0, MODE3B = 0, MODE4A = 0, MODE4B = 0, MODE5A = 0, MODE5B = 0, MODE6A = 0, MODE6B = 0, MODE7A = 0, MODE7B = 0 : NULL
00290 Command = 84, MODE8A = 1, MODE8B = 1, MODE9A = 3, MODE9B = 3, MODE10A = 1, MODE10B = 1, GLOBAL_KP = 255, GLOBAL_KI = 255 : NULL : WAIT = 0.5
00291 Command = 0, MODE8A = 0, MODE8B = 0, MODE9A = 0, MODE9B = 0, MODE10A = 0, MODE10B = 0, GLOBAL_KP = 0, GLOBAL_KI = 0 : NULL
00292 Command = 82, FaultReset = 1, SaveSettings = 1, Enable_DPLTx = 1, Enable_DPLF1 = 1, Enable_DPLF2 = 1 : NULL : WAIT = 0.5
00293 #clear multiplex
00293 Command = 0, FaultReset = 0, SaveSettings = 0, Enable_DPLTx = 0, Enable_DPLF1 = 0, Enable_DPLF2 = 0 : NULL
00294 #switch input to load line
00294 J2_06 = 1 : NULL : WAIT = 0.1
00295 
00295 
00295 #Sweep of Port_5B from 5000 to 20000 in 5000 increments
00295 
00295 #test ammmeter
00295 #test feedback
00295 NULL : Port_5B = 15.0 | 0.155 | 0.1
00295 TEST: Port_5B 15.0 +/- 0.155
00295 PASS: Port_5B 14.987
00296 
00296 #Finished with port
00296 #switch out input
00296 J2_06 = 0 : NULL : WAIT = 0.2
00297 
00297 METER_MODE = 1 : NULL : WAIT = 0.2
00298 #-----setup 39009-----
00298 #configure as Output Digital ON/OFF
00298 Command = 82, MODE1 = 0, MODE2 = 0, Enable_24VDC = 0, ADRaw = 0 : NULL : WAIT = 0.5
00299 Command = 83, MODE1A = 3, MODE1B = 3, MODE2A = 1, MODE2B = 1, MODE3A = 3, MODE3B = 3, MODE4A = 1, MODE4B = 1, MODE5A = 3, MODE5B = 3, MODE6A = 1, MODE6B = 1, MODE7A = 3, MODE7B = 3 : NULL : WAIT = 0.5
00300 Command = 0, MODE1A = 0, MODE1B = 0, MODE2A = 0, MODE2B = 0, MODE3A = 0, MODE3B = 0, MODE4A = 0, MODE4B = 0, MODE5A = 0, MODE5B = 0, MODE6A = 0, MODE6B = 0, MODE7A = 0, MODE7B = 0 : NULL
00301 Command = 84, MODE8A = 1, MODE8B = 1, MODE9A = 3, MODE9B = 3, MODE10A = 1, MODE10B = 1, GLOBAL_KP = 255, GLOBAL_KI = 255 : NULL : WAIT = 0.5
00302 Command = 0, MODE8A = 0, MODE8B = 0, MODE9A = 0, MODE9B = 0, MODE10A = 0, MODE10B = 0, GLOBAL_KP = 0, GLOBAL_KI = 0 : NULL
00303 Command = 82, FaultReset = 1, SaveSettings = 1, Enable_DPLTx = 1, Enable_DPLF1 = 1, Enable_DPLF2 = 1 : NULL : WAIT = 0.5
00304 #clear multiplex
00304 Command = 0, FaultReset = 0, SaveSettings = 0, Enable_DPLTx = 0, Enable_DPLF1 = 0, Enable_DPLF2 = 0 : NULL
00305 #switch input to load line
00305 J2_07 = 1 : NULL : WAIT = 0.1
00306 
00306 
00306 #Sweep of Port_7A from 5000 to 20000 in 5000 increments
00306 
00306 #test ammmeter
00306 #test feedback
00306 NULL : Port_7A = 15.0 | 0.155 | 0.1
00306 TEST: Port_7A 15.0 +/- 0.155
00306 PASS: Port_7A 14.987
00307 
00307 #Finished with port
00307 #switch out input
00307 J2_07 = 0 : NULL : WAIT = 0.2
00308 
00308 METER_MODE = 1 : NULL : WAIT = 0.2
00309 #-----setup 39009-----
00309 #configure as Output Digital ON/OFF
00309 Command = 82, MODE1 = 0, MODE2 = 0, Enable_24VDC = 0, ADRaw = 0 : NULL : WAIT = 0.5
00310 Command = 83, MODE1A = 3, MODE1B = 3, MODE2A = 1, MODE2B = 1, MODE3A = 3, MODE3B = 3, MODE4A = 1, MODE4B = 1, MODE5A = 3, MODE5B = 3, MODE6A = 1, MODE6B = 1, MODE7A = 3, MODE7B = 3 : NULL : WAIT = 0.5
00311 Command = 0, MODE1A = 0, MODE1B = 0, MODE2A = 0, MODE2B = 0, MODE3A = 0, MODE3B = 0, MODE4A = 0, MODE4B = 0, MODE5A = 0, MODE5B = 0, MODE6A = 0, MODE6B = 0, MODE7A = 0, MODE7B = 0 : NULL
00312 Command = 84, MODE8A = 1, MODE8B = 1, MODE9A = 3, MODE9B = 3, MODE10A = 1, MODE10B = 1, GLOBAL_KP = 255, GLOBAL_KI = 255 : NULL : WAIT = 0.5
00313 Command = 0, MODE8A = 0, MODE8B = 0, MODE9A = 0, MODE9B = 0, MODE10A = 0, MODE10B = 0, GLOBAL_KP = 0, GLOBAL_KI = 0 : NULL
00314 Command = 82, FaultReset = 1, SaveSettings = 1, Enable_DPLTx = 1, Enable_DPLF1 = 1, Enable_DPLF2 = 1 : NULL : WAIT = 0.5
00315 #clear multiplex
00315 Command = 0, FaultReset = 0, SaveSettings = 0, Enable_DPLTx = 0, Enable_DPLF1 = 0, Enable_DPLF2 = 0 : NULL
00316 #switch input to load line
00316 J2_08 = 1 : NULL : WAIT = 0.1
00317 
00317 
00317 #Sweep of Port_7B from 5000 to 20000 in 5000 increments
00317 
00317 #test ammmeter
00317 #test feedback
00317 NULL : Port_7B = 15.0 | 0.155 | 0.1
00317 TEST: Port_7B 15.0 +/- 0.155
00317 PASS: Port_7B 14.993
00318 
00318 #Finished with port
00318 #switch out input
00318 J2_08 = 0 : NULL : WAIT = 0.2
00319 
00319 METER_MODE = 1 : NULL : WAIT = 0.2
00320 #-----setup 39009-----
00320 #configure as Output Digital ON/OFF
00320 Command = 82, MODE1 = 0, MODE2 = 0, Enable_24VDC = 0, ADRaw = 0 : NULL : WAIT = 0.5
00321 Command = 83, MODE1A = 3, MODE1B = 3, MODE2A = 1, MODE2B = 1, MODE3A = 3, MODE3B = 3, MODE4A = 1, MODE4B = 1, MODE5A = 3, MODE5B = 3, MODE6A = 1, MODE6B = 1, MODE7A = 3, MODE7B = 3 : NULL : WAIT = 0.5
00322 Command = 0, MODE1A = 0, MODE1B = 0, MODE2A = 0, MODE2B = 0, MODE3A = 0, MODE3B = 0, MODE4A = 0, MODE4B = 0, MODE5A = 0, MODE5B = 0, MODE6A = 0, MODE6B = 0, MODE7A = 0, MODE7B = 0 : NULL
00323 Command = 84, MODE8A = 1, MODE8B = 1, MODE9A = 3, MODE9B = 3, MODE10A = 1, MODE10B = 1, GLOBAL_KP = 255, GLOBAL_KI = 255 : NULL : WAIT = 0.5
00324 Command = 0, MODE8A = 0, MODE8B = 0, MODE9A = 0, MODE9B = 0, MODE10A = 0, MODE10B = 0, GLOBAL_KP = 0, GLOBAL_KI = 0 : NULL
00325 Command = 82, FaultReset = 1, SaveSettings = 1, Enable_DPLTx = 1, Enable_DPLF1 = 1, Enable_DPLF2 = 1 : NULL : WAIT = 0.5
00326 #clear multiplex
00326 Command = 0, FaultReset = 0, SaveSettings = 0, Enable_DPLTx = 0, Enable_DPLF1 = 0, Enable_DPLF2 = 0 : NULL
00327 #switch input to load line
00327 J2_09 = 1 : NULL : WAIT = 0.1
00328 
00328 
00328 #Sweep of Port_9A from 5000 to 20000 in 5000 increments
00328 
00328 #test ammmeter
00328 #test feedback
00328 NULL : Port_9A = 15.0 | 0.155 | 0.1
00328 TEST: Port_9A 15.0 +/- 0.155
00328 PASS: Port_9A 14.981
00329 
00329 #Finished with port
00329 #switch out input
00329 J2_09 = 0 : NULL : WAIT = 0.2
00330 
00330 METER_MODE = 1 : NULL : WAIT = 0.2
00331 #-----setup 39009-----
00331 #configure as Output Digital ON/OFF
00331 Command = 82, MODE1 = 0, MODE2 = 0, Enable_24VDC = 0, ADRaw = 0 : NULL : WAIT = 0.5
00332 Command = 83, MODE1A = 3, MODE1B = 3, MODE2A = 1, MODE2B = 1, MODE3A = 3, MODE3B = 3, MODE4A = 1, MODE4B = 1, MODE5A = 3, MODE5B = 3, MODE6A = 1, MODE6B = 1, MODE7A = 3, MODE7B = 3 : NULL : WAIT = 0.5
00333 Command = 0, MODE1A = 0, MODE1B = 0, MODE2A = 0, MODE2B = 0, MODE3A = 0, MODE3B = 0, MODE4A = 0, MODE4B = 0, MODE5A = 0, MODE5B = 0, MODE6A = 0, MODE6B = 0, MODE7A = 0, MODE7B = 0 : NULL
00334 Command = 84, MODE8A = 1, MODE8B = 1, MODE9A = 3, MODE9B = 3, MODE10A = 1, MODE10B = 1, GLOBAL_KP = 255, GLOBAL_KI = 255 : NULL : WAIT = 0.5
00335 Command = 0, MODE8A = 0, MODE8B = 0, MODE9A = 0, MODE9B = 0, MODE10A = 0, MODE10B = 0, GLOBAL_KP = 0, GLOBAL_KI = 0 : NULL
00336 Command = 82, FaultReset = 1, SaveSettings = 1, Enable_DPLTx = 1, Enable_DPLF1 = 1, Enable_DPLF2 = 1 : NULL : WAIT = 0.5
00337 #clear multiplex
00337 Command = 0, FaultReset = 0, SaveSettings = 0, Enable_DPLTx = 0, Enable_DPLF1 = 0, Enable_DPLF2 = 0 : NULL
00338 #switch input to load line
00338 J2_10 = 1 : NULL : WAIT = 0.1
00339 
00339 
00339 #Sweep of Port_9B from 5000 to 20000 in 5000 increments
00339 
00339 #test ammmeter
00339 #test feedback
00339 NULL : Port_9B = 15.0 | 0.155 | 0.1
00339 TEST: Port_9B 15.0 +/- 0.155
00339 PASS: Port_9B 14.987
00340 
00340 #Finished with port
00340 #switch out input
00340 J2_10 = 0 : NULL : WAIT = 0.2
00341 
00341 #promp user
00341 PAUSE- SET GEN TO 20000ma
00341 METER_MODE = 1 : NULL : WAIT = 0.2
00342 #-----setup 39009-----
00342 #configure as Output Digital ON/OFF
00342 Command = 82, MODE1 = 0, MODE2 = 0, Enable_24VDC = 0, ADRaw = 0 : NULL : WAIT = 0.5
00343 Command = 83, MODE1A = 3, MODE1B = 3, MODE2A = 1, MODE2B = 1, MODE3A = 3, MODE3B = 3, MODE4A = 1, MODE4B = 1, MODE5A = 3, MODE5B = 3, MODE6A = 1, MODE6B = 1, MODE7A = 3, MODE7B = 3 : NULL : WAIT = 0.5
00344 Command = 0, MODE1A = 0, MODE1B = 0, MODE2A = 0, MODE2B = 0, MODE3A = 0, MODE3B = 0, MODE4A = 0, MODE4B = 0, MODE5A = 0, MODE5B = 0, MODE6A = 0, MODE6B = 0, MODE7A = 0, MODE7B = 0 : NULL
00345 Command = 84, MODE8A = 1, MODE8B = 1, MODE9A = 3, MODE9B = 3, MODE10A = 1, MODE10B = 1, GLOBAL_KP = 255, GLOBAL_KI = 255 : NULL : WAIT = 0.5
00346 Command = 0, MODE8A = 0, MODE8B = 0, MODE9A = 0, MODE9B = 0, MODE10A = 0, MODE10B = 0, GLOBAL_KP = 0, GLOBAL_KI = 0 : NULL
00347 Command = 82, FaultReset = 1, SaveSettings = 1, Enable_DPLTx = 1, Enable_DPLF1 = 1, Enable_DPLF2 = 1 : NULL : WAIT = 0.5
00348 #clear multiplex
00348 Command = 0, FaultReset = 0, SaveSettings = 0, Enable_DPLTx = 0, Enable_DPLF1 = 0, Enable_DPLF2 = 0 : NULL
00349 #switch input to load line
00349 J2_01 = 1 : NULL : WAIT = 0.1
00350 
00350 
00350 #Sweep of Port_1A from 5000 to 20000 in 5000 increments
00350 
00350 #test ammmeter
00350 #test feedback
00350 NULL : Port_1A = 20.0 | 0.155 | 0.1
00350 TEST: Port_1A 20.0 +/- 0.155
00350 PASS: Port_1A 19.944
00351 
00351 #Finished with port
00351 #switch out input
00351 J2_01 = 0 : NULL : WAIT = 0.2
00352 
00352 METER_MODE = 1 : NULL : WAIT = 0.2
00353 #-----setup 39009-----
00353 #configure as Output Digital ON/OFF
00353 Command = 82, MODE1 = 0, MODE2 = 0, Enable_24VDC = 0, ADRaw = 0 : NULL : WAIT = 0.5
00354 Command = 83, MODE1A = 3, MODE1B = 3, MODE2A = 1, MODE2B = 1, MODE3A = 3, MODE3B = 3, MODE4A = 1, MODE4B = 1, MODE5A = 3, MODE5B = 3, MODE6A = 1, MODE6B = 1, MODE7A = 3, MODE7B = 3 : NULL : WAIT = 0.5
00355 Command = 0, MODE1A = 0, MODE1B = 0, MODE2A = 0, MODE2B = 0, MODE3A = 0, MODE3B = 0, MODE4A = 0, MODE4B = 0, MODE5A = 0, MODE5B = 0, MODE6A = 0, MODE6B = 0, MODE7A = 0, MODE7B = 0 : NULL
00356 Command = 84, MODE8A = 1, MODE8B = 1, MODE9A = 3, MODE9B = 3, MODE10A = 1, MODE10B = 1, GLOBAL_KP = 255, GLOBAL_KI = 255 : NULL : WAIT = 0.5
00357 Command = 0, MODE8A = 0, MODE8B = 0, MODE9A = 0, MODE9B = 0, MODE10A = 0, MODE10B = 0, GLOBAL_KP = 0, GLOBAL_KI = 0 : NULL
00358 Command = 82, FaultReset = 1, SaveSettings = 1, Enable_DPLTx = 1, Enable_DPLF1 = 1, Enable_DPLF2 = 1 : NULL : WAIT = 0.5
00359 #clear multiplex
00359 Command = 0, FaultReset = 0, SaveSettings = 0, Enable_DPLTx = 0, Enable_DPLF1 = 0, Enable_DPLF2 = 0 : NULL
00360 #switch input to load line
00360 J2_02 = 1 : NULL : WAIT = 0.1
00361 
00361 
00361 #Sweep of Port_1B from 5000 to 20000 in 5000 increments
00361 
00361 #test ammmeter
00361 #test feedback
00361 NULL : Port_1B = 20.0 | 0.155 | 0.1
00361 TEST: Port_1B 20.0 +/- 0.155
00361 FAIL: Port_1B 19.808
00362 
00362 #Finished with port
00362 #switch out input
00362 J2_02 = 0 : NULL : WAIT = 0.2
00363 
00363 METER_MODE = 1 : NULL : WAIT = 0.2
00364 #-----setup 39009-----
00364 #configure as Output Digital ON/OFF
00364 Command = 82, MODE1 = 0, MODE2 = 0, Enable_24VDC = 0, ADRaw = 0 : NULL : WAIT = 0.5
00365 Command = 83, MODE1A = 3, MODE1B = 3, MODE2A = 1, MODE2B = 1, MODE3A = 3, MODE3B = 3, MODE4A = 1, MODE4B = 1, MODE5A = 3, MODE5B = 3, MODE6A = 1, MODE6B = 1, MODE7A = 3, MODE7B = 3 : NULL : WAIT = 0.5
00366 Command = 0, MODE1A = 0, MODE1B = 0, MODE2A = 0, MODE2B = 0, MODE3A = 0, MODE3B = 0, MODE4A = 0, MODE4B = 0, MODE5A = 0, MODE5B = 0, MODE6A = 0, MODE6B = 0, MODE7A = 0, MODE7B = 0 : NULL
00367 Command = 84, MODE8A = 1, MODE8B = 1, MODE9A = 3, MODE9B = 3, MODE10A = 1, MODE10B = 1, GLOBAL_KP = 255, GLOBAL_KI = 255 : NULL : WAIT = 0.5
00368 Command = 0, MODE8A = 0, MODE8B = 0, MODE9A = 0, MODE9B = 0, MODE10A = 0, MODE10B = 0, GLOBAL_KP = 0, GLOBAL_KI = 0 : NULL
00369 Command = 82, FaultReset = 1, SaveSettings = 1, Enable_DPLTx = 1, Enable_DPLF1 = 1, Enable_DPLF2 = 1 : NULL : WAIT = 0.5
00370 #clear multiplex
00370 Command = 0, FaultReset = 0, SaveSettings = 0, Enable_DPLTx = 0, Enable_DPLF1 = 0, Enable_DPLF2 = 0 : NULL
00371 #switch input to load line
00371 J2_03 = 1 : NULL : WAIT = 0.1
00372 
00372 
00372 #Sweep of Port_3A from 5000 to 20000 in 5000 increments
00372 
00372 #test ammmeter
00372 #test feedback
00372 NULL : Port_3A = 20.0 | 0.155 | 0.1
00372 TEST: Port_3A 20.0 +/- 0.155
00372 PASS: Port_3A 19.969
00373 
00373 #Finished with port
00373 #switch out input
00373 J2_03 = 0 : NULL : WAIT = 0.2
00374 
00374 METER_MODE = 1 : NULL : WAIT = 0.2
00375 #-----setup 39009-----
00375 #configure as Output Digital ON/OFF
00375 Command = 82, MODE1 = 0, MODE2 = 0, Enable_24VDC = 0, ADRaw = 0 : NULL : WAIT = 0.5
00376 Command = 83, MODE1A = 3, MODE1B = 3, MODE2A = 1, MODE2B = 1, MODE3A = 3, MODE3B = 3, MODE4A = 1, MODE4B = 1, MODE5A = 3, MODE5B = 3, MODE6A = 1, MODE6B = 1, MODE7A = 3, MODE7B = 3 : NULL : WAIT = 0.5
00377 Command = 0, MODE1A = 0, MODE1B = 0, MODE2A = 0, MODE2B = 0, MODE3A = 0, MODE3B = 0, MODE4A = 0, MODE4B = 0, MODE5A = 0, MODE5B = 0, MODE6A = 0, MODE6B = 0, MODE7A = 0, MODE7B = 0 : NULL
00378 Command = 84, MODE8A = 1, MODE8B = 1, MODE9A = 3, MODE9B = 3, MODE10A = 1, MODE10B = 1, GLOBAL_KP = 255, GLOBAL_KI = 255 : NULL : WAIT = 0.5
00379 Command = 0, MODE8A = 0, MODE8B = 0, MODE9A = 0, MODE9B = 0, MODE10A = 0, MODE10B = 0, GLOBAL_KP = 0, GLOBAL_KI = 0 : NULL
00380 Command = 82, FaultReset = 1, SaveSettings = 1, Enable_DPLTx = 1, Enable_DPLF1 = 1, Enable_DPLF2 = 1 : NULL : WAIT = 0.5
00381 #clear multiplex
00381 Command = 0, FaultReset = 0, SaveSettings = 0, Enable_DPLTx = 0, Enable_DPLF1 = 0, Enable_DPLF2 = 0 : NULL
00382 #switch input to load line
00382 J2_04 = 1 : NULL : WAIT = 0.1
00383 
00383 
00383 #Sweep of Port_3B from 5000 to 20000 in 5000 increments
00383 
00383 #test ammmeter
00383 #test feedback
00383 NULL : Port_3B = 20.0 | 0.155 | 0.1
00383 TEST: Port_3B 20.0 +/- 0.155
00383 PASS: Port_3B 19.962
00384 
00384 #Finished with port
00384 #switch out input
00384 J2_04 = 0 : NULL : WAIT = 0.2
00385 
00385 METER_MODE = 1 : NULL : WAIT = 0.2
00386 #-----setup 39009-----
00386 #configure as Output Digital ON/OFF
00386 Command = 82, MODE1 = 0, MODE2 = 0, Enable_24VDC = 0, ADRaw = 0 : NULL : WAIT = 0.5
00387 Command = 83, MODE1A = 3, MODE1B = 3, MODE2A = 1, MODE2B = 1, MODE3A = 3, MODE3B = 3, MODE4A = 1, MODE4B = 1, MODE5A = 3, MODE5B = 3, MODE6A = 1, MODE6B = 1, MODE7A = 3, MODE7B = 3 : NULL : WAIT = 0.5
00388 Command = 0, MODE1A = 0, MODE1B = 0, MODE2A = 0, MODE2B = 0, MODE3A = 0, MODE3B = 0, MODE4A = 0, MODE4B = 0, MODE5A = 0, MODE5B = 0, MODE6A = 0, MODE6B = 0, MODE7A = 0, MODE7B = 0 : NULL
00389 Command = 84, MODE8A = 1, MODE8B = 1, MODE9A = 3, MODE9B = 3, MODE10A = 1, MODE10B = 1, GLOBAL_KP = 255, GLOBAL_KI = 255 : NULL : WAIT = 0.5
00390 Command = 0, MODE8A = 0, MODE8B = 0, MODE9A = 0, MODE9B = 0, MODE10A = 0, MODE10B = 0, GLOBAL_KP = 0, GLOBAL_KI = 0 : NULL
00391 Command = 82, FaultReset = 1, SaveSettings = 1, Enable_DPLTx = 1, Enable_DPLF1 = 1, Enable_DPLF2 = 1 : NULL : WAIT = 0.5
00392 #clear multiplex
00392 Command = 0, FaultReset = 0, SaveSettings = 0, Enable_DPLTx = 0, Enable_DPLF1 = 0, Enable_DPLF2 = 0 : NULL
00393 #switch input to load line
00393 J2_05 = 1 : NULL : WAIT = 0.1
00394 
00394 
00394 #Sweep of Port_5A from 5000 to 20000 in 5000 increments
00394 
00394 #test ammmeter
00394 #test feedback
00394 NULL : Port_5A = 20.0 | 0.155 | 0.1
00394 TEST: Port_5A 20.0 +/- 0.155
00394 PASS: Port_5A 19.987
00395 
00395 #Finished with port
00395 #switch out input
00395 J2_05 = 0 : NULL : WAIT = 0.2
00396 
00396 METER_MODE = 1 : NULL : WAIT = 0.2
00397 #-----setup 39009-----
00397 #configure as Output Digital ON/OFF
00397 Command = 82, MODE1 = 0, MODE2 = 0, Enable_24VDC = 0, ADRaw = 0 : NULL : WAIT = 0.5
00398 Command = 83, MODE1A = 3, MODE1B = 3, MODE2A = 1, MODE2B = 1, MODE3A = 3, MODE3B = 3, MODE4A = 1, MODE4B = 1, MODE5A = 3, MODE5B = 3, MODE6A = 1, MODE6B = 1, MODE7A = 3, MODE7B = 3 : NULL : WAIT = 0.5
00399 Command = 0, MODE1A = 0, MODE1B = 0, MODE2A = 0, MODE2B = 0, MODE3A = 0, MODE3B = 0, MODE4A = 0, MODE4B = 0, MODE5A = 0, MODE5B = 0, MODE6A = 0, MODE6B = 0, MODE7A = 0, MODE7B = 0 : NULL
00400 Command = 84, MODE8A = 1, MODE8B = 1, MODE9A = 3, MODE9B = 3, MODE10A = 1, MODE10B = 1, GLOBAL_KP = 255, GLOBAL_KI = 255 : NULL : WAIT = 0.5
00401 Command = 0, MODE8A = 0, MODE8B = 0, MODE9A = 0, MODE9B = 0, MODE10A = 0, MODE10B = 0, GLOBAL_KP = 0, GLOBAL_KI = 0 : NULL
00402 Command = 82, FaultReset = 1, SaveSettings = 1, Enable_DPLTx = 1, Enable_DPLF1 = 1, Enable_DPLF2 = 1 : NULL : WAIT = 0.5
00403 #clear multiplex
00403 Command = 0, FaultReset = 0, SaveSettings = 0, Enable_DPLTx = 0, Enable_DPLF1 = 0, Enable_DPLF2 = 0 : NULL
00404 #switch input to load line
00404 J2_06 = 1 : NULL : WAIT = 0.1
00405 
00405 
00405 #Sweep of Port_5B from 5000 to 20000 in 5000 increments
00405 
00405 #test ammmeter
00405 #test feedback
00405 NULL : Port_5B = 20.0 | 0.155 | 0.1
00405 TEST: Port_5B 20.0 +/- 0.155
00405 PASS: Port_5B 19.981
00406 
00406 #Finished with port
00406 #switch out input
00406 J2_06 = 0 : NULL : WAIT = 0.2
00407 
00407 METER_MODE = 1 : NULL : WAIT = 0.2
00408 #-----setup 39009-----
00408 #configure as Output Digital ON/OFF
00408 Command = 82, MODE1 = 0, MODE2 = 0, Enable_24VDC = 0, ADRaw = 0 : NULL : WAIT = 0.5
00409 Command = 83, MODE1A = 3, MODE1B = 3, MODE2A = 1, MODE2B = 1, MODE3A = 3, MODE3B = 3, MODE4A = 1, MODE4B = 1, MODE5A = 3, MODE5B = 3, MODE6A = 1, MODE6B = 1, MODE7A = 3, MODE7B = 3 : NULL : WAIT = 0.5
00410 Command = 0, MODE1A = 0, MODE1B = 0, MODE2A = 0, MODE2B = 0, MODE3A = 0, MODE3B = 0, MODE4A = 0, MODE4B = 0, MODE5A = 0, MODE5B = 0, MODE6A = 0, MODE6B = 0, MODE7A = 0, MODE7B = 0 : NULL
00411 Command = 84, MODE8A = 1, MODE8B = 1, MODE9A = 3, MODE9B = 3, MODE10A = 1, MODE10B = 1, GLOBAL_KP = 255, GLOBAL_KI = 255 : NULL : WAIT = 0.5
00412 Command = 0, MODE8A = 0, MODE8B = 0, MODE9A = 0, MODE9B = 0, MODE10A = 0, MODE10B = 0, GLOBAL_KP = 0, GLOBAL_KI = 0 : NULL
00413 Command = 82, FaultReset = 1, SaveSettings = 1, Enable_DPLTx = 1, Enable_DPLF1 = 1, Enable_DPLF2 = 1 : NULL : WAIT = 0.5
00414 #clear multiplex
00414 Command = 0, FaultReset = 0, SaveSettings = 0, Enable_DPLTx = 0, Enable_DPLF1 = 0, Enable_DPLF2 = 0 : NULL
00415 #switch input to load line
00415 J2_07 = 1 : NULL : WAIT = 0.1
00416 
00416 
00416 #Sweep of Port_7A from 5000 to 20000 in 5000 increments
00416 
00416 #test ammmeter
00416 #test feedback
00416 NULL : Port_7A = 20.0 | 0.155 | 0.1
00416 TEST: Port_7A 20.0 +/- 0.155
00416 PASS: Port_7A 19.987
00417 
00417 #Finished with port
00417 #switch out input
00417 J2_07 = 0 : NULL : WAIT = 0.2
00418 
00418 METER_MODE = 1 : NULL : WAIT = 0.2
00419 #-----setup 39009-----
00419 #configure as Output Digital ON/OFF
00419 Command = 82, MODE1 = 0, MODE2 = 0, Enable_24VDC = 0, ADRaw = 0 : NULL : WAIT = 0.5
00420 Command = 83, MODE1A = 3, MODE1B = 3, MODE2A = 1, MODE2B = 1, MODE3A = 3, MODE3B = 3, MODE4A = 1, MODE4B = 1, MODE5A = 3, MODE5B = 3, MODE6A = 1, MODE6B = 1, MODE7A = 3, MODE7B = 3 : NULL : WAIT = 0.5
00421 Command = 0, MODE1A = 0, MODE1B = 0, MODE2A = 0, MODE2B = 0, MODE3A = 0, MODE3B = 0, MODE4A = 0, MODE4B = 0, MODE5A = 0, MODE5B = 0, MODE6A = 0, MODE6B = 0, MODE7A = 0, MODE7B = 0 : NULL
00422 Command = 84, MODE8A = 1, MODE8B = 1, MODE9A = 3, MODE9B = 3, MODE10A = 1, MODE10B = 1, GLOBAL_KP = 255, GLOBAL_KI = 255 : NULL : WAIT = 0.5
00423 Command = 0, MODE8A = 0, MODE8B = 0, MODE9A = 0, MODE9B = 0, MODE10A = 0, MODE10B = 0, GLOBAL_KP = 0, GLOBAL_KI = 0 : NULL
00424 Command = 82, FaultReset = 1, SaveSettings = 1, Enable_DPLTx = 1, Enable_DPLF1 = 1, Enable_DPLF2 = 1 : NULL : WAIT = 0.5
00425 #clear multiplex
00425 Command = 0, FaultReset = 0, SaveSettings = 0, Enable_DPLTx = 0, Enable_DPLF1 = 0, Enable_DPLF2 = 0 : NULL
00426 #switch input to load line
00426 J2_08 = 1 : NULL : WAIT = 0.1
00427 
00427 
00427 #Sweep of Port_7B from 5000 to 20000 in 5000 increments
00427 
00427 #test ammmeter
00427 #test feedback
00427 NULL : Port_7B = 20.0 | 0.155 | 0.1
00427 TEST: Port_7B 20.0 +/- 0.155
00427 PASS: Port_7B 19.993
00428 
00428 #Finished with port
00428 #switch out input
00428 J2_08 = 0 : NULL : WAIT = 0.2
00429 
00429 METER_MODE = 1 : NULL : WAIT = 0.2
00430 #-----setup 39009-----
00430 #configure as Output Digital ON/OFF
00430 Command = 82, MODE1 = 0, MODE2 = 0, Enable_24VDC = 0, ADRaw = 0 : NULL : WAIT = 0.5
00431 Command = 83, MODE1A = 3, MODE1B = 3, MODE2A = 1, MODE2B = 1, MODE3A = 3, MODE3B = 3, MODE4A = 1, MODE4B = 1, MODE5A = 3, MODE5B = 3, MODE6A = 1, MODE6B = 1, MODE7A = 3, MODE7B = 3 : NULL : WAIT = 0.5
00432 Command = 0, MODE1A = 0, MODE1B = 0, MODE2A = 0, MODE2B = 0, MODE3A = 0, MODE3B = 0, MODE4A = 0, MODE4B = 0, MODE5A = 0, MODE5B = 0, MODE6A = 0, MODE6B = 0, MODE7A = 0, MODE7B = 0 : NULL
00433 Command = 84, MODE8A = 1, MODE8B = 1, MODE9A = 3, MODE9B = 3, MODE10A = 1, MODE10B = 1, GLOBAL_KP = 255, GLOBAL_KI = 255 : NULL : WAIT = 0.5
00434 Command = 0, MODE8A = 0, MODE8B = 0, MODE9A = 0, MODE9B = 0, MODE10A = 0, MODE10B = 0, GLOBAL_KP = 0, GLOBAL_KI = 0 : NULL
00435 Command = 82, FaultReset = 1, SaveSettings = 1, Enable_DPLTx = 1, Enable_DPLF1 = 1, Enable_DPLF2 = 1 : NULL : WAIT = 0.5
00436 #clear multiplex
00436 Command = 0, FaultReset = 0, SaveSettings = 0, Enable_DPLTx = 0, Enable_DPLF1 = 0, Enable_DPLF2 = 0 : NULL
00437 #switch input to load line
00437 J2_09 = 1 : NULL : WAIT = 0.1
00438 
00438 
00438 #Sweep of Port_9A from 5000 to 20000 in 5000 increments
00438 
00438 #test ammmeter
00438 #test feedback
00438 NULL : Port_9A = 20.0 | 0.155 | 0.1
00438 TEST: Port_9A 20.0 +/- 0.155
00438 PASS: Port_9A 19.975
00439 
00439 #Finished with port
00439 #switch out input
00439 J2_09 = 0 : NULL : WAIT = 0.2
00440 
00440 METER_MODE = 1 : NULL : WAIT = 0.2
00441 #-----setup 39009-----
00441 #configure as Output Digital ON/OFF
00441 Command = 82, MODE1 = 0, MODE2 = 0, Enable_24VDC = 0, ADRaw = 0 : NULL : WAIT = 0.5
00442 Command = 83, MODE1A = 3, MODE1B = 3, MODE2A = 1, MODE2B = 1, MODE3A = 3, MODE3B = 3, MODE4A = 1, MODE4B = 1, MODE5A = 3, MODE5B = 3, MODE6A = 1, MODE6B = 1, MODE7A = 3, MODE7B = 3 : NULL : WAIT = 0.5
00443 Command = 0, MODE1A = 0, MODE1B = 0, MODE2A = 0, MODE2B = 0, MODE3A = 0, MODE3B = 0, MODE4A = 0, MODE4B = 0, MODE5A = 0, MODE5B = 0, MODE6A = 0, MODE6B = 0, MODE7A = 0, MODE7B = 0 : NULL
00444 Command = 84, MODE8A = 1, MODE8B = 1, MODE9A = 3, MODE9B = 3, MODE10A = 1, MODE10B = 1, GLOBAL_KP = 255, GLOBAL_KI = 255 : NULL : WAIT = 0.5
00445 Command = 0, MODE8A = 0, MODE8B = 0, MODE9A = 0, MODE9B = 0, MODE10A = 0, MODE10B = 0, GLOBAL_KP = 0, GLOBAL_KI = 0 : NULL
00446 Command = 82, FaultReset = 1, SaveSettings = 1, Enable_DPLTx = 1, Enable_DPLF1 = 1, Enable_DPLF2 = 1 : NULL : WAIT = 0.5
00447 #clear multiplex
00447 Command = 0, FaultReset = 0, SaveSettings = 0, Enable_DPLTx = 0, Enable_DPLF1 = 0, Enable_DPLF2 = 0 : NULL
00448 #switch input to load line
00448 J2_10 = 1 : NULL : WAIT = 0.1
00449 
00449 
00449 #Sweep of Port_9B from 5000 to 20000 in 5000 increments
00449 
00449 #test ammmeter
00449 #test feedback
00449 NULL : Port_9B = 20.0 | 0.155 | 0.1
00449 TEST: Port_9B 20.0 +/- 0.155
00449 PASS: Port_9B 19.981
00450 
00450 #Finished with port
00450 #switch out input
00450 J2_10 = 0 : NULL : WAIT = 0.2
00451 
00451 
00451 #Finished with mode
00451 #switch out load line
00451 J2_10 = 0 : NULL : WAIT = 0.1
00452 #switch out 420ma gen
00452 J4_05 = 0 : NULL : WAIT = 0.2
00453 SAVE
00453 END
Fail count: 1
Finished on: 2025-12-12-12:18:22
elapsed time: 0:03:51.660501
