Started on: 2025-08-16-17:09:12
00000 #37000-1
00000 #Verion 0.0
00000 #input test
00000 UUT_EDS = 37000-561.eds
00000 UUT_DATANAME = 37000-1-CANOPEN-INPUT-420MA
00000 
00000 #cycle IGN to clean slate
00000 RLY_K1 = 1 : NULL : WAIT = 1
00001 RLY_K1 = 0 : NULL : WAIT = 1
00002 #switch in 420ma gen
00002 J4_01 = 1 : NULL : WAIT = 0.2
00003 #promp user
00003 PAUSE- SET GEN TO 5.0ma
00003 #-----setup 37000-1-----
00003 #disable global modes
00003 sdo[0x2000][3] = 0 : NULL : WAIT = 0.1
00004 sdo[0x2000][4] = 0 : NULL : WAIT = 0.1
00005 #configure Port Modes
00005 sdo[0x2001][1] = 0 : NULL : WAIT = 0.1
00006 sdo[0x2001][2] = 0 : NULL : WAIT = 0.1
00007 sdo[0x2001][3] = 0 : NULL : WAIT = 0.1
00008 sdo[0x2001][4] = 0 : NULL : WAIT = 0.1
00009 sdo[0x2001][5] = 48 : NULL : WAIT = 0.1
00010 sdo[0x2001][6] = 48 : NULL : WAIT = 0.1
00011 sdo[0x2001][7] = 48 : NULL : WAIT = 0.1
00012 sdo[0x2001][8] = 48 : NULL : WAIT = 0.1
00013 #switch input to load line
00013 J2_10 = 1 : NULL : WAIT = 0.1
00014 
00014 
00014 #Sweep of Input_5B from 5000 to 20000 in 5000 increments
00014 
00014 #test ammmeter
00014 #test feedback
00014 NULL : sdo[0x6401][2] = 5000 | 155 | 0.1
00014 TEST: Read Analogue Input 16-Bit.Port 5B 5000.0 +/- 155.0
00014 PASS: Read Analogue Input 16-Bit.Port 5B 4987.0
00015 
00015 #Finished with port
00015 #switch out input
00015 J2_10 = 0 : NULL : WAIT = 0.2
00016 
00016 #-----setup 37000-1-----
00016 #disable global modes
00016 sdo[0x2000][3] = 0 : NULL : WAIT = 0.1
00017 sdo[0x2000][4] = 0 : NULL : WAIT = 0.1
00018 #configure Port Modes
00018 sdo[0x2001][1] = 0 : NULL : WAIT = 0.1
00019 sdo[0x2001][2] = 0 : NULL : WAIT = 0.1
00020 sdo[0x2001][3] = 0 : NULL : WAIT = 0.1
00021 sdo[0x2001][4] = 0 : NULL : WAIT = 0.1
00022 sdo[0x2001][5] = 48 : NULL : WAIT = 0.1
00023 sdo[0x2001][6] = 48 : NULL : WAIT = 0.1
00024 sdo[0x2001][7] = 48 : NULL : WAIT = 0.1
00025 sdo[0x2001][8] = 48 : NULL : WAIT = 0.1
00026 #switch input to load line
00026 J2_12 = 1 : NULL : WAIT = 0.1
00027 
00027 
00027 #Sweep of Input_6B from 5000 to 20000 in 5000 increments
00027 
00027 #test ammmeter
00027 #test feedback
00027 NULL : sdo[0x6401][4] = 5000 | 155 | 0.1
00027 TEST: Read Analogue Input 16-Bit.Port 6B 5000.0 +/- 155.0
00027 PASS: Read Analogue Input 16-Bit.Port 6B 4987.0
00028 
00028 #Finished with port
00028 #switch out input
00028 J2_12 = 0 : NULL : WAIT = 0.2
00029 
00029 #-----setup 37000-1-----
00029 #disable global modes
00029 sdo[0x2000][3] = 0 : NULL : WAIT = 0.1
00030 sdo[0x2000][4] = 0 : NULL : WAIT = 0.1
00031 #configure Port Modes
00031 sdo[0x2001][1] = 0 : NULL : WAIT = 0.1
00032 sdo[0x2001][2] = 0 : NULL : WAIT = 0.1
00033 sdo[0x2001][3] = 0 : NULL : WAIT = 0.1
00034 sdo[0x2001][4] = 0 : NULL : WAIT = 0.1
00035 sdo[0x2001][5] = 48 : NULL : WAIT = 0.1
00036 sdo[0x2001][6] = 48 : NULL : WAIT = 0.1
00037 sdo[0x2001][7] = 48 : NULL : WAIT = 0.1
00038 sdo[0x2001][8] = 48 : NULL : WAIT = 0.1
00039 #switch input to load line
00039 J3_02 = 1 : NULL : WAIT = 0.1
00040 
00040 
00040 #Sweep of Input_7B from 5000 to 20000 in 5000 increments
00040 
00040 #test ammmeter
00040 #test feedback
00040 NULL : sdo[0x6401][6] = 5000 | 155 | 0.1
00040 TEST: Read Analogue Input 16-Bit.Port 7B 5000.0 +/- 155.0
00040 PASS: Read Analogue Input 16-Bit.Port 7B 4987.0
00041 
00041 #Finished with port
00041 #switch out input
00041 J3_02 = 0 : NULL : WAIT = 0.2
00042 
00042 #-----setup 37000-1-----
00042 #disable global modes
00042 sdo[0x2000][3] = 0 : NULL : WAIT = 0.1
00043 sdo[0x2000][4] = 0 : NULL : WAIT = 0.1
00044 #configure Port Modes
00044 sdo[0x2001][1] = 0 : NULL : WAIT = 0.1
00045 sdo[0x2001][2] = 0 : NULL : WAIT = 0.1
00046 sdo[0x2001][3] = 0 : NULL : WAIT = 0.1
00047 sdo[0x2001][4] = 0 : NULL : WAIT = 0.1
00048 sdo[0x2001][5] = 48 : NULL : WAIT = 0.1
00049 sdo[0x2001][6] = 48 : NULL : WAIT = 0.1
00050 sdo[0x2001][7] = 48 : NULL : WAIT = 0.1
00051 sdo[0x2001][8] = 48 : NULL : WAIT = 0.1
00052 #switch input to load line
00052 J3_04 = 1 : NULL : WAIT = 0.1
00053 
00053 
00053 #Sweep of Input_8B from 5000 to 20000 in 5000 increments
00053 
00053 #test ammmeter
00053 #test feedback
00053 NULL : sdo[0x6401][8] = 5000 | 155 | 0.1
00053 TEST: Read Analogue Input 16-Bit.Port 8B 5000.0 +/- 155.0
00053 PASS: Read Analogue Input 16-Bit.Port 8B 4993.0
00054 
00054 #Finished with port
00054 #switch out input
00054 J3_04 = 0 : NULL : WAIT = 0.2
00055 
00055 #promp user
00055 PAUSE- SET GEN TO 10.0ma
00055 #-----setup 37000-1-----
00055 #disable global modes
00055 sdo[0x2000][3] = 0 : NULL : WAIT = 0.1
00056 sdo[0x2000][4] = 0 : NULL : WAIT = 0.1
00057 #configure Port Modes
00057 sdo[0x2001][1] = 0 : NULL : WAIT = 0.1
00058 sdo[0x2001][2] = 0 : NULL : WAIT = 0.1
00059 sdo[0x2001][3] = 0 : NULL : WAIT = 0.1
00060 sdo[0x2001][4] = 0 : NULL : WAIT = 0.1
00061 sdo[0x2001][5] = 48 : NULL : WAIT = 0.1
00062 sdo[0x2001][6] = 48 : NULL : WAIT = 0.1
00063 sdo[0x2001][7] = 48 : NULL : WAIT = 0.1
00064 sdo[0x2001][8] = 48 : NULL : WAIT = 0.1
00065 #switch input to load line
00065 J2_10 = 1 : NULL : WAIT = 0.1
00066 
00066 
00066 #Sweep of Input_5B from 5000 to 20000 in 5000 increments
00066 
00066 #test ammmeter
00066 #test feedback
00066 NULL : sdo[0x6401][2] = 10000 | 155 | 0.1
00066 TEST: Read Analogue Input 16-Bit.Port 5B 10000.0 +/- 155.0
00066 PASS: Read Analogue Input 16-Bit.Port 5B 9981.0
00067 
00067 #Finished with port
00067 #switch out input
00067 J2_10 = 0 : NULL : WAIT = 0.2
00068 
00068 #-----setup 37000-1-----
00068 #disable global modes
00068 sdo[0x2000][3] = 0 : NULL : WAIT = 0.1
00069 sdo[0x2000][4] = 0 : NULL : WAIT = 0.1
00070 #configure Port Modes
00070 sdo[0x2001][1] = 0 : NULL : WAIT = 0.1
00071 sdo[0x2001][2] = 0 : NULL : WAIT = 0.1
00072 sdo[0x2001][3] = 0 : NULL : WAIT = 0.1
00073 sdo[0x2001][4] = 0 : NULL : WAIT = 0.1
00074 sdo[0x2001][5] = 48 : NULL : WAIT = 0.1
00075 sdo[0x2001][6] = 48 : NULL : WAIT = 0.1
00076 sdo[0x2001][7] = 48 : NULL : WAIT = 0.1
00077 sdo[0x2001][8] = 48 : NULL : WAIT = 0.1
00078 #switch input to load line
00078 J2_12 = 1 : NULL : WAIT = 0.1
00079 
00079 
00079 #Sweep of Input_6B from 5000 to 20000 in 5000 increments
00079 
00079 #test ammmeter
00079 #test feedback
00079 NULL : sdo[0x6401][4] = 10000 | 155 | 0.1
00079 TEST: Read Analogue Input 16-Bit.Port 6B 10000.0 +/- 155.0
00079 PASS: Read Analogue Input 16-Bit.Port 6B 9987.0
00080 
00080 #Finished with port
00080 #switch out input
00080 J2_12 = 0 : NULL : WAIT = 0.2
00081 
00081 #-----setup 37000-1-----
00081 #disable global modes
00081 sdo[0x2000][3] = 0 : NULL : WAIT = 0.1
00082 sdo[0x2000][4] = 0 : NULL : WAIT = 0.1
00083 #configure Port Modes
00083 sdo[0x2001][1] = 0 : NULL : WAIT = 0.1
00084 sdo[0x2001][2] = 0 : NULL : WAIT = 0.1
00085 sdo[0x2001][3] = 0 : NULL : WAIT = 0.1
00086 sdo[0x2001][4] = 0 : NULL : WAIT = 0.1
00087 sdo[0x2001][5] = 48 : NULL : WAIT = 0.1
00088 sdo[0x2001][6] = 48 : NULL : WAIT = 0.1
00089 sdo[0x2001][7] = 48 : NULL : WAIT = 0.1
00090 sdo[0x2001][8] = 48 : NULL : WAIT = 0.1
00091 #switch input to load line
00091 J3_02 = 1 : NULL : WAIT = 0.1
00092 
00092 
00092 #Sweep of Input_7B from 5000 to 20000 in 5000 increments
00092 
00092 #test ammmeter
00092 #test feedback
00092 NULL : sdo[0x6401][6] = 10000 | 155 | 0.1
00092 TEST: Read Analogue Input 16-Bit.Port 7B 10000.0 +/- 155.0
00092 PASS: Read Analogue Input 16-Bit.Port 7B 9981.0
00093 
00093 #Finished with port
00093 #switch out input
00093 J3_02 = 0 : NULL : WAIT = 0.2
00094 
00094 #-----setup 37000-1-----
00094 #disable global modes
00094 sdo[0x2000][3] = 0 : NULL : WAIT = 0.1
00095 sdo[0x2000][4] = 0 : NULL : WAIT = 0.1
00096 #configure Port Modes
00096 sdo[0x2001][1] = 0 : NULL : WAIT = 0.1
00097 sdo[0x2001][2] = 0 : NULL : WAIT = 0.1
00098 sdo[0x2001][3] = 0 : NULL : WAIT = 0.1
00099 sdo[0x2001][4] = 0 : NULL : WAIT = 0.1
00100 sdo[0x2001][5] = 48 : NULL : WAIT = 0.1
00101 sdo[0x2001][6] = 48 : NULL : WAIT = 0.1
00102 sdo[0x2001][7] = 48 : NULL : WAIT = 0.1
00103 sdo[0x2001][8] = 48 : NULL : WAIT = 0.1
00104 #switch input to load line
00104 J3_04 = 1 : NULL : WAIT = 0.1
00105 
00105 
00105 #Sweep of Input_8B from 5000 to 20000 in 5000 increments
00105 
00105 #test ammmeter
00105 #test feedback
00105 NULL : sdo[0x6401][8] = 10000 | 155 | 0.1
00105 TEST: Read Analogue Input 16-Bit.Port 8B 10000.0 +/- 155.0
00105 PASS: Read Analogue Input 16-Bit.Port 8B 9981.0
00106 
00106 #Finished with port
00106 #switch out input
00106 J3_04 = 0 : NULL : WAIT = 0.2
00107 
00107 #promp user
00107 PAUSE- SET GEN TO 15.0ma
00107 #-----setup 37000-1-----
00107 #disable global modes
00107 sdo[0x2000][3] = 0 : NULL : WAIT = 0.1
00108 sdo[0x2000][4] = 0 : NULL : WAIT = 0.1
00109 #configure Port Modes
00109 sdo[0x2001][1] = 0 : NULL : WAIT = 0.1
00110 sdo[0x2001][2] = 0 : NULL : WAIT = 0.1
00111 sdo[0x2001][3] = 0 : NULL : WAIT = 0.1
00112 sdo[0x2001][4] = 0 : NULL : WAIT = 0.1
00113 sdo[0x2001][5] = 48 : NULL : WAIT = 0.1
00114 sdo[0x2001][6] = 48 : NULL : WAIT = 0.1
00115 sdo[0x2001][7] = 48 : NULL : WAIT = 0.1
00116 sdo[0x2001][8] = 48 : NULL : WAIT = 0.1
00117 #switch input to load line
00117 J2_10 = 1 : NULL : WAIT = 0.1
00118 
00118 
00118 #Sweep of Input_5B from 5000 to 20000 in 5000 increments
00118 
00118 #test ammmeter
00118 #test feedback
00118 NULL : sdo[0x6401][2] = 15000 | 155 | 0.1
00118 TEST: Read Analogue Input 16-Bit.Port 5B 15000.0 +/- 155.0
00118 PASS: Read Analogue Input 16-Bit.Port 5B 14981.0
00119 
00119 #Finished with port
00119 #switch out input
00119 J2_10 = 0 : NULL : WAIT = 0.2
00120 
00120 #-----setup 37000-1-----
00120 #disable global modes
00120 sdo[0x2000][3] = 0 : NULL : WAIT = 0.1
00121 sdo[0x2000][4] = 0 : NULL : WAIT = 0.1
00122 #configure Port Modes
00122 sdo[0x2001][1] = 0 : NULL : WAIT = 0.1
00123 sdo[0x2001][2] = 0 : NULL : WAIT = 0.1
00124 sdo[0x2001][3] = 0 : NULL : WAIT = 0.1
00125 sdo[0x2001][4] = 0 : NULL : WAIT = 0.1
00126 sdo[0x2001][5] = 48 : NULL : WAIT = 0.1
00127 sdo[0x2001][6] = 48 : NULL : WAIT = 0.1
00128 sdo[0x2001][7] = 48 : NULL : WAIT = 0.1
00129 sdo[0x2001][8] = 48 : NULL : WAIT = 0.1
00130 #switch input to load line
00130 J2_12 = 1 : NULL : WAIT = 0.1
00131 
00131 
00131 #Sweep of Input_6B from 5000 to 20000 in 5000 increments
00131 
00131 #test ammmeter
00131 #test feedback
00131 NULL : sdo[0x6401][4] = 15000 | 155 | 0.1
00131 TEST: Read Analogue Input 16-Bit.Port 6B 15000.0 +/- 155.0
00131 PASS: Read Analogue Input 16-Bit.Port 6B 14987.0
00132 
00132 #Finished with port
00132 #switch out input
00132 J2_12 = 0 : NULL : WAIT = 0.2
00133 
00133 #-----setup 37000-1-----
00133 #disable global modes
00133 sdo[0x2000][3] = 0 : NULL : WAIT = 0.1
00134 sdo[0x2000][4] = 0 : NULL : WAIT = 0.1
00135 #configure Port Modes
00135 sdo[0x2001][1] = 0 : NULL : WAIT = 0.1
00136 sdo[0x2001][2] = 0 : NULL : WAIT = 0.1
00137 sdo[0x2001][3] = 0 : NULL : WAIT = 0.1
00138 sdo[0x2001][4] = 0 : NULL : WAIT = 0.1
00139 sdo[0x2001][5] = 48 : NULL : WAIT = 0.1
00140 sdo[0x2001][6] = 48 : NULL : WAIT = 0.1
00141 sdo[0x2001][7] = 48 : NULL : WAIT = 0.1
00142 sdo[0x2001][8] = 48 : NULL : WAIT = 0.1
00143 #switch input to load line
00143 J3_02 = 1 : NULL : WAIT = 0.1
00144 
00144 
00144 #Sweep of Input_7B from 5000 to 20000 in 5000 increments
00144 
00144 #test ammmeter
00144 #test feedback
00144 NULL : sdo[0x6401][6] = 15000 | 155 | 0.1
00144 TEST: Read Analogue Input 16-Bit.Port 7B 15000.0 +/- 155.0
00144 PASS: Read Analogue Input 16-Bit.Port 7B 14981.0
00145 
00145 #Finished with port
00145 #switch out input
00145 J3_02 = 0 : NULL : WAIT = 0.2
00146 
00146 #-----setup 37000-1-----
00146 #disable global modes
00146 sdo[0x2000][3] = 0 : NULL : WAIT = 0.1
00147 sdo[0x2000][4] = 0 : NULL : WAIT = 0.1
00148 #configure Port Modes
00148 sdo[0x2001][1] = 0 : NULL : WAIT = 0.1
00149 sdo[0x2001][2] = 0 : NULL : WAIT = 0.1
00150 sdo[0x2001][3] = 0 : NULL : WAIT = 0.1
00151 sdo[0x2001][4] = 0 : NULL : WAIT = 0.1
00152 sdo[0x2001][5] = 48 : NULL : WAIT = 0.1
00153 sdo[0x2001][6] = 48 : NULL : WAIT = 0.1
00154 sdo[0x2001][7] = 48 : NULL : WAIT = 0.1
00155 sdo[0x2001][8] = 48 : NULL : WAIT = 0.1
00156 #switch input to load line
00156 J3_04 = 1 : NULL : WAIT = 0.1
00157 
00157 
00157 #Sweep of Input_8B from 5000 to 20000 in 5000 increments
00157 
00157 #test ammmeter
00157 #test feedback
00157 NULL : sdo[0x6401][8] = 15000 | 155 | 0.1
00157 TEST: Read Analogue Input 16-Bit.Port 8B 15000.0 +/- 155.0
00157 PASS: Read Analogue Input 16-Bit.Port 8B 14987.0
00158 
00158 #Finished with port
00158 #switch out input
00158 J3_04 = 0 : NULL : WAIT = 0.2
00159 
00159 #promp user
00159 PAUSE- SET GEN TO 20.0ma
00159 #-----setup 37000-1-----
00159 #disable global modes
00159 sdo[0x2000][3] = 0 : NULL : WAIT = 0.1
00160 sdo[0x2000][4] = 0 : NULL : WAIT = 0.1
00161 #configure Port Modes
00161 sdo[0x2001][1] = 0 : NULL : WAIT = 0.1
00162 sdo[0x2001][2] = 0 : NULL : WAIT = 0.1
00163 sdo[0x2001][3] = 0 : NULL : WAIT = 0.1
00164 sdo[0x2001][4] = 0 : NULL : WAIT = 0.1
00165 sdo[0x2001][5] = 48 : NULL : WAIT = 0.1
00166 sdo[0x2001][6] = 48 : NULL : WAIT = 0.1
00167 sdo[0x2001][7] = 48 : NULL : WAIT = 0.1
00168 sdo[0x2001][8] = 48 : NULL : WAIT = 0.1
00169 #switch input to load line
00169 J2_10 = 1 : NULL : WAIT = 0.1
00170 
00170 
00170 #Sweep of Input_5B from 5000 to 20000 in 5000 increments
00170 
00170 #test ammmeter
00170 #test feedback
00170 NULL : sdo[0x6401][2] = 20000 | 155 | 0.1
00170 TEST: Read Analogue Input 16-Bit.Port 5B 20000.0 +/- 155.0
00170 PASS: Read Analogue Input 16-Bit.Port 5B 19975.0
00171 
00171 #Finished with port
00171 #switch out input
00171 J2_10 = 0 : NULL : WAIT = 0.2
00172 
00172 #-----setup 37000-1-----
00172 #disable global modes
00172 sdo[0x2000][3] = 0 : NULL : WAIT = 0.1
00173 sdo[0x2000][4] = 0 : NULL : WAIT = 0.1
00174 #configure Port Modes
00174 sdo[0x2001][1] = 0 : NULL : WAIT = 0.1
00175 sdo[0x2001][2] = 0 : NULL : WAIT = 0.1
00176 sdo[0x2001][3] = 0 : NULL : WAIT = 0.1
00177 sdo[0x2001][4] = 0 : NULL : WAIT = 0.1
00178 sdo[0x2001][5] = 48 : NULL : WAIT = 0.1
00179 sdo[0x2001][6] = 48 : NULL : WAIT = 0.1
00180 sdo[0x2001][7] = 48 : NULL : WAIT = 0.1
00181 sdo[0x2001][8] = 48 : NULL : WAIT = 0.1
00182 #switch input to load line
00182 J2_12 = 1 : NULL : WAIT = 0.1
00183 
00183 
00183 #Sweep of Input_6B from 5000 to 20000 in 5000 increments
00183 
00183 #test ammmeter
00183 #test feedback
00183 NULL : sdo[0x6401][4] = 20000 | 155 | 0.1
00183 TEST: Read Analogue Input 16-Bit.Port 6B 20000.0 +/- 155.0
00183 PASS: Read Analogue Input 16-Bit.Port 6B 19981.0
00184 
00184 #Finished with port
00184 #switch out input
00184 J2_12 = 0 : NULL : WAIT = 0.2
00185 
00185 #-----setup 37000-1-----
00185 #disable global modes
00185 sdo[0x2000][3] = 0 : NULL : WAIT = 0.1
00186 sdo[0x2000][4] = 0 : NULL : WAIT = 0.1
00187 #configure Port Modes
00187 sdo[0x2001][1] = 0 : NULL : WAIT = 0.1
00188 sdo[0x2001][2] = 0 : NULL : WAIT = 0.1
00189 sdo[0x2001][3] = 0 : NULL : WAIT = 0.1
00190 sdo[0x2001][4] = 0 : NULL : WAIT = 0.1
00191 sdo[0x2001][5] = 48 : NULL : WAIT = 0.1
00192 sdo[0x2001][6] = 48 : NULL : WAIT = 0.1
00193 sdo[0x2001][7] = 48 : NULL : WAIT = 0.1
00194 sdo[0x2001][8] = 48 : NULL : WAIT = 0.1
00195 #switch input to load line
00195 J3_02 = 1 : NULL : WAIT = 0.1
00196 
00196 
00196 #Sweep of Input_7B from 5000 to 20000 in 5000 increments
00196 
00196 #test ammmeter
00196 #test feedback
00196 NULL : sdo[0x6401][6] = 20000 | 155 | 0.1
00196 TEST: Read Analogue Input 16-Bit.Port 7B 20000.0 +/- 155.0
00196 PASS: Read Analogue Input 16-Bit.Port 7B 19975.0
00197 
00197 #Finished with port
00197 #switch out input
00197 J3_02 = 0 : NULL : WAIT = 0.2
00198 
00198 #-----setup 37000-1-----
00198 #disable global modes
00198 sdo[0x2000][3] = 0 : NULL : WAIT = 0.1
00199 sdo[0x2000][4] = 0 : NULL : WAIT = 0.1
00200 #configure Port Modes
00200 sdo[0x2001][1] = 0 : NULL : WAIT = 0.1
00201 sdo[0x2001][2] = 0 : NULL : WAIT = 0.1
00202 sdo[0x2001][3] = 0 : NULL : WAIT = 0.1
00203 sdo[0x2001][4] = 0 : NULL : WAIT = 0.1
00204 sdo[0x2001][5] = 48 : NULL : WAIT = 0.1
00205 sdo[0x2001][6] = 48 : NULL : WAIT = 0.1
00206 sdo[0x2001][7] = 48 : NULL : WAIT = 0.1
00207 sdo[0x2001][8] = 48 : NULL : WAIT = 0.1
00208 #switch input to load line
00208 J3_04 = 1 : NULL : WAIT = 0.1
00209 
00209 
00209 #Sweep of Input_8B from 5000 to 20000 in 5000 increments
00209 
00209 #test ammmeter
00209 #test feedback
00209 NULL : sdo[0x6401][8] = 20000 | 155 | 0.1
00209 TEST: Read Analogue Input 16-Bit.Port 8B 20000.0 +/- 155.0
00209 PASS: Read Analogue Input 16-Bit.Port 8B 19981.0
00210 
00210 #Finished with port
00210 #switch out input
00210 J3_04 = 0 : NULL : WAIT = 0.2
00211 
00211 
00211 #Finished with mode
00211 #switch out load line
00211 J3_04 = 0 : NULL : WAIT = 0.1
00212 #switch out 420ma gen
00212 J4_01 = 0 : NULL : WAIT = 0.2
00213 SAVE
00213 END
Fail count: 0
Finished on: 2025-08-16-17:10:57
elapsed time: 0:01:41.853664
