Started on: 2026-02-06-14:48:12
00000 #43019-1
00000 #Verion 0.0
00000 #input test
00000 UUT_DBC = 43019-560.dbc
00000 UUT_DATANAME = 43019-1-INPUT-ENCODER
00000 
00000 #setup meter
00000 LdRemote = 1 : NULL : WAIT = 0.1
00001 LdCurrentSet = 0 : NULL : WAIT = 0.1
00002 LdEnable = 0 : NULL : WAIT = 0.1
00003 J0_08_METER_LOAD = 1 : NULL : WAIT = 1
00004 
00004 #setup PS1
00004 PwrRemote = 1 : NULL : WAIT = 0.1
00005 PwrSetCurrent = 20 : NULL : WAIT = 0.1
00006 PwrSetVoltage = 0 : NULL : WAIT = 0.1
00007 PwrEnable = 1 : NULL : WAIT = 0.1
00008 J0_09_TEST_SUPPLY = 0 : NULL : WAIT = 1
00009 
00009 #-----setup 39009-----
00009 #configure as Output Digital ON/OFF
00009 Command = 82, MODE1 = 0, MODE2 = 0, Enable_24VDC = 0, ADRaw = 0 : NULL : WAIT = 0.5
00010 Command = 83, MODE1A = 0, MODE1B = 0, MODE2A = 0, MODE2B = 0, MODE3A = 10, MODE3B = 10, MODE4A = 10, MODE4B = 10, MODE5A = 0, MODE5B = 0 : NULL : WAIT = 0.5
00011 Command = 0, MODE1A = 0, MODE1B = 0, MODE2A = 0, MODE2B = 0, MODE3A = 0, MODE3B = 0, MODE4A = 0, MODE4B = 0, MODE5A = 0, MODE5B = 0 : NULL
00012 
00012 Command = 87, Counter_3A_Reset = 1, Counter_3A_ON_OFF = 1 : NULL : WAIT = 0.2
00013 Command = 87, Counter_3A_Reset = 0, Counter_3A_ON_OFF = 1 : NULL : WAIT = 0.2
00014 #clear multiplex
00014 Command = 0, Counter_3A_Reset = 0, Counter_3A_ON_OFF = 0 : NULL
00015 
00015 Command = 82, FaultReset = 1, SaveSettings = 1, Enable_DPLTx = 1, Enable_DPLF1 = 1, Enable_DPLF2 = 1 : NULL : WAIT = 0.5
00016 #clear multiplex
00016 Command = 0, FaultReset = 0, SaveSettings = 0, Enable_DPLTx = 0, Enable_DPLF1 = 0, Enable_DPLF2 = 0 : NULL
00017 #switch in test supply
00017 J0_09_TEST_SUPPLY = 1 : NULL : WAIT = 0.2
00018 
00018 PwrSetVoltage = 140 : NULL
00019 #avoid first activation glitch by activating prior to test
00019 J1_06 = 1 : NULL : WAIT = 0.2
00020 J1_05 = 1 : NULL : WAIT = 0.2
00021 J1_06 = 0 : NULL : WAIT = 0.2
00022 J1_05 = 0 : NULL : WAIT = 0.2
00023 Command = 87, Counter_3A_Reset = 1, Counter_3A_ON_OFF = 1 : NULL : WAIT = 0.2
00024 Command = 87, Counter_3A_Reset = 0, Counter_3A_ON_OFF = 1 : NULL : WAIT = 0.2
00025 #testing encoder foward
00025 J1_06 = 1 : NULL : WAIT = 0.2
00026 NULL : EncoderValue3 = 1 | 0 | 0.1
00026 TEST: EncoderValue3 1.0 +/- 0.0
00026 PASS: EncoderValue3 1.0
00027 J1_05 = 1 : NULL : WAIT = 0.2
00028 NULL : EncoderValue3 = 2 | 0 | 0.1
00028 TEST: EncoderValue3 2.0 +/- 0.0
00028 PASS: EncoderValue3 2.0
00029 J1_06 = 0 : NULL : WAIT = 0.2
00030 NULL : EncoderValue3 = 3 | 0 | 0.1
00030 TEST: EncoderValue3 3.0 +/- 0.0
00030 PASS: EncoderValue3 3.0
00031 J1_05 = 0 : NULL : WAIT = 0.2
00032 NULL : EncoderValue3 = 4 | 0 | 0.1
00032 TEST: EncoderValue3 4.0 +/- 0.0
00032 PASS: EncoderValue3 4.0
00033 
00033 J1_06 = 1 : NULL : WAIT = 0.2
00034 NULL : EncoderValue3 = 5 | 0 | 0.1
00034 TEST: EncoderValue3 5.0 +/- 0.0
00034 PASS: EncoderValue3 5.0
00035 J1_05 = 1 : NULL : WAIT = 0.2
00036 NULL : EncoderValue3 = 6 | 0 | 0.1
00036 TEST: EncoderValue3 6.0 +/- 0.0
00036 PASS: EncoderValue3 6.0
00037 J1_06 = 0 : NULL : WAIT = 0.2
00038 NULL : EncoderValue3 = 7 | 0 | 0.1
00038 TEST: EncoderValue3 7.0 +/- 0.0
00038 PASS: EncoderValue3 7.0
00039 J1_05 = 0 : NULL : WAIT = 0.2
00040 NULL : EncoderValue3 = 8 | 0 | 0.1
00040 TEST: EncoderValue3 8.0 +/- 0.0
00040 PASS: EncoderValue3 8.0
00041 
00041 #testing encoder reverse
00041 J1_05 = 1 : NULL : WAIT = 0.2
00042 NULL : EncoderValue3 = 7 | 0 | 0.1
00042 TEST: EncoderValue3 7.0 +/- 0.0
00042 PASS: EncoderValue3 7.0
00043 J1_06 = 1 : NULL : WAIT = 0.2
00044 NULL : EncoderValue3 = 6 | 0 | 0.1
00044 TEST: EncoderValue3 6.0 +/- 0.0
00044 PASS: EncoderValue3 6.0
00045 J1_05 = 0 : NULL : WAIT = 0.2
00046 NULL : EncoderValue3 = 5 | 0 | 0.1
00046 TEST: EncoderValue3 5.0 +/- 0.0
00046 PASS: EncoderValue3 5.0
00047 J1_06 = 0 : NULL : WAIT = 0.2
00048 NULL : EncoderValue3 = 4 | 0 | 0.1
00048 TEST: EncoderValue3 4.0 +/- 0.0
00048 PASS: EncoderValue3 4.0
00049 
00049 J1_05 = 1 : NULL : WAIT = 0.2
00050 NULL : EncoderValue3 = 3 | 0 | 0.1
00050 TEST: EncoderValue3 3.0 +/- 0.0
00050 PASS: EncoderValue3 3.0
00051 J1_06 = 1 : NULL : WAIT = 0.2
00052 NULL : EncoderValue3 = 2 | 0 | 0.1
00052 TEST: EncoderValue3 2.0 +/- 0.0
00052 PASS: EncoderValue3 2.0
00053 J1_05 = 0 : NULL : WAIT = 0.2
00054 NULL : EncoderValue3 = 1 | 0 | 0.1
00054 TEST: EncoderValue3 1.0 +/- 0.0
00054 PASS: EncoderValue3 1.0
00055 J1_06 = 0 : NULL : WAIT = 0.2
00056 NULL : EncoderValue3 = 0 | 0 | 0.1
00056 TEST: EncoderValue3 0.0 +/- 0.0
00056 PASS: EncoderValue3 0.0
00057 
00057 #testing encoder reverse rollover
00057 J1_05 = 1 : NULL : WAIT = 0.2
00058 NULL : EncoderValue3 = 4294967295 | 0 | 0.1
00058 TEST: EncoderValue3 4294967295.0 +/- 0.0
00058 PASS: EncoderValue3 4294967295.0
00059 J1_06 = 1 : NULL : WAIT = 0.2
00060 NULL : EncoderValue3 = 4294967294 | 0 | 0.1
00060 TEST: EncoderValue3 4294967294.0 +/- 0.0
00060 PASS: EncoderValue3 4294967294.0
00061 J1_05 = 0 : NULL : WAIT = 0.2
00062 NULL : EncoderValue3 = 4294967293 | 0 | 0.1
00062 TEST: EncoderValue3 4294967293.0 +/- 0.0
00062 PASS: EncoderValue3 4294967293.0
00063 J1_06 = 0 : NULL : WAIT = 0.2
00064 NULL : EncoderValue3 = 4294967292 | 0 | 0.1
00064 TEST: EncoderValue3 4294967292.0 +/- 0.0
00064 PASS: EncoderValue3 4294967292.0
00065 
00065 J1_05 = 1 : NULL : WAIT = 0.2
00066 NULL : EncoderValue3 = 4294967291 | 0 | 0.1
00066 TEST: EncoderValue3 4294967291.0 +/- 0.0
00066 PASS: EncoderValue3 4294967291.0
00067 J1_06 = 1 : NULL : WAIT = 0.2
00068 NULL : EncoderValue3 = 4294967290 | 0 | 0.1
00068 TEST: EncoderValue3 4294967290.0 +/- 0.0
00068 PASS: EncoderValue3 4294967290.0
00069 J1_05 = 0 : NULL : WAIT = 0.2
00070 NULL : EncoderValue3 = 4294967289 | 0 | 0.1
00070 TEST: EncoderValue3 4294967289.0 +/- 0.0
00070 PASS: EncoderValue3 4294967289.0
00071 J1_06 = 0 : NULL : WAIT = 0.2
00072 NULL : EncoderValue3 = 4294967288 | 0 | 0.1
00072 TEST: EncoderValue3 4294967288.0 +/- 0.0
00072 PASS: EncoderValue3 4294967288.0
00073 
00073 #switch out input
00073 J1_06 = 0 : NULL : WAIT = 0.2
00074 J1_05 = 0 : NULL : WAIT = 0.2
00075 J0_09_TEST_SUPPLY = 0 : NULL : WAIT = 0.2
00076 #disable counter
00076 Command = 87, Counter_3A_ON_OFF = 1 : NULL : WAIT = 0.2
00077 Command = 0, Counter_3A_ON_OFF = 0 : NULL
00078 #verify count
00078 NULL : EncoderValue3 = 4294967288 | 0 | 0.1
00078 TEST: EncoderValue3 4294967288.0 +/- 0.0
00078 PASS: EncoderValue3 4294967288.0
00079 #send counter reset
00079 Command = 87, Counter_3A_Reset = 1 : NULL : WAIT = 0.2
00080 Command = 0, Counter_3A_Reset = 0 : NULL
00081 #verify count reset
00081 NULL : EncoderValue3 = 0 | 0 | 0.1
00081 TEST: EncoderValue3 0.0 +/- 0.0
00081 PASS: EncoderValue3 0.0
00082 
00082 #switch out load line
00082 J1_06 = 0, J1_05 = 0 : NULL : WAIT = 0.1
00083 #switch out power supply
00083 LdRemote = 0 : NULL : WAIT = 0.1
00084 LdCurrentSet = 0 : NULL : WAIT = 0.1
00085 J0_08_METER_LOAD = 0 : NULL : WAIT = 0.1
00086 #cycle IGN to clean slate
00086 #setup meter
00086 LdRemote = 1 : NULL : WAIT = 0.1
00087 LdCurrentSet = 0 : NULL : WAIT = 0.1
00088 LdEnable = 0 : NULL : WAIT = 0.1
00089 J0_08_METER_LOAD = 1 : NULL : WAIT = 1
00090 
00090 #setup PS1
00090 PwrRemote = 1 : NULL : WAIT = 0.1
00091 PwrSetCurrent = 20 : NULL : WAIT = 0.1
00092 PwrSetVoltage = 0 : NULL : WAIT = 0.1
00093 PwrEnable = 1 : NULL : WAIT = 0.1
00094 J0_09_TEST_SUPPLY = 0 : NULL : WAIT = 1
00095 
00095 #-----setup 39009-----
00095 #configure as Output Digital ON/OFF
00095 Command = 82, MODE1 = 0, MODE2 = 0, Enable_24VDC = 0, ADRaw = 0 : NULL : WAIT = 0.5
00096 Command = 83, MODE1A = 0, MODE1B = 0, MODE2A = 0, MODE2B = 0, MODE3A = 10, MODE3B = 10, MODE4A = 10, MODE4B = 10, MODE5A = 0, MODE5B = 0 : NULL : WAIT = 0.5
00097 Command = 0, MODE1A = 0, MODE1B = 0, MODE2A = 0, MODE2B = 0, MODE3A = 0, MODE3B = 0, MODE4A = 0, MODE4B = 0, MODE5A = 0, MODE5B = 0 : NULL
00098 
00098 Command = 87, Counter_4A_Reset = 1, Counter_4A_ON_OFF = 1 : NULL : WAIT = 0.2
00099 Command = 87, Counter_4A_Reset = 0, Counter_4A_ON_OFF = 1 : NULL : WAIT = 0.2
00100 #clear multiplex
00100 Command = 0, Counter_4A_Reset = 0, Counter_4A_ON_OFF = 0 : NULL
00101 
00101 Command = 82, FaultReset = 1, SaveSettings = 1, Enable_DPLTx = 1, Enable_DPLF1 = 1, Enable_DPLF2 = 1 : NULL : WAIT = 0.5
00102 #clear multiplex
00102 Command = 0, FaultReset = 0, SaveSettings = 0, Enable_DPLTx = 0, Enable_DPLF1 = 0, Enable_DPLF2 = 0 : NULL
00103 #switch in test supply
00103 J0_09_TEST_SUPPLY = 1 : NULL : WAIT = 0.2
00104 
00104 PwrSetVoltage = 140 : NULL
00105 #avoid first activation glitch by activating prior to test
00105 J1_08 = 1 : NULL : WAIT = 0.2
00106 J1_07 = 1 : NULL : WAIT = 0.2
00107 J1_08 = 0 : NULL : WAIT = 0.2
00108 J1_07 = 0 : NULL : WAIT = 0.2
00109 Command = 87, Counter_4A_Reset = 1, Counter_4A_ON_OFF = 1 : NULL : WAIT = 0.2
00110 Command = 87, Counter_4A_Reset = 0, Counter_4A_ON_OFF = 1 : NULL : WAIT = 0.2
00111 #testing encoder foward
00111 J1_08 = 1 : NULL : WAIT = 0.2
00112 NULL : EncoderValue4 = 1 | 0 | 0.1
00112 TEST: EncoderValue4 1.0 +/- 0.0
00112 PASS: EncoderValue4 1.0
00113 J1_07 = 1 : NULL : WAIT = 0.2
00114 NULL : EncoderValue4 = 2 | 0 | 0.1
00114 TEST: EncoderValue4 2.0 +/- 0.0
00114 PASS: EncoderValue4 2.0
00115 J1_08 = 0 : NULL : WAIT = 0.2
00116 NULL : EncoderValue4 = 3 | 0 | 0.1
00116 TEST: EncoderValue4 3.0 +/- 0.0
00116 PASS: EncoderValue4 3.0
00117 J1_07 = 0 : NULL : WAIT = 0.2
00118 NULL : EncoderValue4 = 4 | 0 | 0.1
00118 TEST: EncoderValue4 4.0 +/- 0.0
00118 PASS: EncoderValue4 4.0
00119 
00119 J1_08 = 1 : NULL : WAIT = 0.2
00120 NULL : EncoderValue4 = 5 | 0 | 0.1
00120 TEST: EncoderValue4 5.0 +/- 0.0
00120 PASS: EncoderValue4 5.0
00121 J1_07 = 1 : NULL : WAIT = 0.2
00122 NULL : EncoderValue4 = 6 | 0 | 0.1
00122 TEST: EncoderValue4 6.0 +/- 0.0
00122 PASS: EncoderValue4 6.0
00123 J1_08 = 0 : NULL : WAIT = 0.2
00124 NULL : EncoderValue4 = 7 | 0 | 0.1
00124 TEST: EncoderValue4 7.0 +/- 0.0
00124 PASS: EncoderValue4 7.0
00125 J1_07 = 0 : NULL : WAIT = 0.2
00126 NULL : EncoderValue4 = 8 | 0 | 0.1
00126 TEST: EncoderValue4 8.0 +/- 0.0
00126 PASS: EncoderValue4 8.0
00127 
00127 #testing encoder reverse
00127 J1_07 = 1 : NULL : WAIT = 0.2
00128 NULL : EncoderValue4 = 7 | 0 | 0.1
00128 TEST: EncoderValue4 7.0 +/- 0.0
00128 PASS: EncoderValue4 7.0
00129 J1_08 = 1 : NULL : WAIT = 0.2
00130 NULL : EncoderValue4 = 6 | 0 | 0.1
00130 TEST: EncoderValue4 6.0 +/- 0.0
00130 PASS: EncoderValue4 6.0
00131 J1_07 = 0 : NULL : WAIT = 0.2
00132 NULL : EncoderValue4 = 5 | 0 | 0.1
00132 TEST: EncoderValue4 5.0 +/- 0.0
00132 PASS: EncoderValue4 5.0
00133 J1_08 = 0 : NULL : WAIT = 0.2
00134 NULL : EncoderValue4 = 4 | 0 | 0.1
00134 TEST: EncoderValue4 4.0 +/- 0.0
00134 PASS: EncoderValue4 4.0
00135 
00135 J1_07 = 1 : NULL : WAIT = 0.2
00136 NULL : EncoderValue4 = 3 | 0 | 0.1
00136 TEST: EncoderValue4 3.0 +/- 0.0
00136 PASS: EncoderValue4 3.0
00137 J1_08 = 1 : NULL : WAIT = 0.2
00138 NULL : EncoderValue4 = 2 | 0 | 0.1
00138 TEST: EncoderValue4 2.0 +/- 0.0
00138 PASS: EncoderValue4 2.0
00139 J1_07 = 0 : NULL : WAIT = 0.2
00140 NULL : EncoderValue4 = 1 | 0 | 0.1
00140 TEST: EncoderValue4 1.0 +/- 0.0
00140 PASS: EncoderValue4 1.0
00141 J1_08 = 0 : NULL : WAIT = 0.2
00142 NULL : EncoderValue4 = 0 | 0 | 0.1
00142 TEST: EncoderValue4 0.0 +/- 0.0
00142 PASS: EncoderValue4 0.0
00143 
00143 #testing encoder reverse rollover
00143 J1_07 = 1 : NULL : WAIT = 0.2
00144 NULL : EncoderValue4 = 4294967295 | 0 | 0.1
00144 TEST: EncoderValue4 4294967295.0 +/- 0.0
00144 PASS: EncoderValue4 4294967295.0
00145 J1_08 = 1 : NULL : WAIT = 0.2
00146 NULL : EncoderValue4 = 4294967294 | 0 | 0.1
00146 TEST: EncoderValue4 4294967294.0 +/- 0.0
00146 PASS: EncoderValue4 4294967294.0
00147 J1_07 = 0 : NULL : WAIT = 0.2
00148 NULL : EncoderValue4 = 4294967293 | 0 | 0.1
00148 TEST: EncoderValue4 4294967293.0 +/- 0.0
00148 PASS: EncoderValue4 4294967293.0
00149 J1_08 = 0 : NULL : WAIT = 0.2
00150 NULL : EncoderValue4 = 4294967292 | 0 | 0.1
00150 TEST: EncoderValue4 4294967292.0 +/- 0.0
00150 PASS: EncoderValue4 4294967292.0
00151 
00151 J1_07 = 1 : NULL : WAIT = 0.2
00152 NULL : EncoderValue4 = 4294967291 | 0 | 0.1
00152 TEST: EncoderValue4 4294967291.0 +/- 0.0
00152 PASS: EncoderValue4 4294967291.0
00153 J1_08 = 1 : NULL : WAIT = 0.2
00154 NULL : EncoderValue4 = 4294967290 | 0 | 0.1
00154 TEST: EncoderValue4 4294967290.0 +/- 0.0
00154 PASS: EncoderValue4 4294967290.0
00155 J1_07 = 0 : NULL : WAIT = 0.2
00156 NULL : EncoderValue4 = 4294967289 | 0 | 0.1
00156 TEST: EncoderValue4 4294967289.0 +/- 0.0
00156 PASS: EncoderValue4 4294967289.0
00157 J1_08 = 0 : NULL : WAIT = 0.2
00158 NULL : EncoderValue4 = 4294967288 | 0 | 0.1
00158 TEST: EncoderValue4 4294967288.0 +/- 0.0
00158 PASS: EncoderValue4 4294967288.0
00159 
00159 #switch out input
00159 J1_08 = 0 : NULL : WAIT = 0.2
00160 J1_07 = 0 : NULL : WAIT = 0.2
00161 J0_09_TEST_SUPPLY = 0 : NULL : WAIT = 0.2
00162 #disable counter
00162 Command = 87, Counter_4A_ON_OFF = 1 : NULL : WAIT = 0.2
00163 Command = 0, Counter_4A_ON_OFF = 0 : NULL
00164 #verify count
00164 NULL : EncoderValue4 = 4294967288 | 0 | 0.1
00164 TEST: EncoderValue4 4294967288.0 +/- 0.0
00164 PASS: EncoderValue4 4294967288.0
00165 #send counter reset
00165 Command = 87, Counter_4A_Reset = 1 : NULL : WAIT = 0.2
00166 Command = 0, Counter_4A_Reset = 0 : NULL
00167 #verify count reset
00167 NULL : EncoderValue4 = 0 | 0 | 0.1
00167 TEST: EncoderValue4 0.0 +/- 0.0
00167 PASS: EncoderValue4 0.0
00168 
00168 #switch out load line
00168 J1_08 = 0, J1_07 = 0 : NULL : WAIT = 0.1
00169 #switch out power supply
00169 LdRemote = 0 : NULL : WAIT = 0.1
00170 LdCurrentSet = 0 : NULL : WAIT = 0.1
00171 J0_08_METER_LOAD = 0 : NULL : WAIT = 0.1
00172 #cycle IGN to clean slate
00172 SAVE
00172 END
Fail count: 0
Finished on: 2026-02-06-14:48:45
elapsed time: 0:00:31.213500
