Started on: 2025-09-09-12:07:32
00000 #37000-4
00000 #Verion 0.0
00000 #digital normal test using the E-LOAD
00000 UUT_EDS = 37000-564.eds
00000 UUT_DATANAME = 37000-4-CANOPEN-OUTPUT-SHORT
00000 
00000 PRE_OPERATIONAL
00000 PAUSE-MANUALLY ACTIVATE SHORT ON E_LOAD
00000 #-----setup PAT-----
00000 #setup load
00000 LdRemote = 0 : NULL : WAIT = 0.1
00001 LdEnable = 0 : NULL : WAIT = 0.1
00002 LdCurrentSet = 0 : NULL : WAIT = 0.1
00003 J0_08_METER_LOAD = 1 : NULL : WAIT = 1
00004 NULL : sdo[0x5001][3] = 0 | 0.1 | 0.1
00004 TEST: Status Message F1.Status_Output1-2 0.0 +/- 0.1
00004 PASS: Status Message F1.Status_Output1-2 0.0
00005 NULL : sdo[0x5001][4] = 0 | 0.1 | 0.1
00005 PASS: Status Message F1.Status_Output3-4 0.0
00006 OPERATIONAL
00006 #-----setup 34044-----
00006 sdo[0x2000][1] = 0, sdo[0x2000][2] = 0 : NULL : WAIT = 0.1
00007 #disable global modes
00007 sdo[0x2000][3] = 0 : NULL : WAIT = 0.1
00008 sdo[0x2000][4] = 0 : NULL : WAIT = 0.1
00009 sdo[0x2000][1] = 0 : NULL : WAIT = 0.2
00010 sdo[0x2001][1] = 17 : NULL : WAIT = 0.2
00011 #switch in load line, set current
00011 J2_01 = 1 : NULL : WAIT = 0.5
00012 sdo[0x2005][1] = 0 : NULL : WAIT = 0.1
00013 
00013 #set current and turn on output and verify feedback
00013 sdo[0x6200][1] = 1 : NULL : WAIT = 0.1
00014 #check feedback is 0
00014 NULL : sdo[0x5003][1] = 0 | 0 | 0.1
00014 TEST: Status Message Amp.Port_1 0.0 +/- 0.0
00014 PASS: Status Message Amp.Port_1 0.0
00015 #check fault is set
00015 NULL : sdo[0x5001][3] = 2 | 0 | 0.1
00015 TEST: Status Message F1.Status_Output1-2 2.0 +/- 0.0
00015 PASS: Status Message F1.Status_Output1-2 2.0
00016 #check fault code
00016 NULL : sdo[0x5000][3] = 1 | 0 | 0.1
00016 TEST: Response Message.Active_Fault_Code 1.0 +/- 0.0
00016 PASS: Response Message.Active_Fault_Code 1.0
00017 #switch out load line
00017 sdo[0x6200][1] = 0 : NULL : WAIT = 0.1
00018 J2_01 = 0 : NULL : WAIT = 0.5
00019 #-----setup 34044-----
00019 sdo[0x2000][1] = 0, sdo[0x2000][2] = 0 : NULL : WAIT = 0.1
00020 #disable global modes
00020 sdo[0x2000][3] = 0 : NULL : WAIT = 0.1
00021 sdo[0x2000][4] = 0 : NULL : WAIT = 0.1
00022 sdo[0x2000][1] = 0 : NULL : WAIT = 0.2
00023 sdo[0x2001][1] = 17 : NULL : WAIT = 0.2
00024 #switch in load line, set current
00024 J2_02 = 1 : NULL : WAIT = 0.5
00025 sdo[0x2005][1] = 1 : NULL : WAIT = 0.1
00026 
00026 #set current and turn on output and verify feedback
00026 sdo[0x6200][1] = 2 : NULL : WAIT = 0.1
00027 #check feedback is 0
00027 NULL : sdo[0x5003][1] = 0 | 0 | 0.1
00027 TEST: Status Message Amp.Port_1 0.0 +/- 0.0
00027 PASS: Status Message Amp.Port_1 0.0
00028 #check fault is set
00028 NULL : sdo[0x5001][3] = 10 | 0 | 0.1
00028 TEST: Status Message F1.Status_Output1-2 10.0 +/- 0.0
00028 PASS: Status Message F1.Status_Output1-2 10.0
00029 #check fault code
00029 NULL : sdo[0x5000][3] = 1 | 0 | 0.1
00029 TEST: Response Message.Active_Fault_Code 1.0 +/- 0.0
00029 PASS: Response Message.Active_Fault_Code 1.0
00030 #switch out load line
00030 sdo[0x6200][1] = 0 : NULL : WAIT = 0.1
00031 J2_02 = 0 : NULL : WAIT = 0.5
00032 #-----setup 34044-----
00032 sdo[0x2000][1] = 0, sdo[0x2000][2] = 0 : NULL : WAIT = 0.1
00033 #disable global modes
00033 sdo[0x2000][3] = 0 : NULL : WAIT = 0.1
00034 sdo[0x2000][4] = 0 : NULL : WAIT = 0.1
00035 sdo[0x2000][1] = 0 : NULL : WAIT = 0.2
00036 sdo[0x2001][2] = 17 : NULL : WAIT = 0.2
00037 #switch in load line, set current
00037 J2_03 = 1 : NULL : WAIT = 0.5
00038 sdo[0x2005][1] = 0 : NULL : WAIT = 0.1
00039 
00039 #set current and turn on output and verify feedback
00039 sdo[0x6200][1] = 4 : NULL : WAIT = 0.1
00040 #check feedback is 0
00040 NULL : sdo[0x5003][2] = 0 | 0 | 0.1
00040 TEST: Status Message Amp.Port_2 0.0 +/- 0.0
00040 PASS: Status Message Amp.Port_2 0.0
00041 #check fault is set
00041 NULL : sdo[0x5001][3] = 42 | 0 | 0.1
00041 TEST: Status Message F1.Status_Output1-2 42.0 +/- 0.0
00041 PASS: Status Message F1.Status_Output1-2 42.0
00042 #check fault code
00042 NULL : sdo[0x5000][3] = 1 | 0 | 0.1
00042 TEST: Response Message.Active_Fault_Code 1.0 +/- 0.0
00042 PASS: Response Message.Active_Fault_Code 1.0
00043 #switch out load line
00043 sdo[0x6200][1] = 0 : NULL : WAIT = 0.1
00044 J2_03 = 0 : NULL : WAIT = 0.5
00045 #-----setup 34044-----
00045 sdo[0x2000][1] = 0, sdo[0x2000][2] = 0 : NULL : WAIT = 0.1
00046 #disable global modes
00046 sdo[0x2000][3] = 0 : NULL : WAIT = 0.1
00047 sdo[0x2000][4] = 0 : NULL : WAIT = 0.1
00048 sdo[0x2000][1] = 0 : NULL : WAIT = 0.2
00049 sdo[0x2001][2] = 17 : NULL : WAIT = 0.2
00050 #switch in load line, set current
00050 J2_04 = 1 : NULL : WAIT = 0.5
00051 sdo[0x2005][1] = 2 : NULL : WAIT = 0.1
00052 
00052 #set current and turn on output and verify feedback
00052 sdo[0x6200][1] = 8 : NULL : WAIT = 0.1
00053 #check feedback is 0
00053 NULL : sdo[0x5003][2] = 0 | 0 | 0.1
00053 TEST: Status Message Amp.Port_2 0.0 +/- 0.0
00053 PASS: Status Message Amp.Port_2 0.0
00054 #check fault is set
00054 NULL : sdo[0x5001][3] = 170 | 0 | 0.1
00054 TEST: Status Message F1.Status_Output1-2 170.0 +/- 0.0
00054 PASS: Status Message F1.Status_Output1-2 170.0
00055 #check fault code
00055 NULL : sdo[0x5000][3] = 1 | 0 | 0.1
00055 TEST: Response Message.Active_Fault_Code 1.0 +/- 0.0
00055 PASS: Response Message.Active_Fault_Code 1.0
00056 #switch out load line
00056 sdo[0x6200][1] = 0 : NULL : WAIT = 0.1
00057 J2_04 = 0 : NULL : WAIT = 0.5
00058 #-----setup 34044-----
00058 sdo[0x2000][1] = 0, sdo[0x2000][2] = 0 : NULL : WAIT = 0.1
00059 #disable global modes
00059 sdo[0x2000][3] = 0 : NULL : WAIT = 0.1
00060 sdo[0x2000][4] = 0 : NULL : WAIT = 0.1
00061 sdo[0x2000][1] = 0 : NULL : WAIT = 0.2
00062 sdo[0x2001][3] = 17 : NULL : WAIT = 0.2
00063 #switch in load line, set current
00063 J2_05 = 1 : NULL : WAIT = 0.5
00064 sdo[0x2005][1] = 0 : NULL : WAIT = 0.1
00065 
00065 #set current and turn on output and verify feedback
00065 sdo[0x6200][1] = 16 : NULL : WAIT = 0.1
00066 #check feedback is 0
00066 NULL : sdo[0x5003][3] = 0 | 0 | 0.1
00066 TEST: Status Message Amp.Port_3 0.0 +/- 0.0
00066 PASS: Status Message Amp.Port_3 0.0
00067 #check fault is set
00067 NULL : sdo[0x5001][4] = 2 | 0 | 0.1
00067 TEST: Status Message F1.Status_Output3-4 2.0 +/- 0.0
00067 PASS: Status Message F1.Status_Output3-4 2.0
00068 #check fault code
00068 NULL : sdo[0x5000][3] = 1 | 0 | 0.1
00068 TEST: Response Message.Active_Fault_Code 1.0 +/- 0.0
00068 PASS: Response Message.Active_Fault_Code 1.0
00069 #switch out load line
00069 sdo[0x6200][1] = 0 : NULL : WAIT = 0.1
00070 J2_05 = 0 : NULL : WAIT = 0.5
00071 #-----setup 34044-----
00071 sdo[0x2000][1] = 0, sdo[0x2000][2] = 0 : NULL : WAIT = 0.1
00072 #disable global modes
00072 sdo[0x2000][3] = 0 : NULL : WAIT = 0.1
00073 sdo[0x2000][4] = 0 : NULL : WAIT = 0.1
00074 sdo[0x2000][1] = 0 : NULL : WAIT = 0.2
00075 sdo[0x2001][3] = 17 : NULL : WAIT = 0.2
00076 #switch in load line, set current
00076 J2_06 = 1 : NULL : WAIT = 0.5
00077 sdo[0x2005][1] = 4 : NULL : WAIT = 0.1
00078 
00078 #set current and turn on output and verify feedback
00078 sdo[0x6200][1] = 32 : NULL : WAIT = 0.1
00079 #check feedback is 0
00079 NULL : sdo[0x5003][3] = 0 | 0 | 0.1
00079 TEST: Status Message Amp.Port_3 0.0 +/- 0.0
00079 PASS: Status Message Amp.Port_3 0.0
00080 #check fault is set
00080 NULL : sdo[0x5001][4] = 10 | 0 | 0.1
00080 TEST: Status Message F1.Status_Output3-4 10.0 +/- 0.0
00080 PASS: Status Message F1.Status_Output3-4 10.0
00081 #check fault code
00081 NULL : sdo[0x5000][3] = 1 | 0 | 0.1
00081 TEST: Response Message.Active_Fault_Code 1.0 +/- 0.0
00081 PASS: Response Message.Active_Fault_Code 1.0
00082 #switch out load line
00082 sdo[0x6200][1] = 0 : NULL : WAIT = 0.1
00083 J2_06 = 0 : NULL : WAIT = 0.5
00084 #-----setup 34044-----
00084 sdo[0x2000][1] = 0, sdo[0x2000][2] = 0 : NULL : WAIT = 0.1
00085 #disable global modes
00085 sdo[0x2000][3] = 0 : NULL : WAIT = 0.1
00086 sdo[0x2000][4] = 0 : NULL : WAIT = 0.1
00087 sdo[0x2000][1] = 0 : NULL : WAIT = 0.2
00088 sdo[0x2001][4] = 17 : NULL : WAIT = 0.2
00089 #switch in load line, set current
00089 J2_07 = 1 : NULL : WAIT = 0.5
00090 sdo[0x2005][1] = 0 : NULL : WAIT = 0.1
00091 
00091 #set current and turn on output and verify feedback
00091 sdo[0x6200][1] = 64 : NULL : WAIT = 0.1
00092 #check feedback is 0
00092 NULL : sdo[0x5003][4] = 0 | 0 | 0.1
00092 TEST: Status Message Amp.Port_4 0.0 +/- 0.0
00092 PASS: Status Message Amp.Port_4 0.0
00093 #check fault is set
00093 NULL : sdo[0x5001][4] = 42 | 0 | 0.1
00093 TEST: Status Message F1.Status_Output3-4 42.0 +/- 0.0
00093 PASS: Status Message F1.Status_Output3-4 42.0
00094 #check fault code
00094 NULL : sdo[0x5000][3] = 1 | 0 | 0.1
00094 TEST: Response Message.Active_Fault_Code 1.0 +/- 0.0
00094 PASS: Response Message.Active_Fault_Code 1.0
00095 #switch out load line
00095 sdo[0x6200][1] = 0 : NULL : WAIT = 0.1
00096 J2_07 = 0 : NULL : WAIT = 0.5
00097 #-----setup 34044-----
00097 sdo[0x2000][1] = 0, sdo[0x2000][2] = 0 : NULL : WAIT = 0.1
00098 #disable global modes
00098 sdo[0x2000][3] = 0 : NULL : WAIT = 0.1
00099 sdo[0x2000][4] = 0 : NULL : WAIT = 0.1
00100 sdo[0x2000][1] = 0 : NULL : WAIT = 0.2
00101 sdo[0x2001][4] = 17 : NULL : WAIT = 0.2
00102 #switch in load line, set current
00102 J2_08 = 1 : NULL : WAIT = 0.5
00103 sdo[0x2005][1] = 8 : NULL : WAIT = 0.1
00104 
00104 #set current and turn on output and verify feedback
00104 sdo[0x6200][1] = 128 : NULL : WAIT = 0.1
00105 #check feedback is 0
00105 NULL : sdo[0x5003][4] = 0 | 0 | 0.1
00105 TEST: Status Message Amp.Port_4 0.0 +/- 0.0
00105 PASS: Status Message Amp.Port_4 0.0
00106 #check fault is set
00106 NULL : sdo[0x5001][4] = 170 | 0 | 0.1
00106 TEST: Status Message F1.Status_Output3-4 170.0 +/- 0.0
00106 PASS: Status Message F1.Status_Output3-4 170.0
00107 #check fault code
00107 NULL : sdo[0x5000][3] = 1 | 0 | 0.1
00107 TEST: Response Message.Active_Fault_Code 1.0 +/- 0.0
00107 PASS: Response Message.Active_Fault_Code 1.0
00108 #switch out load line
00108 sdo[0x6200][1] = 0 : NULL : WAIT = 0.1
00109 J2_08 = 0 : NULL : WAIT = 0.5
00110 #-----setup 34044-----
00110 sdo[0x2000][1] = 0, sdo[0x2000][2] = 0 : NULL : WAIT = 0.1
00111 #disable global modes
00111 sdo[0x2000][3] = 0 : NULL : WAIT = 0.1
00112 sdo[0x2000][4] = 0 : NULL : WAIT = 0.1
00113 sdo[0x2000][1] = 0 : NULL : WAIT = 0.2
00114 sdo[0x2001][5] = 17 : NULL : WAIT = 0.2
00115 #switch in load line, set current
00115 J2_09 = 1 : NULL : WAIT = 0.5
00116 sdo[0x2005][1] = 0 : NULL : WAIT = 0.1
00117 
00117 #set current and turn on output and verify feedback
00117 sdo[0x6200][2] = 1 : NULL : WAIT = 0.1
00118 #check feedback is 0
00118 NULL : sdo[0x5003][5] = 0 | 0 | 0.1
00118 TEST: Status Message Amp.Port_5 0.0 +/- 0.0
00118 PASS: Status Message Amp.Port_5 0.0
00119 #check fault is set
00119 NULL : sdo[0x5001][5] = 2 | 0 | 0.1
00119 TEST: Status Message F1.Status_Output5-6 2.0 +/- 0.0
00119 PASS: Status Message F1.Status_Output5-6 2.0
00120 #check fault code
00120 NULL : sdo[0x5000][3] = 1 | 0 | 0.1
00120 TEST: Response Message.Active_Fault_Code 1.0 +/- 0.0
00120 PASS: Response Message.Active_Fault_Code 1.0
00121 #switch out load line
00121 sdo[0x6200][2] = 0 : NULL : WAIT = 0.1
00122 J2_09 = 0 : NULL : WAIT = 0.5
00123 #-----setup 34044-----
00123 sdo[0x2000][1] = 0, sdo[0x2000][2] = 0 : NULL : WAIT = 0.1
00124 #disable global modes
00124 sdo[0x2000][3] = 0 : NULL : WAIT = 0.1
00125 sdo[0x2000][4] = 0 : NULL : WAIT = 0.1
00126 sdo[0x2000][1] = 0 : NULL : WAIT = 0.2
00127 sdo[0x2001][5] = 17 : NULL : WAIT = 0.2
00128 #switch in load line, set current
00128 J2_10 = 1 : NULL : WAIT = 0.5
00129 sdo[0x2005][1] = 16 : NULL : WAIT = 0.1
00130 
00130 #set current and turn on output and verify feedback
00130 sdo[0x6200][2] = 2 : NULL : WAIT = 0.1
00131 #check feedback is 0
00131 NULL : sdo[0x5003][5] = 0 | 0 | 0.1
00131 TEST: Status Message Amp.Port_5 0.0 +/- 0.0
00131 PASS: Status Message Amp.Port_5 0.0
00132 #check fault is set
00132 NULL : sdo[0x5001][5] = 10 | 0 | 0.1
00132 TEST: Status Message F1.Status_Output5-6 10.0 +/- 0.0
00132 PASS: Status Message F1.Status_Output5-6 10.0
00133 #check fault code
00133 NULL : sdo[0x5000][3] = 1 | 0 | 0.1
00133 TEST: Response Message.Active_Fault_Code 1.0 +/- 0.0
00133 PASS: Response Message.Active_Fault_Code 1.0
00134 #switch out load line
00134 sdo[0x6200][2] = 0 : NULL : WAIT = 0.1
00135 J2_10 = 0 : NULL : WAIT = 0.5
00136 #-----setup 34044-----
00136 sdo[0x2000][1] = 0, sdo[0x2000][2] = 0 : NULL : WAIT = 0.1
00137 #disable global modes
00137 sdo[0x2000][3] = 0 : NULL : WAIT = 0.1
00138 sdo[0x2000][4] = 0 : NULL : WAIT = 0.1
00139 sdo[0x2000][1] = 0 : NULL : WAIT = 0.2
00140 sdo[0x2001][6] = 17 : NULL : WAIT = 0.2
00141 #switch in load line, set current
00141 J2_11 = 1 : NULL : WAIT = 0.5
00142 sdo[0x2005][1] = 0 : NULL : WAIT = 0.1
00143 
00143 #set current and turn on output and verify feedback
00143 sdo[0x6200][2] = 4 : NULL : WAIT = 0.1
00144 #check feedback is 0
00144 NULL : sdo[0x5003][6] = 0 | 0 | 0.1
00144 TEST: Status Message Amp.Port_6 0.0 +/- 0.0
00144 PASS: Status Message Amp.Port_6 0.0
00145 #check fault is set
00145 NULL : sdo[0x5001][5] = 42 | 0 | 0.1
00145 TEST: Status Message F1.Status_Output5-6 42.0 +/- 0.0
00145 PASS: Status Message F1.Status_Output5-6 42.0
00146 #check fault code
00146 NULL : sdo[0x5000][3] = 1 | 0 | 0.1
00146 TEST: Response Message.Active_Fault_Code 1.0 +/- 0.0
00146 PASS: Response Message.Active_Fault_Code 1.0
00147 #switch out load line
00147 sdo[0x6200][2] = 0 : NULL : WAIT = 0.1
00148 J2_11 = 0 : NULL : WAIT = 0.5
00149 #-----setup 34044-----
00149 sdo[0x2000][1] = 0, sdo[0x2000][2] = 0 : NULL : WAIT = 0.1
00150 #disable global modes
00150 sdo[0x2000][3] = 0 : NULL : WAIT = 0.1
00151 sdo[0x2000][4] = 0 : NULL : WAIT = 0.1
00152 sdo[0x2000][1] = 0 : NULL : WAIT = 0.2
00153 sdo[0x2001][6] = 17 : NULL : WAIT = 0.2
00154 #switch in load line, set current
00154 J2_12 = 1 : NULL : WAIT = 0.5
00155 sdo[0x2005][1] = 32 : NULL : WAIT = 0.1
00156 
00156 #set current and turn on output and verify feedback
00156 sdo[0x6200][2] = 8 : NULL : WAIT = 0.1
00157 #check feedback is 0
00157 NULL : sdo[0x5003][6] = 0 | 0 | 0.1
00157 TEST: Status Message Amp.Port_6 0.0 +/- 0.0
00157 PASS: Status Message Amp.Port_6 0.0
00158 #check fault is set
00158 NULL : sdo[0x5001][5] = 170 | 0 | 0.1
00158 TEST: Status Message F1.Status_Output5-6 170.0 +/- 0.0
00158 PASS: Status Message F1.Status_Output5-6 170.0
00159 #check fault code
00159 NULL : sdo[0x5000][3] = 1 | 0 | 0.1
00159 TEST: Response Message.Active_Fault_Code 1.0 +/- 0.0
00159 PASS: Response Message.Active_Fault_Code 1.0
00160 #switch out load line
00160 sdo[0x6200][2] = 0 : NULL : WAIT = 0.1
00161 J2_12 = 0 : NULL : WAIT = 0.5
00162 #-----setup 34044-----
00162 sdo[0x2000][1] = 0, sdo[0x2000][2] = 0 : NULL : WAIT = 0.1
00163 #disable global modes
00163 sdo[0x2000][3] = 0 : NULL : WAIT = 0.1
00164 sdo[0x2000][4] = 0 : NULL : WAIT = 0.1
00165 sdo[0x2000][1] = 0 : NULL : WAIT = 0.2
00166 sdo[0x2001][7] = 17 : NULL : WAIT = 0.2
00167 #switch in load line, set current
00167 J3_01 = 1 : NULL : WAIT = 0.5
00168 sdo[0x2005][1] = 0 : NULL : WAIT = 0.1
00169 
00169 #set current and turn on output and verify feedback
00169 sdo[0x6200][2] = 16 : NULL : WAIT = 0.1
00170 #check feedback is 0
00170 NULL : sdo[0x5003][7] = 0 | 0 | 0.1
00170 TEST: Status Message Amp.Port_7 0.0 +/- 0.0
00170 PASS: Status Message Amp.Port_7 0.0
00171 #check fault is set
00171 NULL : sdo[0x5001][6] = 2 | 0 | 0.1
00171 TEST: Status Message F1.Status_Output7-8 2.0 +/- 0.0
00171 PASS: Status Message F1.Status_Output7-8 2.0
00172 #check fault code
00172 NULL : sdo[0x5000][3] = 1 | 0 | 0.1
00172 TEST: Response Message.Active_Fault_Code 1.0 +/- 0.0
00172 PASS: Response Message.Active_Fault_Code 1.0
00173 #switch out load line
00173 sdo[0x6200][2] = 0 : NULL : WAIT = 0.1
00174 J3_01 = 0 : NULL : WAIT = 0.5
00175 #-----setup 34044-----
00175 sdo[0x2000][1] = 0, sdo[0x2000][2] = 0 : NULL : WAIT = 0.1
00176 #disable global modes
00176 sdo[0x2000][3] = 0 : NULL : WAIT = 0.1
00177 sdo[0x2000][4] = 0 : NULL : WAIT = 0.1
00178 sdo[0x2000][1] = 0 : NULL : WAIT = 0.2
00179 sdo[0x2001][7] = 17 : NULL : WAIT = 0.2
00180 #switch in load line, set current
00180 J3_02 = 1 : NULL : WAIT = 0.5
00181 sdo[0x2005][1] = 64 : NULL : WAIT = 0.1
00182 
00182 #set current and turn on output and verify feedback
00182 sdo[0x6200][2] = 32 : NULL : WAIT = 0.1
00183 #check feedback is 0
00183 NULL : sdo[0x5003][7] = 0 | 0 | 0.1
00183 TEST: Status Message Amp.Port_7 0.0 +/- 0.0
00183 PASS: Status Message Amp.Port_7 0.0
00184 #check fault is set
00184 NULL : sdo[0x5001][6] = 10 | 0 | 0.1
00184 TEST: Status Message F1.Status_Output7-8 10.0 +/- 0.0
00184 PASS: Status Message F1.Status_Output7-8 10.0
00185 #check fault code
00185 NULL : sdo[0x5000][3] = 1 | 0 | 0.1
00185 TEST: Response Message.Active_Fault_Code 1.0 +/- 0.0
00185 PASS: Response Message.Active_Fault_Code 1.0
00186 #switch out load line
00186 sdo[0x6200][2] = 0 : NULL : WAIT = 0.1
00187 J3_02 = 0 : NULL : WAIT = 0.5
00188 #-----setup 34044-----
00188 sdo[0x2000][1] = 0, sdo[0x2000][2] = 0 : NULL : WAIT = 0.1
00189 #disable global modes
00189 sdo[0x2000][3] = 0 : NULL : WAIT = 0.1
00190 sdo[0x2000][4] = 0 : NULL : WAIT = 0.1
00191 sdo[0x2000][1] = 0 : NULL : WAIT = 0.2
00192 sdo[0x2001][8] = 17 : NULL : WAIT = 0.2
00193 #switch in load line, set current
00193 J3_03 = 1 : NULL : WAIT = 0.5
00194 sdo[0x2005][1] = 0 : NULL : WAIT = 0.1
00195 
00195 #set current and turn on output and verify feedback
00195 sdo[0x6200][2] = 64 : NULL : WAIT = 0.1
00196 #check feedback is 0
00196 NULL : sdo[0x5003][8] = 0 | 0 | 0.1
00196 TEST: Status Message Amp.Port_8 0.0 +/- 0.0
00196 PASS: Status Message Amp.Port_8 0.0
00197 #check fault is set
00197 NULL : sdo[0x5001][6] = 42 | 0 | 0.1
00197 TEST: Status Message F1.Status_Output7-8 42.0 +/- 0.0
00197 PASS: Status Message F1.Status_Output7-8 42.0
00198 #check fault code
00198 NULL : sdo[0x5000][3] = 1 | 0 | 0.1
00198 TEST: Response Message.Active_Fault_Code 1.0 +/- 0.0
00198 PASS: Response Message.Active_Fault_Code 1.0
00199 #switch out load line
00199 sdo[0x6200][2] = 0 : NULL : WAIT = 0.1
00200 J3_03 = 0 : NULL : WAIT = 0.5
00201 #-----setup 34044-----
00201 sdo[0x2000][1] = 0, sdo[0x2000][2] = 0 : NULL : WAIT = 0.1
00202 #disable global modes
00202 sdo[0x2000][3] = 0 : NULL : WAIT = 0.1
00203 sdo[0x2000][4] = 0 : NULL : WAIT = 0.1
00204 sdo[0x2000][1] = 0 : NULL : WAIT = 0.2
00205 sdo[0x2001][8] = 17 : NULL : WAIT = 0.2
00206 #switch in load line, set current
00206 J3_04 = 1 : NULL : WAIT = 0.5
00207 sdo[0x2005][1] = 128 : NULL : WAIT = 0.1
00208 
00208 #set current and turn on output and verify feedback
00208 sdo[0x6200][2] = 128 : NULL : WAIT = 0.1
00209 #check feedback is 0
00209 NULL : sdo[0x5003][8] = 0 | 0 | 0.1
00209 TEST: Status Message Amp.Port_8 0.0 +/- 0.0
00209 PASS: Status Message Amp.Port_8 0.0
00210 #check fault is set
00210 NULL : sdo[0x5001][6] = 170 | 0 | 0.1
00210 TEST: Status Message F1.Status_Output7-8 170.0 +/- 0.0
00210 PASS: Status Message F1.Status_Output7-8 170.0
00211 #check fault code
00211 NULL : sdo[0x5000][3] = 1 | 0 | 0.1
00211 TEST: Response Message.Active_Fault_Code 1.0 +/- 0.0
00211 PASS: Response Message.Active_Fault_Code 1.0
00212 #switch out load line
00212 sdo[0x6200][2] = 0 : NULL : WAIT = 0.1
00213 J3_04 = 0 : NULL : WAIT = 0.5
00214 NULL : sdo[0x5001][3] = 170 | 0 | 0.1
00214 TEST: Status Message F1.Status_Output1-2 170.0 +/- 0.0
00214 PASS: Status Message F1.Status_Output1-2 170.0
00215 NULL : sdo[0x5001][4] = 170 | 0 | 0.1
00215 PASS: Status Message F1.Status_Output3-4 170.0
00216 NULL : sdo[0x5001][5] = 170 | 0 | 0.1
00216 PASS: Status Message F1.Status_Output5-6 170.0
00217 NULL : sdo[0x5001][6] = 170 | 0 | 0.1
00217 PASS: Status Message F1.Status_Output7-8 170.0
00218 LdRemote = 0 : NULL : WAIT = 0.1
00219 LdEnable = 0 : NULL : WAIT = 0.1
00220 J0_08_METER_LOAD = 0 : NULL : WAIT = 1
00221 PRE_OPERATIONAL
00221 SAVE
00221 END
Fail count: 0
Finished on: 2025-09-09-12:09:10
elapsed time: 0:01:32.707576
