Started on: 2025-09-04-12:04:32
00000 #37000-1
00000 #Verion 0.0
00000 #PWMi overcurrent test with a 2.1 Ohm resistive load. (6.9 amps @ 14.5 VDC)
00000 UUT_EDS = 37000-563.eds
00000 UUT_DATANAME = 37000-3-CANOPEN-OUTPUT-PWMI-OVERCURRENT
00000 
00000 PRE_OPERATIONAL
00000 #-----configure PWMi-----
00000 sdo[0x2002][1] = 80.0, sdo[0x2002][2] = 50.0, sdo[0x2002][3] = 80.0, sdo[0x2002][4] = 50.0, sdo[0x2002][5] = 80.0, sdo[0x2002][6] = 50.0 : NULL : WAIT = 0.1
00001 sdo[0x2002][7] = 80.0, sdo[0x2002][8] = 50.0, sdo[0x2002][9] = 80.0, sdo[0x2002][10] = 50.0, sdo[0x2002][11] = 80.0, sdo[0x2002][12] = 50.0 : NULL : WAIT = 0.1
00002 sdo[0x2002][13] = 80.0, sdo[0x2002][14] = 50.0, sdo[0x2002][15] = 80.0, sdo[0x2002][16] = 50.0 : NULL
00003 sdo[0x2002][17] = 80.0, sdo[0x2002][18] = 50.0, sdo[0x2002][19] = 80.0, sdo[0x2002][20] = 50.0, sdo[0x2002][21] = 80.0, sdo[0x2002][22] = 50.0 : NULL : WAIT = 0.1
00004 sdo[0x2002][23] = 80.0, sdo[0x2002][24] = 50.0, sdo[0x2002][25] = 80.0, sdo[0x2002][26] = 50.0, sdo[0x2002][27] = 80.0, sdo[0x2002][28] = 50.0 : NULL : WAIT = 0.1
00005 sdo[0x2002][29] = 80.0, sdo[0x2002][30] = 50.0, sdo[0x2002][31] = 80.0, sdo[0x2002][32] = 50.0 : NULL
00006 #-----set freq-----
00006 sdo[0x3000] = 200 : NULL : WAIT = 0.2
00007 #-----no fault reset freq-----
00007 sdo[0x2000][1] = 0 : NULL
00008 #-----setup 37000-----
00008 sdo[0x2000][3] = 0 : NULL : WAIT = 0.2
00009 sdo[0x2000][4] = 0 : NULL : WAIT = 0.2
00010 sdo[0x2001][1] = 68 : NULL : WAIT = 0.2
00011 #switch in load line, set current
00011 J2_02 = 1 : NULL : WAIT = 0.5
00012 J4_03 = 1 : NULL : WAIT = 0.5
00013 J4_01 = 1 : NULL : WAIT = 0.5
00014 OPERATIONAL
00014 
00014 
00014 sdo[0x6411][2] = 4000 : sdo[0x5001][3] = 8 | 0.1 | 1
00014 TEST: Status Message F1.Status_Output1-2 8.0 +/- 0.1
00014 PASS: Status Message F1.Status_Output1-2 8.0
00015 #switch out load line, switch coil
00015 sdo[0x6411][2] = 0 : NULL : WAIT = 1
00016 J2_02 = 0 : NULL : WAIT = 1
00017 #-----setup 37000-----
00017 sdo[0x2000][3] = 0 : NULL : WAIT = 0.2
00018 sdo[0x2000][4] = 0 : NULL : WAIT = 0.2
00019 sdo[0x2001][2] = 68 : NULL : WAIT = 0.2
00020 #switch in load line, set current
00020 J2_03 = 1 : NULL : WAIT = 0.5
00021 J4_03 = 1 : NULL : WAIT = 0.5
00022 J4_01 = 1 : NULL : WAIT = 0.5
00023 OPERATIONAL
00023 
00023 
00023 sdo[0x6411][3] = 4000 : sdo[0x5001][3] = 40 | 0.1 | 1
00023 TEST: Status Message F1.Status_Output1-2 40.0 +/- 0.1
00023 PASS: Status Message F1.Status_Output1-2 40.0
00024 #switch out load line, switch coil
00024 sdo[0x6411][3] = 0 : NULL : WAIT = 1
00025 J2_03 = 0 : NULL : WAIT = 1
00026 #-----setup 37000-----
00026 sdo[0x2000][3] = 0 : NULL : WAIT = 0.2
00027 sdo[0x2000][4] = 0 : NULL : WAIT = 0.2
00028 sdo[0x2001][2] = 68 : NULL : WAIT = 0.2
00029 #switch in load line, set current
00029 J2_04 = 1 : NULL : WAIT = 0.5
00030 J4_03 = 1 : NULL : WAIT = 0.5
00031 J4_01 = 1 : NULL : WAIT = 0.5
00032 OPERATIONAL
00032 
00032 
00032 sdo[0x6411][4] = 4000 : sdo[0x5001][3] = 168 | 0.1 | 1
00032 TEST: Status Message F1.Status_Output1-2 168.0 +/- 0.1
00032 PASS: Status Message F1.Status_Output1-2 168.0
00033 #switch out load line, switch coil
00033 sdo[0x6411][4] = 0 : NULL : WAIT = 1
00034 J2_04 = 0 : NULL : WAIT = 1
00035 #-----setup 37000-----
00035 sdo[0x2000][3] = 0 : NULL : WAIT = 0.2
00036 sdo[0x2000][4] = 0 : NULL : WAIT = 0.2
00037 sdo[0x2001][3] = 68 : NULL : WAIT = 0.2
00038 #switch in load line, set current
00038 J2_06 = 1 : NULL : WAIT = 0.5
00039 J4_03 = 1 : NULL : WAIT = 0.5
00040 J4_01 = 1 : NULL : WAIT = 0.5
00041 OPERATIONAL
00041 
00041 
00041 sdo[0x6411][6] = 4000 : sdo[0x5001][4] = 8 | 0.1 | 1
00041 TEST: Status Message F1.Status_Output3-4 8.0 +/- 0.1
00041 PASS: Status Message F1.Status_Output3-4 8.0
00042 #switch out load line, switch coil
00042 sdo[0x6411][6] = 0 : NULL : WAIT = 1
00043 J2_06 = 0 : NULL : WAIT = 1
00044 #-----setup 37000-----
00044 sdo[0x2000][3] = 0 : NULL : WAIT = 0.2
00045 sdo[0x2000][4] = 0 : NULL : WAIT = 0.2
00046 sdo[0x2001][4] = 68 : NULL : WAIT = 0.2
00047 #switch in load line, set current
00047 J2_07 = 1 : NULL : WAIT = 0.5
00048 J4_03 = 1 : NULL : WAIT = 0.5
00049 J4_01 = 1 : NULL : WAIT = 0.5
00050 OPERATIONAL
00050 
00050 
00050 sdo[0x6411][7] = 4000 : sdo[0x5001][4] = 40 | 0.1 | 1
00050 TEST: Status Message F1.Status_Output3-4 40.0 +/- 0.1
00050 PASS: Status Message F1.Status_Output3-4 40.0
00051 #switch out load line, switch coil
00051 sdo[0x6411][7] = 0 : NULL : WAIT = 1
00052 J2_07 = 0 : NULL : WAIT = 1
00053 #-----setup 37000-----
00053 sdo[0x2000][3] = 0 : NULL : WAIT = 0.2
00054 sdo[0x2000][4] = 0 : NULL : WAIT = 0.2
00055 sdo[0x2001][4] = 68 : NULL : WAIT = 0.2
00056 #switch in load line, set current
00056 J2_08 = 1 : NULL : WAIT = 0.5
00057 J4_03 = 1 : NULL : WAIT = 0.5
00058 J4_01 = 1 : NULL : WAIT = 0.5
00059 OPERATIONAL
00059 
00059 
00059 sdo[0x6411][8] = 4000 : sdo[0x5001][4] = 168 | 0.1 | 1
00059 TEST: Status Message F1.Status_Output3-4 168.0 +/- 0.1
00059 PASS: Status Message F1.Status_Output3-4 168.0
00060 #switch out load line, switch coil
00060 sdo[0x6411][8] = 0 : NULL : WAIT = 1
00061 J2_08 = 0 : NULL : WAIT = 1
00062 #-----setup 37000-----
00062 sdo[0x2000][3] = 0 : NULL : WAIT = 0.2
00063 sdo[0x2000][4] = 0 : NULL : WAIT = 0.2
00064 sdo[0x2001][5] = 68 : NULL : WAIT = 0.2
00065 #switch in load line, set current
00065 J2_09 = 1 : NULL : WAIT = 0.5
00066 J4_03 = 1 : NULL : WAIT = 0.5
00067 J4_01 = 1 : NULL : WAIT = 0.5
00068 OPERATIONAL
00068 
00068 
00068 sdo[0x6411][9] = 4000 : sdo[0x5001][5] = 2 | 0.1 | 1
00068 TEST: Status Message F1.Status_Output5-6 2.0 +/- 0.1
00068 PASS: Status Message F1.Status_Output5-6 2.0
00069 #switch out load line, switch coil
00069 sdo[0x6411][9] = 0 : NULL : WAIT = 1
00070 J2_09 = 0 : NULL : WAIT = 1
00071 #-----setup 37000-----
00071 sdo[0x2000][3] = 0 : NULL : WAIT = 0.2
00072 sdo[0x2000][4] = 0 : NULL : WAIT = 0.2
00073 sdo[0x2001][5] = 68 : NULL : WAIT = 0.2
00074 #switch in load line, set current
00074 J2_10 = 1 : NULL : WAIT = 0.5
00075 J4_03 = 1 : NULL : WAIT = 0.5
00076 J4_01 = 1 : NULL : WAIT = 0.5
00077 OPERATIONAL
00077 
00077 
00077 sdo[0x6411][10] = 4000 : sdo[0x5001][5] = 10 | 0.1 | 1
00077 TEST: Status Message F1.Status_Output5-6 10.0 +/- 0.1
00077 PASS: Status Message F1.Status_Output5-6 10.0
00078 #switch out load line, switch coil
00078 sdo[0x6411][10] = 0 : NULL : WAIT = 1
00079 J2_10 = 0 : NULL : WAIT = 1
00080 #-----setup 37000-----
00080 sdo[0x2000][3] = 0 : NULL : WAIT = 0.2
00081 sdo[0x2000][4] = 0 : NULL : WAIT = 0.2
00082 sdo[0x2001][6] = 68 : NULL : WAIT = 0.2
00083 #switch in load line, set current
00083 J2_11 = 1 : NULL : WAIT = 0.5
00084 J4_03 = 1 : NULL : WAIT = 0.5
00085 J4_01 = 1 : NULL : WAIT = 0.5
00086 OPERATIONAL
00086 
00086 
00086 sdo[0x6411][11] = 4000 : sdo[0x5001][5] = 42 | 0.1 | 1
00086 TEST: Status Message F1.Status_Output5-6 42.0 +/- 0.1
00086 PASS: Status Message F1.Status_Output5-6 42.0
00087 #switch out load line, switch coil
00087 sdo[0x6411][11] = 0 : NULL : WAIT = 1
00088 J2_11 = 0 : NULL : WAIT = 1
00089 #-----setup 37000-----
00089 sdo[0x2000][3] = 0 : NULL : WAIT = 0.2
00090 sdo[0x2000][4] = 0 : NULL : WAIT = 0.2
00091 sdo[0x2001][6] = 68 : NULL : WAIT = 0.2
00092 #switch in load line, set current
00092 J2_12 = 1 : NULL : WAIT = 0.5
00093 J4_03 = 1 : NULL : WAIT = 0.5
00094 J4_01 = 1 : NULL : WAIT = 0.5
00095 OPERATIONAL
00095 
00095 
00095 sdo[0x6411][12] = 4000 : sdo[0x5001][5] = 170 | 0.1 | 1
00095 TEST: Status Message F1.Status_Output5-6 170.0 +/- 0.1
00095 PASS: Status Message F1.Status_Output5-6 170.0
00096 #switch out load line, switch coil
00096 sdo[0x6411][12] = 0 : NULL : WAIT = 1
00097 J2_12 = 0 : NULL : WAIT = 1
00098 #-----setup 37000-----
00098 sdo[0x2000][3] = 0 : NULL : WAIT = 0.2
00099 sdo[0x2000][4] = 0 : NULL : WAIT = 0.2
00100 sdo[0x2001][7] = 68 : NULL : WAIT = 0.2
00101 #switch in load line, set current
00101 J3_01 = 1 : NULL : WAIT = 0.5
00102 J4_03 = 1 : NULL : WAIT = 0.5
00103 J4_01 = 1 : NULL : WAIT = 0.5
00104 OPERATIONAL
00104 
00104 
00104 sdo[0x6411][13] = 4000 : sdo[0x5001][6] = 2 | 0.1 | 1
00104 TEST: Status Message F1.Status_Output7-8 2.0 +/- 0.1
00104 PASS: Status Message F1.Status_Output7-8 2.0
00105 #switch out load line, switch coil
00105 sdo[0x6411][13] = 0 : NULL : WAIT = 1
00106 J3_01 = 0 : NULL : WAIT = 1
00107 #-----setup 37000-----
00107 sdo[0x2000][3] = 0 : NULL : WAIT = 0.2
00108 sdo[0x2000][4] = 0 : NULL : WAIT = 0.2
00109 sdo[0x2001][7] = 68 : NULL : WAIT = 0.2
00110 #switch in load line, set current
00110 J3_02 = 1 : NULL : WAIT = 0.5
00111 J4_03 = 1 : NULL : WAIT = 0.5
00112 J4_01 = 1 : NULL : WAIT = 0.5
00113 OPERATIONAL
00113 
00113 
00113 sdo[0x6411][14] = 4000 : sdo[0x5001][6] = 10 | 0.1 | 1
00113 TEST: Status Message F1.Status_Output7-8 10.0 +/- 0.1
00113 PASS: Status Message F1.Status_Output7-8 10.0
00114 #switch out load line, switch coil
00114 sdo[0x6411][14] = 0 : NULL : WAIT = 1
00115 J3_02 = 0 : NULL : WAIT = 1
00116 #-----setup 37000-----
00116 sdo[0x2000][3] = 0 : NULL : WAIT = 0.2
00117 sdo[0x2000][4] = 0 : NULL : WAIT = 0.2
00118 sdo[0x2001][8] = 68 : NULL : WAIT = 0.2
00119 #switch in load line, set current
00119 J3_03 = 1 : NULL : WAIT = 0.5
00120 J4_03 = 1 : NULL : WAIT = 0.5
00121 J4_01 = 1 : NULL : WAIT = 0.5
00122 OPERATIONAL
00122 
00122 
00122 sdo[0x6411][15] = 4000 : sdo[0x5001][6] = 42 | 0.1 | 1
00122 TEST: Status Message F1.Status_Output7-8 42.0 +/- 0.1
00122 PASS: Status Message F1.Status_Output7-8 42.0
00123 #switch out load line, switch coil
00123 sdo[0x6411][15] = 0 : NULL : WAIT = 1
00124 J3_03 = 0 : NULL : WAIT = 1
00125 #-----setup 37000-----
00125 sdo[0x2000][3] = 0 : NULL : WAIT = 0.2
00126 sdo[0x2000][4] = 0 : NULL : WAIT = 0.2
00127 sdo[0x2001][8] = 68 : NULL : WAIT = 0.2
00128 #switch in load line, set current
00128 J3_04 = 1 : NULL : WAIT = 0.5
00129 J4_03 = 1 : NULL : WAIT = 0.5
00130 J4_01 = 1 : NULL : WAIT = 0.5
00131 OPERATIONAL
00131 
00131 
00131 sdo[0x6411][16] = 4000 : sdo[0x5001][6] = 170 | 0.1 | 1
00131 TEST: Status Message F1.Status_Output7-8 170.0 +/- 0.1
00131 PASS: Status Message F1.Status_Output7-8 170.0
00132 #switch out load line, switch coil
00132 sdo[0x6411][16] = 0 : NULL : WAIT = 1
00133 J3_04 = 0 : NULL : WAIT = 1
00134 SAVE
00134 END
Fail count: 0
Finished on: 2025-09-04-12:06:10
elapsed time: 0:01:34.594232
