Started on: 2025-09-04-12:13:23
00000 #PWMi normal test with a 'red coil' 6.4 ohm inductive load. (2.27 amps @ 14.5 VDC)
00000 #37000-1
00000 #Verion 0.0
00000 #
00000 UUT_EDS = 37000-563.eds
00000 UUT_DATANAME = 37000-3-CANOPEN-OUTPUT-PWMI-NORMAL
00000 
00000 PRE_OPERATIONAL
00000 #-----configure PWMi-----
00000 sdo[0x2002][1] = 30.0, sdo[0x2002][2] = 20.0, sdo[0x2002][3] = 30.0, sdo[0x2002][4] = 20.0, sdo[0x2002][5] = 30.0, sdo[0x2002][6] = 20.0 : NULL : WAIT = 0.1
00001 sdo[0x2002][7] = 30.0, sdo[0x2002][8] = 20.0, sdo[0x2002][9] = 30.0, sdo[0x2002][10] = 20.0, sdo[0x2002][11] = 30.0, sdo[0x2002][12] = 20.0 : NULL : WAIT = 0.1
00002 sdo[0x2002][13] = 30.0, sdo[0x2002][14] = 20.0, sdo[0x2002][15] = 30.0, sdo[0x2002][16] = 20.0 : NULL
00003 sdo[0x2002][17] = 30.0, sdo[0x2002][18] = 20.0, sdo[0x2002][19] = 30.0, sdo[0x2002][20] = 20.0, sdo[0x2002][21] = 30.0, sdo[0x2002][22] = 20.0 : NULL : WAIT = 0.1
00004 sdo[0x2002][23] = 30.0, sdo[0x2002][24] = 20.0, sdo[0x2002][25] = 30.0, sdo[0x2002][26] = 20.0, sdo[0x2002][27] = 30.0, sdo[0x2002][28] = 20.0 : NULL : WAIT = 0.1
00005 sdo[0x2002][29] = 30.0, sdo[0x2002][30] = 20.0, sdo[0x2002][31] = 30.0, sdo[0x2002][32] = 20.0 : NULL
00006 #-----set freq-----
00006 sdo[0x3000] = 200 : NULL : WAIT = 0.2
00007 J4_02 = 1, J4_03 = 1 : NULL : WAIT = 1
00008 #-----setup 37000-----
00008 sdo[0x2000][3] = 0 : NULL : WAIT = 0.2
00009 sdo[0x2000][4] = 0 : NULL : WAIT = 0.2
00010 sdo[0x2001][1] = 68 : NULL : WAIT = 0.2
00011 #switch in load line, set current
00011 J2_02 = 1 : NULL : WAIT = 0.5
00012 OPERATIONAL
00012 
00012 sdo[0x6411][2] = 0 : MeterAmps = 0.0 | 0.155 | 0.5
00012 TEST: MeterAmps 0.0 +/- 0.155
00012 PASS: MeterAmps 0.0
00013 sdo[0x6411][2] = 0 : sdo[0x5003][2] = 0.0 | 1.55 | 0.5
00013 TEST: Status Message Amp.Port_1B 0.0 +/- 1.55
00013 PASS: Status Message Amp.Port_1B 0.0
00014 sdo[0x6411][2] = 100 : MeterAmps = 0.1 | 0.155 | 0.5
00014 PASS: MeterAmps 0.0
00015 sdo[0x6411][2] = 100 : sdo[0x5003][2] = 1.0 | 1.55 | 0.5
00015 TEST: Status Message Amp.Port_1B 1.0 +/- 1.55
00015 PASS: Status Message Amp.Port_1B 0.0
00016 sdo[0x6411][2] = 200 : MeterAmps = 0.2 | 0.155 | 0.5
00016 PASS: MeterAmps 0.153
00017 sdo[0x6411][2] = 200 : sdo[0x5003][2] = 2.0 | 1.55 | 0.5
00017 TEST: Status Message Amp.Port_1B 2.0 +/- 1.55
00017 PASS: Status Message Amp.Port_1B 1.0
00018 sdo[0x6411][2] = 300 : MeterAmps = 0.3 | 0.155 | 0.5
00018 PASS: MeterAmps 0.248
00019 sdo[0x6411][2] = 300 : sdo[0x5003][2] = 3.0 | 1.55 | 0.5
00019 TEST: Status Message Amp.Port_1B 3.0 +/- 1.55
00019 PASS: Status Message Amp.Port_1B 2.0
00020 sdo[0x6411][2] = 400 : MeterAmps = 0.4 | 0.155 | 0.5
00020 PASS: MeterAmps 0.346
00021 sdo[0x6411][2] = 400 : sdo[0x5003][2] = 4.0 | 1.55 | 0.5
00021 TEST: Status Message Amp.Port_1B 4.0 +/- 1.55
00021 PASS: Status Message Amp.Port_1B 3.0
00022 sdo[0x6411][2] = 500 : MeterAmps = 0.5 | 0.155 | 0.5
00022 PASS: MeterAmps 0.444
00023 sdo[0x6411][2] = 500 : sdo[0x5003][2] = 5.0 | 1.55 | 0.5
00023 TEST: Status Message Amp.Port_1B 5.0 +/- 1.55
00023 PASS: Status Message Amp.Port_1B 4.0
00024 sdo[0x6411][2] = 600 : MeterAmps = 0.6 | 0.155 | 0.5
00024 PASS: MeterAmps 0.538
00025 sdo[0x6411][2] = 600 : sdo[0x5003][2] = 6.0 | 1.55 | 0.5
00025 TEST: Status Message Amp.Port_1B 6.0 +/- 1.55
00025 PASS: Status Message Amp.Port_1B 5.0
00026 sdo[0x6411][2] = 700 : MeterAmps = 0.7 | 0.155 | 0.5
00026 PASS: MeterAmps 0.637
00027 sdo[0x6411][2] = 700 : sdo[0x5003][2] = 7.0 | 1.55 | 0.5
00027 TEST: Status Message Amp.Port_1B 7.0 +/- 1.55
00027 PASS: Status Message Amp.Port_1B 6.0
00028 sdo[0x6411][2] = 800 : MeterAmps = 0.8 | 0.155 | 0.5
00028 PASS: MeterAmps 0.728
00029 sdo[0x6411][2] = 800 : sdo[0x5003][2] = 8.0 | 1.55 | 0.5
00029 TEST: Status Message Amp.Port_1B 8.0 +/- 1.55
00029 PASS: Status Message Amp.Port_1B 7.0
00030 sdo[0x6411][2] = 900 : MeterAmps = 0.9 | 0.155 | 0.5
00030 PASS: MeterAmps 0.827
00031 sdo[0x6411][2] = 900 : sdo[0x5003][2] = 9.0 | 1.55 | 0.5
00031 TEST: Status Message Amp.Port_1B 9.0 +/- 1.55
00031 PASS: Status Message Amp.Port_1B 8.0
00032 sdo[0x6411][2] = 1000 : MeterAmps = 1.0 | 0.155 | 0.5
00032 PASS: MeterAmps 0.929
00033 sdo[0x6411][2] = 1000 : sdo[0x5003][2] = 10.0 | 1.55 | 0.5
00033 TEST: Status Message Amp.Port_1B 10.0 +/- 1.55
00033 PASS: Status Message Amp.Port_1B 9.0
00034 sdo[0x6411][2] = 1100 : MeterAmps = 1.1 | 0.155 | 0.5
00034 PASS: MeterAmps 1.026
00035 sdo[0x6411][2] = 1100 : sdo[0x5003][2] = 11.0 | 1.55 | 0.5
00035 TEST: Status Message Amp.Port_1B 11.0 +/- 1.55
00035 PASS: Status Message Amp.Port_1B 10.0
00036 sdo[0x6411][2] = 1200 : MeterAmps = 1.2 | 0.155 | 0.5
00036 PASS: MeterAmps 1.121
00037 sdo[0x6411][2] = 1200 : sdo[0x5003][2] = 12.0 | 1.55 | 0.5
00037 TEST: Status Message Amp.Port_1B 12.0 +/- 1.55
00037 PASS: Status Message Amp.Port_1B 11.0
00038 sdo[0x6411][2] = 1300 : MeterAmps = 1.3 | 0.155 | 0.5
00038 PASS: MeterAmps 1.216
00039 sdo[0x6411][2] = 1300 : sdo[0x5003][2] = 13.0 | 1.55 | 0.5
00039 TEST: Status Message Amp.Port_1B 13.0 +/- 1.55
00039 PASS: Status Message Amp.Port_1B 12.0
00040 sdo[0x6411][2] = 1400 : MeterAmps = 1.4 | 0.155 | 0.5
00040 PASS: MeterAmps 1.313
00041 sdo[0x6411][2] = 1400 : sdo[0x5003][2] = 14.0 | 1.55 | 0.5
00041 TEST: Status Message Amp.Port_1B 14.0 +/- 1.55
00041 PASS: Status Message Amp.Port_1B 13.0
00042 sdo[0x6411][2] = 1500 : MeterAmps = 1.5 | 0.155 | 0.5
00042 PASS: MeterAmps 1.411
00043 sdo[0x6411][2] = 1500 : sdo[0x5003][2] = 15.0 | 1.55 | 0.5
00043 TEST: Status Message Amp.Port_1B 15.0 +/- 1.55
00043 PASS: Status Message Amp.Port_1B 14.0
00044 #switch out load line, switch coil
00044 sdo[0x6411][2] = 0 : NULL : WAIT = 1
00045 J2_02 = 0 : NULL : WAIT = 1
00046 #read signal value to update
00046 NULL : sdo[0x5003][2] = 0 | 155 | 0.5
00046 TEST: Status Message Amp.Port_1B 0.0 +/- 155.0
00046 PASS: Status Message Amp.Port_1B 0.0
00047 J4_02 = 0, J4_03 = 1 : NULL : WAIT = 0.5
00048 J4_01 = 1, J4_03 = 1 : NULL : WAIT = 1
00049 #-----setup 37000-----
00049 sdo[0x2000][3] = 0 : NULL : WAIT = 0.2
00050 sdo[0x2000][4] = 0 : NULL : WAIT = 0.2
00051 sdo[0x2001][2] = 68 : NULL : WAIT = 0.2
00052 #switch in load line, set current
00052 J2_03 = 1 : NULL : WAIT = 0.5
00053 OPERATIONAL
00053 
00053 sdo[0x6411][3] = 0 : MeterAmps = 0.0 | 0.155 | 0.5
00053 TEST: MeterAmps 0.0 +/- 0.155
00053 PASS: MeterAmps 0.0
00054 sdo[0x6411][3] = 0 : sdo[0x5003][3] = 0.0 | 1.55 | 0.5
00054 TEST: Status Message Amp.Port_2A 0.0 +/- 1.55
00054 PASS: Status Message Amp.Port_2A 0.0
00055 sdo[0x6411][3] = 100 : MeterAmps = 0.1 | 0.155 | 0.5
00055 PASS: MeterAmps 0.0
00056 sdo[0x6411][3] = 100 : sdo[0x5003][3] = 1.0 | 1.55 | 0.5
00056 TEST: Status Message Amp.Port_2A 1.0 +/- 1.55
00056 PASS: Status Message Amp.Port_2A 0.0
00057 sdo[0x6411][3] = 200 : MeterAmps = 0.2 | 0.155 | 0.5
00057 PASS: MeterAmps 0.145
00058 sdo[0x6411][3] = 200 : sdo[0x5003][3] = 2.0 | 1.55 | 0.5
00058 TEST: Status Message Amp.Port_2A 2.0 +/- 1.55
00058 PASS: Status Message Amp.Port_2A 1.0
00059 sdo[0x6411][3] = 300 : MeterAmps = 0.3 | 0.155 | 0.5
00059 PASS: MeterAmps 0.239
00060 sdo[0x6411][3] = 300 : sdo[0x5003][3] = 3.0 | 1.55 | 0.5
00060 TEST: Status Message Amp.Port_2A 3.0 +/- 1.55
00060 PASS: Status Message Amp.Port_2A 2.0
00061 sdo[0x6411][3] = 400 : MeterAmps = 0.4 | 0.155 | 0.5
00061 PASS: MeterAmps 0.337
00062 sdo[0x6411][3] = 400 : sdo[0x5003][3] = 4.0 | 1.55 | 0.5
00062 TEST: Status Message Amp.Port_2A 4.0 +/- 1.55
00062 PASS: Status Message Amp.Port_2A 3.0
00063 sdo[0x6411][3] = 500 : MeterAmps = 0.5 | 0.155 | 0.5
00063 PASS: MeterAmps 0.429
00064 sdo[0x6411][3] = 500 : sdo[0x5003][3] = 5.0 | 1.55 | 0.5
00064 TEST: Status Message Amp.Port_2A 5.0 +/- 1.55
00064 PASS: Status Message Amp.Port_2A 4.0
00065 sdo[0x6411][3] = 600 : MeterAmps = 0.6 | 0.155 | 0.5
00065 PASS: MeterAmps 0.525
00066 sdo[0x6411][3] = 600 : sdo[0x5003][3] = 6.0 | 1.55 | 0.5
00066 TEST: Status Message Amp.Port_2A 6.0 +/- 1.55
00066 PASS: Status Message Amp.Port_2A 5.0
00067 sdo[0x6411][3] = 700 : MeterAmps = 0.7 | 0.155 | 0.5
00067 PASS: MeterAmps 0.622
00068 sdo[0x6411][3] = 700 : sdo[0x5003][3] = 7.0 | 1.55 | 0.5
00068 TEST: Status Message Amp.Port_2A 7.0 +/- 1.55
00068 PASS: Status Message Amp.Port_2A 6.0
00069 sdo[0x6411][3] = 800 : MeterAmps = 0.8 | 0.155 | 0.5
00069 PASS: MeterAmps 0.714
00070 sdo[0x6411][3] = 800 : sdo[0x5003][3] = 8.0 | 1.55 | 0.5
00070 TEST: Status Message Amp.Port_2A 8.0 +/- 1.55
00070 PASS: Status Message Amp.Port_2A 7.0
00071 sdo[0x6411][3] = 900 : MeterAmps = 0.9 | 0.155 | 0.5
00071 PASS: MeterAmps 0.81
00072 sdo[0x6411][3] = 900 : sdo[0x5003][3] = 9.0 | 1.55 | 0.5
00072 TEST: Status Message Amp.Port_2A 9.0 +/- 1.55
00072 PASS: Status Message Amp.Port_2A 8.0
00073 sdo[0x6411][3] = 1000 : MeterAmps = 1.0 | 0.155 | 0.5
00073 PASS: MeterAmps 0.911
00074 sdo[0x6411][3] = 1000 : sdo[0x5003][3] = 10.0 | 1.55 | 0.5
00074 TEST: Status Message Amp.Port_2A 10.0 +/- 1.55
00074 PASS: Status Message Amp.Port_2A 9.0
00075 sdo[0x6411][3] = 1100 : MeterAmps = 1.1 | 0.155 | 0.5
00075 PASS: MeterAmps 1.003
00076 sdo[0x6411][3] = 1100 : sdo[0x5003][3] = 11.0 | 1.55 | 0.5
00076 TEST: Status Message Amp.Port_2A 11.0 +/- 1.55
00076 PASS: Status Message Amp.Port_2A 10.0
00077 sdo[0x6411][3] = 1200 : MeterAmps = 1.2 | 0.155 | 0.5
00077 PASS: MeterAmps 1.099
00078 sdo[0x6411][3] = 1200 : sdo[0x5003][3] = 12.0 | 1.55 | 0.5
00078 TEST: Status Message Amp.Port_2A 12.0 +/- 1.55
00078 PASS: Status Message Amp.Port_2A 11.0
00079 sdo[0x6411][3] = 1300 : MeterAmps = 1.3 | 0.155 | 0.5
00079 PASS: MeterAmps 1.193
00080 sdo[0x6411][3] = 1300 : sdo[0x5003][3] = 13.0 | 1.55 | 0.5
00080 TEST: Status Message Amp.Port_2A 13.0 +/- 1.55
00080 PASS: Status Message Amp.Port_2A 12.0
00081 sdo[0x6411][3] = 1400 : MeterAmps = 1.4 | 0.155 | 0.5
00081 PASS: MeterAmps 1.289
00082 sdo[0x6411][3] = 1400 : sdo[0x5003][3] = 14.0 | 1.55 | 0.5
00082 TEST: Status Message Amp.Port_2A 14.0 +/- 1.55
00082 PASS: Status Message Amp.Port_2A 13.0
00083 sdo[0x6411][3] = 1500 : MeterAmps = 1.5 | 0.155 | 0.5
00083 PASS: MeterAmps 1.386
00084 sdo[0x6411][3] = 1500 : sdo[0x5003][3] = 15.0 | 1.55 | 0.5
00084 TEST: Status Message Amp.Port_2A 15.0 +/- 1.55
00084 PASS: Status Message Amp.Port_2A 14.0
00085 #switch out load line, switch coil
00085 sdo[0x6411][3] = 0 : NULL : WAIT = 1
00086 J2_03 = 0 : NULL : WAIT = 1
00087 #read signal value to update
00087 NULL : sdo[0x5003][3] = 0 | 155 | 0.5
00087 TEST: Status Message Amp.Port_2A 0.0 +/- 155.0
00087 PASS: Status Message Amp.Port_2A 0.0
00088 J4_01 = 0, J4_03 = 1 : NULL : WAIT = 0.5
00089 J4_02 = 1, J4_03 = 1 : NULL : WAIT = 1
00090 #-----setup 37000-----
00090 sdo[0x2000][3] = 0 : NULL : WAIT = 0.2
00091 sdo[0x2000][4] = 0 : NULL : WAIT = 0.2
00092 sdo[0x2001][2] = 68 : NULL : WAIT = 0.2
00093 #switch in load line, set current
00093 J2_04 = 1 : NULL : WAIT = 0.5
00094 OPERATIONAL
00094 
00094 sdo[0x6411][4] = 0 : MeterAmps = 0.0 | 0.155 | 0.5
00094 TEST: MeterAmps 0.0 +/- 0.155
00094 PASS: MeterAmps 0.0
00095 sdo[0x6411][4] = 0 : sdo[0x5003][4] = 0.0 | 1.55 | 0.5
00095 TEST: Status Message Amp.Port_2B 0.0 +/- 1.55
00095 PASS: Status Message Amp.Port_2B 0.0
00096 sdo[0x6411][4] = 100 : MeterAmps = 0.1 | 0.155 | 0.5
00096 PASS: MeterAmps 0.0
00097 sdo[0x6411][4] = 100 : sdo[0x5003][4] = 1.0 | 1.55 | 0.5
00097 TEST: Status Message Amp.Port_2B 1.0 +/- 1.55
00097 PASS: Status Message Amp.Port_2B 0.0
00098 sdo[0x6411][4] = 200 : MeterAmps = 0.2 | 0.155 | 0.5
00098 PASS: MeterAmps 0.148
00099 sdo[0x6411][4] = 200 : sdo[0x5003][4] = 2.0 | 1.55 | 0.5
00099 TEST: Status Message Amp.Port_2B 2.0 +/- 1.55
00099 PASS: Status Message Amp.Port_2B 1.0
00100 sdo[0x6411][4] = 300 : MeterAmps = 0.3 | 0.155 | 0.5
00100 PASS: MeterAmps 0.243
00101 sdo[0x6411][4] = 300 : sdo[0x5003][4] = 3.0 | 1.55 | 0.5
00101 TEST: Status Message Amp.Port_2B 3.0 +/- 1.55
00101 PASS: Status Message Amp.Port_2B 2.0
00102 sdo[0x6411][4] = 400 : MeterAmps = 0.4 | 0.155 | 0.5
00102 PASS: MeterAmps 0.341
00103 sdo[0x6411][4] = 400 : sdo[0x5003][4] = 4.0 | 1.55 | 0.5
00103 TEST: Status Message Amp.Port_2B 4.0 +/- 1.55
00103 PASS: Status Message Amp.Port_2B 3.0
00104 sdo[0x6411][4] = 500 : MeterAmps = 0.5 | 0.155 | 0.5
00104 PASS: MeterAmps 0.439
00105 sdo[0x6411][4] = 500 : sdo[0x5003][4] = 5.0 | 1.55 | 0.5
00105 TEST: Status Message Amp.Port_2B 5.0 +/- 1.55
00105 PASS: Status Message Amp.Port_2B 4.0
00106 sdo[0x6411][4] = 600 : MeterAmps = 0.6 | 0.155 | 0.5
00106 PASS: MeterAmps 0.534
00107 sdo[0x6411][4] = 600 : sdo[0x5003][4] = 6.0 | 1.55 | 0.5
00107 TEST: Status Message Amp.Port_2B 6.0 +/- 1.55
00107 PASS: Status Message Amp.Port_2B 5.0
00108 sdo[0x6411][4] = 700 : MeterAmps = 0.7 | 0.155 | 0.5
00108 PASS: MeterAmps 0.633
00109 sdo[0x6411][4] = 700 : sdo[0x5003][4] = 7.0 | 1.55 | 0.5
00109 TEST: Status Message Amp.Port_2B 7.0 +/- 1.55
00109 PASS: Status Message Amp.Port_2B 6.0
00110 sdo[0x6411][4] = 800 : MeterAmps = 0.8 | 0.155 | 0.5
00110 PASS: MeterAmps 0.723
00111 sdo[0x6411][4] = 800 : sdo[0x5003][4] = 8.0 | 1.55 | 0.5
00111 TEST: Status Message Amp.Port_2B 8.0 +/- 1.55
00111 PASS: Status Message Amp.Port_2B 7.0
00112 sdo[0x6411][4] = 900 : MeterAmps = 0.9 | 0.155 | 0.5
00112 PASS: MeterAmps 0.827
00113 sdo[0x6411][4] = 900 : sdo[0x5003][4] = 9.0 | 1.55 | 0.5
00113 TEST: Status Message Amp.Port_2B 9.0 +/- 1.55
00113 PASS: Status Message Amp.Port_2B 8.0
00114 sdo[0x6411][4] = 1000 : MeterAmps = 1.0 | 0.155 | 0.5
00114 PASS: MeterAmps 0.926
00115 sdo[0x6411][4] = 1000 : sdo[0x5003][4] = 10.0 | 1.55 | 0.5
00115 TEST: Status Message Amp.Port_2B 10.0 +/- 1.55
00115 PASS: Status Message Amp.Port_2B 9.0
00116 sdo[0x6411][4] = 1100 : MeterAmps = 1.1 | 0.155 | 0.5
00116 PASS: MeterAmps 1.023
00117 sdo[0x6411][4] = 1100 : sdo[0x5003][4] = 11.0 | 1.55 | 0.5
00117 TEST: Status Message Amp.Port_2B 11.0 +/- 1.55
00117 PASS: Status Message Amp.Port_2B 10.0
00118 sdo[0x6411][4] = 1200 : MeterAmps = 1.2 | 0.155 | 0.5
00118 PASS: MeterAmps 1.12
00119 sdo[0x6411][4] = 1200 : sdo[0x5003][4] = 12.0 | 1.55 | 0.5
00119 TEST: Status Message Amp.Port_2B 12.0 +/- 1.55
00119 PASS: Status Message Amp.Port_2B 11.0
00120 sdo[0x6411][4] = 1300 : MeterAmps = 1.3 | 0.155 | 0.5
00120 PASS: MeterAmps 1.213
00121 sdo[0x6411][4] = 1300 : sdo[0x5003][4] = 13.0 | 1.55 | 0.5
00121 TEST: Status Message Amp.Port_2B 13.0 +/- 1.55
00121 PASS: Status Message Amp.Port_2B 12.0
00122 sdo[0x6411][4] = 1400 : MeterAmps = 1.4 | 0.155 | 0.5
00122 PASS: MeterAmps 1.311
00123 sdo[0x6411][4] = 1400 : sdo[0x5003][4] = 14.0 | 1.55 | 0.5
00123 TEST: Status Message Amp.Port_2B 14.0 +/- 1.55
00123 PASS: Status Message Amp.Port_2B 13.0
00124 sdo[0x6411][4] = 1500 : MeterAmps = 1.5 | 0.155 | 0.5
00124 PASS: MeterAmps 1.405
00125 sdo[0x6411][4] = 1500 : sdo[0x5003][4] = 15.0 | 1.55 | 0.5
00125 TEST: Status Message Amp.Port_2B 15.0 +/- 1.55
00125 PASS: Status Message Amp.Port_2B 14.0
00126 #switch out load line, switch coil
00126 sdo[0x6411][4] = 0 : NULL : WAIT = 1
00127 J2_04 = 0 : NULL : WAIT = 1
00128 #read signal value to update
00128 NULL : sdo[0x5003][4] = 0 | 155 | 0.5
00128 TEST: Status Message Amp.Port_2B 0.0 +/- 155.0
00128 PASS: Status Message Amp.Port_2B 0.0
00129 J4_02 = 0, J4_03 = 1 : NULL : WAIT = 0.5
00130 J4_02 = 1, J4_03 = 1 : NULL : WAIT = 1
00131 #-----setup 37000-----
00131 sdo[0x2000][3] = 0 : NULL : WAIT = 0.2
00132 sdo[0x2000][4] = 0 : NULL : WAIT = 0.2
00133 sdo[0x2001][3] = 68 : NULL : WAIT = 0.2
00134 #switch in load line, set current
00134 J2_06 = 1 : NULL : WAIT = 0.5
00135 OPERATIONAL
00135 
00135 sdo[0x6411][6] = 0 : MeterAmps = 0.0 | 0.155 | 0.5
00135 TEST: MeterAmps 0.0 +/- 0.155
00135 PASS: MeterAmps 0.002
00136 sdo[0x6411][6] = 0 : sdo[0x5003][6] = 0.0 | 1.55 | 0.5
00136 TEST: Status Message Amp.Port_3B 0.0 +/- 1.55
00136 PASS: Status Message Amp.Port_3B 0.0
00137 sdo[0x6411][6] = 100 : MeterAmps = 0.1 | 0.155 | 0.5
00137 PASS: MeterAmps 0.002
00138 sdo[0x6411][6] = 100 : sdo[0x5003][6] = 1.0 | 1.55 | 0.5
00138 TEST: Status Message Amp.Port_3B 1.0 +/- 1.55
00138 PASS: Status Message Amp.Port_3B 0.0
00139 sdo[0x6411][6] = 200 : MeterAmps = 0.2 | 0.155 | 0.5
00139 PASS: MeterAmps 0.14
00140 sdo[0x6411][6] = 200 : sdo[0x5003][6] = 2.0 | 1.55 | 0.5
00140 TEST: Status Message Amp.Port_3B 2.0 +/- 1.55
00140 PASS: Status Message Amp.Port_3B 1.0
00141 sdo[0x6411][6] = 300 : MeterAmps = 0.3 | 0.155 | 0.5
00141 PASS: MeterAmps 0.24
00142 sdo[0x6411][6] = 300 : sdo[0x5003][6] = 3.0 | 1.55 | 0.5
00142 TEST: Status Message Amp.Port_3B 3.0 +/- 1.55
00142 PASS: Status Message Amp.Port_3B 2.0
00143 sdo[0x6411][6] = 400 : MeterAmps = 0.4 | 0.155 | 0.5
00143 PASS: MeterAmps 0.339
00144 sdo[0x6411][6] = 400 : sdo[0x5003][6] = 4.0 | 1.55 | 0.5
00144 TEST: Status Message Amp.Port_3B 4.0 +/- 1.55
00144 PASS: Status Message Amp.Port_3B 3.0
00145 sdo[0x6411][6] = 500 : MeterAmps = 0.5 | 0.155 | 0.5
00145 PASS: MeterAmps 0.436
00146 sdo[0x6411][6] = 500 : sdo[0x5003][6] = 5.0 | 1.55 | 0.5
00146 TEST: Status Message Amp.Port_3B 5.0 +/- 1.55
00146 PASS: Status Message Amp.Port_3B 4.0
00147 sdo[0x6411][6] = 600 : MeterAmps = 0.6 | 0.155 | 0.5
00147 PASS: MeterAmps 0.531
00148 sdo[0x6411][6] = 600 : sdo[0x5003][6] = 6.0 | 1.55 | 0.5
00148 TEST: Status Message Amp.Port_3B 6.0 +/- 1.55
00148 PASS: Status Message Amp.Port_3B 5.0
00149 sdo[0x6411][6] = 700 : MeterAmps = 0.7 | 0.155 | 0.5
00149 PASS: MeterAmps 0.63
00150 sdo[0x6411][6] = 700 : sdo[0x5003][6] = 7.0 | 1.55 | 0.5
00150 TEST: Status Message Amp.Port_3B 7.0 +/- 1.55
00150 PASS: Status Message Amp.Port_3B 6.0
00151 sdo[0x6411][6] = 800 : MeterAmps = 0.8 | 0.155 | 0.5
00151 PASS: MeterAmps 0.725
00152 sdo[0x6411][6] = 800 : sdo[0x5003][6] = 8.0 | 1.55 | 0.5
00152 TEST: Status Message Amp.Port_3B 8.0 +/- 1.55
00152 PASS: Status Message Amp.Port_3B 7.0
00153 sdo[0x6411][6] = 900 : MeterAmps = 0.9 | 0.155 | 0.5
00153 PASS: MeterAmps 0.823
00154 sdo[0x6411][6] = 900 : sdo[0x5003][6] = 9.0 | 1.55 | 0.5
00154 TEST: Status Message Amp.Port_3B 9.0 +/- 1.55
00154 PASS: Status Message Amp.Port_3B 8.0
00155 sdo[0x6411][6] = 1000 : MeterAmps = 1.0 | 0.155 | 0.5
00155 PASS: MeterAmps 0.925
00156 sdo[0x6411][6] = 1000 : sdo[0x5003][6] = 10.0 | 1.55 | 0.5
00156 TEST: Status Message Amp.Port_3B 10.0 +/- 1.55
00156 PASS: Status Message Amp.Port_3B 9.0
00157 sdo[0x6411][6] = 1100 : MeterAmps = 1.1 | 0.155 | 0.5
00157 PASS: MeterAmps 1.021
00158 sdo[0x6411][6] = 1100 : sdo[0x5003][6] = 11.0 | 1.55 | 0.5
00158 TEST: Status Message Amp.Port_3B 11.0 +/- 1.55
00158 PASS: Status Message Amp.Port_3B 10.0
00159 sdo[0x6411][6] = 1200 : MeterAmps = 1.2 | 0.155 | 0.5
00159 PASS: MeterAmps 1.118
00160 sdo[0x6411][6] = 1200 : sdo[0x5003][6] = 12.0 | 1.55 | 0.5
00160 TEST: Status Message Amp.Port_3B 12.0 +/- 1.55
00160 PASS: Status Message Amp.Port_3B 11.0
00161 sdo[0x6411][6] = 1300 : MeterAmps = 1.3 | 0.155 | 0.5
00161 PASS: MeterAmps 1.212
00162 sdo[0x6411][6] = 1300 : sdo[0x5003][6] = 13.0 | 1.55 | 0.5
00162 TEST: Status Message Amp.Port_3B 13.0 +/- 1.55
00162 PASS: Status Message Amp.Port_3B 12.0
00163 sdo[0x6411][6] = 1400 : MeterAmps = 1.4 | 0.155 | 0.5
00163 PASS: MeterAmps 1.313
00164 sdo[0x6411][6] = 1400 : sdo[0x5003][6] = 14.0 | 1.55 | 0.5
00164 TEST: Status Message Amp.Port_3B 14.0 +/- 1.55
00164 PASS: Status Message Amp.Port_3B 13.0
00165 sdo[0x6411][6] = 1500 : MeterAmps = 1.5 | 0.155 | 0.5
00165 PASS: MeterAmps 1.412
00166 sdo[0x6411][6] = 1500 : sdo[0x5003][6] = 15.0 | 1.55 | 0.5
00166 TEST: Status Message Amp.Port_3B 15.0 +/- 1.55
00166 PASS: Status Message Amp.Port_3B 14.0
00167 #switch out load line, switch coil
00167 sdo[0x6411][6] = 0 : NULL : WAIT = 1
00168 J2_06 = 0 : NULL : WAIT = 1
00169 #read signal value to update
00169 NULL : sdo[0x5003][6] = 0 | 155 | 0.5
00169 TEST: Status Message Amp.Port_3B 0.0 +/- 155.0
00169 PASS: Status Message Amp.Port_3B 0.0
00170 J4_02 = 0, J4_03 = 1 : NULL : WAIT = 0.5
00171 J4_01 = 1, J4_03 = 1 : NULL : WAIT = 1
00172 #-----setup 37000-----
00172 sdo[0x2000][3] = 0 : NULL : WAIT = 0.2
00173 sdo[0x2000][4] = 0 : NULL : WAIT = 0.2
00174 sdo[0x2001][4] = 68 : NULL : WAIT = 0.2
00175 #switch in load line, set current
00175 J2_07 = 1 : NULL : WAIT = 0.5
00176 OPERATIONAL
00176 
00176 sdo[0x6411][7] = 0 : MeterAmps = 0.0 | 0.155 | 0.5
00176 TEST: MeterAmps 0.0 +/- 0.155
00176 PASS: MeterAmps 0.001
00177 sdo[0x6411][7] = 0 : sdo[0x5003][7] = 0.0 | 1.55 | 0.5
00177 TEST: Status Message Amp.Port_4A 0.0 +/- 1.55
00177 PASS: Status Message Amp.Port_4A 0.0
00178 sdo[0x6411][7] = 100 : MeterAmps = 0.1 | 0.155 | 0.5
00178 PASS: MeterAmps 0.001
00179 sdo[0x6411][7] = 100 : sdo[0x5003][7] = 1.0 | 1.55 | 0.5
00179 TEST: Status Message Amp.Port_4A 1.0 +/- 1.55
00179 PASS: Status Message Amp.Port_4A 0.0
00180 sdo[0x6411][7] = 200 : MeterAmps = 0.2 | 0.155 | 0.5
00180 PASS: MeterAmps 0.135
00181 sdo[0x6411][7] = 200 : sdo[0x5003][7] = 2.0 | 1.55 | 0.5
00181 TEST: Status Message Amp.Port_4A 2.0 +/- 1.55
00181 PASS: Status Message Amp.Port_4A 1.0
00182 sdo[0x6411][7] = 300 : MeterAmps = 0.3 | 0.155 | 0.5
00182 PASS: MeterAmps 0.228
00183 sdo[0x6411][7] = 300 : sdo[0x5003][7] = 3.0 | 1.55 | 0.5
00183 TEST: Status Message Amp.Port_4A 3.0 +/- 1.55
00183 PASS: Status Message Amp.Port_4A 2.0
00184 sdo[0x6411][7] = 400 : MeterAmps = 0.4 | 0.155 | 0.5
00184 PASS: MeterAmps 0.326
00185 sdo[0x6411][7] = 400 : sdo[0x5003][7] = 4.0 | 1.55 | 0.5
00185 TEST: Status Message Amp.Port_4A 4.0 +/- 1.55
00185 PASS: Status Message Amp.Port_4A 3.0
00186 sdo[0x6411][7] = 500 : MeterAmps = 0.5 | 0.155 | 0.5
00186 PASS: MeterAmps 0.421
00187 sdo[0x6411][7] = 500 : sdo[0x5003][7] = 5.0 | 1.55 | 0.5
00187 TEST: Status Message Amp.Port_4A 5.0 +/- 1.55
00187 PASS: Status Message Amp.Port_4A 4.0
00188 sdo[0x6411][7] = 600 : MeterAmps = 0.6 | 0.155 | 0.5
00188 PASS: MeterAmps 0.514
00189 sdo[0x6411][7] = 600 : sdo[0x5003][7] = 6.0 | 1.55 | 0.5
00189 TEST: Status Message Amp.Port_4A 6.0 +/- 1.55
00189 PASS: Status Message Amp.Port_4A 5.0
00190 sdo[0x6411][7] = 700 : MeterAmps = 0.7 | 0.155 | 0.5
00190 PASS: MeterAmps 0.611
00191 sdo[0x6411][7] = 700 : sdo[0x5003][7] = 7.0 | 1.55 | 0.5
00191 TEST: Status Message Amp.Port_4A 7.0 +/- 1.55
00191 PASS: Status Message Amp.Port_4A 6.0
00192 sdo[0x6411][7] = 800 : MeterAmps = 0.8 | 0.155 | 0.5
00192 PASS: MeterAmps 0.703
00193 sdo[0x6411][7] = 800 : sdo[0x5003][7] = 8.0 | 1.55 | 0.5
00193 TEST: Status Message Amp.Port_4A 8.0 +/- 1.55
00193 PASS: Status Message Amp.Port_4A 7.0
00194 sdo[0x6411][7] = 900 : MeterAmps = 0.9 | 0.155 | 0.5
00194 PASS: MeterAmps 0.799
00195 sdo[0x6411][7] = 900 : sdo[0x5003][7] = 9.0 | 1.55 | 0.5
00195 TEST: Status Message Amp.Port_4A 9.0 +/- 1.55
00195 PASS: Status Message Amp.Port_4A 8.0
00196 sdo[0x6411][7] = 1000 : MeterAmps = 1.0 | 0.155 | 0.5
00196 PASS: MeterAmps 0.9
00197 sdo[0x6411][7] = 1000 : sdo[0x5003][7] = 10.0 | 1.55 | 0.5
00197 TEST: Status Message Amp.Port_4A 10.0 +/- 1.55
00197 PASS: Status Message Amp.Port_4A 9.0
00198 sdo[0x6411][7] = 1100 : MeterAmps = 1.1 | 0.155 | 0.5
00198 PASS: MeterAmps 0.995
00199 sdo[0x6411][7] = 1100 : sdo[0x5003][7] = 11.0 | 1.55 | 0.5
00199 TEST: Status Message Amp.Port_4A 11.0 +/- 1.55
00199 PASS: Status Message Amp.Port_4A 10.0
00200 sdo[0x6411][7] = 1200 : MeterAmps = 1.2 | 0.155 | 0.5
00200 PASS: MeterAmps 1.09
00201 sdo[0x6411][7] = 1200 : sdo[0x5003][7] = 12.0 | 1.55 | 0.5
00201 TEST: Status Message Amp.Port_4A 12.0 +/- 1.55
00201 PASS: Status Message Amp.Port_4A 11.0
00202 sdo[0x6411][7] = 1300 : MeterAmps = 1.3 | 0.155 | 0.5
00202 PASS: MeterAmps 1.183
00203 sdo[0x6411][7] = 1300 : sdo[0x5003][7] = 13.0 | 1.55 | 0.5
00203 TEST: Status Message Amp.Port_4A 13.0 +/- 1.55
00203 PASS: Status Message Amp.Port_4A 12.0
00204 sdo[0x6411][7] = 1400 : MeterAmps = 1.4 | 0.155 | 0.5
00204 PASS: MeterAmps 1.28
00205 sdo[0x6411][7] = 1400 : sdo[0x5003][7] = 14.0 | 1.55 | 0.5
00205 TEST: Status Message Amp.Port_4A 14.0 +/- 1.55
00205 PASS: Status Message Amp.Port_4A 13.0
00206 sdo[0x6411][7] = 1500 : MeterAmps = 1.5 | 0.155 | 0.5
00206 PASS: MeterAmps 1.376
00207 sdo[0x6411][7] = 1500 : sdo[0x5003][7] = 15.0 | 1.55 | 0.5
00207 TEST: Status Message Amp.Port_4A 15.0 +/- 1.55
00207 PASS: Status Message Amp.Port_4A 14.0
00208 #switch out load line, switch coil
00208 sdo[0x6411][7] = 0 : NULL : WAIT = 1
00209 J2_07 = 0 : NULL : WAIT = 1
00210 #read signal value to update
00210 NULL : sdo[0x5003][7] = 0 | 155 | 0.5
00210 TEST: Status Message Amp.Port_4A 0.0 +/- 155.0
00210 PASS: Status Message Amp.Port_4A 0.0
00211 J4_01 = 0, J4_03 = 1 : NULL : WAIT = 0.5
00212 J4_02 = 1, J4_03 = 1 : NULL : WAIT = 1
00213 #-----setup 37000-----
00213 sdo[0x2000][3] = 0 : NULL : WAIT = 0.2
00214 sdo[0x2000][4] = 0 : NULL : WAIT = 0.2
00215 sdo[0x2001][4] = 68 : NULL : WAIT = 0.2
00216 #switch in load line, set current
00216 J2_08 = 1 : NULL : WAIT = 0.5
00217 OPERATIONAL
00217 
00217 sdo[0x6411][8] = 0 : MeterAmps = 0.0 | 0.155 | 0.5
00217 TEST: MeterAmps 0.0 +/- 0.155
00217 PASS: MeterAmps 0.0
00218 sdo[0x6411][8] = 0 : sdo[0x5003][8] = 0.0 | 1.55 | 0.5
00218 TEST: Status Message Amp.Port_4B 0.0 +/- 1.55
00218 PASS: Status Message Amp.Port_4B 0.0
00219 sdo[0x6411][8] = 100 : MeterAmps = 0.1 | 0.155 | 0.5
00219 PASS: MeterAmps 0.0
00220 sdo[0x6411][8] = 100 : sdo[0x5003][8] = 1.0 | 1.55 | 0.5
00220 TEST: Status Message Amp.Port_4B 1.0 +/- 1.55
00220 PASS: Status Message Amp.Port_4B 0.0
00221 sdo[0x6411][8] = 200 : MeterAmps = 0.2 | 0.155 | 0.5
00221 PASS: MeterAmps 0.146
00222 sdo[0x6411][8] = 200 : sdo[0x5003][8] = 2.0 | 1.55 | 0.5
00222 TEST: Status Message Amp.Port_4B 2.0 +/- 1.55
00222 PASS: Status Message Amp.Port_4B 1.0
00223 sdo[0x6411][8] = 300 : MeterAmps = 0.3 | 0.155 | 0.5
00223 PASS: MeterAmps 0.241
00224 sdo[0x6411][8] = 300 : sdo[0x5003][8] = 3.0 | 1.55 | 0.5
00224 TEST: Status Message Amp.Port_4B 3.0 +/- 1.55
00224 PASS: Status Message Amp.Port_4B 2.0
00225 sdo[0x6411][8] = 400 : MeterAmps = 0.4 | 0.155 | 0.5
00225 PASS: MeterAmps 0.34
00226 sdo[0x6411][8] = 400 : sdo[0x5003][8] = 4.0 | 1.55 | 0.5
00226 TEST: Status Message Amp.Port_4B 4.0 +/- 1.55
00226 PASS: Status Message Amp.Port_4B 3.0
00227 sdo[0x6411][8] = 500 : MeterAmps = 0.5 | 0.155 | 0.5
00227 PASS: MeterAmps 0.436
00228 sdo[0x6411][8] = 500 : sdo[0x5003][8] = 5.0 | 1.55 | 0.5
00228 TEST: Status Message Amp.Port_4B 5.0 +/- 1.55
00228 PASS: Status Message Amp.Port_4B 4.0
00229 sdo[0x6411][8] = 600 : MeterAmps = 0.6 | 0.155 | 0.5
00229 PASS: MeterAmps 0.53
00230 sdo[0x6411][8] = 600 : sdo[0x5003][8] = 6.0 | 1.55 | 0.5
00230 TEST: Status Message Amp.Port_4B 6.0 +/- 1.55
00230 PASS: Status Message Amp.Port_4B 5.0
00231 sdo[0x6411][8] = 700 : MeterAmps = 0.7 | 0.155 | 0.5
00231 PASS: MeterAmps 0.63
00232 sdo[0x6411][8] = 700 : sdo[0x5003][8] = 7.0 | 1.55 | 0.5
00232 TEST: Status Message Amp.Port_4B 7.0 +/- 1.55
00232 PASS: Status Message Amp.Port_4B 6.0
00233 sdo[0x6411][8] = 800 : MeterAmps = 0.8 | 0.155 | 0.5
00233 PASS: MeterAmps 0.723
00234 sdo[0x6411][8] = 800 : sdo[0x5003][8] = 8.0 | 1.55 | 0.5
00234 TEST: Status Message Amp.Port_4B 8.0 +/- 1.55
00234 PASS: Status Message Amp.Port_4B 7.0
00235 sdo[0x6411][8] = 900 : MeterAmps = 0.9 | 0.155 | 0.5
00235 PASS: MeterAmps 0.821
00236 sdo[0x6411][8] = 900 : sdo[0x5003][8] = 9.0 | 1.55 | 0.5
00236 TEST: Status Message Amp.Port_4B 9.0 +/- 1.55
00236 PASS: Status Message Amp.Port_4B 8.0
00237 sdo[0x6411][8] = 1000 : MeterAmps = 1.0 | 0.155 | 0.5
00237 PASS: MeterAmps 0.922
00238 sdo[0x6411][8] = 1000 : sdo[0x5003][8] = 10.0 | 1.55 | 0.5
00238 TEST: Status Message Amp.Port_4B 10.0 +/- 1.55
00238 PASS: Status Message Amp.Port_4B 9.0
00239 sdo[0x6411][8] = 1100 : MeterAmps = 1.1 | 0.155 | 0.5
00239 PASS: MeterAmps 1.018
00240 sdo[0x6411][8] = 1100 : sdo[0x5003][8] = 11.0 | 1.55 | 0.5
00240 TEST: Status Message Amp.Port_4B 11.0 +/- 1.55
00240 PASS: Status Message Amp.Port_4B 10.0
00241 sdo[0x6411][8] = 1200 : MeterAmps = 1.2 | 0.155 | 0.5
00241 PASS: MeterAmps 1.113
00242 sdo[0x6411][8] = 1200 : sdo[0x5003][8] = 12.0 | 1.55 | 0.5
00242 TEST: Status Message Amp.Port_4B 12.0 +/- 1.55
00242 PASS: Status Message Amp.Port_4B 11.0
00243 sdo[0x6411][8] = 1300 : MeterAmps = 1.3 | 0.155 | 0.5
00243 PASS: MeterAmps 1.207
00244 sdo[0x6411][8] = 1300 : sdo[0x5003][8] = 13.0 | 1.55 | 0.5
00244 TEST: Status Message Amp.Port_4B 13.0 +/- 1.55
00244 PASS: Status Message Amp.Port_4B 12.0
00245 sdo[0x6411][8] = 1400 : MeterAmps = 1.4 | 0.155 | 0.5
00245 PASS: MeterAmps 1.307
00246 sdo[0x6411][8] = 1400 : sdo[0x5003][8] = 14.0 | 1.55 | 0.5
00246 TEST: Status Message Amp.Port_4B 14.0 +/- 1.55
00246 PASS: Status Message Amp.Port_4B 13.0
00247 sdo[0x6411][8] = 1500 : MeterAmps = 1.5 | 0.155 | 0.5
00247 PASS: MeterAmps 1.405
00248 sdo[0x6411][8] = 1500 : sdo[0x5003][8] = 15.0 | 1.55 | 0.5
00248 TEST: Status Message Amp.Port_4B 15.0 +/- 1.55
00248 PASS: Status Message Amp.Port_4B 14.0
00249 #switch out load line, switch coil
00249 sdo[0x6411][8] = 0 : NULL : WAIT = 1
00250 J2_08 = 0 : NULL : WAIT = 1
00251 #read signal value to update
00251 NULL : sdo[0x5003][8] = 0 | 155 | 0.5
00251 TEST: Status Message Amp.Port_4B 0.0 +/- 155.0
00251 PASS: Status Message Amp.Port_4B 0.0
00252 J4_02 = 0, J4_03 = 1 : NULL : WAIT = 0.5
00253 J4_01 = 1, J4_03 = 1 : NULL : WAIT = 1
00254 #-----setup 37000-----
00254 sdo[0x2000][3] = 0 : NULL : WAIT = 0.2
00255 sdo[0x2000][4] = 0 : NULL : WAIT = 0.2
00256 sdo[0x2001][5] = 68 : NULL : WAIT = 0.2
00257 #switch in load line, set current
00257 J2_09 = 1 : NULL : WAIT = 0.5
00258 OPERATIONAL
00258 
00258 sdo[0x6411][9] = 0 : MeterAmps = 0.0 | 0.155 | 0.5
00258 TEST: MeterAmps 0.0 +/- 0.155
00258 PASS: MeterAmps 0.001
00259 sdo[0x6411][9] = 0 : sdo[0x5003][9] = 0.0 | 1.55 | 0.5
00259 TEST: Status Message Amp.Port_5A 0.0 +/- 1.55
00259 PASS: Status Message Amp.Port_5A 0.0
00260 sdo[0x6411][9] = 100 : MeterAmps = 0.1 | 0.155 | 0.5
00260 PASS: MeterAmps 0.001
00261 sdo[0x6411][9] = 100 : sdo[0x5003][9] = 1.0 | 1.55 | 0.5
00261 TEST: Status Message Amp.Port_5A 1.0 +/- 1.55
00261 PASS: Status Message Amp.Port_5A 0.0
00262 sdo[0x6411][9] = 200 : MeterAmps = 0.2 | 0.155 | 0.5
00262 PASS: MeterAmps 0.14
00263 sdo[0x6411][9] = 200 : sdo[0x5003][9] = 2.0 | 1.55 | 0.5
00263 TEST: Status Message Amp.Port_5A 2.0 +/- 1.55
00263 PASS: Status Message Amp.Port_5A 1.0
00264 sdo[0x6411][9] = 300 : MeterAmps = 0.3 | 0.155 | 0.5
00264 PASS: MeterAmps 0.231
00265 sdo[0x6411][9] = 300 : sdo[0x5003][9] = 3.0 | 1.55 | 0.5
00265 TEST: Status Message Amp.Port_5A 3.0 +/- 1.55
00265 PASS: Status Message Amp.Port_5A 2.0
00266 sdo[0x6411][9] = 400 : MeterAmps = 0.4 | 0.155 | 0.5
00266 PASS: MeterAmps 0.329
00267 sdo[0x6411][9] = 400 : sdo[0x5003][9] = 4.0 | 1.55 | 0.5
00267 TEST: Status Message Amp.Port_5A 4.0 +/- 1.55
00267 PASS: Status Message Amp.Port_5A 3.0
00268 sdo[0x6411][9] = 500 : MeterAmps = 0.5 | 0.155 | 0.5
00268 PASS: MeterAmps 0.423
00269 sdo[0x6411][9] = 500 : sdo[0x5003][9] = 5.0 | 1.55 | 0.5
00269 TEST: Status Message Amp.Port_5A 5.0 +/- 1.55
00269 PASS: Status Message Amp.Port_5A 4.0
00270 sdo[0x6411][9] = 600 : MeterAmps = 0.6 | 0.155 | 0.5
00270 PASS: MeterAmps 0.518
00271 sdo[0x6411][9] = 600 : sdo[0x5003][9] = 6.0 | 1.55 | 0.5
00271 TEST: Status Message Amp.Port_5A 6.0 +/- 1.55
00271 PASS: Status Message Amp.Port_5A 5.0
00272 sdo[0x6411][9] = 700 : MeterAmps = 0.7 | 0.155 | 0.5
00272 PASS: MeterAmps 0.617
00273 sdo[0x6411][9] = 700 : sdo[0x5003][9] = 7.0 | 1.55 | 0.5
00273 TEST: Status Message Amp.Port_5A 7.0 +/- 1.55
00273 PASS: Status Message Amp.Port_5A 6.0
00274 sdo[0x6411][9] = 800 : MeterAmps = 0.8 | 0.155 | 0.5
00274 PASS: MeterAmps 0.703
00275 sdo[0x6411][9] = 800 : sdo[0x5003][9] = 8.0 | 1.55 | 0.5
00275 TEST: Status Message Amp.Port_5A 8.0 +/- 1.55
00275 PASS: Status Message Amp.Port_5A 7.0
00276 sdo[0x6411][9] = 900 : MeterAmps = 0.9 | 0.155 | 0.5
00276 PASS: MeterAmps 0.8
00277 sdo[0x6411][9] = 900 : sdo[0x5003][9] = 9.0 | 1.55 | 0.5
00277 TEST: Status Message Amp.Port_5A 9.0 +/- 1.55
00277 PASS: Status Message Amp.Port_5A 8.0
00278 sdo[0x6411][9] = 1000 : MeterAmps = 1.0 | 0.155 | 0.5
00278 PASS: MeterAmps 0.899
00279 sdo[0x6411][9] = 1000 : sdo[0x5003][9] = 10.0 | 1.55 | 0.5
00279 TEST: Status Message Amp.Port_5A 10.0 +/- 1.55
00279 PASS: Status Message Amp.Port_5A 9.0
00280 sdo[0x6411][9] = 1100 : MeterAmps = 1.1 | 0.155 | 0.5
00280 PASS: MeterAmps 0.994
00281 sdo[0x6411][9] = 1100 : sdo[0x5003][9] = 11.0 | 1.55 | 0.5
00281 TEST: Status Message Amp.Port_5A 11.0 +/- 1.55
00281 PASS: Status Message Amp.Port_5A 10.0
00282 sdo[0x6411][9] = 1200 : MeterAmps = 1.2 | 0.155 | 0.5
00282 PASS: MeterAmps 1.093
00283 sdo[0x6411][9] = 1200 : sdo[0x5003][9] = 12.0 | 1.55 | 0.5
00283 TEST: Status Message Amp.Port_5A 12.0 +/- 1.55
00283 PASS: Status Message Amp.Port_5A 11.0
00284 sdo[0x6411][9] = 1300 : MeterAmps = 1.3 | 0.155 | 0.5
00284 PASS: MeterAmps 1.186
00285 sdo[0x6411][9] = 1300 : sdo[0x5003][9] = 13.0 | 1.55 | 0.5
00285 TEST: Status Message Amp.Port_5A 13.0 +/- 1.55
00285 PASS: Status Message Amp.Port_5A 12.0
00286 sdo[0x6411][9] = 1400 : MeterAmps = 1.4 | 0.155 | 0.5
00286 PASS: MeterAmps 1.281
00287 sdo[0x6411][9] = 1400 : sdo[0x5003][9] = 14.0 | 1.55 | 0.5
00287 TEST: Status Message Amp.Port_5A 14.0 +/- 1.55
00287 PASS: Status Message Amp.Port_5A 13.0
00288 sdo[0x6411][9] = 1500 : MeterAmps = 1.5 | 0.155 | 0.5
00288 PASS: MeterAmps 1.377
00289 sdo[0x6411][9] = 1500 : sdo[0x5003][9] = 15.0 | 1.55 | 0.5
00289 TEST: Status Message Amp.Port_5A 15.0 +/- 1.55
00289 PASS: Status Message Amp.Port_5A 14.0
00290 #switch out load line, switch coil
00290 sdo[0x6411][9] = 0 : NULL : WAIT = 1
00291 J2_09 = 0 : NULL : WAIT = 1
00292 #read signal value to update
00292 NULL : sdo[0x5003][9] = 0 | 155 | 0.5
00292 TEST: Status Message Amp.Port_5A 0.0 +/- 155.0
00292 PASS: Status Message Amp.Port_5A 0.0
00293 J4_01 = 0, J4_03 = 1 : NULL : WAIT = 0.5
00294 J4_02 = 1, J4_03 = 1 : NULL : WAIT = 1
00295 #-----setup 37000-----
00295 sdo[0x2000][3] = 0 : NULL : WAIT = 0.2
00296 sdo[0x2000][4] = 0 : NULL : WAIT = 0.2
00297 sdo[0x2001][5] = 68 : NULL : WAIT = 0.2
00298 #switch in load line, set current
00298 J2_10 = 1 : NULL : WAIT = 0.5
00299 OPERATIONAL
00299 
00299 sdo[0x6411][10] = 0 : MeterAmps = 0.0 | 0.155 | 0.5
00299 TEST: MeterAmps 0.0 +/- 0.155
00299 PASS: MeterAmps 0.0
00300 sdo[0x6411][10] = 0 : sdo[0x5003][10] = 0.0 | 1.55 | 0.5
00300 TEST: Status Message Amp.Port_5B 0.0 +/- 1.55
00300 PASS: Status Message Amp.Port_5B 0.0
00301 sdo[0x6411][10] = 100 : MeterAmps = 0.1 | 0.155 | 0.5
00301 PASS: MeterAmps 0.0
00302 sdo[0x6411][10] = 100 : sdo[0x5003][10] = 1.0 | 1.55 | 0.5
00302 TEST: Status Message Amp.Port_5B 1.0 +/- 1.55
00302 PASS: Status Message Amp.Port_5B 0.0
00303 sdo[0x6411][10] = 200 : MeterAmps = 0.2 | 0.155 | 0.5
00303 PASS: MeterAmps 0.136
00304 sdo[0x6411][10] = 200 : sdo[0x5003][10] = 2.0 | 1.55 | 0.5
00304 TEST: Status Message Amp.Port_5B 2.0 +/- 1.55
00304 PASS: Status Message Amp.Port_5B 1.0
00305 sdo[0x6411][10] = 300 : MeterAmps = 0.3 | 0.155 | 0.5
00305 PASS: MeterAmps 0.23
00306 sdo[0x6411][10] = 300 : sdo[0x5003][10] = 3.0 | 1.55 | 0.5
00306 TEST: Status Message Amp.Port_5B 3.0 +/- 1.55
00306 PASS: Status Message Amp.Port_5B 2.0
00307 sdo[0x6411][10] = 400 : MeterAmps = 0.4 | 0.155 | 0.5
00307 PASS: MeterAmps 0.329
00308 sdo[0x6411][10] = 400 : sdo[0x5003][10] = 4.0 | 1.55 | 0.5
00308 TEST: Status Message Amp.Port_5B 4.0 +/- 1.55
00308 PASS: Status Message Amp.Port_5B 3.0
00309 sdo[0x6411][10] = 500 : MeterAmps = 0.5 | 0.155 | 0.5
00309 PASS: MeterAmps 0.427
00310 sdo[0x6411][10] = 500 : sdo[0x5003][10] = 5.0 | 1.55 | 0.5
00310 TEST: Status Message Amp.Port_5B 5.0 +/- 1.55
00310 PASS: Status Message Amp.Port_5B 4.0
00311 sdo[0x6411][10] = 600 : MeterAmps = 0.6 | 0.155 | 0.5
00311 PASS: MeterAmps 0.525
00312 sdo[0x6411][10] = 600 : sdo[0x5003][10] = 6.0 | 1.55 | 0.5
00312 TEST: Status Message Amp.Port_5B 6.0 +/- 1.55
00312 PASS: Status Message Amp.Port_5B 5.0
00313 sdo[0x6411][10] = 700 : MeterAmps = 0.7 | 0.155 | 0.5
00313 PASS: MeterAmps 0.622
00314 sdo[0x6411][10] = 700 : sdo[0x5003][10] = 7.0 | 1.55 | 0.5
00314 TEST: Status Message Amp.Port_5B 7.0 +/- 1.55
00314 PASS: Status Message Amp.Port_5B 6.0
00315 sdo[0x6411][10] = 800 : MeterAmps = 0.8 | 0.155 | 0.5
00315 PASS: MeterAmps 0.713
00316 sdo[0x6411][10] = 800 : sdo[0x5003][10] = 8.0 | 1.55 | 0.5
00316 TEST: Status Message Amp.Port_5B 8.0 +/- 1.55
00316 PASS: Status Message Amp.Port_5B 7.0
00317 sdo[0x6411][10] = 900 : MeterAmps = 0.9 | 0.155 | 0.5
00317 PASS: MeterAmps 0.814
00318 sdo[0x6411][10] = 900 : sdo[0x5003][10] = 9.0 | 1.55 | 0.5
00318 TEST: Status Message Amp.Port_5B 9.0 +/- 1.55
00318 PASS: Status Message Amp.Port_5B 8.0
00319 sdo[0x6411][10] = 1000 : MeterAmps = 1.0 | 0.155 | 0.5
00319 PASS: MeterAmps 0.915
00320 sdo[0x6411][10] = 1000 : sdo[0x5003][10] = 10.0 | 1.55 | 0.5
00320 TEST: Status Message Amp.Port_5B 10.0 +/- 1.55
00320 PASS: Status Message Amp.Port_5B 9.0
00321 sdo[0x6411][10] = 1100 : MeterAmps = 1.1 | 0.155 | 0.5
00321 PASS: MeterAmps 1.011
00322 sdo[0x6411][10] = 1100 : sdo[0x5003][10] = 11.0 | 1.55 | 0.5
00322 TEST: Status Message Amp.Port_5B 11.0 +/- 1.55
00322 PASS: Status Message Amp.Port_5B 10.0
00323 sdo[0x6411][10] = 1200 : MeterAmps = 1.2 | 0.155 | 0.5
00323 PASS: MeterAmps 1.108
00324 sdo[0x6411][10] = 1200 : sdo[0x5003][10] = 12.0 | 1.55 | 0.5
00324 TEST: Status Message Amp.Port_5B 12.0 +/- 1.55
00324 PASS: Status Message Amp.Port_5B 11.0
00325 sdo[0x6411][10] = 1300 : MeterAmps = 1.3 | 0.155 | 0.5
00325 PASS: MeterAmps 1.203
00326 sdo[0x6411][10] = 1300 : sdo[0x5003][10] = 13.0 | 1.55 | 0.5
00326 TEST: Status Message Amp.Port_5B 13.0 +/- 1.55
00326 PASS: Status Message Amp.Port_5B 12.0
00327 sdo[0x6411][10] = 1400 : MeterAmps = 1.4 | 0.155 | 0.5
00327 PASS: MeterAmps 1.301
00328 sdo[0x6411][10] = 1400 : sdo[0x5003][10] = 14.0 | 1.55 | 0.5
00328 TEST: Status Message Amp.Port_5B 14.0 +/- 1.55
00328 PASS: Status Message Amp.Port_5B 13.0
00329 sdo[0x6411][10] = 1500 : MeterAmps = 1.5 | 0.155 | 0.5
00329 PASS: MeterAmps 1.4
00330 sdo[0x6411][10] = 1500 : sdo[0x5003][10] = 15.0 | 1.55 | 0.5
00330 TEST: Status Message Amp.Port_5B 15.0 +/- 1.55
00330 PASS: Status Message Amp.Port_5B 14.0
00331 #switch out load line, switch coil
00331 sdo[0x6411][10] = 0 : NULL : WAIT = 1
00332 J2_10 = 0 : NULL : WAIT = 1
00333 #read signal value to update
00333 NULL : sdo[0x5003][10] = 0 | 155 | 0.5
00333 TEST: Status Message Amp.Port_5B 0.0 +/- 155.0
00333 PASS: Status Message Amp.Port_5B 0.0
00334 J4_02 = 0, J4_03 = 1 : NULL : WAIT = 0.5
00335 J4_01 = 1, J4_03 = 1 : NULL : WAIT = 1
00336 #-----setup 37000-----
00336 sdo[0x2000][3] = 0 : NULL : WAIT = 0.2
00337 sdo[0x2000][4] = 0 : NULL : WAIT = 0.2
00338 sdo[0x2001][6] = 68 : NULL : WAIT = 0.2
00339 #switch in load line, set current
00339 J2_11 = 1 : NULL : WAIT = 0.5
00340 OPERATIONAL
00340 
00340 sdo[0x6411][11] = 0 : MeterAmps = 0.0 | 0.155 | 0.5
00340 TEST: MeterAmps 0.0 +/- 0.155
00340 PASS: MeterAmps 0.001
00341 sdo[0x6411][11] = 0 : sdo[0x5003][11] = 0.0 | 1.55 | 0.5
00341 TEST: Status Message Amp.Port_6A 0.0 +/- 1.55
00341 PASS: Status Message Amp.Port_6A 0.0
00342 sdo[0x6411][11] = 100 : MeterAmps = 0.1 | 0.155 | 0.5
00342 PASS: MeterAmps 0.001
00343 sdo[0x6411][11] = 100 : sdo[0x5003][11] = 1.0 | 1.55 | 0.5
00343 TEST: Status Message Amp.Port_6A 1.0 +/- 1.55
00343 PASS: Status Message Amp.Port_6A 0.0
00344 sdo[0x6411][11] = 200 : MeterAmps = 0.2 | 0.155 | 0.5
00344 PASS: MeterAmps 0.141
00345 sdo[0x6411][11] = 200 : sdo[0x5003][11] = 2.0 | 1.55 | 0.5
00345 TEST: Status Message Amp.Port_6A 2.0 +/- 1.55
00345 PASS: Status Message Amp.Port_6A 1.0
00346 sdo[0x6411][11] = 300 : MeterAmps = 0.3 | 0.155 | 0.5
00346 PASS: MeterAmps 0.234
00347 sdo[0x6411][11] = 300 : sdo[0x5003][11] = 3.0 | 1.55 | 0.5
00347 TEST: Status Message Amp.Port_6A 3.0 +/- 1.55
00347 PASS: Status Message Amp.Port_6A 2.0
00348 sdo[0x6411][11] = 400 : MeterAmps = 0.4 | 0.155 | 0.5
00348 PASS: MeterAmps 0.331
00349 sdo[0x6411][11] = 400 : sdo[0x5003][11] = 4.0 | 1.55 | 0.5
00349 TEST: Status Message Amp.Port_6A 4.0 +/- 1.55
00349 PASS: Status Message Amp.Port_6A 3.0
00350 sdo[0x6411][11] = 500 : MeterAmps = 0.5 | 0.155 | 0.5
00350 PASS: MeterAmps 0.426
00351 sdo[0x6411][11] = 500 : sdo[0x5003][11] = 5.0 | 1.55 | 0.5
00351 TEST: Status Message Amp.Port_6A 5.0 +/- 1.55
00351 PASS: Status Message Amp.Port_6A 4.0
00352 sdo[0x6411][11] = 600 : MeterAmps = 0.6 | 0.155 | 0.5
00352 PASS: MeterAmps 0.521
00353 sdo[0x6411][11] = 600 : sdo[0x5003][11] = 6.0 | 1.55 | 0.5
00353 TEST: Status Message Amp.Port_6A 6.0 +/- 1.55
00353 PASS: Status Message Amp.Port_6A 5.0
00354 sdo[0x6411][11] = 700 : MeterAmps = 0.7 | 0.155 | 0.5
00354 PASS: MeterAmps 0.616
00355 sdo[0x6411][11] = 700 : sdo[0x5003][11] = 7.0 | 1.55 | 0.5
00355 TEST: Status Message Amp.Port_6A 7.0 +/- 1.55
00355 PASS: Status Message Amp.Port_6A 6.0
00356 sdo[0x6411][11] = 800 : MeterAmps = 0.8 | 0.155 | 0.5
00356 PASS: MeterAmps 0.707
00357 sdo[0x6411][11] = 800 : sdo[0x5003][11] = 8.0 | 1.55 | 0.5
00357 TEST: Status Message Amp.Port_6A 8.0 +/- 1.55
00357 PASS: Status Message Amp.Port_6A 7.0
00358 sdo[0x6411][11] = 900 : MeterAmps = 0.9 | 0.155 | 0.5
00358 PASS: MeterAmps 0.805
00359 sdo[0x6411][11] = 900 : sdo[0x5003][11] = 9.0 | 1.55 | 0.5
00359 TEST: Status Message Amp.Port_6A 9.0 +/- 1.55
00359 PASS: Status Message Amp.Port_6A 8.0
00360 sdo[0x6411][11] = 1000 : MeterAmps = 1.0 | 0.155 | 0.5
00360 PASS: MeterAmps 0.906
00361 sdo[0x6411][11] = 1000 : sdo[0x5003][11] = 10.0 | 1.55 | 0.5
00361 TEST: Status Message Amp.Port_6A 10.0 +/- 1.55
00361 PASS: Status Message Amp.Port_6A 9.0
00362 sdo[0x6411][11] = 1100 : MeterAmps = 1.1 | 0.155 | 0.5
00362 PASS: MeterAmps 0.998
00363 sdo[0x6411][11] = 1100 : sdo[0x5003][11] = 11.0 | 1.55 | 0.5
00363 TEST: Status Message Amp.Port_6A 11.0 +/- 1.55
00363 PASS: Status Message Amp.Port_6A 10.0
00364 sdo[0x6411][11] = 1200 : MeterAmps = 1.2 | 0.155 | 0.5
00364 PASS: MeterAmps 1.095
00365 sdo[0x6411][11] = 1200 : sdo[0x5003][11] = 12.0 | 1.55 | 0.5
00365 TEST: Status Message Amp.Port_6A 12.0 +/- 1.55
00365 PASS: Status Message Amp.Port_6A 11.0
00366 sdo[0x6411][11] = 1300 : MeterAmps = 1.3 | 0.155 | 0.5
00366 PASS: MeterAmps 1.188
00367 sdo[0x6411][11] = 1300 : sdo[0x5003][11] = 13.0 | 1.55 | 0.5
00367 TEST: Status Message Amp.Port_6A 13.0 +/- 1.55
00367 PASS: Status Message Amp.Port_6A 12.0
00368 sdo[0x6411][11] = 1400 : MeterAmps = 1.4 | 0.155 | 0.5
00368 PASS: MeterAmps 1.283
00369 sdo[0x6411][11] = 1400 : sdo[0x5003][11] = 14.0 | 1.55 | 0.5
00369 TEST: Status Message Amp.Port_6A 14.0 +/- 1.55
00369 PASS: Status Message Amp.Port_6A 13.0
00370 sdo[0x6411][11] = 1500 : MeterAmps = 1.5 | 0.155 | 0.5
00370 PASS: MeterAmps 1.381
00371 sdo[0x6411][11] = 1500 : sdo[0x5003][11] = 15.0 | 1.55 | 0.5
00371 TEST: Status Message Amp.Port_6A 15.0 +/- 1.55
00371 PASS: Status Message Amp.Port_6A 14.0
00372 #switch out load line, switch coil
00372 sdo[0x6411][11] = 0 : NULL : WAIT = 1
00373 J2_11 = 0 : NULL : WAIT = 1
00374 #read signal value to update
00374 NULL : sdo[0x5003][11] = 0 | 155 | 0.5
00374 TEST: Status Message Amp.Port_6A 0.0 +/- 155.0
00374 PASS: Status Message Amp.Port_6A 0.0
00375 J4_01 = 0, J4_03 = 1 : NULL : WAIT = 0.5
00376 J4_02 = 1, J4_03 = 1 : NULL : WAIT = 1
00377 #-----setup 37000-----
00377 sdo[0x2000][3] = 0 : NULL : WAIT = 0.2
00378 sdo[0x2000][4] = 0 : NULL : WAIT = 0.2
00379 sdo[0x2001][6] = 68 : NULL : WAIT = 0.2
00380 #switch in load line, set current
00380 J2_12 = 1 : NULL : WAIT = 0.5
00381 OPERATIONAL
00381 
00381 sdo[0x6411][12] = 0 : MeterAmps = 0.0 | 0.155 | 0.5
00381 TEST: MeterAmps 0.0 +/- 0.155
00381 PASS: MeterAmps 0.0
00382 sdo[0x6411][12] = 0 : sdo[0x5003][12] = 0.0 | 1.55 | 0.5
00382 TEST: Status Message Amp.Port_6B 0.0 +/- 1.55
00382 PASS: Status Message Amp.Port_6B 0.0
00383 sdo[0x6411][12] = 100 : MeterAmps = 0.1 | 0.155 | 0.5
00383 PASS: MeterAmps 0.0
00384 sdo[0x6411][12] = 100 : sdo[0x5003][12] = 1.0 | 1.55 | 0.5
00384 TEST: Status Message Amp.Port_6B 1.0 +/- 1.55
00384 PASS: Status Message Amp.Port_6B 0.0
00385 sdo[0x6411][12] = 200 : MeterAmps = 0.2 | 0.155 | 0.5
00385 PASS: MeterAmps 0.142
00386 sdo[0x6411][12] = 200 : sdo[0x5003][12] = 2.0 | 1.55 | 0.5
00386 TEST: Status Message Amp.Port_6B 2.0 +/- 1.55
00386 PASS: Status Message Amp.Port_6B 1.0
00387 sdo[0x6411][12] = 300 : MeterAmps = 0.3 | 0.155 | 0.5
00387 PASS: MeterAmps 0.237
00388 sdo[0x6411][12] = 300 : sdo[0x5003][12] = 3.0 | 1.55 | 0.5
00388 TEST: Status Message Amp.Port_6B 3.0 +/- 1.55
00388 PASS: Status Message Amp.Port_6B 2.0
00389 sdo[0x6411][12] = 400 : MeterAmps = 0.4 | 0.155 | 0.5
00389 PASS: MeterAmps 0.336
00390 sdo[0x6411][12] = 400 : sdo[0x5003][12] = 4.0 | 1.55 | 0.5
00390 TEST: Status Message Amp.Port_6B 4.0 +/- 1.55
00390 PASS: Status Message Amp.Port_6B 3.0
00391 sdo[0x6411][12] = 500 : MeterAmps = 0.5 | 0.155 | 0.5
00391 PASS: MeterAmps 0.434
00392 sdo[0x6411][12] = 500 : sdo[0x5003][12] = 5.0 | 1.55 | 0.5
00392 TEST: Status Message Amp.Port_6B 5.0 +/- 1.55
00392 PASS: Status Message Amp.Port_6B 4.0
00393 sdo[0x6411][12] = 600 : MeterAmps = 0.6 | 0.155 | 0.5
00393 PASS: MeterAmps 0.529
00394 sdo[0x6411][12] = 600 : sdo[0x5003][12] = 6.0 | 1.55 | 0.5
00394 TEST: Status Message Amp.Port_6B 6.0 +/- 1.55
00394 PASS: Status Message Amp.Port_6B 5.0
00395 sdo[0x6411][12] = 700 : MeterAmps = 0.7 | 0.155 | 0.5
00395 PASS: MeterAmps 0.629
00396 sdo[0x6411][12] = 700 : sdo[0x5003][12] = 7.0 | 1.55 | 0.5
00396 TEST: Status Message Amp.Port_6B 7.0 +/- 1.55
00396 PASS: Status Message Amp.Port_6B 6.0
00397 sdo[0x6411][12] = 800 : MeterAmps = 0.8 | 0.155 | 0.5
00397 PASS: MeterAmps 0.722
00398 sdo[0x6411][12] = 800 : sdo[0x5003][12] = 8.0 | 1.55 | 0.5
00398 TEST: Status Message Amp.Port_6B 8.0 +/- 1.55
00398 PASS: Status Message Amp.Port_6B 7.0
00399 sdo[0x6411][12] = 900 : MeterAmps = 0.9 | 0.155 | 0.5
00399 PASS: MeterAmps 0.821
00400 sdo[0x6411][12] = 900 : sdo[0x5003][12] = 9.0 | 1.55 | 0.5
00400 TEST: Status Message Amp.Port_6B 9.0 +/- 1.55
00400 PASS: Status Message Amp.Port_6B 8.0
00401 sdo[0x6411][12] = 1000 : MeterAmps = 1.0 | 0.155 | 0.5
00401 PASS: MeterAmps 0.924
00402 sdo[0x6411][12] = 1000 : sdo[0x5003][12] = 10.0 | 1.55 | 0.5
00402 TEST: Status Message Amp.Port_6B 10.0 +/- 1.55
00402 PASS: Status Message Amp.Port_6B 9.0
00403 sdo[0x6411][12] = 1100 : MeterAmps = 1.1 | 0.155 | 0.5
00403 PASS: MeterAmps 1.019
00404 sdo[0x6411][12] = 1100 : sdo[0x5003][12] = 11.0 | 1.55 | 0.5
00404 TEST: Status Message Amp.Port_6B 11.0 +/- 1.55
00404 PASS: Status Message Amp.Port_6B 10.0
00405 sdo[0x6411][12] = 1200 : MeterAmps = 1.2 | 0.155 | 0.5
00405 PASS: MeterAmps 1.118
00406 sdo[0x6411][12] = 1200 : sdo[0x5003][12] = 12.0 | 1.55 | 0.5
00406 TEST: Status Message Amp.Port_6B 12.0 +/- 1.55
00406 PASS: Status Message Amp.Port_6B 11.0
00407 sdo[0x6411][12] = 1300 : MeterAmps = 1.3 | 0.155 | 0.5
00407 PASS: MeterAmps 1.213
00408 sdo[0x6411][12] = 1300 : sdo[0x5003][12] = 13.0 | 1.55 | 0.5
00408 TEST: Status Message Amp.Port_6B 13.0 +/- 1.55
00408 PASS: Status Message Amp.Port_6B 12.0
00409 sdo[0x6411][12] = 1400 : MeterAmps = 1.4 | 0.155 | 0.5
00409 PASS: MeterAmps 1.312
00410 sdo[0x6411][12] = 1400 : sdo[0x5003][12] = 14.0 | 1.55 | 0.5
00410 TEST: Status Message Amp.Port_6B 14.0 +/- 1.55
00410 PASS: Status Message Amp.Port_6B 13.0
00411 sdo[0x6411][12] = 1500 : MeterAmps = 1.5 | 0.155 | 0.5
00411 PASS: MeterAmps 1.411
00412 sdo[0x6411][12] = 1500 : sdo[0x5003][12] = 15.0 | 1.55 | 0.5
00412 TEST: Status Message Amp.Port_6B 15.0 +/- 1.55
00412 PASS: Status Message Amp.Port_6B 14.0
00413 #switch out load line, switch coil
00413 sdo[0x6411][12] = 0 : NULL : WAIT = 1
00414 J2_12 = 0 : NULL : WAIT = 1
00415 #read signal value to update
00415 NULL : sdo[0x5003][12] = 0 | 155 | 0.5
00415 TEST: Status Message Amp.Port_6B 0.0 +/- 155.0
00415 PASS: Status Message Amp.Port_6B 0.0
00416 J4_02 = 0, J4_03 = 1 : NULL : WAIT = 0.5
00417 J4_01 = 1, J4_03 = 1 : NULL : WAIT = 1
00418 #-----setup 37000-----
00418 sdo[0x2000][3] = 0 : NULL : WAIT = 0.2
00419 sdo[0x2000][4] = 0 : NULL : WAIT = 0.2
00420 sdo[0x2001][7] = 68 : NULL : WAIT = 0.2
00421 #switch in load line, set current
00421 J3_01 = 1 : NULL : WAIT = 0.5
00422 OPERATIONAL
00422 
00422 sdo[0x6411][13] = 0 : MeterAmps = 0.0 | 0.155 | 0.5
00422 TEST: MeterAmps 0.0 +/- 0.155
00422 PASS: MeterAmps 0.001
00423 sdo[0x6411][13] = 0 : sdo[0x5003][13] = 0.0 | 1.55 | 0.5
00423 TEST: Status Message Amp.Port_7A 0.0 +/- 1.55
00423 PASS: Status Message Amp.Port_7A 0.0
00424 sdo[0x6411][13] = 100 : MeterAmps = 0.1 | 0.155 | 0.5
00424 PASS: MeterAmps 0.001
00425 sdo[0x6411][13] = 100 : sdo[0x5003][13] = 1.0 | 1.55 | 0.5
00425 TEST: Status Message Amp.Port_7A 1.0 +/- 1.55
00425 PASS: Status Message Amp.Port_7A 0.0
00426 sdo[0x6411][13] = 200 : MeterAmps = 0.2 | 0.155 | 0.5
00426 PASS: MeterAmps 0.135
00427 sdo[0x6411][13] = 200 : sdo[0x5003][13] = 2.0 | 1.55 | 0.5
00427 TEST: Status Message Amp.Port_7A 2.0 +/- 1.55
00427 PASS: Status Message Amp.Port_7A 1.0
00428 sdo[0x6411][13] = 300 : MeterAmps = 0.3 | 0.155 | 0.5
00428 PASS: MeterAmps 0.228
00429 sdo[0x6411][13] = 300 : sdo[0x5003][13] = 3.0 | 1.55 | 0.5
00429 TEST: Status Message Amp.Port_7A 3.0 +/- 1.55
00429 PASS: Status Message Amp.Port_7A 2.0
00430 sdo[0x6411][13] = 400 : MeterAmps = 0.4 | 0.155 | 0.5
00430 PASS: MeterAmps 0.325
00431 sdo[0x6411][13] = 400 : sdo[0x5003][13] = 4.0 | 1.55 | 0.5
00431 TEST: Status Message Amp.Port_7A 4.0 +/- 1.55
00431 PASS: Status Message Amp.Port_7A 3.0
00432 sdo[0x6411][13] = 500 : MeterAmps = 0.5 | 0.155 | 0.5
00432 PASS: MeterAmps 0.42
00433 sdo[0x6411][13] = 500 : sdo[0x5003][13] = 5.0 | 1.55 | 0.5
00433 TEST: Status Message Amp.Port_7A 5.0 +/- 1.55
00433 PASS: Status Message Amp.Port_7A 4.0
00434 sdo[0x6411][13] = 600 : MeterAmps = 0.6 | 0.155 | 0.5
00434 PASS: MeterAmps 0.513
00435 sdo[0x6411][13] = 600 : sdo[0x5003][13] = 6.0 | 1.55 | 0.5
00435 TEST: Status Message Amp.Port_7A 6.0 +/- 1.55
00435 PASS: Status Message Amp.Port_7A 5.0
00436 sdo[0x6411][13] = 700 : MeterAmps = 0.7 | 0.155 | 0.5
00436 PASS: MeterAmps 0.61
00437 sdo[0x6411][13] = 700 : sdo[0x5003][13] = 7.0 | 1.55 | 0.5
00437 TEST: Status Message Amp.Port_7A 7.0 +/- 1.55
00437 PASS: Status Message Amp.Port_7A 6.0
00438 sdo[0x6411][13] = 800 : MeterAmps = 0.8 | 0.155 | 0.5
00438 PASS: MeterAmps 0.701
00439 sdo[0x6411][13] = 800 : sdo[0x5003][13] = 8.0 | 1.55 | 0.5
00439 TEST: Status Message Amp.Port_7A 8.0 +/- 1.55
00439 PASS: Status Message Amp.Port_7A 7.0
00440 sdo[0x6411][13] = 900 : MeterAmps = 0.9 | 0.155 | 0.5
00440 PASS: MeterAmps 0.799
00441 sdo[0x6411][13] = 900 : sdo[0x5003][13] = 9.0 | 1.55 | 0.5
00441 TEST: Status Message Amp.Port_7A 9.0 +/- 1.55
00441 PASS: Status Message Amp.Port_7A 8.0
00442 sdo[0x6411][13] = 1000 : MeterAmps = 1.0 | 0.155 | 0.5
00442 PASS: MeterAmps 0.899
00443 sdo[0x6411][13] = 1000 : sdo[0x5003][13] = 10.0 | 1.55 | 0.5
00443 TEST: Status Message Amp.Port_7A 10.0 +/- 1.55
00443 PASS: Status Message Amp.Port_7A 9.0
00444 sdo[0x6411][13] = 1100 : MeterAmps = 1.1 | 0.155 | 0.5
00444 PASS: MeterAmps 0.991
00445 sdo[0x6411][13] = 1100 : sdo[0x5003][13] = 11.0 | 1.55 | 0.5
00445 TEST: Status Message Amp.Port_7A 11.0 +/- 1.55
00445 PASS: Status Message Amp.Port_7A 10.0
00446 sdo[0x6411][13] = 1200 : MeterAmps = 1.2 | 0.155 | 0.5
00446 PASS: MeterAmps 1.088
00447 sdo[0x6411][13] = 1200 : sdo[0x5003][13] = 12.0 | 1.55 | 0.5
00447 TEST: Status Message Amp.Port_7A 12.0 +/- 1.55
00447 PASS: Status Message Amp.Port_7A 11.0
00448 sdo[0x6411][13] = 1300 : MeterAmps = 1.3 | 0.155 | 0.5
00448 PASS: MeterAmps 1.18
00449 sdo[0x6411][13] = 1300 : sdo[0x5003][13] = 13.0 | 1.55 | 0.5
00449 TEST: Status Message Amp.Port_7A 13.0 +/- 1.55
00449 PASS: Status Message Amp.Port_7A 12.0
00450 sdo[0x6411][13] = 1400 : MeterAmps = 1.4 | 0.155 | 0.5
00450 PASS: MeterAmps 1.276
00451 sdo[0x6411][13] = 1400 : sdo[0x5003][13] = 14.0 | 1.55 | 0.5
00451 TEST: Status Message Amp.Port_7A 14.0 +/- 1.55
00451 PASS: Status Message Amp.Port_7A 13.0
00452 sdo[0x6411][13] = 1500 : MeterAmps = 1.5 | 0.155 | 0.5
00452 PASS: MeterAmps 1.374
00453 sdo[0x6411][13] = 1500 : sdo[0x5003][13] = 15.0 | 1.55 | 0.5
00453 TEST: Status Message Amp.Port_7A 15.0 +/- 1.55
00453 PASS: Status Message Amp.Port_7A 14.0
00454 #switch out load line, switch coil
00454 sdo[0x6411][13] = 0 : NULL : WAIT = 1
00455 J3_01 = 0 : NULL : WAIT = 1
00456 #read signal value to update
00456 NULL : sdo[0x5003][13] = 0 | 155 | 0.5
00456 TEST: Status Message Amp.Port_7A 0.0 +/- 155.0
00456 PASS: Status Message Amp.Port_7A 0.0
00457 J4_01 = 0, J4_03 = 1 : NULL : WAIT = 0.5
00458 J4_02 = 1, J4_03 = 1 : NULL : WAIT = 1
00459 #-----setup 37000-----
00459 sdo[0x2000][3] = 0 : NULL : WAIT = 0.2
00460 sdo[0x2000][4] = 0 : NULL : WAIT = 0.2
00461 sdo[0x2001][7] = 68 : NULL : WAIT = 0.2
00462 #switch in load line, set current
00462 J3_02 = 1 : NULL : WAIT = 0.5
00463 OPERATIONAL
00463 
00463 sdo[0x6411][14] = 0 : MeterAmps = 0.0 | 0.155 | 0.5
00463 TEST: MeterAmps 0.0 +/- 0.155
00463 PASS: MeterAmps 0.0
00464 sdo[0x6411][14] = 0 : sdo[0x5003][14] = 0.0 | 1.55 | 0.5
00464 TEST: Status Message Amp.Port_7B 0.0 +/- 1.55
00464 PASS: Status Message Amp.Port_7B 0.0
00465 sdo[0x6411][14] = 100 : MeterAmps = 0.1 | 0.155 | 0.5
00465 PASS: MeterAmps 0.0
00466 sdo[0x6411][14] = 100 : sdo[0x5003][14] = 1.0 | 1.55 | 0.5
00466 TEST: Status Message Amp.Port_7B 1.0 +/- 1.55
00466 PASS: Status Message Amp.Port_7B 0.0
00467 sdo[0x6411][14] = 200 : MeterAmps = 0.2 | 0.155 | 0.5
00467 PASS: MeterAmps 0.142
00468 sdo[0x6411][14] = 200 : sdo[0x5003][14] = 2.0 | 1.55 | 0.5
00468 TEST: Status Message Amp.Port_7B 2.0 +/- 1.55
00468 PASS: Status Message Amp.Port_7B 1.0
00469 sdo[0x6411][14] = 300 : MeterAmps = 0.3 | 0.155 | 0.5
00469 PASS: MeterAmps 0.238
00470 sdo[0x6411][14] = 300 : sdo[0x5003][14] = 3.0 | 1.55 | 0.5
00470 TEST: Status Message Amp.Port_7B 3.0 +/- 1.55
00470 PASS: Status Message Amp.Port_7B 2.0
00471 sdo[0x6411][14] = 400 : MeterAmps = 0.4 | 0.155 | 0.5
00471 PASS: MeterAmps 0.338
00472 sdo[0x6411][14] = 400 : sdo[0x5003][14] = 4.0 | 1.55 | 0.5
00472 TEST: Status Message Amp.Port_7B 4.0 +/- 1.55
00472 PASS: Status Message Amp.Port_7B 3.0
00473 sdo[0x6411][14] = 500 : MeterAmps = 0.5 | 0.155 | 0.5
00473 PASS: MeterAmps 0.435
00474 sdo[0x6411][14] = 500 : sdo[0x5003][14] = 5.0 | 1.55 | 0.5
00474 TEST: Status Message Amp.Port_7B 5.0 +/- 1.55
00474 PASS: Status Message Amp.Port_7B 4.0
00475 sdo[0x6411][14] = 600 : MeterAmps = 0.6 | 0.155 | 0.5
00475 PASS: MeterAmps 0.53
00476 sdo[0x6411][14] = 600 : sdo[0x5003][14] = 6.0 | 1.55 | 0.5
00476 TEST: Status Message Amp.Port_7B 6.0 +/- 1.55
00476 PASS: Status Message Amp.Port_7B 5.0
00477 sdo[0x6411][14] = 700 : MeterAmps = 0.7 | 0.155 | 0.5
00477 PASS: MeterAmps 0.629
00478 sdo[0x6411][14] = 700 : sdo[0x5003][14] = 7.0 | 1.55 | 0.5
00478 TEST: Status Message Amp.Port_7B 7.0 +/- 1.55
00478 PASS: Status Message Amp.Port_7B 6.0
00479 sdo[0x6411][14] = 800 : MeterAmps = 0.8 | 0.155 | 0.5
00479 PASS: MeterAmps 0.722
00480 sdo[0x6411][14] = 800 : sdo[0x5003][14] = 8.0 | 1.55 | 0.5
00480 TEST: Status Message Amp.Port_7B 8.0 +/- 1.55
00480 PASS: Status Message Amp.Port_7B 7.0
00481 sdo[0x6411][14] = 900 : MeterAmps = 0.9 | 0.155 | 0.5
00481 PASS: MeterAmps 0.823
00482 sdo[0x6411][14] = 900 : sdo[0x5003][14] = 9.0 | 1.55 | 0.5
00482 TEST: Status Message Amp.Port_7B 9.0 +/- 1.55
00482 PASS: Status Message Amp.Port_7B 8.0
00483 sdo[0x6411][14] = 1000 : MeterAmps = 1.0 | 0.155 | 0.5
00483 PASS: MeterAmps 0.924
00484 sdo[0x6411][14] = 1000 : sdo[0x5003][14] = 10.0 | 1.55 | 0.5
00484 TEST: Status Message Amp.Port_7B 10.0 +/- 1.55
00484 PASS: Status Message Amp.Port_7B 9.0
00485 sdo[0x6411][14] = 1100 : MeterAmps = 1.1 | 0.155 | 0.5
00485 PASS: MeterAmps 1.02
00486 sdo[0x6411][14] = 1100 : sdo[0x5003][14] = 11.0 | 1.55 | 0.5
00486 TEST: Status Message Amp.Port_7B 11.0 +/- 1.55
00486 PASS: Status Message Amp.Port_7B 10.0
00487 sdo[0x6411][14] = 1200 : MeterAmps = 1.2 | 0.155 | 0.5
00487 PASS: MeterAmps 1.117
00488 sdo[0x6411][14] = 1200 : sdo[0x5003][14] = 12.0 | 1.55 | 0.5
00488 TEST: Status Message Amp.Port_7B 12.0 +/- 1.55
00488 PASS: Status Message Amp.Port_7B 11.0
00489 sdo[0x6411][14] = 1300 : MeterAmps = 1.3 | 0.155 | 0.5
00489 PASS: MeterAmps 1.211
00490 sdo[0x6411][14] = 1300 : sdo[0x5003][14] = 13.0 | 1.55 | 0.5
00490 TEST: Status Message Amp.Port_7B 13.0 +/- 1.55
00490 PASS: Status Message Amp.Port_7B 12.0
00491 sdo[0x6411][14] = 1400 : MeterAmps = 1.4 | 0.155 | 0.5
00491 PASS: MeterAmps 1.311
00492 sdo[0x6411][14] = 1400 : sdo[0x5003][14] = 14.0 | 1.55 | 0.5
00492 TEST: Status Message Amp.Port_7B 14.0 +/- 1.55
00492 PASS: Status Message Amp.Port_7B 13.0
00493 sdo[0x6411][14] = 1500 : MeterAmps = 1.5 | 0.155 | 0.5
00493 PASS: MeterAmps 1.41
00494 sdo[0x6411][14] = 1500 : sdo[0x5003][14] = 15.0 | 1.55 | 0.5
00494 TEST: Status Message Amp.Port_7B 15.0 +/- 1.55
00494 PASS: Status Message Amp.Port_7B 14.0
00495 #switch out load line, switch coil
00495 sdo[0x6411][14] = 0 : NULL : WAIT = 1
00496 J3_02 = 0 : NULL : WAIT = 1
00497 #read signal value to update
00497 NULL : sdo[0x5003][14] = 0 | 155 | 0.5
00497 TEST: Status Message Amp.Port_7B 0.0 +/- 155.0
00497 PASS: Status Message Amp.Port_7B 0.0
00498 J4_02 = 0, J4_03 = 1 : NULL : WAIT = 0.5
00499 J4_01 = 1, J4_03 = 1 : NULL : WAIT = 1
00500 #-----setup 37000-----
00500 sdo[0x2000][3] = 0 : NULL : WAIT = 0.2
00501 sdo[0x2000][4] = 0 : NULL : WAIT = 0.2
00502 sdo[0x2001][8] = 68 : NULL : WAIT = 0.2
00503 #switch in load line, set current
00503 J3_03 = 1 : NULL : WAIT = 0.5
00504 OPERATIONAL
00504 
00504 sdo[0x6411][15] = 0 : MeterAmps = 0.0 | 0.155 | 0.5
00504 TEST: MeterAmps 0.0 +/- 0.155
00504 PASS: MeterAmps 0.002
00505 sdo[0x6411][15] = 0 : sdo[0x5003][15] = 0.0 | 1.55 | 0.5
00505 TEST: Status Message Amp.Port_8A 0.0 +/- 1.55
00505 PASS: Status Message Amp.Port_8A 0.0
00506 sdo[0x6411][15] = 100 : MeterAmps = 0.1 | 0.155 | 0.5
00506 PASS: MeterAmps 0.002
00507 sdo[0x6411][15] = 100 : sdo[0x5003][15] = 1.0 | 1.55 | 0.5
00507 TEST: Status Message Amp.Port_8A 1.0 +/- 1.55
00507 PASS: Status Message Amp.Port_8A 0.0
00508 sdo[0x6411][15] = 200 : MeterAmps = 0.2 | 0.155 | 0.5
00508 PASS: MeterAmps 0.134
00509 sdo[0x6411][15] = 200 : sdo[0x5003][15] = 2.0 | 1.55 | 0.5
00509 TEST: Status Message Amp.Port_8A 2.0 +/- 1.55
00509 PASS: Status Message Amp.Port_8A 1.0
00510 sdo[0x6411][15] = 300 : MeterAmps = 0.3 | 0.155 | 0.5
00510 PASS: MeterAmps 0.228
00511 sdo[0x6411][15] = 300 : sdo[0x5003][15] = 3.0 | 1.55 | 0.5
00511 TEST: Status Message Amp.Port_8A 3.0 +/- 1.55
00511 PASS: Status Message Amp.Port_8A 2.0
00512 sdo[0x6411][15] = 400 : MeterAmps = 0.4 | 0.155 | 0.5
00512 PASS: MeterAmps 0.324
00513 sdo[0x6411][15] = 400 : sdo[0x5003][15] = 4.0 | 1.55 | 0.5
00513 TEST: Status Message Amp.Port_8A 4.0 +/- 1.55
00513 PASS: Status Message Amp.Port_8A 3.0
00514 sdo[0x6411][15] = 500 : MeterAmps = 0.5 | 0.155 | 0.5
00514 PASS: MeterAmps 0.421
00515 sdo[0x6411][15] = 500 : sdo[0x5003][15] = 5.0 | 1.55 | 0.5
00515 TEST: Status Message Amp.Port_8A 5.0 +/- 1.55
00515 PASS: Status Message Amp.Port_8A 4.0
00516 sdo[0x6411][15] = 600 : MeterAmps = 0.6 | 0.155 | 0.5
00516 PASS: MeterAmps 0.513
00517 sdo[0x6411][15] = 600 : sdo[0x5003][15] = 6.0 | 1.55 | 0.5
00517 TEST: Status Message Amp.Port_8A 6.0 +/- 1.55
00517 PASS: Status Message Amp.Port_8A 5.0
00518 sdo[0x6411][15] = 700 : MeterAmps = 0.7 | 0.155 | 0.5
00518 PASS: MeterAmps 0.61
00519 sdo[0x6411][15] = 700 : sdo[0x5003][15] = 7.0 | 1.55 | 0.5
00519 TEST: Status Message Amp.Port_8A 7.0 +/- 1.55
00519 PASS: Status Message Amp.Port_8A 6.0
00520 sdo[0x6411][15] = 800 : MeterAmps = 0.8 | 0.155 | 0.5
00520 PASS: MeterAmps 0.701
00521 sdo[0x6411][15] = 800 : sdo[0x5003][15] = 8.0 | 1.55 | 0.5
00521 TEST: Status Message Amp.Port_8A 8.0 +/- 1.55
00521 PASS: Status Message Amp.Port_8A 7.0
00522 sdo[0x6411][15] = 900 : MeterAmps = 0.9 | 0.155 | 0.5
00522 PASS: MeterAmps 0.799
00523 sdo[0x6411][15] = 900 : sdo[0x5003][15] = 9.0 | 1.55 | 0.5
00523 TEST: Status Message Amp.Port_8A 9.0 +/- 1.55
00523 PASS: Status Message Amp.Port_8A 8.0
00524 sdo[0x6411][15] = 1000 : MeterAmps = 1.0 | 0.155 | 0.5
00524 PASS: MeterAmps 0.898
00525 sdo[0x6411][15] = 1000 : sdo[0x5003][15] = 10.0 | 1.55 | 0.5
00525 TEST: Status Message Amp.Port_8A 10.0 +/- 1.55
00525 PASS: Status Message Amp.Port_8A 9.0
00526 sdo[0x6411][15] = 1100 : MeterAmps = 1.1 | 0.155 | 0.5
00526 PASS: MeterAmps 0.991
00527 sdo[0x6411][15] = 1100 : sdo[0x5003][15] = 11.0 | 1.55 | 0.5
00527 TEST: Status Message Amp.Port_8A 11.0 +/- 1.55
00527 PASS: Status Message Amp.Port_8A 10.0
00528 sdo[0x6411][15] = 1200 : MeterAmps = 1.2 | 0.155 | 0.5
00528 PASS: MeterAmps 1.087
00529 sdo[0x6411][15] = 1200 : sdo[0x5003][15] = 12.0 | 1.55 | 0.5
00529 TEST: Status Message Amp.Port_8A 12.0 +/- 1.55
00529 PASS: Status Message Amp.Port_8A 11.0
00530 sdo[0x6411][15] = 1300 : MeterAmps = 1.3 | 0.155 | 0.5
00530 PASS: MeterAmps 1.181
00531 sdo[0x6411][15] = 1300 : sdo[0x5003][15] = 13.0 | 1.55 | 0.5
00531 TEST: Status Message Amp.Port_8A 13.0 +/- 1.55
00531 PASS: Status Message Amp.Port_8A 12.0
00532 sdo[0x6411][15] = 1400 : MeterAmps = 1.4 | 0.155 | 0.5
00532 PASS: MeterAmps 1.277
00533 sdo[0x6411][15] = 1400 : sdo[0x5003][15] = 14.0 | 1.55 | 0.5
00533 TEST: Status Message Amp.Port_8A 14.0 +/- 1.55
00533 PASS: Status Message Amp.Port_8A 13.0
00534 sdo[0x6411][15] = 1500 : MeterAmps = 1.5 | 0.155 | 0.5
00534 PASS: MeterAmps 1.374
00535 sdo[0x6411][15] = 1500 : sdo[0x5003][15] = 15.0 | 1.55 | 0.5
00535 TEST: Status Message Amp.Port_8A 15.0 +/- 1.55
00535 PASS: Status Message Amp.Port_8A 14.0
00536 #switch out load line, switch coil
00536 sdo[0x6411][15] = 0 : NULL : WAIT = 1
00537 J3_03 = 0 : NULL : WAIT = 1
00538 #read signal value to update
00538 NULL : sdo[0x5003][15] = 0 | 155 | 0.5
00538 TEST: Status Message Amp.Port_8A 0.0 +/- 155.0
00538 PASS: Status Message Amp.Port_8A 0.0
00539 J4_01 = 0, J4_03 = 1 : NULL : WAIT = 0.5
00540 J4_02 = 1, J4_03 = 1 : NULL : WAIT = 1
00541 #-----setup 37000-----
00541 sdo[0x2000][3] = 0 : NULL : WAIT = 0.2
00542 sdo[0x2000][4] = 0 : NULL : WAIT = 0.2
00543 sdo[0x2001][8] = 68 : NULL : WAIT = 0.2
00544 #switch in load line, set current
00544 J3_04 = 1 : NULL : WAIT = 0.5
00545 OPERATIONAL
00545 
00545 sdo[0x6411][16] = 0 : MeterAmps = 0.0 | 0.155 | 0.5
00545 TEST: MeterAmps 0.0 +/- 0.155
00545 PASS: MeterAmps 0.0
00546 sdo[0x6411][16] = 0 : sdo[0x5003][16] = 0.0 | 1.55 | 0.5
00546 TEST: Status Message Amp.Port_8B 0.0 +/- 1.55
00546 PASS: Status Message Amp.Port_8B 0.0
00547 sdo[0x6411][16] = 100 : MeterAmps = 0.1 | 0.155 | 0.5
00547 PASS: MeterAmps 0.0
00548 sdo[0x6411][16] = 100 : sdo[0x5003][16] = 1.0 | 1.55 | 0.5
00548 TEST: Status Message Amp.Port_8B 1.0 +/- 1.55
00548 PASS: Status Message Amp.Port_8B 0.0
00549 sdo[0x6411][16] = 200 : MeterAmps = 0.2 | 0.155 | 0.5
00549 PASS: MeterAmps 0.153
00550 sdo[0x6411][16] = 200 : sdo[0x5003][16] = 2.0 | 1.55 | 0.5
00550 TEST: Status Message Amp.Port_8B 2.0 +/- 1.55
00550 PASS: Status Message Amp.Port_8B 1.0
00551 sdo[0x6411][16] = 300 : MeterAmps = 0.3 | 0.155 | 0.5
00551 PASS: MeterAmps 0.247
00552 sdo[0x6411][16] = 300 : sdo[0x5003][16] = 3.0 | 1.55 | 0.5
00552 TEST: Status Message Amp.Port_8B 3.0 +/- 1.55
00552 PASS: Status Message Amp.Port_8B 2.0
00553 sdo[0x6411][16] = 400 : MeterAmps = 0.4 | 0.155 | 0.5
00553 PASS: MeterAmps 0.347
00554 sdo[0x6411][16] = 400 : sdo[0x5003][16] = 4.0 | 1.55 | 0.5
00554 TEST: Status Message Amp.Port_8B 4.0 +/- 1.55
00554 PASS: Status Message Amp.Port_8B 3.0
00555 sdo[0x6411][16] = 500 : MeterAmps = 0.5 | 0.155 | 0.5
00555 PASS: MeterAmps 0.444
00556 sdo[0x6411][16] = 500 : sdo[0x5003][16] = 5.0 | 1.55 | 0.5
00556 TEST: Status Message Amp.Port_8B 5.0 +/- 1.55
00556 PASS: Status Message Amp.Port_8B 4.0
00557 sdo[0x6411][16] = 600 : MeterAmps = 0.6 | 0.155 | 0.5
00557 PASS: MeterAmps 0.539
00558 sdo[0x6411][16] = 600 : sdo[0x5003][16] = 6.0 | 1.55 | 0.5
00558 TEST: Status Message Amp.Port_8B 6.0 +/- 1.55
00558 PASS: Status Message Amp.Port_8B 5.0
00559 sdo[0x6411][16] = 700 : MeterAmps = 0.7 | 0.155 | 0.5
00559 PASS: MeterAmps 0.638
00560 sdo[0x6411][16] = 700 : sdo[0x5003][16] = 7.0 | 1.55 | 0.5
00560 TEST: Status Message Amp.Port_8B 7.0 +/- 1.55
00560 PASS: Status Message Amp.Port_8B 6.0
00561 sdo[0x6411][16] = 800 : MeterAmps = 0.8 | 0.155 | 0.5
00561 PASS: MeterAmps 0.729
00562 sdo[0x6411][16] = 800 : sdo[0x5003][16] = 8.0 | 1.55 | 0.5
00562 TEST: Status Message Amp.Port_8B 8.0 +/- 1.55
00562 PASS: Status Message Amp.Port_8B 7.0
00563 sdo[0x6411][16] = 900 : MeterAmps = 0.9 | 0.155 | 0.5
00563 PASS: MeterAmps 0.828
00564 sdo[0x6411][16] = 900 : sdo[0x5003][16] = 9.0 | 1.55 | 0.5
00564 TEST: Status Message Amp.Port_8B 9.0 +/- 1.55
00564 PASS: Status Message Amp.Port_8B 8.0
00565 sdo[0x6411][16] = 1000 : MeterAmps = 1.0 | 0.155 | 0.5
00565 PASS: MeterAmps 0.931
00566 sdo[0x6411][16] = 1000 : sdo[0x5003][16] = 10.0 | 1.55 | 0.5
00566 TEST: Status Message Amp.Port_8B 10.0 +/- 1.55
00566 PASS: Status Message Amp.Port_8B 9.0
00567 sdo[0x6411][16] = 1100 : MeterAmps = 1.1 | 0.155 | 0.5
00567 PASS: MeterAmps 1.026
00568 sdo[0x6411][16] = 1100 : sdo[0x5003][16] = 11.0 | 1.55 | 0.5
00568 TEST: Status Message Amp.Port_8B 11.0 +/- 1.55
00568 PASS: Status Message Amp.Port_8B 10.0
00569 sdo[0x6411][16] = 1200 : MeterAmps = 1.2 | 0.155 | 0.5
00569 PASS: MeterAmps 1.126
00570 sdo[0x6411][16] = 1200 : sdo[0x5003][16] = 12.0 | 1.55 | 0.5
00570 TEST: Status Message Amp.Port_8B 12.0 +/- 1.55
00570 PASS: Status Message Amp.Port_8B 11.0
00571 sdo[0x6411][16] = 1300 : MeterAmps = 1.3 | 0.155 | 0.5
00571 PASS: MeterAmps 1.22
00572 sdo[0x6411][16] = 1300 : sdo[0x5003][16] = 13.0 | 1.55 | 0.5
00572 TEST: Status Message Amp.Port_8B 13.0 +/- 1.55
00572 PASS: Status Message Amp.Port_8B 12.0
00573 sdo[0x6411][16] = 1400 : MeterAmps = 1.4 | 0.155 | 0.5
00573 PASS: MeterAmps 1.32
00574 sdo[0x6411][16] = 1400 : sdo[0x5003][16] = 14.0 | 1.55 | 0.5
00574 TEST: Status Message Amp.Port_8B 14.0 +/- 1.55
00574 PASS: Status Message Amp.Port_8B 13.0
00575 sdo[0x6411][16] = 1500 : MeterAmps = 1.5 | 0.155 | 0.5
00575 PASS: MeterAmps 1.417
00576 sdo[0x6411][16] = 1500 : sdo[0x5003][16] = 15.0 | 1.55 | 0.5
00576 TEST: Status Message Amp.Port_8B 15.0 +/- 1.55
00576 PASS: Status Message Amp.Port_8B 14.0
00577 #switch out load line, switch coil
00577 sdo[0x6411][16] = 0 : NULL : WAIT = 1
00578 J3_04 = 0 : NULL : WAIT = 1
00579 #read signal value to update
00579 NULL : sdo[0x5003][16] = 0 | 155 | 0.5
00579 TEST: Status Message Amp.Port_8B 0.0 +/- 155.0
00579 PASS: Status Message Amp.Port_8B 0.0
00580 J4_02 = 0, J4_03 = 1 : NULL : WAIT = 0.5
00581 PRE_OPERATIONAL
00581 SAVE
00581 END
Fail count: 0
Finished on: 2025-09-04-12:21:33
elapsed time: 0:08:06.830356
