Started on: 2025-09-04-12:26:08
00000 #37000-3
00000 #Verion 0.0
00000 #digital normal test using the E-LOAD
00000 UUT_EDS = 37000-563.eds
00000 UUT_DATANAME = 37000-3-CANOPEN-OUTPUT-DIGITAL-NORMAL
00000 
00000 PRE_OPERATIONAL
00000 #-----setup PAT-----
00000 #setup load
00000 LdRemote = 1 : NULL
00001 LdEnable = 0 : NULL
00002 LdCurrentSet = 0 : NULL
00003 J0_08_METER_LOAD = 1 : NULL
00004 OPERATIONAL
00004 #-----setup 34044-----
00004 sdo[0x2000][1] = 0, sdo[0x2000][2] = 0 : NULL
00005 #disable global modes
00005 sdo[0x2000][3] = 0 : NULL
00006 sdo[0x2000][4] = 0 : NULL
00007 #-----set 1A/3A overcurrent-----
00007 sdo[0x2004][1] = 45 : NULL
00008 sdo[0x2004][2] = 45 : NULL
00009 sdo[0x2000][1] = 0 : NULL
00010 #switch in load line, set current
00010 sdo[0x2000][1] = 0, sdo[0x2000][2] = 0 : NULL
00011 sdo[0x2001][1] = 17 : NULL
00012 #switch in load line, set current
00012 J2_02 = 1 : NULL
00013 
00013 #set current and turn on output and verify feedback
00013 LdCurrentSet = 0: NULL : WAIT = 0.1
00014 LdEnable = 1 : NULL
00015 #TESING Output1B
00015 sdo[0x6200][1] = 2 : NULL : WAIT = 0.1
00016 #verify reading  Output1B
00016 NULL : sdo[0x5003][2] = 0.0 | 2 | 0.5
00016 TEST: Status Message Amp.Port_1B 0.0 +/- 2.0
00016 PASS: Status Message Amp.Port_1B 0.0
00017 NULL : sdo[0x5001][3] = 4 | 0.01 | 0.1
00017 PASS: Status Message F1.Status_Output1-2 4.0
00018 #verify reading from load
00018 NULL : MeterCurrent = 0.0 | 0.1 | 0.1
00018 TEST: MeterCurrent 0.0 +/- 0.1
00018 PASS: MeterCurrent 0.0
00019 
00019 #set current and turn on output and verify feedback
00019 LdCurrentSet = 500: NULL : WAIT = 0.1
00020 LdEnable = 1 : NULL
00021 #TESING Output1B
00021 sdo[0x6200][1] = 2 : NULL : WAIT = 0.1
00022 #verify reading  Output1B
00022 NULL : sdo[0x5003][2] = 5.0 | 2 | 0.5
00022 TEST: Status Message Amp.Port_1B 5.0 +/- 2.0
00022 PASS: Status Message Amp.Port_1B 4.0
00023 NULL : sdo[0x5001][3] = 4 | 0.01 | 0.1
00023 PASS: Status Message F1.Status_Output1-2 4.0
00024 #verify reading from load
00024 NULL : MeterCurrent = 0.5 | 0.1 | 0.1
00024 TEST: MeterCurrent 0.5 +/- 0.1
00024 PASS: MeterCurrent 0.499
00025 
00025 #set current and turn on output and verify feedback
00025 LdCurrentSet = 1000: NULL : WAIT = 0.1
00026 LdEnable = 1 : NULL
00027 #TESING Output1B
00027 sdo[0x6200][1] = 2 : NULL : WAIT = 0.1
00028 #verify reading  Output1B
00028 NULL : sdo[0x5003][2] = 10.0 | 2 | 0.5
00028 TEST: Status Message Amp.Port_1B 10.0 +/- 2.0
00028 PASS: Status Message Amp.Port_1B 9.0
00029 NULL : sdo[0x5001][3] = 4 | 0.01 | 0.1
00029 PASS: Status Message F1.Status_Output1-2 4.0
00030 #verify reading from load
00030 NULL : MeterCurrent = 1.0 | 0.1 | 0.1
00030 TEST: MeterCurrent 1.0 +/- 0.1
00030 PASS: MeterCurrent 0.999
00031 
00031 #set current and turn on output and verify feedback
00031 LdCurrentSet = 1500: NULL : WAIT = 0.1
00032 LdEnable = 1 : NULL
00033 #TESING Output1B
00033 sdo[0x6200][1] = 2 : NULL : WAIT = 0.1
00034 #verify reading  Output1B
00034 NULL : sdo[0x5003][2] = 15.0 | 2 | 0.5
00034 TEST: Status Message Amp.Port_1B 15.0 +/- 2.0
00034 PASS: Status Message Amp.Port_1B 14.0
00035 NULL : sdo[0x5001][3] = 4 | 0.01 | 0.1
00035 PASS: Status Message F1.Status_Output1-2 4.0
00036 #verify reading from load
00036 NULL : MeterCurrent = 1.5 | 0.1 | 0.1
00036 TEST: MeterCurrent 1.5 +/- 0.1
00036 PASS: MeterCurrent 1.499
00037 
00037 #set current and turn on output and verify feedback
00037 LdCurrentSet = 2000: NULL : WAIT = 0.1
00038 LdEnable = 1 : NULL
00039 #TESING Output1B
00039 sdo[0x6200][1] = 2 : NULL : WAIT = 0.1
00040 #verify reading  Output1B
00040 NULL : sdo[0x5003][2] = 20.0 | 2 | 0.5
00040 TEST: Status Message Amp.Port_1B 20.0 +/- 2.0
00040 PASS: Status Message Amp.Port_1B 20.0
00041 NULL : sdo[0x5001][3] = 4 | 0.01 | 0.1
00041 PASS: Status Message F1.Status_Output1-2 4.0
00042 #verify reading from load
00042 NULL : MeterCurrent = 2.0 | 0.1 | 0.1
00042 TEST: MeterCurrent 2.0 +/- 0.1
00042 PASS: MeterCurrent 1.999
00043 
00043 #set current and turn on output and verify feedback
00043 LdCurrentSet = 2500: NULL : WAIT = 0.1
00044 LdEnable = 1 : NULL
00045 #TESING Output1B
00045 sdo[0x6200][1] = 2 : NULL : WAIT = 0.1
00046 #verify reading  Output1B
00046 NULL : sdo[0x5003][2] = 25.0 | 2 | 0.5
00046 TEST: Status Message Amp.Port_1B 25.0 +/- 2.0
00046 PASS: Status Message Amp.Port_1B 25.0
00047 NULL : sdo[0x5001][3] = 4 | 0.01 | 0.1
00047 PASS: Status Message F1.Status_Output1-2 4.0
00048 #verify reading from load
00048 NULL : MeterCurrent = 2.5 | 0.1 | 0.1
00048 TEST: MeterCurrent 2.5 +/- 0.1
00048 PASS: MeterCurrent 2.499
00049 
00049 #set current and turn on output and verify feedback
00049 LdCurrentSet = 3000: NULL : WAIT = 0.1
00050 LdEnable = 1 : NULL
00051 #TESING Output1B
00051 sdo[0x6200][1] = 2 : NULL : WAIT = 0.1
00052 #verify reading  Output1B
00052 NULL : sdo[0x5003][2] = 30.0 | 2 | 0.5
00052 TEST: Status Message Amp.Port_1B 30.0 +/- 2.0
00052 PASS: Status Message Amp.Port_1B 30.0
00053 NULL : sdo[0x5001][3] = 4 | 0.01 | 0.1
00053 PASS: Status Message F1.Status_Output1-2 4.0
00054 #verify reading from load
00054 NULL : MeterCurrent = 3.0 | 0.1 | 0.1
00054 TEST: MeterCurrent 3.0 +/- 0.1
00054 PASS: MeterCurrent 2.999
00055 
00055 #set current and turn on output and verify feedback
00055 LdCurrentSet = 3500: NULL : WAIT = 0.1
00056 LdEnable = 1 : NULL
00057 #TESING Output1B
00057 sdo[0x6200][1] = 2 : NULL : WAIT = 0.1
00058 #verify reading  Output1B
00058 NULL : sdo[0x5003][2] = 35.0 | 2 | 0.5
00058 TEST: Status Message Amp.Port_1B 35.0 +/- 2.0
00058 PASS: Status Message Amp.Port_1B 35.0
00059 NULL : sdo[0x5001][3] = 4 | 0.01 | 0.1
00059 PASS: Status Message F1.Status_Output1-2 4.0
00060 #verify reading from load
00060 NULL : MeterCurrent = 3.5 | 0.1 | 0.1
00060 TEST: MeterCurrent 3.5 +/- 0.1
00060 PASS: MeterCurrent 3.499
00061 
00061 #set current and turn on output and verify feedback
00061 LdCurrentSet = 4000: NULL : WAIT = 0.1
00062 LdEnable = 1 : NULL
00063 #TESING Output1B
00063 sdo[0x6200][1] = 2 : NULL : WAIT = 0.1
00064 #verify reading  Output1B
00064 NULL : sdo[0x5003][2] = 40.0 | 2 | 0.5
00064 TEST: Status Message Amp.Port_1B 40.0 +/- 2.0
00064 PASS: Status Message Amp.Port_1B 40.0
00065 NULL : sdo[0x5001][3] = 4 | 0.01 | 0.1
00065 PASS: Status Message F1.Status_Output1-2 4.0
00066 #verify reading from load
00066 NULL : MeterCurrent = 4.0 | 0.1 | 0.1
00066 TEST: MeterCurrent 4.0 +/- 0.1
00066 PASS: MeterCurrent 3.999
00067 
00067 #set current and turn on output and verify feedback
00067 LdCurrentSet = 4500: NULL : WAIT = 0.1
00068 LdEnable = 1 : NULL
00069 #TESING Output1B
00069 sdo[0x6200][1] = 2 : NULL : WAIT = 0.1
00070 #verify fault Output1B
00070 NULL : sdo[0x5003][2] = 0 | 0.1 | 0.1
00070 TEST: Status Message Amp.Port_1B 0.0 +/- 0.1
00070 PASS: Status Message Amp.Port_1B 0.0
00071 NULL : sdo[0x5001][3] = 8 | 0 | 0.1
00071 PASS: Status Message F1.Status_Output1-2 8.0
00072 #verify reading from load
00072 NULL : MeterCurrent = 0  | 0.01 | 0.1
00072 TEST: MeterCurrent 0.0 +/- 0.01
00072 PASS: MeterCurrent 0.0
00073 
00073 #switch out load line, clear current
00073 sdo[0x6200][1] = 0 : NULL : WAIT = 0.1
00074 J2_02 = 0 : NULL : WAIT = 0.5
00075 #read signal value to update
00075 NULL : sdo[0x5003][2] = 0 | 155 | 0.5
00075 TEST: Status Message Amp.Port_1B 0.0 +/- 155.0
00075 PASS: Status Message Amp.Port_1B 0.0
00076 LdCurrentSet = 0 : NULL : WAIT = 0.1
00077 NULL : sdo[0x5001][3] = 8 | 0 | 0.1
00077 TEST: Status Message F1.Status_Output1-2 8.0 +/- 0.0
00077 PASS: Status Message F1.Status_Output1-2 8.0
00078 sdo[0x2000][1] = 0, sdo[0x2000][2] = 0 : NULL
00079 sdo[0x2001][2] = 17 : NULL
00080 #switch in load line, set current
00080 J2_03 = 1 : NULL
00081 
00081 #set current and turn on output and verify feedback
00081 LdCurrentSet = 0: NULL : WAIT = 0.1
00082 LdEnable = 1 : NULL
00083 #TESING Output2A
00083 sdo[0x6200][1] = 4 : NULL : WAIT = 0.1
00084 #verify reading  Output2A
00084 NULL : sdo[0x5003][3] = 0.0 | 2 | 0.5
00084 TEST: Status Message Amp.Port_2A 0.0 +/- 2.0
00084 PASS: Status Message Amp.Port_2A 0.0
00085 NULL : sdo[0x5001][3] = 24 | 0.01 | 0.1
00085 PASS: Status Message F1.Status_Output1-2 24.0
00086 #verify reading from load
00086 NULL : MeterCurrent = 0.0 | 0.1 | 0.1
00086 TEST: MeterCurrent 0.0 +/- 0.1
00086 PASS: MeterCurrent 0.0
00087 
00087 #set current and turn on output and verify feedback
00087 LdCurrentSet = 500: NULL : WAIT = 0.1
00088 LdEnable = 1 : NULL
00089 #TESING Output2A
00089 sdo[0x6200][1] = 4 : NULL : WAIT = 0.1
00090 #verify reading  Output2A
00090 NULL : sdo[0x5003][3] = 5.0 | 2 | 0.5
00090 TEST: Status Message Amp.Port_2A 5.0 +/- 2.0
00090 PASS: Status Message Amp.Port_2A 4.0
00091 NULL : sdo[0x5001][3] = 24 | 0.01 | 0.1
00091 PASS: Status Message F1.Status_Output1-2 24.0
00092 #verify reading from load
00092 NULL : MeterCurrent = 0.5 | 0.1 | 0.1
00092 TEST: MeterCurrent 0.5 +/- 0.1
00092 PASS: MeterCurrent 0.499
00093 
00093 #set current and turn on output and verify feedback
00093 LdCurrentSet = 1000: NULL : WAIT = 0.1
00094 LdEnable = 1 : NULL
00095 #TESING Output2A
00095 sdo[0x6200][1] = 4 : NULL : WAIT = 0.1
00096 #verify reading  Output2A
00096 NULL : sdo[0x5003][3] = 10.0 | 2 | 0.5
00096 TEST: Status Message Amp.Port_2A 10.0 +/- 2.0
00096 PASS: Status Message Amp.Port_2A 9.0
00097 NULL : sdo[0x5001][3] = 24 | 0.01 | 0.1
00097 PASS: Status Message F1.Status_Output1-2 24.0
00098 #verify reading from load
00098 NULL : MeterCurrent = 1.0 | 0.1 | 0.1
00098 TEST: MeterCurrent 1.0 +/- 0.1
00098 PASS: MeterCurrent 0.999
00099 
00099 #set current and turn on output and verify feedback
00099 LdCurrentSet = 1500: NULL : WAIT = 0.1
00100 LdEnable = 1 : NULL
00101 #TESING Output2A
00101 sdo[0x6200][1] = 4 : NULL : WAIT = 0.1
00102 #verify reading  Output2A
00102 NULL : sdo[0x5003][3] = 15.0 | 2 | 0.5
00102 TEST: Status Message Amp.Port_2A 15.0 +/- 2.0
00102 PASS: Status Message Amp.Port_2A 15.0
00103 NULL : sdo[0x5001][3] = 24 | 0.01 | 0.1
00103 PASS: Status Message F1.Status_Output1-2 24.0
00104 #verify reading from load
00104 NULL : MeterCurrent = 1.5 | 0.1 | 0.1
00104 TEST: MeterCurrent 1.5 +/- 0.1
00104 PASS: MeterCurrent 1.499
00105 
00105 #set current and turn on output and verify feedback
00105 LdCurrentSet = 2000: NULL : WAIT = 0.1
00106 LdEnable = 1 : NULL
00107 #TESING Output2A
00107 sdo[0x6200][1] = 4 : NULL : WAIT = 0.1
00108 #verify reading  Output2A
00108 NULL : sdo[0x5003][3] = 20.0 | 2 | 0.5
00108 TEST: Status Message Amp.Port_2A 20.0 +/- 2.0
00108 PASS: Status Message Amp.Port_2A 20.0
00109 NULL : sdo[0x5001][3] = 24 | 0.01 | 0.1
00109 PASS: Status Message F1.Status_Output1-2 24.0
00110 #verify reading from load
00110 NULL : MeterCurrent = 2.0 | 0.1 | 0.1
00110 TEST: MeterCurrent 2.0 +/- 0.1
00110 PASS: MeterCurrent 1.999
00111 
00111 #set current and turn on output and verify feedback
00111 LdCurrentSet = 2500: NULL : WAIT = 0.1
00112 LdEnable = 1 : NULL
00113 #TESING Output2A
00113 sdo[0x6200][1] = 4 : NULL : WAIT = 0.1
00114 #verify reading  Output2A
00114 NULL : sdo[0x5003][3] = 25.0 | 2 | 0.5
00114 TEST: Status Message Amp.Port_2A 25.0 +/- 2.0
00114 PASS: Status Message Amp.Port_2A 25.0
00115 NULL : sdo[0x5001][3] = 24 | 0.01 | 0.1
00115 PASS: Status Message F1.Status_Output1-2 24.0
00116 #verify reading from load
00116 NULL : MeterCurrent = 2.5 | 0.1 | 0.1
00116 TEST: MeterCurrent 2.5 +/- 0.1
00116 PASS: MeterCurrent 2.499
00117 
00117 #set current and turn on output and verify feedback
00117 LdCurrentSet = 3000: NULL : WAIT = 0.1
00118 LdEnable = 1 : NULL
00119 #TESING Output2A
00119 sdo[0x6200][1] = 4 : NULL : WAIT = 0.1
00120 #verify reading  Output2A
00120 NULL : sdo[0x5003][3] = 30.0 | 2 | 0.5
00120 TEST: Status Message Amp.Port_2A 30.0 +/- 2.0
00120 PASS: Status Message Amp.Port_2A 30.0
00121 NULL : sdo[0x5001][3] = 24 | 0.01 | 0.1
00121 PASS: Status Message F1.Status_Output1-2 24.0
00122 #verify reading from load
00122 NULL : MeterCurrent = 3.0 | 0.1 | 0.1
00122 TEST: MeterCurrent 3.0 +/- 0.1
00122 PASS: MeterCurrent 2.999
00123 
00123 #set current and turn on output and verify feedback
00123 LdCurrentSet = 3500: NULL : WAIT = 0.1
00124 LdEnable = 1 : NULL
00125 #TESING Output2A
00125 sdo[0x6200][1] = 4 : NULL : WAIT = 0.1
00126 #verify reading  Output2A
00126 NULL : sdo[0x5003][3] = 35.0 | 2 | 0.5
00126 TEST: Status Message Amp.Port_2A 35.0 +/- 2.0
00126 PASS: Status Message Amp.Port_2A 36.0
00127 NULL : sdo[0x5001][3] = 24 | 0.01 | 0.1
00127 PASS: Status Message F1.Status_Output1-2 24.0
00128 #verify reading from load
00128 NULL : MeterCurrent = 3.5 | 0.1 | 0.1
00128 TEST: MeterCurrent 3.5 +/- 0.1
00128 PASS: MeterCurrent 3.499
00129 
00129 #set current and turn on output and verify feedback
00129 LdCurrentSet = 4000: NULL : WAIT = 0.1
00130 LdEnable = 1 : NULL
00131 #TESING Output2A
00131 sdo[0x6200][1] = 4 : NULL : WAIT = 0.1
00132 #verify reading  Output2A
00132 NULL : sdo[0x5003][3] = 40.0 | 2 | 0.5
00132 TEST: Status Message Amp.Port_2A 40.0 +/- 2.0
00132 PASS: Status Message Amp.Port_2A 41.0
00133 NULL : sdo[0x5001][3] = 24 | 0.01 | 0.1
00133 PASS: Status Message F1.Status_Output1-2 24.0
00134 #verify reading from load
00134 NULL : MeterCurrent = 4.0 | 0.1 | 0.1
00134 TEST: MeterCurrent 4.0 +/- 0.1
00134 PASS: MeterCurrent 3.999
00135 
00135 #set current and turn on output and verify feedback
00135 LdCurrentSet = 4500: NULL : WAIT = 0.1
00136 LdEnable = 1 : NULL
00137 #TESING Output2A
00137 sdo[0x6200][1] = 4 : NULL : WAIT = 0.1
00138 #verify fault Output2A
00138 NULL : sdo[0x5003][3] = 0 | 0.1 | 0.1
00138 TEST: Status Message Amp.Port_2A 0.0 +/- 0.1
00138 PASS: Status Message Amp.Port_2A 0.0
00139 NULL : sdo[0x5001][3] = 40 | 0 | 0.1
00139 PASS: Status Message F1.Status_Output1-2 40.0
00140 #verify reading from load
00140 NULL : MeterCurrent = 0  | 0.01 | 0.1
00140 TEST: MeterCurrent 0.0 +/- 0.01
00140 PASS: MeterCurrent 0.0
00141 
00141 #switch out load line, clear current
00141 sdo[0x6200][1] = 0 : NULL : WAIT = 0.1
00142 J2_03 = 0 : NULL : WAIT = 0.5
00143 #read signal value to update
00143 NULL : sdo[0x5003][3] = 0 | 155 | 0.5
00143 TEST: Status Message Amp.Port_2A 0.0 +/- 155.0
00143 PASS: Status Message Amp.Port_2A 0.0
00144 LdCurrentSet = 0 : NULL : WAIT = 0.1
00145 NULL : sdo[0x5001][3] = 40 | 0 | 0.1
00145 TEST: Status Message F1.Status_Output1-2 40.0 +/- 0.0
00145 PASS: Status Message F1.Status_Output1-2 40.0
00146 sdo[0x2000][1] = 0, sdo[0x2000][2] = 0 : NULL
00147 sdo[0x2001][2] = 17 : NULL
00148 #switch in load line, set current
00148 J2_04 = 1 : NULL
00149 
00149 #set current and turn on output and verify feedback
00149 LdCurrentSet = 0: NULL : WAIT = 0.1
00150 LdEnable = 1 : NULL
00151 #TESING Output2B
00151 sdo[0x6200][1] = 8 : NULL : WAIT = 0.1
00152 #verify reading  Output2B
00152 NULL : sdo[0x5003][4] = 0.0 | 2 | 0.5
00152 TEST: Status Message Amp.Port_2B 0.0 +/- 2.0
00152 PASS: Status Message Amp.Port_2B 0.0
00153 NULL : sdo[0x5001][3] = 104 | 0.01 | 0.1
00153 PASS: Status Message F1.Status_Output1-2 104.0
00154 #verify reading from load
00154 NULL : MeterCurrent = 0.0 | 0.1 | 0.1
00154 TEST: MeterCurrent 0.0 +/- 0.1
00154 PASS: MeterCurrent 0.0
00155 
00155 #set current and turn on output and verify feedback
00155 LdCurrentSet = 500: NULL : WAIT = 0.1
00156 LdEnable = 1 : NULL
00157 #TESING Output2B
00157 sdo[0x6200][1] = 8 : NULL : WAIT = 0.1
00158 #verify reading  Output2B
00158 NULL : sdo[0x5003][4] = 5.0 | 2 | 0.5
00158 TEST: Status Message Amp.Port_2B 5.0 +/- 2.0
00158 PASS: Status Message Amp.Port_2B 4.0
00159 NULL : sdo[0x5001][3] = 104 | 0.01 | 0.1
00159 PASS: Status Message F1.Status_Output1-2 104.0
00160 #verify reading from load
00160 NULL : MeterCurrent = 0.5 | 0.1 | 0.1
00160 TEST: MeterCurrent 0.5 +/- 0.1
00160 PASS: MeterCurrent 0.499
00161 
00161 #set current and turn on output and verify feedback
00161 LdCurrentSet = 1000: NULL : WAIT = 0.1
00162 LdEnable = 1 : NULL
00163 #TESING Output2B
00163 sdo[0x6200][1] = 8 : NULL : WAIT = 0.1
00164 #verify reading  Output2B
00164 NULL : sdo[0x5003][4] = 10.0 | 2 | 0.5
00164 TEST: Status Message Amp.Port_2B 10.0 +/- 2.0
00164 PASS: Status Message Amp.Port_2B 9.0
00165 NULL : sdo[0x5001][3] = 104 | 0.01 | 0.1
00165 PASS: Status Message F1.Status_Output1-2 104.0
00166 #verify reading from load
00166 NULL : MeterCurrent = 1.0 | 0.1 | 0.1
00166 TEST: MeterCurrent 1.0 +/- 0.1
00166 PASS: MeterCurrent 0.999
00167 
00167 #set current and turn on output and verify feedback
00167 LdCurrentSet = 1500: NULL : WAIT = 0.1
00168 LdEnable = 1 : NULL
00169 #TESING Output2B
00169 sdo[0x6200][1] = 8 : NULL : WAIT = 0.1
00170 #verify reading  Output2B
00170 NULL : sdo[0x5003][4] = 15.0 | 2 | 0.5
00170 TEST: Status Message Amp.Port_2B 15.0 +/- 2.0
00170 PASS: Status Message Amp.Port_2B 14.0
00171 NULL : sdo[0x5001][3] = 104 | 0.01 | 0.1
00171 PASS: Status Message F1.Status_Output1-2 104.0
00172 #verify reading from load
00172 NULL : MeterCurrent = 1.5 | 0.1 | 0.1
00172 TEST: MeterCurrent 1.5 +/- 0.1
00172 PASS: MeterCurrent 1.499
00173 
00173 #set current and turn on output and verify feedback
00173 LdCurrentSet = 2000: NULL : WAIT = 0.1
00174 LdEnable = 1 : NULL
00175 #TESING Output2B
00175 sdo[0x6200][1] = 8 : NULL : WAIT = 0.1
00176 #verify reading  Output2B
00176 NULL : sdo[0x5003][4] = 20.0 | 2 | 0.5
00176 TEST: Status Message Amp.Port_2B 20.0 +/- 2.0
00176 PASS: Status Message Amp.Port_2B 20.0
00177 NULL : sdo[0x5001][3] = 104 | 0.01 | 0.1
00177 PASS: Status Message F1.Status_Output1-2 104.0
00178 #verify reading from load
00178 NULL : MeterCurrent = 2.0 | 0.1 | 0.1
00178 TEST: MeterCurrent 2.0 +/- 0.1
00178 PASS: MeterCurrent 1.999
00179 
00179 #set current and turn on output and verify feedback
00179 LdCurrentSet = 2500: NULL : WAIT = 0.1
00180 LdEnable = 1 : NULL
00181 #TESING Output2B
00181 sdo[0x6200][1] = 8 : NULL : WAIT = 0.1
00182 #verify reading  Output2B
00182 NULL : sdo[0x5003][4] = 25.0 | 2 | 0.5
00182 TEST: Status Message Amp.Port_2B 25.0 +/- 2.0
00182 PASS: Status Message Amp.Port_2B 25.0
00183 NULL : sdo[0x5001][3] = 104 | 0.01 | 0.1
00183 PASS: Status Message F1.Status_Output1-2 104.0
00184 #verify reading from load
00184 NULL : MeterCurrent = 2.5 | 0.1 | 0.1
00184 TEST: MeterCurrent 2.5 +/- 0.1
00184 PASS: MeterCurrent 2.499
00185 
00185 #set current and turn on output and verify feedback
00185 LdCurrentSet = 3000: NULL : WAIT = 0.1
00186 LdEnable = 1 : NULL
00187 #TESING Output2B
00187 sdo[0x6200][1] = 8 : NULL : WAIT = 0.1
00188 #verify reading  Output2B
00188 NULL : sdo[0x5003][4] = 30.0 | 2 | 0.5
00188 TEST: Status Message Amp.Port_2B 30.0 +/- 2.0
00188 PASS: Status Message Amp.Port_2B 30.0
00189 NULL : sdo[0x5001][3] = 104 | 0.01 | 0.1
00189 PASS: Status Message F1.Status_Output1-2 104.0
00190 #verify reading from load
00190 NULL : MeterCurrent = 3.0 | 0.1 | 0.1
00190 TEST: MeterCurrent 3.0 +/- 0.1
00190 PASS: MeterCurrent 2.999
00191 
00191 #set current and turn on output and verify feedback
00191 LdCurrentSet = 3500: NULL : WAIT = 0.1
00192 LdEnable = 1 : NULL
00193 #TESING Output2B
00193 sdo[0x6200][1] = 8 : NULL : WAIT = 0.1
00194 #verify reading  Output2B
00194 NULL : sdo[0x5003][4] = 35.0 | 2 | 0.5
00194 TEST: Status Message Amp.Port_2B 35.0 +/- 2.0
00194 PASS: Status Message Amp.Port_2B 35.0
00195 NULL : sdo[0x5001][3] = 104 | 0.01 | 0.1
00195 PASS: Status Message F1.Status_Output1-2 104.0
00196 #verify reading from load
00196 NULL : MeterCurrent = 3.5 | 0.1 | 0.1
00196 TEST: MeterCurrent 3.5 +/- 0.1
00196 PASS: MeterCurrent 3.499
00197 
00197 #set current and turn on output and verify feedback
00197 LdCurrentSet = 4000: NULL : WAIT = 0.1
00198 LdEnable = 1 : NULL
00199 #TESING Output2B
00199 sdo[0x6200][1] = 8 : NULL : WAIT = 0.1
00200 #verify reading  Output2B
00200 NULL : sdo[0x5003][4] = 40.0 | 2 | 0.5
00200 TEST: Status Message Amp.Port_2B 40.0 +/- 2.0
00200 PASS: Status Message Amp.Port_2B 40.0
00201 NULL : sdo[0x5001][3] = 104 | 0.01 | 0.1
00201 PASS: Status Message F1.Status_Output1-2 104.0
00202 #verify reading from load
00202 NULL : MeterCurrent = 4.0 | 0.1 | 0.1
00202 TEST: MeterCurrent 4.0 +/- 0.1
00202 PASS: MeterCurrent 3.999
00203 
00203 #set current and turn on output and verify feedback
00203 LdCurrentSet = 4500: NULL : WAIT = 0.1
00204 LdEnable = 1 : NULL
00205 #TESING Output2B
00205 sdo[0x6200][1] = 8 : NULL : WAIT = 0.1
00206 #verify fault Output2B
00206 NULL : sdo[0x5003][4] = 0 | 0.1 | 0.1
00206 TEST: Status Message Amp.Port_2B 0.0 +/- 0.1
00206 PASS: Status Message Amp.Port_2B 0.0
00207 NULL : sdo[0x5001][3] = 168 | 0 | 0.1
00207 PASS: Status Message F1.Status_Output1-2 168.0
00208 #verify reading from load
00208 NULL : MeterCurrent = 0  | 0.01 | 0.1
00208 TEST: MeterCurrent 0.0 +/- 0.01
00208 PASS: MeterCurrent 0.0
00209 
00209 #switch out load line, clear current
00209 sdo[0x6200][1] = 0 : NULL : WAIT = 0.1
00210 J2_04 = 0 : NULL : WAIT = 0.5
00211 #read signal value to update
00211 NULL : sdo[0x5003][4] = 0 | 155 | 0.5
00211 TEST: Status Message Amp.Port_2B 0.0 +/- 155.0
00211 PASS: Status Message Amp.Port_2B 0.0
00212 LdCurrentSet = 0 : NULL : WAIT = 0.1
00213 NULL : sdo[0x5001][3] = 168 | 0 | 0.1
00213 TEST: Status Message F1.Status_Output1-2 168.0 +/- 0.0
00213 PASS: Status Message F1.Status_Output1-2 168.0
00214 sdo[0x2000][1] = 0, sdo[0x2000][2] = 0 : NULL
00215 sdo[0x2001][3] = 17 : NULL
00216 #switch in load line, set current
00216 J2_06 = 1 : NULL
00217 
00217 #set current and turn on output and verify feedback
00217 LdCurrentSet = 0: NULL : WAIT = 0.1
00218 LdEnable = 1 : NULL
00219 #TESING Output3B
00219 sdo[0x6200][1] = 32 : NULL : WAIT = 0.1
00220 #verify reading  Output3B
00220 NULL : sdo[0x5003][6] = 0.0 | 2 | 0.5
00220 TEST: Status Message Amp.Port_3B 0.0 +/- 2.0
00220 PASS: Status Message Amp.Port_3B 0.0
00221 NULL : sdo[0x5001][4] = 4 | 0.01 | 0.1
00221 PASS: Status Message F1.Status_Output3-4 4.0
00222 #verify reading from load
00222 NULL : MeterCurrent = 0.0 | 0.1 | 0.1
00222 TEST: MeterCurrent 0.0 +/- 0.1
00222 PASS: MeterCurrent 0.0
00223 
00223 #set current and turn on output and verify feedback
00223 LdCurrentSet = 500: NULL : WAIT = 0.1
00224 LdEnable = 1 : NULL
00225 #TESING Output3B
00225 sdo[0x6200][1] = 32 : NULL : WAIT = 0.1
00226 #verify reading  Output3B
00226 NULL : sdo[0x5003][6] = 5.0 | 2 | 0.5
00226 TEST: Status Message Amp.Port_3B 5.0 +/- 2.0
00226 PASS: Status Message Amp.Port_3B 4.0
00227 NULL : sdo[0x5001][4] = 4 | 0.01 | 0.1
00227 PASS: Status Message F1.Status_Output3-4 4.0
00228 #verify reading from load
00228 NULL : MeterCurrent = 0.5 | 0.1 | 0.1
00228 TEST: MeterCurrent 0.5 +/- 0.1
00228 PASS: MeterCurrent 0.499
00229 
00229 #set current and turn on output and verify feedback
00229 LdCurrentSet = 1000: NULL : WAIT = 0.1
00230 LdEnable = 1 : NULL
00231 #TESING Output3B
00231 sdo[0x6200][1] = 32 : NULL : WAIT = 0.1
00232 #verify reading  Output3B
00232 NULL : sdo[0x5003][6] = 10.0 | 2 | 0.5
00232 TEST: Status Message Amp.Port_3B 10.0 +/- 2.0
00232 PASS: Status Message Amp.Port_3B 9.0
00233 NULL : sdo[0x5001][4] = 4 | 0.01 | 0.1
00233 PASS: Status Message F1.Status_Output3-4 4.0
00234 #verify reading from load
00234 NULL : MeterCurrent = 1.0 | 0.1 | 0.1
00234 TEST: MeterCurrent 1.0 +/- 0.1
00234 PASS: MeterCurrent 0.999
00235 
00235 #set current and turn on output and verify feedback
00235 LdCurrentSet = 1500: NULL : WAIT = 0.1
00236 LdEnable = 1 : NULL
00237 #TESING Output3B
00237 sdo[0x6200][1] = 32 : NULL : WAIT = 0.1
00238 #verify reading  Output3B
00238 NULL : sdo[0x5003][6] = 15.0 | 2 | 0.5
00238 TEST: Status Message Amp.Port_3B 15.0 +/- 2.0
00238 PASS: Status Message Amp.Port_3B 14.0
00239 NULL : sdo[0x5001][4] = 4 | 0.01 | 0.1
00239 PASS: Status Message F1.Status_Output3-4 4.0
00240 #verify reading from load
00240 NULL : MeterCurrent = 1.5 | 0.1 | 0.1
00240 TEST: MeterCurrent 1.5 +/- 0.1
00240 PASS: MeterCurrent 1.499
00241 
00241 #set current and turn on output and verify feedback
00241 LdCurrentSet = 2000: NULL : WAIT = 0.1
00242 LdEnable = 1 : NULL
00243 #TESING Output3B
00243 sdo[0x6200][1] = 32 : NULL : WAIT = 0.1
00244 #verify reading  Output3B
00244 NULL : sdo[0x5003][6] = 20.0 | 2 | 0.5
00244 TEST: Status Message Amp.Port_3B 20.0 +/- 2.0
00244 PASS: Status Message Amp.Port_3B 20.0
00245 NULL : sdo[0x5001][4] = 4 | 0.01 | 0.1
00245 PASS: Status Message F1.Status_Output3-4 4.0
00246 #verify reading from load
00246 NULL : MeterCurrent = 2.0 | 0.1 | 0.1
00246 TEST: MeterCurrent 2.0 +/- 0.1
00246 PASS: MeterCurrent 1.999
00247 
00247 #set current and turn on output and verify feedback
00247 LdCurrentSet = 2500: NULL : WAIT = 0.1
00248 LdEnable = 1 : NULL
00249 #TESING Output3B
00249 sdo[0x6200][1] = 32 : NULL : WAIT = 0.1
00250 #verify reading  Output3B
00250 NULL : sdo[0x5003][6] = 25.0 | 2 | 0.5
00250 TEST: Status Message Amp.Port_3B 25.0 +/- 2.0
00250 PASS: Status Message Amp.Port_3B 25.0
00251 NULL : sdo[0x5001][4] = 4 | 0.01 | 0.1
00251 PASS: Status Message F1.Status_Output3-4 4.0
00252 #verify reading from load
00252 NULL : MeterCurrent = 2.5 | 0.1 | 0.1
00252 TEST: MeterCurrent 2.5 +/- 0.1
00252 PASS: MeterCurrent 2.499
00253 
00253 #set current and turn on output and verify feedback
00253 LdCurrentSet = 3000: NULL : WAIT = 0.1
00254 LdEnable = 1 : NULL
00255 #TESING Output3B
00255 sdo[0x6200][1] = 32 : NULL : WAIT = 0.1
00256 #verify reading  Output3B
00256 NULL : sdo[0x5003][6] = 30.0 | 2 | 0.5
00256 TEST: Status Message Amp.Port_3B 30.0 +/- 2.0
00256 PASS: Status Message Amp.Port_3B 30.0
00257 NULL : sdo[0x5001][4] = 4 | 0.01 | 0.1
00257 PASS: Status Message F1.Status_Output3-4 4.0
00258 #verify reading from load
00258 NULL : MeterCurrent = 3.0 | 0.1 | 0.1
00258 TEST: MeterCurrent 3.0 +/- 0.1
00258 PASS: MeterCurrent 2.999
00259 
00259 #set current and turn on output and verify feedback
00259 LdCurrentSet = 3500: NULL : WAIT = 0.1
00260 LdEnable = 1 : NULL
00261 #TESING Output3B
00261 sdo[0x6200][1] = 32 : NULL : WAIT = 0.1
00262 #verify reading  Output3B
00262 NULL : sdo[0x5003][6] = 35.0 | 2 | 0.5
00262 TEST: Status Message Amp.Port_3B 35.0 +/- 2.0
00262 PASS: Status Message Amp.Port_3B 35.0
00263 NULL : sdo[0x5001][4] = 4 | 0.01 | 0.1
00263 PASS: Status Message F1.Status_Output3-4 4.0
00264 #verify reading from load
00264 NULL : MeterCurrent = 3.5 | 0.1 | 0.1
00264 TEST: MeterCurrent 3.5 +/- 0.1
00264 PASS: MeterCurrent 3.499
00265 
00265 #set current and turn on output and verify feedback
00265 LdCurrentSet = 4000: NULL : WAIT = 0.1
00266 LdEnable = 1 : NULL
00267 #TESING Output3B
00267 sdo[0x6200][1] = 32 : NULL : WAIT = 0.1
00268 #verify reading  Output3B
00268 NULL : sdo[0x5003][6] = 40.0 | 2 | 0.5
00268 TEST: Status Message Amp.Port_3B 40.0 +/- 2.0
00268 PASS: Status Message Amp.Port_3B 40.0
00269 NULL : sdo[0x5001][4] = 4 | 0.01 | 0.1
00269 PASS: Status Message F1.Status_Output3-4 4.0
00270 #verify reading from load
00270 NULL : MeterCurrent = 4.0 | 0.1 | 0.1
00270 TEST: MeterCurrent 4.0 +/- 0.1
00270 PASS: MeterCurrent 3.999
00271 
00271 #set current and turn on output and verify feedback
00271 LdCurrentSet = 4500: NULL : WAIT = 0.1
00272 LdEnable = 1 : NULL
00273 #TESING Output3B
00273 sdo[0x6200][1] = 32 : NULL : WAIT = 0.1
00274 #verify fault Output3B
00274 NULL : sdo[0x5003][6] = 0 | 0.1 | 0.1
00274 TEST: Status Message Amp.Port_3B 0.0 +/- 0.1
00274 PASS: Status Message Amp.Port_3B 0.0
00275 NULL : sdo[0x5001][4] = 8 | 0 | 0.1
00275 PASS: Status Message F1.Status_Output3-4 8.0
00276 #verify reading from load
00276 NULL : MeterCurrent = 0  | 0.01 | 0.1
00276 TEST: MeterCurrent 0.0 +/- 0.01
00276 PASS: MeterCurrent 0.0
00277 
00277 #switch out load line, clear current
00277 sdo[0x6200][1] = 0 : NULL : WAIT = 0.1
00278 J2_06 = 0 : NULL : WAIT = 0.5
00279 #read signal value to update
00279 NULL : sdo[0x5003][6] = 0 | 155 | 0.5
00279 TEST: Status Message Amp.Port_3B 0.0 +/- 155.0
00279 PASS: Status Message Amp.Port_3B 0.0
00280 LdCurrentSet = 0 : NULL : WAIT = 0.1
00281 NULL : sdo[0x5001][4] = 8 | 0 | 0.1
00281 TEST: Status Message F1.Status_Output3-4 8.0 +/- 0.0
00281 PASS: Status Message F1.Status_Output3-4 8.0
00282 sdo[0x2000][1] = 0, sdo[0x2000][2] = 0 : NULL
00283 sdo[0x2001][4] = 17 : NULL
00284 #switch in load line, set current
00284 J2_07 = 1 : NULL
00285 
00285 #set current and turn on output and verify feedback
00285 LdCurrentSet = 0: NULL : WAIT = 0.1
00286 LdEnable = 1 : NULL
00287 #TESING Output4A
00287 sdo[0x6200][1] = 64 : NULL : WAIT = 0.1
00288 #verify reading  Output4A
00288 NULL : sdo[0x5003][7] = 0.0 | 2 | 0.5
00288 TEST: Status Message Amp.Port_4A 0.0 +/- 2.0
00288 PASS: Status Message Amp.Port_4A 0.0
00289 NULL : sdo[0x5001][4] = 24 | 0.01 | 0.1
00289 PASS: Status Message F1.Status_Output3-4 24.0
00290 #verify reading from load
00290 NULL : MeterCurrent = 0.0 | 0.1 | 0.1
00290 TEST: MeterCurrent 0.0 +/- 0.1
00290 PASS: MeterCurrent 0.0
00291 
00291 #set current and turn on output and verify feedback
00291 LdCurrentSet = 500: NULL : WAIT = 0.1
00292 LdEnable = 1 : NULL
00293 #TESING Output4A
00293 sdo[0x6200][1] = 64 : NULL : WAIT = 0.1
00294 #verify reading  Output4A
00294 NULL : sdo[0x5003][7] = 5.0 | 2 | 0.5
00294 TEST: Status Message Amp.Port_4A 5.0 +/- 2.0
00294 PASS: Status Message Amp.Port_4A 4.0
00295 NULL : sdo[0x5001][4] = 24 | 0.01 | 0.1
00295 PASS: Status Message F1.Status_Output3-4 24.0
00296 #verify reading from load
00296 NULL : MeterCurrent = 0.5 | 0.1 | 0.1
00296 TEST: MeterCurrent 0.5 +/- 0.1
00296 PASS: MeterCurrent 0.499
00297 
00297 #set current and turn on output and verify feedback
00297 LdCurrentSet = 1000: NULL : WAIT = 0.1
00298 LdEnable = 1 : NULL
00299 #TESING Output4A
00299 sdo[0x6200][1] = 64 : NULL : WAIT = 0.1
00300 #verify reading  Output4A
00300 NULL : sdo[0x5003][7] = 10.0 | 2 | 0.5
00300 TEST: Status Message Amp.Port_4A 10.0 +/- 2.0
00300 PASS: Status Message Amp.Port_4A 10.0
00301 NULL : sdo[0x5001][4] = 24 | 0.01 | 0.1
00301 PASS: Status Message F1.Status_Output3-4 24.0
00302 #verify reading from load
00302 NULL : MeterCurrent = 1.0 | 0.1 | 0.1
00302 TEST: MeterCurrent 1.0 +/- 0.1
00302 PASS: MeterCurrent 0.999
00303 
00303 #set current and turn on output and verify feedback
00303 LdCurrentSet = 1500: NULL : WAIT = 0.1
00304 LdEnable = 1 : NULL
00305 #TESING Output4A
00305 sdo[0x6200][1] = 64 : NULL : WAIT = 0.1
00306 #verify reading  Output4A
00306 NULL : sdo[0x5003][7] = 15.0 | 2 | 0.5
00306 TEST: Status Message Amp.Port_4A 15.0 +/- 2.0
00306 PASS: Status Message Amp.Port_4A 15.0
00307 NULL : sdo[0x5001][4] = 24 | 0.01 | 0.1
00307 PASS: Status Message F1.Status_Output3-4 24.0
00308 #verify reading from load
00308 NULL : MeterCurrent = 1.5 | 0.1 | 0.1
00308 TEST: MeterCurrent 1.5 +/- 0.1
00308 PASS: MeterCurrent 1.499
00309 
00309 #set current and turn on output and verify feedback
00309 LdCurrentSet = 2000: NULL : WAIT = 0.1
00310 LdEnable = 1 : NULL
00311 #TESING Output4A
00311 sdo[0x6200][1] = 64 : NULL : WAIT = 0.1
00312 #verify reading  Output4A
00312 NULL : sdo[0x5003][7] = 20.0 | 2 | 0.5
00312 TEST: Status Message Amp.Port_4A 20.0 +/- 2.0
00312 PASS: Status Message Amp.Port_4A 20.0
00313 NULL : sdo[0x5001][4] = 24 | 0.01 | 0.1
00313 PASS: Status Message F1.Status_Output3-4 24.0
00314 #verify reading from load
00314 NULL : MeterCurrent = 2.0 | 0.1 | 0.1
00314 TEST: MeterCurrent 2.0 +/- 0.1
00314 PASS: MeterCurrent 1.999
00315 
00315 #set current and turn on output and verify feedback
00315 LdCurrentSet = 2500: NULL : WAIT = 0.1
00316 LdEnable = 1 : NULL
00317 #TESING Output4A
00317 sdo[0x6200][1] = 64 : NULL : WAIT = 0.1
00318 #verify reading  Output4A
00318 NULL : sdo[0x5003][7] = 25.0 | 2 | 0.5
00318 TEST: Status Message Amp.Port_4A 25.0 +/- 2.0
00318 PASS: Status Message Amp.Port_4A 25.0
00319 NULL : sdo[0x5001][4] = 24 | 0.01 | 0.1
00319 PASS: Status Message F1.Status_Output3-4 24.0
00320 #verify reading from load
00320 NULL : MeterCurrent = 2.5 | 0.1 | 0.1
00320 TEST: MeterCurrent 2.5 +/- 0.1
00320 PASS: MeterCurrent 2.499
00321 
00321 #set current and turn on output and verify feedback
00321 LdCurrentSet = 3000: NULL : WAIT = 0.1
00322 LdEnable = 1 : NULL
00323 #TESING Output4A
00323 sdo[0x6200][1] = 64 : NULL : WAIT = 0.1
00324 #verify reading  Output4A
00324 NULL : sdo[0x5003][7] = 30.0 | 2 | 0.5
00324 TEST: Status Message Amp.Port_4A 30.0 +/- 2.0
00324 PASS: Status Message Amp.Port_4A 31.0
00325 NULL : sdo[0x5001][4] = 24 | 0.01 | 0.1
00325 PASS: Status Message F1.Status_Output3-4 24.0
00326 #verify reading from load
00326 NULL : MeterCurrent = 3.0 | 0.1 | 0.1
00326 TEST: MeterCurrent 3.0 +/- 0.1
00326 PASS: MeterCurrent 2.999
00327 
00327 #set current and turn on output and verify feedback
00327 LdCurrentSet = 3500: NULL : WAIT = 0.1
00328 LdEnable = 1 : NULL
00329 #TESING Output4A
00329 sdo[0x6200][1] = 64 : NULL : WAIT = 0.1
00330 #verify reading  Output4A
00330 NULL : sdo[0x5003][7] = 35.0 | 2 | 0.5
00330 TEST: Status Message Amp.Port_4A 35.0 +/- 2.0
00330 PASS: Status Message Amp.Port_4A 36.0
00331 NULL : sdo[0x5001][4] = 24 | 0.01 | 0.1
00331 PASS: Status Message F1.Status_Output3-4 24.0
00332 #verify reading from load
00332 NULL : MeterCurrent = 3.5 | 0.1 | 0.1
00332 TEST: MeterCurrent 3.5 +/- 0.1
00332 PASS: MeterCurrent 3.499
00333 
00333 #set current and turn on output and verify feedback
00333 LdCurrentSet = 4000: NULL : WAIT = 0.1
00334 LdEnable = 1 : NULL
00335 #TESING Output4A
00335 sdo[0x6200][1] = 64 : NULL : WAIT = 0.1
00336 #verify reading  Output4A
00336 NULL : sdo[0x5003][7] = 40.0 | 2 | 0.5
00336 TEST: Status Message Amp.Port_4A 40.0 +/- 2.0
00336 PASS: Status Message Amp.Port_4A 41.0
00337 NULL : sdo[0x5001][4] = 24 | 0.01 | 0.1
00337 PASS: Status Message F1.Status_Output3-4 24.0
00338 #verify reading from load
00338 NULL : MeterCurrent = 4.0 | 0.1 | 0.1
00338 TEST: MeterCurrent 4.0 +/- 0.1
00338 PASS: MeterCurrent 3.999
00339 
00339 #set current and turn on output and verify feedback
00339 LdCurrentSet = 4500: NULL : WAIT = 0.1
00340 LdEnable = 1 : NULL
00341 #TESING Output4A
00341 sdo[0x6200][1] = 64 : NULL : WAIT = 0.1
00342 #verify fault Output4A
00342 NULL : sdo[0x5003][7] = 0 | 0.1 | 0.1
00342 TEST: Status Message Amp.Port_4A 0.0 +/- 0.1
00342 PASS: Status Message Amp.Port_4A 0.0
00343 NULL : sdo[0x5001][4] = 40 | 0 | 0.1
00343 PASS: Status Message F1.Status_Output3-4 40.0
00344 #verify reading from load
00344 NULL : MeterCurrent = 0  | 0.01 | 0.1
00344 TEST: MeterCurrent 0.0 +/- 0.01
00344 PASS: MeterCurrent 0.0
00345 
00345 #switch out load line, clear current
00345 sdo[0x6200][1] = 0 : NULL : WAIT = 0.1
00346 J2_07 = 0 : NULL : WAIT = 0.5
00347 #read signal value to update
00347 NULL : sdo[0x5003][7] = 0 | 155 | 0.5
00347 TEST: Status Message Amp.Port_4A 0.0 +/- 155.0
00347 PASS: Status Message Amp.Port_4A 0.0
00348 LdCurrentSet = 0 : NULL : WAIT = 0.1
00349 NULL : sdo[0x5001][4] = 40 | 0 | 0.1
00349 TEST: Status Message F1.Status_Output3-4 40.0 +/- 0.0
00349 PASS: Status Message F1.Status_Output3-4 40.0
00350 sdo[0x2000][1] = 0, sdo[0x2000][2] = 0 : NULL
00351 sdo[0x2001][4] = 17 : NULL
00352 #switch in load line, set current
00352 J2_08 = 1 : NULL
00353 
00353 #set current and turn on output and verify feedback
00353 LdCurrentSet = 0: NULL : WAIT = 0.1
00354 LdEnable = 1 : NULL
00355 #TESING Output4B
00355 sdo[0x6200][1] = 128 : NULL : WAIT = 0.1
00356 #verify reading  Output4B
00356 NULL : sdo[0x5003][8] = 0.0 | 2 | 0.5
00356 TEST: Status Message Amp.Port_4B 0.0 +/- 2.0
00356 PASS: Status Message Amp.Port_4B 0.0
00357 NULL : sdo[0x5001][4] = 104 | 0.01 | 0.1
00357 PASS: Status Message F1.Status_Output3-4 104.0
00358 #verify reading from load
00358 NULL : MeterCurrent = 0.0 | 0.1 | 0.1
00358 TEST: MeterCurrent 0.0 +/- 0.1
00358 PASS: MeterCurrent 0.0
00359 
00359 #set current and turn on output and verify feedback
00359 LdCurrentSet = 500: NULL : WAIT = 0.1
00360 LdEnable = 1 : NULL
00361 #TESING Output4B
00361 sdo[0x6200][1] = 128 : NULL : WAIT = 0.1
00362 #verify reading  Output4B
00362 NULL : sdo[0x5003][8] = 5.0 | 2 | 0.5
00362 TEST: Status Message Amp.Port_4B 5.0 +/- 2.0
00362 PASS: Status Message Amp.Port_4B 4.0
00363 NULL : sdo[0x5001][4] = 104 | 0.01 | 0.1
00363 PASS: Status Message F1.Status_Output3-4 104.0
00364 #verify reading from load
00364 NULL : MeterCurrent = 0.5 | 0.1 | 0.1
00364 TEST: MeterCurrent 0.5 +/- 0.1
00364 PASS: MeterCurrent 0.499
00365 
00365 #set current and turn on output and verify feedback
00365 LdCurrentSet = 1000: NULL : WAIT = 0.1
00366 LdEnable = 1 : NULL
00367 #TESING Output4B
00367 sdo[0x6200][1] = 128 : NULL : WAIT = 0.1
00368 #verify reading  Output4B
00368 NULL : sdo[0x5003][8] = 10.0 | 2 | 0.5
00368 TEST: Status Message Amp.Port_4B 10.0 +/- 2.0
00368 PASS: Status Message Amp.Port_4B 9.0
00369 NULL : sdo[0x5001][4] = 104 | 0.01 | 0.1
00369 PASS: Status Message F1.Status_Output3-4 104.0
00370 #verify reading from load
00370 NULL : MeterCurrent = 1.0 | 0.1 | 0.1
00370 TEST: MeterCurrent 1.0 +/- 0.1
00370 PASS: MeterCurrent 0.999
00371 
00371 #set current and turn on output and verify feedback
00371 LdCurrentSet = 1500: NULL : WAIT = 0.1
00372 LdEnable = 1 : NULL
00373 #TESING Output4B
00373 sdo[0x6200][1] = 128 : NULL : WAIT = 0.1
00374 #verify reading  Output4B
00374 NULL : sdo[0x5003][8] = 15.0 | 2 | 0.5
00374 TEST: Status Message Amp.Port_4B 15.0 +/- 2.0
00374 PASS: Status Message Amp.Port_4B 15.0
00375 NULL : sdo[0x5001][4] = 104 | 0.01 | 0.1
00375 PASS: Status Message F1.Status_Output3-4 104.0
00376 #verify reading from load
00376 NULL : MeterCurrent = 1.5 | 0.1 | 0.1
00376 TEST: MeterCurrent 1.5 +/- 0.1
00376 PASS: MeterCurrent 1.499
00377 
00377 #set current and turn on output and verify feedback
00377 LdCurrentSet = 2000: NULL : WAIT = 0.1
00378 LdEnable = 1 : NULL
00379 #TESING Output4B
00379 sdo[0x6200][1] = 128 : NULL : WAIT = 0.1
00380 #verify reading  Output4B
00380 NULL : sdo[0x5003][8] = 20.0 | 2 | 0.5
00380 TEST: Status Message Amp.Port_4B 20.0 +/- 2.0
00380 PASS: Status Message Amp.Port_4B 20.0
00381 NULL : sdo[0x5001][4] = 104 | 0.01 | 0.1
00381 PASS: Status Message F1.Status_Output3-4 104.0
00382 #verify reading from load
00382 NULL : MeterCurrent = 2.0 | 0.1 | 0.1
00382 TEST: MeterCurrent 2.0 +/- 0.1
00382 PASS: MeterCurrent 1.999
00383 
00383 #set current and turn on output and verify feedback
00383 LdCurrentSet = 2500: NULL : WAIT = 0.1
00384 LdEnable = 1 : NULL
00385 #TESING Output4B
00385 sdo[0x6200][1] = 128 : NULL : WAIT = 0.1
00386 #verify reading  Output4B
00386 NULL : sdo[0x5003][8] = 25.0 | 2 | 0.5
00386 TEST: Status Message Amp.Port_4B 25.0 +/- 2.0
00386 PASS: Status Message Amp.Port_4B 25.0
00387 NULL : sdo[0x5001][4] = 104 | 0.01 | 0.1
00387 PASS: Status Message F1.Status_Output3-4 104.0
00388 #verify reading from load
00388 NULL : MeterCurrent = 2.5 | 0.1 | 0.1
00388 TEST: MeterCurrent 2.5 +/- 0.1
00388 PASS: MeterCurrent 2.499
00389 
00389 #set current and turn on output and verify feedback
00389 LdCurrentSet = 3000: NULL : WAIT = 0.1
00390 LdEnable = 1 : NULL
00391 #TESING Output4B
00391 sdo[0x6200][1] = 128 : NULL : WAIT = 0.1
00392 #verify reading  Output4B
00392 NULL : sdo[0x5003][8] = 30.0 | 2 | 0.5
00392 TEST: Status Message Amp.Port_4B 30.0 +/- 2.0
00392 PASS: Status Message Amp.Port_4B 30.0
00393 NULL : sdo[0x5001][4] = 104 | 0.01 | 0.1
00393 PASS: Status Message F1.Status_Output3-4 104.0
00394 #verify reading from load
00394 NULL : MeterCurrent = 3.0 | 0.1 | 0.1
00394 TEST: MeterCurrent 3.0 +/- 0.1
00394 PASS: MeterCurrent 2.999
00395 
00395 #set current and turn on output and verify feedback
00395 LdCurrentSet = 3500: NULL : WAIT = 0.1
00396 LdEnable = 1 : NULL
00397 #TESING Output4B
00397 sdo[0x6200][1] = 128 : NULL : WAIT = 0.1
00398 #verify reading  Output4B
00398 NULL : sdo[0x5003][8] = 35.0 | 2 | 0.5
00398 TEST: Status Message Amp.Port_4B 35.0 +/- 2.0
00398 PASS: Status Message Amp.Port_4B 35.0
00399 NULL : sdo[0x5001][4] = 104 | 0.01 | 0.1
00399 PASS: Status Message F1.Status_Output3-4 104.0
00400 #verify reading from load
00400 NULL : MeterCurrent = 3.5 | 0.1 | 0.1
00400 TEST: MeterCurrent 3.5 +/- 0.1
00400 PASS: MeterCurrent 3.499
00401 
00401 #set current and turn on output and verify feedback
00401 LdCurrentSet = 4000: NULL : WAIT = 0.1
00402 LdEnable = 1 : NULL
00403 #TESING Output4B
00403 sdo[0x6200][1] = 128 : NULL : WAIT = 0.1
00404 #verify reading  Output4B
00404 NULL : sdo[0x5003][8] = 40.0 | 2 | 0.5
00404 TEST: Status Message Amp.Port_4B 40.0 +/- 2.0
00404 PASS: Status Message Amp.Port_4B 40.0
00405 NULL : sdo[0x5001][4] = 104 | 0.01 | 0.1
00405 PASS: Status Message F1.Status_Output3-4 104.0
00406 #verify reading from load
00406 NULL : MeterCurrent = 4.0 | 0.1 | 0.1
00406 TEST: MeterCurrent 4.0 +/- 0.1
00406 PASS: MeterCurrent 3.999
00407 
00407 #set current and turn on output and verify feedback
00407 LdCurrentSet = 4500: NULL : WAIT = 0.1
00408 LdEnable = 1 : NULL
00409 #TESING Output4B
00409 sdo[0x6200][1] = 128 : NULL : WAIT = 0.1
00410 #verify fault Output4B
00410 NULL : sdo[0x5003][8] = 0 | 0.1 | 0.1
00410 TEST: Status Message Amp.Port_4B 0.0 +/- 0.1
00410 PASS: Status Message Amp.Port_4B 0.0
00411 NULL : sdo[0x5001][4] = 168 | 0 | 0.1
00411 PASS: Status Message F1.Status_Output3-4 168.0
00412 #verify reading from load
00412 NULL : MeterCurrent = 0  | 0.01 | 0.1
00412 TEST: MeterCurrent 0.0 +/- 0.01
00412 PASS: MeterCurrent 0.0
00413 
00413 #switch out load line, clear current
00413 sdo[0x6200][1] = 0 : NULL : WAIT = 0.1
00414 J2_08 = 0 : NULL : WAIT = 0.5
00415 #read signal value to update
00415 NULL : sdo[0x5003][8] = 0 | 155 | 0.5
00415 TEST: Status Message Amp.Port_4B 0.0 +/- 155.0
00415 PASS: Status Message Amp.Port_4B 0.0
00416 LdCurrentSet = 0 : NULL : WAIT = 0.1
00417 NULL : sdo[0x5001][4] = 168 | 0 | 0.1
00417 TEST: Status Message F1.Status_Output3-4 168.0 +/- 0.0
00417 PASS: Status Message F1.Status_Output3-4 168.0
00418 sdo[0x2000][1] = 0, sdo[0x2000][2] = 0 : NULL
00419 sdo[0x2001][5] = 17 : NULL
00420 #switch in load line, set current
00420 J2_09 = 1 : NULL
00421 
00421 #set current and turn on output and verify feedback
00421 LdCurrentSet = 0: NULL : WAIT = 0.1
00422 LdEnable = 1 : NULL
00423 #TESING Output5A
00423 sdo[0x6200][2] = 1 : NULL : WAIT = 0.1
00424 #verify reading  Output5A
00424 NULL : sdo[0x5003][9] = 0.0 | 2 | 0.5
00424 TEST: Status Message Amp.Port_5A 0.0 +/- 2.0
00424 PASS: Status Message Amp.Port_5A 0.0
00425 NULL : sdo[0x5001][5] = 1 | 0.01 | 0.1
00425 PASS: Status Message F1.Status_Output5-6 1.0
00426 #verify reading from load
00426 NULL : MeterCurrent = 0.0 | 0.1 | 0.1
00426 TEST: MeterCurrent 0.0 +/- 0.1
00426 PASS: MeterCurrent 0.0
00427 
00427 #set current and turn on output and verify feedback
00427 LdCurrentSet = 500: NULL : WAIT = 0.1
00428 LdEnable = 1 : NULL
00429 #TESING Output5A
00429 sdo[0x6200][2] = 1 : NULL : WAIT = 0.1
00430 #verify reading  Output5A
00430 NULL : sdo[0x5003][9] = 5.0 | 2 | 0.5
00430 TEST: Status Message Amp.Port_5A 5.0 +/- 2.0
00430 PASS: Status Message Amp.Port_5A 4.0
00431 NULL : sdo[0x5001][5] = 1 | 0.01 | 0.1
00431 PASS: Status Message F1.Status_Output5-6 1.0
00432 #verify reading from load
00432 NULL : MeterCurrent = 0.5 | 0.1 | 0.1
00432 TEST: MeterCurrent 0.5 +/- 0.1
00432 PASS: MeterCurrent 0.499
00433 
00433 #set current and turn on output and verify feedback
00433 LdCurrentSet = 1000: NULL : WAIT = 0.1
00434 LdEnable = 1 : NULL
00435 #TESING Output5A
00435 sdo[0x6200][2] = 1 : NULL : WAIT = 0.1
00436 #verify reading  Output5A
00436 NULL : sdo[0x5003][9] = 10.0 | 2 | 0.5
00436 TEST: Status Message Amp.Port_5A 10.0 +/- 2.0
00436 PASS: Status Message Amp.Port_5A 10.0
00437 NULL : sdo[0x5001][5] = 1 | 0.01 | 0.1
00437 PASS: Status Message F1.Status_Output5-6 1.0
00438 #verify reading from load
00438 NULL : MeterCurrent = 1.0 | 0.1 | 0.1
00438 TEST: MeterCurrent 1.0 +/- 0.1
00438 PASS: MeterCurrent 0.999
00439 
00439 #set current and turn on output and verify feedback
00439 LdCurrentSet = 1500: NULL : WAIT = 0.1
00440 LdEnable = 1 : NULL
00441 #TESING Output5A
00441 sdo[0x6200][2] = 1 : NULL : WAIT = 0.1
00442 #verify reading  Output5A
00442 NULL : sdo[0x5003][9] = 15.0 | 2 | 0.5
00442 TEST: Status Message Amp.Port_5A 15.0 +/- 2.0
00442 PASS: Status Message Amp.Port_5A 15.0
00443 NULL : sdo[0x5001][5] = 1 | 0.01 | 0.1
00443 PASS: Status Message F1.Status_Output5-6 1.0
00444 #verify reading from load
00444 NULL : MeterCurrent = 1.5 | 0.1 | 0.1
00444 TEST: MeterCurrent 1.5 +/- 0.1
00444 PASS: MeterCurrent 1.499
00445 
00445 #set current and turn on output and verify feedback
00445 LdCurrentSet = 2000: NULL : WAIT = 0.1
00446 LdEnable = 1 : NULL
00447 #TESING Output5A
00447 sdo[0x6200][2] = 1 : NULL : WAIT = 0.1
00448 #verify reading  Output5A
00448 NULL : sdo[0x5003][9] = 20.0 | 2 | 0.5
00448 TEST: Status Message Amp.Port_5A 20.0 +/- 2.0
00448 PASS: Status Message Amp.Port_5A 20.0
00449 NULL : sdo[0x5001][5] = 1 | 0.01 | 0.1
00449 PASS: Status Message F1.Status_Output5-6 1.0
00450 #verify reading from load
00450 NULL : MeterCurrent = 2.0 | 0.1 | 0.1
00450 TEST: MeterCurrent 2.0 +/- 0.1
00450 PASS: MeterCurrent 1.999
00451 
00451 #set current and turn on output and verify feedback
00451 LdCurrentSet = 2500: NULL : WAIT = 0.1
00452 LdEnable = 1 : NULL
00453 #TESING Output5A
00453 sdo[0x6200][2] = 1 : NULL : WAIT = 0.1
00454 #verify reading  Output5A
00454 NULL : sdo[0x5003][9] = 25.0 | 2 | 0.5
00454 TEST: Status Message Amp.Port_5A 25.0 +/- 2.0
00454 PASS: Status Message Amp.Port_5A 25.0
00455 NULL : sdo[0x5001][5] = 1 | 0.01 | 0.1
00455 PASS: Status Message F1.Status_Output5-6 1.0
00456 #verify reading from load
00456 NULL : MeterCurrent = 2.5 | 0.1 | 0.1
00456 TEST: MeterCurrent 2.5 +/- 0.1
00456 PASS: MeterCurrent 2.499
00457 
00457 #set current and turn on output and verify feedback
00457 LdCurrentSet = 3000: NULL : WAIT = 0.1
00458 LdEnable = 1 : NULL
00459 #TESING Output5A
00459 sdo[0x6200][2] = 1 : NULL : WAIT = 0.1
00460 #verify reading  Output5A
00460 NULL : sdo[0x5003][9] = 30.0 | 2 | 0.5
00460 TEST: Status Message Amp.Port_5A 30.0 +/- 2.0
00460 PASS: Status Message Amp.Port_5A 30.0
00461 NULL : sdo[0x5001][5] = 1 | 0.01 | 0.1
00461 PASS: Status Message F1.Status_Output5-6 1.0
00462 #verify reading from load
00462 NULL : MeterCurrent = 3.0 | 0.1 | 0.1
00462 TEST: MeterCurrent 3.0 +/- 0.1
00462 PASS: MeterCurrent 2.999
00463 
00463 #set current and turn on output and verify feedback
00463 LdCurrentSet = 3500: NULL : WAIT = 0.1
00464 LdEnable = 1 : NULL
00465 #TESING Output5A
00465 sdo[0x6200][2] = 1 : NULL : WAIT = 0.1
00466 #verify reading  Output5A
00466 NULL : sdo[0x5003][9] = 35.0 | 2 | 0.5
00466 TEST: Status Message Amp.Port_5A 35.0 +/- 2.0
00466 PASS: Status Message Amp.Port_5A 36.0
00467 NULL : sdo[0x5001][5] = 1 | 0.01 | 0.1
00467 PASS: Status Message F1.Status_Output5-6 1.0
00468 #verify reading from load
00468 NULL : MeterCurrent = 3.5 | 0.1 | 0.1
00468 TEST: MeterCurrent 3.5 +/- 0.1
00468 PASS: MeterCurrent 3.499
00469 
00469 #set current and turn on output and verify feedback
00469 LdCurrentSet = 4000: NULL : WAIT = 0.1
00470 LdEnable = 1 : NULL
00471 #TESING Output5A
00471 sdo[0x6200][2] = 1 : NULL : WAIT = 0.1
00472 #verify reading  Output5A
00472 NULL : sdo[0x5003][9] = 40.0 | 2 | 0.5
00472 TEST: Status Message Amp.Port_5A 40.0 +/- 2.0
00472 PASS: Status Message Amp.Port_5A 41.0
00473 NULL : sdo[0x5001][5] = 1 | 0.01 | 0.1
00473 PASS: Status Message F1.Status_Output5-6 1.0
00474 #verify reading from load
00474 NULL : MeterCurrent = 4.0 | 0.1 | 0.1
00474 TEST: MeterCurrent 4.0 +/- 0.1
00474 PASS: MeterCurrent 3.999
00475 
00475 #set current and turn on output and verify feedback
00475 LdCurrentSet = 4500: NULL : WAIT = 0.1
00476 LdEnable = 1 : NULL
00477 #TESING Output5A
00477 sdo[0x6200][2] = 1 : NULL : WAIT = 0.1
00478 #verify fault Output5A
00478 NULL : sdo[0x5003][9] = 0 | 0.1 | 0.1
00478 TEST: Status Message Amp.Port_5A 0.0 +/- 0.1
00478 PASS: Status Message Amp.Port_5A 0.0
00479 NULL : sdo[0x5001][5] = 2 | 0 | 0.1
00479 PASS: Status Message F1.Status_Output5-6 2.0
00480 #verify reading from load
00480 NULL : MeterCurrent = 0  | 0.01 | 0.1
00480 TEST: MeterCurrent 0.0 +/- 0.01
00480 PASS: MeterCurrent 0.0
00481 
00481 #switch out load line, clear current
00481 sdo[0x6200][2] = 0 : NULL : WAIT = 0.1
00482 J2_09 = 0 : NULL : WAIT = 0.5
00483 #read signal value to update
00483 NULL : sdo[0x5003][9] = 0 | 155 | 0.5
00483 TEST: Status Message Amp.Port_5A 0.0 +/- 155.0
00483 PASS: Status Message Amp.Port_5A 0.0
00484 LdCurrentSet = 0 : NULL : WAIT = 0.1
00485 NULL : sdo[0x5001][5] = 2 | 0 | 0.1
00485 TEST: Status Message F1.Status_Output5-6 2.0 +/- 0.0
00485 PASS: Status Message F1.Status_Output5-6 2.0
00486 sdo[0x2000][1] = 0, sdo[0x2000][2] = 0 : NULL
00487 sdo[0x2001][5] = 17 : NULL
00488 #switch in load line, set current
00488 J2_10 = 1 : NULL
00489 
00489 #set current and turn on output and verify feedback
00489 LdCurrentSet = 0: NULL : WAIT = 0.1
00490 LdEnable = 1 : NULL
00491 #TESING Output5B
00491 sdo[0x6200][2] = 2 : NULL : WAIT = 0.1
00492 #verify reading  Output5B
00492 NULL : sdo[0x5003][10] = 0.0 | 2 | 0.5
00492 TEST: Status Message Amp.Port_5B 0.0 +/- 2.0
00492 PASS: Status Message Amp.Port_5B 0.0
00493 NULL : sdo[0x5001][5] = 6 | 0.01 | 0.1
00493 PASS: Status Message F1.Status_Output5-6 6.0
00494 #verify reading from load
00494 NULL : MeterCurrent = 0.0 | 0.1 | 0.1
00494 TEST: MeterCurrent 0.0 +/- 0.1
00494 PASS: MeterCurrent 0.0
00495 
00495 #set current and turn on output and verify feedback
00495 LdCurrentSet = 500: NULL : WAIT = 0.1
00496 LdEnable = 1 : NULL
00497 #TESING Output5B
00497 sdo[0x6200][2] = 2 : NULL : WAIT = 0.1
00498 #verify reading  Output5B
00498 NULL : sdo[0x5003][10] = 5.0 | 2 | 0.5
00498 TEST: Status Message Amp.Port_5B 5.0 +/- 2.0
00498 PASS: Status Message Amp.Port_5B 4.0
00499 NULL : sdo[0x5001][5] = 6 | 0.01 | 0.1
00499 PASS: Status Message F1.Status_Output5-6 6.0
00500 #verify reading from load
00500 NULL : MeterCurrent = 0.5 | 0.1 | 0.1
00500 TEST: MeterCurrent 0.5 +/- 0.1
00500 PASS: MeterCurrent 0.499
00501 
00501 #set current and turn on output and verify feedback
00501 LdCurrentSet = 1000: NULL : WAIT = 0.1
00502 LdEnable = 1 : NULL
00503 #TESING Output5B
00503 sdo[0x6200][2] = 2 : NULL : WAIT = 0.1
00504 #verify reading  Output5B
00504 NULL : sdo[0x5003][10] = 10.0 | 2 | 0.5
00504 TEST: Status Message Amp.Port_5B 10.0 +/- 2.0
00504 PASS: Status Message Amp.Port_5B 9.0
00505 NULL : sdo[0x5001][5] = 6 | 0.01 | 0.1
00505 PASS: Status Message F1.Status_Output5-6 6.0
00506 #verify reading from load
00506 NULL : MeterCurrent = 1.0 | 0.1 | 0.1
00506 TEST: MeterCurrent 1.0 +/- 0.1
00506 PASS: MeterCurrent 0.999
00507 
00507 #set current and turn on output and verify feedback
00507 LdCurrentSet = 1500: NULL : WAIT = 0.1
00508 LdEnable = 1 : NULL
00509 #TESING Output5B
00509 sdo[0x6200][2] = 2 : NULL : WAIT = 0.1
00510 #verify reading  Output5B
00510 NULL : sdo[0x5003][10] = 15.0 | 2 | 0.5
00510 TEST: Status Message Amp.Port_5B 15.0 +/- 2.0
00510 PASS: Status Message Amp.Port_5B 15.0
00511 NULL : sdo[0x5001][5] = 6 | 0.01 | 0.1
00511 PASS: Status Message F1.Status_Output5-6 6.0
00512 #verify reading from load
00512 NULL : MeterCurrent = 1.5 | 0.1 | 0.1
00512 TEST: MeterCurrent 1.5 +/- 0.1
00512 PASS: MeterCurrent 1.499
00513 
00513 #set current and turn on output and verify feedback
00513 LdCurrentSet = 2000: NULL : WAIT = 0.1
00514 LdEnable = 1 : NULL
00515 #TESING Output5B
00515 sdo[0x6200][2] = 2 : NULL : WAIT = 0.1
00516 #verify reading  Output5B
00516 NULL : sdo[0x5003][10] = 20.0 | 2 | 0.5
00516 TEST: Status Message Amp.Port_5B 20.0 +/- 2.0
00516 PASS: Status Message Amp.Port_5B 20.0
00517 NULL : sdo[0x5001][5] = 6 | 0.01 | 0.1
00517 PASS: Status Message F1.Status_Output5-6 6.0
00518 #verify reading from load
00518 NULL : MeterCurrent = 2.0 | 0.1 | 0.1
00518 TEST: MeterCurrent 2.0 +/- 0.1
00518 PASS: MeterCurrent 1.999
00519 
00519 #set current and turn on output and verify feedback
00519 LdCurrentSet = 2500: NULL : WAIT = 0.1
00520 LdEnable = 1 : NULL
00521 #TESING Output5B
00521 sdo[0x6200][2] = 2 : NULL : WAIT = 0.1
00522 #verify reading  Output5B
00522 NULL : sdo[0x5003][10] = 25.0 | 2 | 0.5
00522 TEST: Status Message Amp.Port_5B 25.0 +/- 2.0
00522 PASS: Status Message Amp.Port_5B 25.0
00523 NULL : sdo[0x5001][5] = 6 | 0.01 | 0.1
00523 PASS: Status Message F1.Status_Output5-6 6.0
00524 #verify reading from load
00524 NULL : MeterCurrent = 2.5 | 0.1 | 0.1
00524 TEST: MeterCurrent 2.5 +/- 0.1
00524 PASS: MeterCurrent 2.499
00525 
00525 #set current and turn on output and verify feedback
00525 LdCurrentSet = 3000: NULL : WAIT = 0.1
00526 LdEnable = 1 : NULL
00527 #TESING Output5B
00527 sdo[0x6200][2] = 2 : NULL : WAIT = 0.1
00528 #verify reading  Output5B
00528 NULL : sdo[0x5003][10] = 30.0 | 2 | 0.5
00528 TEST: Status Message Amp.Port_5B 30.0 +/- 2.0
00528 PASS: Status Message Amp.Port_5B 30.0
00529 NULL : sdo[0x5001][5] = 6 | 0.01 | 0.1
00529 PASS: Status Message F1.Status_Output5-6 6.0
00530 #verify reading from load
00530 NULL : MeterCurrent = 3.0 | 0.1 | 0.1
00530 TEST: MeterCurrent 3.0 +/- 0.1
00530 PASS: MeterCurrent 2.999
00531 
00531 #set current and turn on output and verify feedback
00531 LdCurrentSet = 3500: NULL : WAIT = 0.1
00532 LdEnable = 1 : NULL
00533 #TESING Output5B
00533 sdo[0x6200][2] = 2 : NULL : WAIT = 0.1
00534 #verify reading  Output5B
00534 NULL : sdo[0x5003][10] = 35.0 | 2 | 0.5
00534 TEST: Status Message Amp.Port_5B 35.0 +/- 2.0
00534 PASS: Status Message Amp.Port_5B 35.0
00535 NULL : sdo[0x5001][5] = 6 | 0.01 | 0.1
00535 PASS: Status Message F1.Status_Output5-6 6.0
00536 #verify reading from load
00536 NULL : MeterCurrent = 3.5 | 0.1 | 0.1
00536 TEST: MeterCurrent 3.5 +/- 0.1
00536 PASS: MeterCurrent 3.499
00537 
00537 #set current and turn on output and verify feedback
00537 LdCurrentSet = 4000: NULL : WAIT = 0.1
00538 LdEnable = 1 : NULL
00539 #TESING Output5B
00539 sdo[0x6200][2] = 2 : NULL : WAIT = 0.1
00540 #verify reading  Output5B
00540 NULL : sdo[0x5003][10] = 40.0 | 2 | 0.5
00540 TEST: Status Message Amp.Port_5B 40.0 +/- 2.0
00540 PASS: Status Message Amp.Port_5B 40.0
00541 NULL : sdo[0x5001][5] = 6 | 0.01 | 0.1
00541 PASS: Status Message F1.Status_Output5-6 6.0
00542 #verify reading from load
00542 NULL : MeterCurrent = 4.0 | 0.1 | 0.1
00542 TEST: MeterCurrent 4.0 +/- 0.1
00542 PASS: MeterCurrent 3.999
00543 
00543 #set current and turn on output and verify feedback
00543 LdCurrentSet = 4500: NULL : WAIT = 0.1
00544 LdEnable = 1 : NULL
00545 #TESING Output5B
00545 sdo[0x6200][2] = 2 : NULL : WAIT = 0.1
00546 #verify fault Output5B
00546 NULL : sdo[0x5003][10] = 0 | 0.1 | 0.1
00546 TEST: Status Message Amp.Port_5B 0.0 +/- 0.1
00546 PASS: Status Message Amp.Port_5B 0.0
00547 NULL : sdo[0x5001][5] = 10 | 0 | 0.1
00547 PASS: Status Message F1.Status_Output5-6 10.0
00548 #verify reading from load
00548 NULL : MeterCurrent = 0  | 0.01 | 0.1
00548 TEST: MeterCurrent 0.0 +/- 0.01
00548 PASS: MeterCurrent 0.0
00549 
00549 #switch out load line, clear current
00549 sdo[0x6200][2] = 0 : NULL : WAIT = 0.1
00550 J2_10 = 0 : NULL : WAIT = 0.5
00551 #read signal value to update
00551 NULL : sdo[0x5003][10] = 0 | 155 | 0.5
00551 TEST: Status Message Amp.Port_5B 0.0 +/- 155.0
00551 PASS: Status Message Amp.Port_5B 0.0
00552 LdCurrentSet = 0 : NULL : WAIT = 0.1
00553 NULL : sdo[0x5001][5] = 10 | 0 | 0.1
00553 TEST: Status Message F1.Status_Output5-6 10.0 +/- 0.0
00553 PASS: Status Message F1.Status_Output5-6 10.0
00554 sdo[0x2000][1] = 0, sdo[0x2000][2] = 0 : NULL
00555 sdo[0x2001][6] = 17 : NULL
00556 #switch in load line, set current
00556 J2_11 = 1 : NULL
00557 
00557 #set current and turn on output and verify feedback
00557 LdCurrentSet = 0: NULL : WAIT = 0.1
00558 LdEnable = 1 : NULL
00559 #TESING Output6A
00559 sdo[0x6200][2] = 4 : NULL : WAIT = 0.1
00560 #verify reading  Output6A
00560 NULL : sdo[0x5003][11] = 0.0 | 2 | 0.5
00560 TEST: Status Message Amp.Port_6A 0.0 +/- 2.0
00560 PASS: Status Message Amp.Port_6A 0.0
00561 NULL : sdo[0x5001][5] = 26 | 0.01 | 0.1
00561 PASS: Status Message F1.Status_Output5-6 26.0
00562 #verify reading from load
00562 NULL : MeterCurrent = 0.0 | 0.1 | 0.1
00562 TEST: MeterCurrent 0.0 +/- 0.1
00562 PASS: MeterCurrent 0.0
00563 
00563 #set current and turn on output and verify feedback
00563 LdCurrentSet = 500: NULL : WAIT = 0.1
00564 LdEnable = 1 : NULL
00565 #TESING Output6A
00565 sdo[0x6200][2] = 4 : NULL : WAIT = 0.1
00566 #verify reading  Output6A
00566 NULL : sdo[0x5003][11] = 5.0 | 2 | 0.5
00566 TEST: Status Message Amp.Port_6A 5.0 +/- 2.0
00566 PASS: Status Message Amp.Port_6A 4.0
00567 NULL : sdo[0x5001][5] = 26 | 0.01 | 0.1
00567 PASS: Status Message F1.Status_Output5-6 26.0
00568 #verify reading from load
00568 NULL : MeterCurrent = 0.5 | 0.1 | 0.1
00568 TEST: MeterCurrent 0.5 +/- 0.1
00568 PASS: MeterCurrent 0.499
00569 
00569 #set current and turn on output and verify feedback
00569 LdCurrentSet = 1000: NULL : WAIT = 0.1
00570 LdEnable = 1 : NULL
00571 #TESING Output6A
00571 sdo[0x6200][2] = 4 : NULL : WAIT = 0.1
00572 #verify reading  Output6A
00572 NULL : sdo[0x5003][11] = 10.0 | 2 | 0.5
00572 TEST: Status Message Amp.Port_6A 10.0 +/- 2.0
00572 PASS: Status Message Amp.Port_6A 10.0
00573 NULL : sdo[0x5001][5] = 26 | 0.01 | 0.1
00573 PASS: Status Message F1.Status_Output5-6 26.0
00574 #verify reading from load
00574 NULL : MeterCurrent = 1.0 | 0.1 | 0.1
00574 TEST: MeterCurrent 1.0 +/- 0.1
00574 PASS: MeterCurrent 0.999
00575 
00575 #set current and turn on output and verify feedback
00575 LdCurrentSet = 1500: NULL : WAIT = 0.1
00576 LdEnable = 1 : NULL
00577 #TESING Output6A
00577 sdo[0x6200][2] = 4 : NULL : WAIT = 0.1
00578 #verify reading  Output6A
00578 NULL : sdo[0x5003][11] = 15.0 | 2 | 0.5
00578 TEST: Status Message Amp.Port_6A 15.0 +/- 2.0
00578 PASS: Status Message Amp.Port_6A 15.0
00579 NULL : sdo[0x5001][5] = 26 | 0.01 | 0.1
00579 PASS: Status Message F1.Status_Output5-6 26.0
00580 #verify reading from load
00580 NULL : MeterCurrent = 1.5 | 0.1 | 0.1
00580 TEST: MeterCurrent 1.5 +/- 0.1
00580 PASS: MeterCurrent 1.499
00581 
00581 #set current and turn on output and verify feedback
00581 LdCurrentSet = 2000: NULL : WAIT = 0.1
00582 LdEnable = 1 : NULL
00583 #TESING Output6A
00583 sdo[0x6200][2] = 4 : NULL : WAIT = 0.1
00584 #verify reading  Output6A
00584 NULL : sdo[0x5003][11] = 20.0 | 2 | 0.5
00584 TEST: Status Message Amp.Port_6A 20.0 +/- 2.0
00584 PASS: Status Message Amp.Port_6A 20.0
00585 NULL : sdo[0x5001][5] = 26 | 0.01 | 0.1
00585 PASS: Status Message F1.Status_Output5-6 26.0
00586 #verify reading from load
00586 NULL : MeterCurrent = 2.0 | 0.1 | 0.1
00586 TEST: MeterCurrent 2.0 +/- 0.1
00586 PASS: MeterCurrent 1.999
00587 
00587 #set current and turn on output and verify feedback
00587 LdCurrentSet = 2500: NULL : WAIT = 0.1
00588 LdEnable = 1 : NULL
00589 #TESING Output6A
00589 sdo[0x6200][2] = 4 : NULL : WAIT = 0.1
00590 #verify reading  Output6A
00590 NULL : sdo[0x5003][11] = 25.0 | 2 | 0.5
00590 TEST: Status Message Amp.Port_6A 25.0 +/- 2.0
00590 PASS: Status Message Amp.Port_6A 25.0
00591 NULL : sdo[0x5001][5] = 26 | 0.01 | 0.1
00591 PASS: Status Message F1.Status_Output5-6 26.0
00592 #verify reading from load
00592 NULL : MeterCurrent = 2.5 | 0.1 | 0.1
00592 TEST: MeterCurrent 2.5 +/- 0.1
00592 PASS: MeterCurrent 2.499
00593 
00593 #set current and turn on output and verify feedback
00593 LdCurrentSet = 3000: NULL : WAIT = 0.1
00594 LdEnable = 1 : NULL
00595 #TESING Output6A
00595 sdo[0x6200][2] = 4 : NULL : WAIT = 0.1
00596 #verify reading  Output6A
00596 NULL : sdo[0x5003][11] = 30.0 | 2 | 0.5
00596 TEST: Status Message Amp.Port_6A 30.0 +/- 2.0
00596 PASS: Status Message Amp.Port_6A 30.0
00597 NULL : sdo[0x5001][5] = 26 | 0.01 | 0.1
00597 PASS: Status Message F1.Status_Output5-6 26.0
00598 #verify reading from load
00598 NULL : MeterCurrent = 3.0 | 0.1 | 0.1
00598 TEST: MeterCurrent 3.0 +/- 0.1
00598 PASS: MeterCurrent 2.999
00599 
00599 #set current and turn on output and verify feedback
00599 LdCurrentSet = 3500: NULL : WAIT = 0.1
00600 LdEnable = 1 : NULL
00601 #TESING Output6A
00601 sdo[0x6200][2] = 4 : NULL : WAIT = 0.1
00602 #verify reading  Output6A
00602 NULL : sdo[0x5003][11] = 35.0 | 2 | 0.5
00602 TEST: Status Message Amp.Port_6A 35.0 +/- 2.0
00602 PASS: Status Message Amp.Port_6A 36.0
00603 NULL : sdo[0x5001][5] = 26 | 0.01 | 0.1
00603 PASS: Status Message F1.Status_Output5-6 26.0
00604 #verify reading from load
00604 NULL : MeterCurrent = 3.5 | 0.1 | 0.1
00604 TEST: MeterCurrent 3.5 +/- 0.1
00604 PASS: MeterCurrent 3.499
00605 
00605 #set current and turn on output and verify feedback
00605 LdCurrentSet = 4000: NULL : WAIT = 0.1
00606 LdEnable = 1 : NULL
00607 #TESING Output6A
00607 sdo[0x6200][2] = 4 : NULL : WAIT = 0.1
00608 #verify reading  Output6A
00608 NULL : sdo[0x5003][11] = 40.0 | 2 | 0.5
00608 TEST: Status Message Amp.Port_6A 40.0 +/- 2.0
00608 PASS: Status Message Amp.Port_6A 41.0
00609 NULL : sdo[0x5001][5] = 26 | 0.01 | 0.1
00609 PASS: Status Message F1.Status_Output5-6 26.0
00610 #verify reading from load
00610 NULL : MeterCurrent = 4.0 | 0.1 | 0.1
00610 TEST: MeterCurrent 4.0 +/- 0.1
00610 PASS: MeterCurrent 3.999
00611 
00611 #set current and turn on output and verify feedback
00611 LdCurrentSet = 4500: NULL : WAIT = 0.1
00612 LdEnable = 1 : NULL
00613 #TESING Output6A
00613 sdo[0x6200][2] = 4 : NULL : WAIT = 0.1
00614 #verify fault Output6A
00614 NULL : sdo[0x5003][11] = 0 | 0.1 | 0.1
00614 TEST: Status Message Amp.Port_6A 0.0 +/- 0.1
00614 PASS: Status Message Amp.Port_6A 0.0
00615 NULL : sdo[0x5001][5] = 42 | 0 | 0.1
00615 PASS: Status Message F1.Status_Output5-6 42.0
00616 #verify reading from load
00616 NULL : MeterCurrent = 0  | 0.01 | 0.1
00616 TEST: MeterCurrent 0.0 +/- 0.01
00616 PASS: MeterCurrent 0.0
00617 
00617 #switch out load line, clear current
00617 sdo[0x6200][2] = 0 : NULL : WAIT = 0.1
00618 J2_11 = 0 : NULL : WAIT = 0.5
00619 #read signal value to update
00619 NULL : sdo[0x5003][11] = 0 | 155 | 0.5
00619 TEST: Status Message Amp.Port_6A 0.0 +/- 155.0
00619 PASS: Status Message Amp.Port_6A 0.0
00620 LdCurrentSet = 0 : NULL : WAIT = 0.1
00621 NULL : sdo[0x5001][5] = 42 | 0 | 0.1
00621 TEST: Status Message F1.Status_Output5-6 42.0 +/- 0.0
00621 PASS: Status Message F1.Status_Output5-6 42.0
00622 sdo[0x2000][1] = 0, sdo[0x2000][2] = 0 : NULL
00623 sdo[0x2001][6] = 17 : NULL
00624 #switch in load line, set current
00624 J2_12 = 1 : NULL
00625 
00625 #set current and turn on output and verify feedback
00625 LdCurrentSet = 0: NULL : WAIT = 0.1
00626 LdEnable = 1 : NULL
00627 #TESING Output6B
00627 sdo[0x6200][2] = 8 : NULL : WAIT = 0.1
00628 #verify reading  Output6B
00628 NULL : sdo[0x5003][12] = 0.0 | 2 | 0.5
00628 TEST: Status Message Amp.Port_6B 0.0 +/- 2.0
00628 PASS: Status Message Amp.Port_6B 0.0
00629 NULL : sdo[0x5001][5] = 106 | 0.01 | 0.1
00629 PASS: Status Message F1.Status_Output5-6 106.0
00630 #verify reading from load
00630 NULL : MeterCurrent = 0.0 | 0.1 | 0.1
00630 TEST: MeterCurrent 0.0 +/- 0.1
00630 PASS: MeterCurrent 0.0
00631 
00631 #set current and turn on output and verify feedback
00631 LdCurrentSet = 500: NULL : WAIT = 0.1
00632 LdEnable = 1 : NULL
00633 #TESING Output6B
00633 sdo[0x6200][2] = 8 : NULL : WAIT = 0.1
00634 #verify reading  Output6B
00634 NULL : sdo[0x5003][12] = 5.0 | 2 | 0.5
00634 TEST: Status Message Amp.Port_6B 5.0 +/- 2.0
00634 PASS: Status Message Amp.Port_6B 4.0
00635 NULL : sdo[0x5001][5] = 106 | 0.01 | 0.1
00635 PASS: Status Message F1.Status_Output5-6 106.0
00636 #verify reading from load
00636 NULL : MeterCurrent = 0.5 | 0.1 | 0.1
00636 TEST: MeterCurrent 0.5 +/- 0.1
00636 PASS: MeterCurrent 0.499
00637 
00637 #set current and turn on output and verify feedback
00637 LdCurrentSet = 1000: NULL : WAIT = 0.1
00638 LdEnable = 1 : NULL
00639 #TESING Output6B
00639 sdo[0x6200][2] = 8 : NULL : WAIT = 0.1
00640 #verify reading  Output6B
00640 NULL : sdo[0x5003][12] = 10.0 | 2 | 0.5
00640 TEST: Status Message Amp.Port_6B 10.0 +/- 2.0
00640 PASS: Status Message Amp.Port_6B 9.0
00641 NULL : sdo[0x5001][5] = 106 | 0.01 | 0.1
00641 PASS: Status Message F1.Status_Output5-6 106.0
00642 #verify reading from load
00642 NULL : MeterCurrent = 1.0 | 0.1 | 0.1
00642 TEST: MeterCurrent 1.0 +/- 0.1
00642 PASS: MeterCurrent 0.999
00643 
00643 #set current and turn on output and verify feedback
00643 LdCurrentSet = 1500: NULL : WAIT = 0.1
00644 LdEnable = 1 : NULL
00645 #TESING Output6B
00645 sdo[0x6200][2] = 8 : NULL : WAIT = 0.1
00646 #verify reading  Output6B
00646 NULL : sdo[0x5003][12] = 15.0 | 2 | 0.5
00646 TEST: Status Message Amp.Port_6B 15.0 +/- 2.0
00646 PASS: Status Message Amp.Port_6B 14.0
00647 NULL : sdo[0x5001][5] = 106 | 0.01 | 0.1
00647 PASS: Status Message F1.Status_Output5-6 106.0
00648 #verify reading from load
00648 NULL : MeterCurrent = 1.5 | 0.1 | 0.1
00648 TEST: MeterCurrent 1.5 +/- 0.1
00648 PASS: MeterCurrent 1.499
00649 
00649 #set current and turn on output and verify feedback
00649 LdCurrentSet = 2000: NULL : WAIT = 0.1
00650 LdEnable = 1 : NULL
00651 #TESING Output6B
00651 sdo[0x6200][2] = 8 : NULL : WAIT = 0.1
00652 #verify reading  Output6B
00652 NULL : sdo[0x5003][12] = 20.0 | 2 | 0.5
00652 TEST: Status Message Amp.Port_6B 20.0 +/- 2.0
00652 PASS: Status Message Amp.Port_6B 20.0
00653 NULL : sdo[0x5001][5] = 106 | 0.01 | 0.1
00653 PASS: Status Message F1.Status_Output5-6 106.0
00654 #verify reading from load
00654 NULL : MeterCurrent = 2.0 | 0.1 | 0.1
00654 TEST: MeterCurrent 2.0 +/- 0.1
00654 PASS: MeterCurrent 1.999
00655 
00655 #set current and turn on output and verify feedback
00655 LdCurrentSet = 2500: NULL : WAIT = 0.1
00656 LdEnable = 1 : NULL
00657 #TESING Output6B
00657 sdo[0x6200][2] = 8 : NULL : WAIT = 0.1
00658 #verify reading  Output6B
00658 NULL : sdo[0x5003][12] = 25.0 | 2 | 0.5
00658 TEST: Status Message Amp.Port_6B 25.0 +/- 2.0
00658 PASS: Status Message Amp.Port_6B 25.0
00659 NULL : sdo[0x5001][5] = 106 | 0.01 | 0.1
00659 PASS: Status Message F1.Status_Output5-6 106.0
00660 #verify reading from load
00660 NULL : MeterCurrent = 2.5 | 0.1 | 0.1
00660 TEST: MeterCurrent 2.5 +/- 0.1
00660 PASS: MeterCurrent 2.499
00661 
00661 #set current and turn on output and verify feedback
00661 LdCurrentSet = 3000: NULL : WAIT = 0.1
00662 LdEnable = 1 : NULL
00663 #TESING Output6B
00663 sdo[0x6200][2] = 8 : NULL : WAIT = 0.1
00664 #verify reading  Output6B
00664 NULL : sdo[0x5003][12] = 30.0 | 2 | 0.5
00664 TEST: Status Message Amp.Port_6B 30.0 +/- 2.0
00664 PASS: Status Message Amp.Port_6B 30.0
00665 NULL : sdo[0x5001][5] = 106 | 0.01 | 0.1
00665 PASS: Status Message F1.Status_Output5-6 106.0
00666 #verify reading from load
00666 NULL : MeterCurrent = 3.0 | 0.1 | 0.1
00666 TEST: MeterCurrent 3.0 +/- 0.1
00666 PASS: MeterCurrent 2.999
00667 
00667 #set current and turn on output and verify feedback
00667 LdCurrentSet = 3500: NULL : WAIT = 0.1
00668 LdEnable = 1 : NULL
00669 #TESING Output6B
00669 sdo[0x6200][2] = 8 : NULL : WAIT = 0.1
00670 #verify reading  Output6B
00670 NULL : sdo[0x5003][12] = 35.0 | 2 | 0.5
00670 TEST: Status Message Amp.Port_6B 35.0 +/- 2.0
00670 PASS: Status Message Amp.Port_6B 35.0
00671 NULL : sdo[0x5001][5] = 106 | 0.01 | 0.1
00671 PASS: Status Message F1.Status_Output5-6 106.0
00672 #verify reading from load
00672 NULL : MeterCurrent = 3.5 | 0.1 | 0.1
00672 TEST: MeterCurrent 3.5 +/- 0.1
00672 PASS: MeterCurrent 3.499
00673 
00673 #set current and turn on output and verify feedback
00673 LdCurrentSet = 4000: NULL : WAIT = 0.1
00674 LdEnable = 1 : NULL
00675 #TESING Output6B
00675 sdo[0x6200][2] = 8 : NULL : WAIT = 0.1
00676 #verify reading  Output6B
00676 NULL : sdo[0x5003][12] = 40.0 | 2 | 0.5
00676 TEST: Status Message Amp.Port_6B 40.0 +/- 2.0
00676 PASS: Status Message Amp.Port_6B 40.0
00677 NULL : sdo[0x5001][5] = 106 | 0.01 | 0.1
00677 PASS: Status Message F1.Status_Output5-6 106.0
00678 #verify reading from load
00678 NULL : MeterCurrent = 4.0 | 0.1 | 0.1
00678 TEST: MeterCurrent 4.0 +/- 0.1
00678 PASS: MeterCurrent 3.999
00679 
00679 #set current and turn on output and verify feedback
00679 LdCurrentSet = 4500: NULL : WAIT = 0.1
00680 LdEnable = 1 : NULL
00681 #TESING Output6B
00681 sdo[0x6200][2] = 8 : NULL : WAIT = 0.1
00682 #verify fault Output6B
00682 NULL : sdo[0x5003][12] = 0 | 0.1 | 0.1
00682 TEST: Status Message Amp.Port_6B 0.0 +/- 0.1
00682 PASS: Status Message Amp.Port_6B 0.0
00683 NULL : sdo[0x5001][5] = 170 | 0 | 0.1
00683 PASS: Status Message F1.Status_Output5-6 170.0
00684 #verify reading from load
00684 NULL : MeterCurrent = 0  | 0.01 | 0.1
00684 TEST: MeterCurrent 0.0 +/- 0.01
00684 PASS: MeterCurrent 0.0
00685 
00685 #switch out load line, clear current
00685 sdo[0x6200][2] = 0 : NULL : WAIT = 0.1
00686 J2_12 = 0 : NULL : WAIT = 0.5
00687 #read signal value to update
00687 NULL : sdo[0x5003][12] = 0 | 155 | 0.5
00687 TEST: Status Message Amp.Port_6B 0.0 +/- 155.0
00687 PASS: Status Message Amp.Port_6B 0.0
00688 LdCurrentSet = 0 : NULL : WAIT = 0.1
00689 NULL : sdo[0x5001][5] = 170 | 0 | 0.1
00689 TEST: Status Message F1.Status_Output5-6 170.0 +/- 0.0
00689 PASS: Status Message F1.Status_Output5-6 170.0
00690 sdo[0x2000][1] = 0, sdo[0x2000][2] = 0 : NULL
00691 sdo[0x2001][7] = 17 : NULL
00692 #switch in load line, set current
00692 J3_01 = 1 : NULL
00693 
00693 #set current and turn on output and verify feedback
00693 LdCurrentSet = 0: NULL : WAIT = 0.1
00694 LdEnable = 1 : NULL
00695 #TESING Output7A
00695 sdo[0x6200][2] = 16 : NULL : WAIT = 0.1
00696 #verify reading  Output7A
00696 NULL : sdo[0x5003][13] = 0.0 | 2 | 0.5
00696 TEST: Status Message Amp.Port_7A 0.0 +/- 2.0
00696 PASS: Status Message Amp.Port_7A 0.0
00697 NULL : sdo[0x5001][6] = 1 | 0.01 | 0.1
00697 PASS: Status Message F1.Status_Output7-8 1.0
00698 #verify reading from load
00698 NULL : MeterCurrent = 0.0 | 0.1 | 0.1
00698 TEST: MeterCurrent 0.0 +/- 0.1
00698 PASS: MeterCurrent 0.0
00699 
00699 #set current and turn on output and verify feedback
00699 LdCurrentSet = 500: NULL : WAIT = 0.1
00700 LdEnable = 1 : NULL
00701 #TESING Output7A
00701 sdo[0x6200][2] = 16 : NULL : WAIT = 0.1
00702 #verify reading  Output7A
00702 NULL : sdo[0x5003][13] = 5.0 | 2 | 0.5
00702 TEST: Status Message Amp.Port_7A 5.0 +/- 2.0
00702 PASS: Status Message Amp.Port_7A 4.0
00703 NULL : sdo[0x5001][6] = 1 | 0.01 | 0.1
00703 PASS: Status Message F1.Status_Output7-8 1.0
00704 #verify reading from load
00704 NULL : MeterCurrent = 0.5 | 0.1 | 0.1
00704 TEST: MeterCurrent 0.5 +/- 0.1
00704 PASS: MeterCurrent 0.499
00705 
00705 #set current and turn on output and verify feedback
00705 LdCurrentSet = 1000: NULL : WAIT = 0.1
00706 LdEnable = 1 : NULL
00707 #TESING Output7A
00707 sdo[0x6200][2] = 16 : NULL : WAIT = 0.1
00708 #verify reading  Output7A
00708 NULL : sdo[0x5003][13] = 10.0 | 2 | 0.5
00708 TEST: Status Message Amp.Port_7A 10.0 +/- 2.0
00708 PASS: Status Message Amp.Port_7A 10.0
00709 NULL : sdo[0x5001][6] = 1 | 0.01 | 0.1
00709 PASS: Status Message F1.Status_Output7-8 1.0
00710 #verify reading from load
00710 NULL : MeterCurrent = 1.0 | 0.1 | 0.1
00710 TEST: MeterCurrent 1.0 +/- 0.1
00710 PASS: MeterCurrent 0.999
00711 
00711 #set current and turn on output and verify feedback
00711 LdCurrentSet = 1500: NULL : WAIT = 0.1
00712 LdEnable = 1 : NULL
00713 #TESING Output7A
00713 sdo[0x6200][2] = 16 : NULL : WAIT = 0.1
00714 #verify reading  Output7A
00714 NULL : sdo[0x5003][13] = 15.0 | 2 | 0.5
00714 TEST: Status Message Amp.Port_7A 15.0 +/- 2.0
00714 PASS: Status Message Amp.Port_7A 15.0
00715 NULL : sdo[0x5001][6] = 1 | 0.01 | 0.1
00715 PASS: Status Message F1.Status_Output7-8 1.0
00716 #verify reading from load
00716 NULL : MeterCurrent = 1.5 | 0.1 | 0.1
00716 TEST: MeterCurrent 1.5 +/- 0.1
00716 PASS: MeterCurrent 1.499
00717 
00717 #set current and turn on output and verify feedback
00717 LdCurrentSet = 2000: NULL : WAIT = 0.1
00718 LdEnable = 1 : NULL
00719 #TESING Output7A
00719 sdo[0x6200][2] = 16 : NULL : WAIT = 0.1
00720 #verify reading  Output7A
00720 NULL : sdo[0x5003][13] = 20.0 | 2 | 0.5
00720 TEST: Status Message Amp.Port_7A 20.0 +/- 2.0
00720 PASS: Status Message Amp.Port_7A 20.0
00721 NULL : sdo[0x5001][6] = 1 | 0.01 | 0.1
00721 PASS: Status Message F1.Status_Output7-8 1.0
00722 #verify reading from load
00722 NULL : MeterCurrent = 2.0 | 0.1 | 0.1
00722 TEST: MeterCurrent 2.0 +/- 0.1
00722 PASS: MeterCurrent 1.999
00723 
00723 #set current and turn on output and verify feedback
00723 LdCurrentSet = 2500: NULL : WAIT = 0.1
00724 LdEnable = 1 : NULL
00725 #TESING Output7A
00725 sdo[0x6200][2] = 16 : NULL : WAIT = 0.1
00726 #verify reading  Output7A
00726 NULL : sdo[0x5003][13] = 25.0 | 2 | 0.5
00726 TEST: Status Message Amp.Port_7A 25.0 +/- 2.0
00726 PASS: Status Message Amp.Port_7A 25.0
00727 NULL : sdo[0x5001][6] = 1 | 0.01 | 0.1
00727 PASS: Status Message F1.Status_Output7-8 1.0
00728 #verify reading from load
00728 NULL : MeterCurrent = 2.5 | 0.1 | 0.1
00728 TEST: MeterCurrent 2.5 +/- 0.1
00728 PASS: MeterCurrent 2.5
00729 
00729 #set current and turn on output and verify feedback
00729 LdCurrentSet = 3000: NULL : WAIT = 0.1
00730 LdEnable = 1 : NULL
00731 #TESING Output7A
00731 sdo[0x6200][2] = 16 : NULL : WAIT = 0.1
00732 #verify reading  Output7A
00732 NULL : sdo[0x5003][13] = 30.0 | 2 | 0.5
00732 TEST: Status Message Amp.Port_7A 30.0 +/- 2.0
00732 PASS: Status Message Amp.Port_7A 31.0
00733 NULL : sdo[0x5001][6] = 1 | 0.01 | 0.1
00733 PASS: Status Message F1.Status_Output7-8 1.0
00734 #verify reading from load
00734 NULL : MeterCurrent = 3.0 | 0.1 | 0.1
00734 TEST: MeterCurrent 3.0 +/- 0.1
00734 PASS: MeterCurrent 2.999
00735 
00735 #set current and turn on output and verify feedback
00735 LdCurrentSet = 3500: NULL : WAIT = 0.1
00736 LdEnable = 1 : NULL
00737 #TESING Output7A
00737 sdo[0x6200][2] = 16 : NULL : WAIT = 0.1
00738 #verify reading  Output7A
00738 NULL : sdo[0x5003][13] = 35.0 | 2 | 0.5
00738 TEST: Status Message Amp.Port_7A 35.0 +/- 2.0
00738 PASS: Status Message Amp.Port_7A 36.0
00739 NULL : sdo[0x5001][6] = 1 | 0.01 | 0.1
00739 PASS: Status Message F1.Status_Output7-8 1.0
00740 #verify reading from load
00740 NULL : MeterCurrent = 3.5 | 0.1 | 0.1
00740 TEST: MeterCurrent 3.5 +/- 0.1
00740 PASS: MeterCurrent 3.499
00741 
00741 #set current and turn on output and verify feedback
00741 LdCurrentSet = 4000: NULL : WAIT = 0.1
00742 LdEnable = 1 : NULL
00743 #TESING Output7A
00743 sdo[0x6200][2] = 16 : NULL : WAIT = 0.1
00744 #verify reading  Output7A
00744 NULL : sdo[0x5003][13] = 40.0 | 2 | 0.5
00744 TEST: Status Message Amp.Port_7A 40.0 +/- 2.0
00744 PASS: Status Message Amp.Port_7A 41.0
00745 NULL : sdo[0x5001][6] = 1 | 0.01 | 0.1
00745 PASS: Status Message F1.Status_Output7-8 1.0
00746 #verify reading from load
00746 NULL : MeterCurrent = 4.0 | 0.1 | 0.1
00746 TEST: MeterCurrent 4.0 +/- 0.1
00746 PASS: MeterCurrent 3.999
00747 
00747 #set current and turn on output and verify feedback
00747 LdCurrentSet = 4500: NULL : WAIT = 0.1
00748 LdEnable = 1 : NULL
00749 #TESING Output7A
00749 sdo[0x6200][2] = 16 : NULL : WAIT = 0.1
00750 #verify fault Output7A
00750 NULL : sdo[0x5003][13] = 0 | 0.1 | 0.1
00750 TEST: Status Message Amp.Port_7A 0.0 +/- 0.1
00750 PASS: Status Message Amp.Port_7A 0.0
00751 NULL : sdo[0x5001][6] = 2 | 0 | 0.1
00751 PASS: Status Message F1.Status_Output7-8 2.0
00752 #verify reading from load
00752 NULL : MeterCurrent = 0  | 0.01 | 0.1
00752 TEST: MeterCurrent 0.0 +/- 0.01
00752 PASS: MeterCurrent 0.0
00753 
00753 #switch out load line, clear current
00753 sdo[0x6200][2] = 0 : NULL : WAIT = 0.1
00754 J3_01 = 0 : NULL : WAIT = 0.5
00755 #read signal value to update
00755 NULL : sdo[0x5003][13] = 0 | 155 | 0.5
00755 TEST: Status Message Amp.Port_7A 0.0 +/- 155.0
00755 PASS: Status Message Amp.Port_7A 0.0
00756 LdCurrentSet = 0 : NULL : WAIT = 0.1
00757 NULL : sdo[0x5001][6] = 2 | 0 | 0.1
00757 TEST: Status Message F1.Status_Output7-8 2.0 +/- 0.0
00757 PASS: Status Message F1.Status_Output7-8 2.0
00758 sdo[0x2000][1] = 0, sdo[0x2000][2] = 0 : NULL
00759 sdo[0x2001][7] = 17 : NULL
00760 #switch in load line, set current
00760 J3_02 = 1 : NULL
00761 
00761 #set current and turn on output and verify feedback
00761 LdCurrentSet = 0: NULL : WAIT = 0.1
00762 LdEnable = 1 : NULL
00763 #TESING Output7B
00763 sdo[0x6200][2] = 32 : NULL : WAIT = 0.1
00764 #verify reading  Output7B
00764 NULL : sdo[0x5003][14] = 0.0 | 2 | 0.5
00764 TEST: Status Message Amp.Port_7B 0.0 +/- 2.0
00764 PASS: Status Message Amp.Port_7B 0.0
00765 NULL : sdo[0x5001][6] = 6 | 0.01 | 0.1
00765 PASS: Status Message F1.Status_Output7-8 6.0
00766 #verify reading from load
00766 NULL : MeterCurrent = 0.0 | 0.1 | 0.1
00766 TEST: MeterCurrent 0.0 +/- 0.1
00766 PASS: MeterCurrent 0.0
00767 
00767 #set current and turn on output and verify feedback
00767 LdCurrentSet = 500: NULL : WAIT = 0.1
00768 LdEnable = 1 : NULL
00769 #TESING Output7B
00769 sdo[0x6200][2] = 32 : NULL : WAIT = 0.1
00770 #verify reading  Output7B
00770 NULL : sdo[0x5003][14] = 5.0 | 2 | 0.5
00770 TEST: Status Message Amp.Port_7B 5.0 +/- 2.0
00770 PASS: Status Message Amp.Port_7B 4.0
00771 NULL : sdo[0x5001][6] = 6 | 0.01 | 0.1
00771 PASS: Status Message F1.Status_Output7-8 6.0
00772 #verify reading from load
00772 NULL : MeterCurrent = 0.5 | 0.1 | 0.1
00772 TEST: MeterCurrent 0.5 +/- 0.1
00772 PASS: MeterCurrent 0.499
00773 
00773 #set current and turn on output and verify feedback
00773 LdCurrentSet = 1000: NULL : WAIT = 0.1
00774 LdEnable = 1 : NULL
00775 #TESING Output7B
00775 sdo[0x6200][2] = 32 : NULL : WAIT = 0.1
00776 #verify reading  Output7B
00776 NULL : sdo[0x5003][14] = 10.0 | 2 | 0.5
00776 TEST: Status Message Amp.Port_7B 10.0 +/- 2.0
00776 PASS: Status Message Amp.Port_7B 9.0
00777 NULL : sdo[0x5001][6] = 6 | 0.01 | 0.1
00777 PASS: Status Message F1.Status_Output7-8 6.0
00778 #verify reading from load
00778 NULL : MeterCurrent = 1.0 | 0.1 | 0.1
00778 TEST: MeterCurrent 1.0 +/- 0.1
00778 PASS: MeterCurrent 0.999
00779 
00779 #set current and turn on output and verify feedback
00779 LdCurrentSet = 1500: NULL : WAIT = 0.1
00780 LdEnable = 1 : NULL
00781 #TESING Output7B
00781 sdo[0x6200][2] = 32 : NULL : WAIT = 0.1
00782 #verify reading  Output7B
00782 NULL : sdo[0x5003][14] = 15.0 | 2 | 0.5
00782 TEST: Status Message Amp.Port_7B 15.0 +/- 2.0
00782 PASS: Status Message Amp.Port_7B 14.0
00783 NULL : sdo[0x5001][6] = 6 | 0.01 | 0.1
00783 PASS: Status Message F1.Status_Output7-8 6.0
00784 #verify reading from load
00784 NULL : MeterCurrent = 1.5 | 0.1 | 0.1
00784 TEST: MeterCurrent 1.5 +/- 0.1
00784 PASS: MeterCurrent 1.499
00785 
00785 #set current and turn on output and verify feedback
00785 LdCurrentSet = 2000: NULL : WAIT = 0.1
00786 LdEnable = 1 : NULL
00787 #TESING Output7B
00787 sdo[0x6200][2] = 32 : NULL : WAIT = 0.1
00788 #verify reading  Output7B
00788 NULL : sdo[0x5003][14] = 20.0 | 2 | 0.5
00788 TEST: Status Message Amp.Port_7B 20.0 +/- 2.0
00788 PASS: Status Message Amp.Port_7B 20.0
00789 NULL : sdo[0x5001][6] = 6 | 0.01 | 0.1
00789 PASS: Status Message F1.Status_Output7-8 6.0
00790 #verify reading from load
00790 NULL : MeterCurrent = 2.0 | 0.1 | 0.1
00790 TEST: MeterCurrent 2.0 +/- 0.1
00790 PASS: MeterCurrent 1.999
00791 
00791 #set current and turn on output and verify feedback
00791 LdCurrentSet = 2500: NULL : WAIT = 0.1
00792 LdEnable = 1 : NULL
00793 #TESING Output7B
00793 sdo[0x6200][2] = 32 : NULL : WAIT = 0.1
00794 #verify reading  Output7B
00794 NULL : sdo[0x5003][14] = 25.0 | 2 | 0.5
00794 TEST: Status Message Amp.Port_7B 25.0 +/- 2.0
00794 PASS: Status Message Amp.Port_7B 25.0
00795 NULL : sdo[0x5001][6] = 6 | 0.01 | 0.1
00795 PASS: Status Message F1.Status_Output7-8 6.0
00796 #verify reading from load
00796 NULL : MeterCurrent = 2.5 | 0.1 | 0.1
00796 TEST: MeterCurrent 2.5 +/- 0.1
00796 PASS: MeterCurrent 2.5
00797 
00797 #set current and turn on output and verify feedback
00797 LdCurrentSet = 3000: NULL : WAIT = 0.1
00798 LdEnable = 1 : NULL
00799 #TESING Output7B
00799 sdo[0x6200][2] = 32 : NULL : WAIT = 0.1
00800 #verify reading  Output7B
00800 NULL : sdo[0x5003][14] = 30.0 | 2 | 0.5
00800 TEST: Status Message Amp.Port_7B 30.0 +/- 2.0
00800 PASS: Status Message Amp.Port_7B 30.0
00801 NULL : sdo[0x5001][6] = 6 | 0.01 | 0.1
00801 PASS: Status Message F1.Status_Output7-8 6.0
00802 #verify reading from load
00802 NULL : MeterCurrent = 3.0 | 0.1 | 0.1
00802 TEST: MeterCurrent 3.0 +/- 0.1
00802 PASS: MeterCurrent 2.999
00803 
00803 #set current and turn on output and verify feedback
00803 LdCurrentSet = 3500: NULL : WAIT = 0.1
00804 LdEnable = 1 : NULL
00805 #TESING Output7B
00805 sdo[0x6200][2] = 32 : NULL : WAIT = 0.1
00806 #verify reading  Output7B
00806 NULL : sdo[0x5003][14] = 35.0 | 2 | 0.5
00806 TEST: Status Message Amp.Port_7B 35.0 +/- 2.0
00806 PASS: Status Message Amp.Port_7B 35.0
00807 NULL : sdo[0x5001][6] = 6 | 0.01 | 0.1
00807 PASS: Status Message F1.Status_Output7-8 6.0
00808 #verify reading from load
00808 NULL : MeterCurrent = 3.5 | 0.1 | 0.1
00808 TEST: MeterCurrent 3.5 +/- 0.1
00808 PASS: MeterCurrent 3.499
00809 
00809 #set current and turn on output and verify feedback
00809 LdCurrentSet = 4000: NULL : WAIT = 0.1
00810 LdEnable = 1 : NULL
00811 #TESING Output7B
00811 sdo[0x6200][2] = 32 : NULL : WAIT = 0.1
00812 #verify reading  Output7B
00812 NULL : sdo[0x5003][14] = 40.0 | 2 | 0.5
00812 TEST: Status Message Amp.Port_7B 40.0 +/- 2.0
00812 PASS: Status Message Amp.Port_7B 40.0
00813 NULL : sdo[0x5001][6] = 6 | 0.01 | 0.1
00813 PASS: Status Message F1.Status_Output7-8 6.0
00814 #verify reading from load
00814 NULL : MeterCurrent = 4.0 | 0.1 | 0.1
00814 TEST: MeterCurrent 4.0 +/- 0.1
00814 PASS: MeterCurrent 3.999
00815 
00815 #set current and turn on output and verify feedback
00815 LdCurrentSet = 4500: NULL : WAIT = 0.1
00816 LdEnable = 1 : NULL
00817 #TESING Output7B
00817 sdo[0x6200][2] = 32 : NULL : WAIT = 0.1
00818 #verify fault Output7B
00818 NULL : sdo[0x5003][14] = 0 | 0.1 | 0.1
00818 TEST: Status Message Amp.Port_7B 0.0 +/- 0.1
00818 PASS: Status Message Amp.Port_7B 0.0
00819 NULL : sdo[0x5001][6] = 10 | 0 | 0.1
00819 PASS: Status Message F1.Status_Output7-8 10.0
00820 #verify reading from load
00820 NULL : MeterCurrent = 0  | 0.01 | 0.1
00820 TEST: MeterCurrent 0.0 +/- 0.01
00820 PASS: MeterCurrent 0.0
00821 
00821 #switch out load line, clear current
00821 sdo[0x6200][2] = 0 : NULL : WAIT = 0.1
00822 J3_02 = 0 : NULL : WAIT = 0.5
00823 #read signal value to update
00823 NULL : sdo[0x5003][14] = 0 | 155 | 0.5
00823 TEST: Status Message Amp.Port_7B 0.0 +/- 155.0
00823 PASS: Status Message Amp.Port_7B 0.0
00824 LdCurrentSet = 0 : NULL : WAIT = 0.1
00825 NULL : sdo[0x5001][6] = 10 | 0 | 0.1
00825 TEST: Status Message F1.Status_Output7-8 10.0 +/- 0.0
00825 PASS: Status Message F1.Status_Output7-8 10.0
00826 sdo[0x2000][1] = 0, sdo[0x2000][2] = 0 : NULL
00827 sdo[0x2001][8] = 17 : NULL
00828 #switch in load line, set current
00828 J3_03 = 1 : NULL
00829 
00829 #set current and turn on output and verify feedback
00829 LdCurrentSet = 0: NULL : WAIT = 0.1
00830 LdEnable = 1 : NULL
00831 #TESING Output8A
00831 sdo[0x6200][2] = 64 : NULL : WAIT = 0.1
00832 #verify reading  Output8A
00832 NULL : sdo[0x5003][15] = 0.0 | 2 | 0.5
00832 TEST: Status Message Amp.Port_8A 0.0 +/- 2.0
00832 PASS: Status Message Amp.Port_8A 0.0
00833 NULL : sdo[0x5001][6] = 26 | 0.01 | 0.1
00833 PASS: Status Message F1.Status_Output7-8 26.0
00834 #verify reading from load
00834 NULL : MeterCurrent = 0.0 | 0.1 | 0.1
00834 TEST: MeterCurrent 0.0 +/- 0.1
00834 PASS: MeterCurrent 0.0
00835 
00835 #set current and turn on output and verify feedback
00835 LdCurrentSet = 500: NULL : WAIT = 0.1
00836 LdEnable = 1 : NULL
00837 #TESING Output8A
00837 sdo[0x6200][2] = 64 : NULL : WAIT = 0.1
00838 #verify reading  Output8A
00838 NULL : sdo[0x5003][15] = 5.0 | 2 | 0.5
00838 TEST: Status Message Amp.Port_8A 5.0 +/- 2.0
00838 PASS: Status Message Amp.Port_8A 4.0
00839 NULL : sdo[0x5001][6] = 26 | 0.01 | 0.1
00839 PASS: Status Message F1.Status_Output7-8 26.0
00840 #verify reading from load
00840 NULL : MeterCurrent = 0.5 | 0.1 | 0.1
00840 TEST: MeterCurrent 0.5 +/- 0.1
00840 PASS: MeterCurrent 0.499
00841 
00841 #set current and turn on output and verify feedback
00841 LdCurrentSet = 1000: NULL : WAIT = 0.1
00842 LdEnable = 1 : NULL
00843 #TESING Output8A
00843 sdo[0x6200][2] = 64 : NULL : WAIT = 0.1
00844 #verify reading  Output8A
00844 NULL : sdo[0x5003][15] = 10.0 | 2 | 0.5
00844 TEST: Status Message Amp.Port_8A 10.0 +/- 2.0
00844 PASS: Status Message Amp.Port_8A 10.0
00845 NULL : sdo[0x5001][6] = 26 | 0.01 | 0.1
00845 PASS: Status Message F1.Status_Output7-8 26.0
00846 #verify reading from load
00846 NULL : MeterCurrent = 1.0 | 0.1 | 0.1
00846 TEST: MeterCurrent 1.0 +/- 0.1
00846 PASS: MeterCurrent 0.999
00847 
00847 #set current and turn on output and verify feedback
00847 LdCurrentSet = 1500: NULL : WAIT = 0.1
00848 LdEnable = 1 : NULL
00849 #TESING Output8A
00849 sdo[0x6200][2] = 64 : NULL : WAIT = 0.1
00850 #verify reading  Output8A
00850 NULL : sdo[0x5003][15] = 15.0 | 2 | 0.5
00850 TEST: Status Message Amp.Port_8A 15.0 +/- 2.0
00850 PASS: Status Message Amp.Port_8A 15.0
00851 NULL : sdo[0x5001][6] = 26 | 0.01 | 0.1
00851 PASS: Status Message F1.Status_Output7-8 26.0
00852 #verify reading from load
00852 NULL : MeterCurrent = 1.5 | 0.1 | 0.1
00852 TEST: MeterCurrent 1.5 +/- 0.1
00852 PASS: MeterCurrent 1.499
00853 
00853 #set current and turn on output and verify feedback
00853 LdCurrentSet = 2000: NULL : WAIT = 0.1
00854 LdEnable = 1 : NULL
00855 #TESING Output8A
00855 sdo[0x6200][2] = 64 : NULL : WAIT = 0.1
00856 #verify reading  Output8A
00856 NULL : sdo[0x5003][15] = 20.0 | 2 | 0.5
00856 TEST: Status Message Amp.Port_8A 20.0 +/- 2.0
00856 PASS: Status Message Amp.Port_8A 20.0
00857 NULL : sdo[0x5001][6] = 26 | 0.01 | 0.1
00857 PASS: Status Message F1.Status_Output7-8 26.0
00858 #verify reading from load
00858 NULL : MeterCurrent = 2.0 | 0.1 | 0.1
00858 TEST: MeterCurrent 2.0 +/- 0.1
00858 PASS: MeterCurrent 1.999
00859 
00859 #set current and turn on output and verify feedback
00859 LdCurrentSet = 2500: NULL : WAIT = 0.1
00860 LdEnable = 1 : NULL
00861 #TESING Output8A
00861 sdo[0x6200][2] = 64 : NULL : WAIT = 0.1
00862 #verify reading  Output8A
00862 NULL : sdo[0x5003][15] = 25.0 | 2 | 0.5
00862 TEST: Status Message Amp.Port_8A 25.0 +/- 2.0
00862 PASS: Status Message Amp.Port_8A 25.0
00863 NULL : sdo[0x5001][6] = 26 | 0.01 | 0.1
00863 PASS: Status Message F1.Status_Output7-8 26.0
00864 #verify reading from load
00864 NULL : MeterCurrent = 2.5 | 0.1 | 0.1
00864 TEST: MeterCurrent 2.5 +/- 0.1
00864 PASS: MeterCurrent 2.5
00865 
00865 #set current and turn on output and verify feedback
00865 LdCurrentSet = 3000: NULL : WAIT = 0.1
00866 LdEnable = 1 : NULL
00867 #TESING Output8A
00867 sdo[0x6200][2] = 64 : NULL : WAIT = 0.1
00868 #verify reading  Output8A
00868 NULL : sdo[0x5003][15] = 30.0 | 2 | 0.5
00868 TEST: Status Message Amp.Port_8A 30.0 +/- 2.0
00868 PASS: Status Message Amp.Port_8A 31.0
00869 NULL : sdo[0x5001][6] = 26 | 0.01 | 0.1
00869 PASS: Status Message F1.Status_Output7-8 26.0
00870 #verify reading from load
00870 NULL : MeterCurrent = 3.0 | 0.1 | 0.1
00870 TEST: MeterCurrent 3.0 +/- 0.1
00870 PASS: MeterCurrent 2.999
00871 
00871 #set current and turn on output and verify feedback
00871 LdCurrentSet = 3500: NULL : WAIT = 0.1
00872 LdEnable = 1 : NULL
00873 #TESING Output8A
00873 sdo[0x6200][2] = 64 : NULL : WAIT = 0.1
00874 #verify reading  Output8A
00874 NULL : sdo[0x5003][15] = 35.0 | 2 | 0.5
00874 TEST: Status Message Amp.Port_8A 35.0 +/- 2.0
00874 PASS: Status Message Amp.Port_8A 36.0
00875 NULL : sdo[0x5001][6] = 26 | 0.01 | 0.1
00875 PASS: Status Message F1.Status_Output7-8 26.0
00876 #verify reading from load
00876 NULL : MeterCurrent = 3.5 | 0.1 | 0.1
00876 TEST: MeterCurrent 3.5 +/- 0.1
00876 PASS: MeterCurrent 3.499
00877 
00877 #set current and turn on output and verify feedback
00877 LdCurrentSet = 4000: NULL : WAIT = 0.1
00878 LdEnable = 1 : NULL
00879 #TESING Output8A
00879 sdo[0x6200][2] = 64 : NULL : WAIT = 0.1
00880 #verify reading  Output8A
00880 NULL : sdo[0x5003][15] = 40.0 | 2 | 0.5
00880 TEST: Status Message Amp.Port_8A 40.0 +/- 2.0
00880 PASS: Status Message Amp.Port_8A 41.0
00881 NULL : sdo[0x5001][6] = 26 | 0.01 | 0.1
00881 PASS: Status Message F1.Status_Output7-8 26.0
00882 #verify reading from load
00882 NULL : MeterCurrent = 4.0 | 0.1 | 0.1
00882 TEST: MeterCurrent 4.0 +/- 0.1
00882 PASS: MeterCurrent 3.999
00883 
00883 #set current and turn on output and verify feedback
00883 LdCurrentSet = 4500: NULL : WAIT = 0.1
00884 LdEnable = 1 : NULL
00885 #TESING Output8A
00885 sdo[0x6200][2] = 64 : NULL : WAIT = 0.1
00886 #verify fault Output8A
00886 NULL : sdo[0x5003][15] = 0 | 0.1 | 0.1
00886 TEST: Status Message Amp.Port_8A 0.0 +/- 0.1
00886 PASS: Status Message Amp.Port_8A 0.0
00887 NULL : sdo[0x5001][6] = 42 | 0 | 0.1
00887 PASS: Status Message F1.Status_Output7-8 42.0
00888 #verify reading from load
00888 NULL : MeterCurrent = 0  | 0.01 | 0.1
00888 TEST: MeterCurrent 0.0 +/- 0.01
00888 PASS: MeterCurrent 0.0
00889 
00889 #switch out load line, clear current
00889 sdo[0x6200][2] = 0 : NULL : WAIT = 0.1
00890 J3_03 = 0 : NULL : WAIT = 0.5
00891 #read signal value to update
00891 NULL : sdo[0x5003][15] = 0 | 155 | 0.5
00891 TEST: Status Message Amp.Port_8A 0.0 +/- 155.0
00891 PASS: Status Message Amp.Port_8A 0.0
00892 LdCurrentSet = 0 : NULL : WAIT = 0.1
00893 NULL : sdo[0x5001][6] = 42 | 0 | 0.1
00893 TEST: Status Message F1.Status_Output7-8 42.0 +/- 0.0
00893 PASS: Status Message F1.Status_Output7-8 42.0
00894 sdo[0x2000][1] = 0, sdo[0x2000][2] = 0 : NULL
00895 sdo[0x2001][8] = 17 : NULL
00896 #switch in load line, set current
00896 J3_04 = 1 : NULL
00897 
00897 #set current and turn on output and verify feedback
00897 LdCurrentSet = 0: NULL : WAIT = 0.1
00898 LdEnable = 1 : NULL
00899 #TESING Output8B
00899 sdo[0x6200][2] = 128 : NULL : WAIT = 0.1
00900 #verify reading  Output8B
00900 NULL : sdo[0x5003][16] = 0.0 | 2 | 0.5
00900 TEST: Status Message Amp.Port_8B 0.0 +/- 2.0
00900 PASS: Status Message Amp.Port_8B 0.0
00901 NULL : sdo[0x5001][6] = 106 | 0.01 | 0.1
00901 PASS: Status Message F1.Status_Output7-8 106.0
00902 #verify reading from load
00902 NULL : MeterCurrent = 0.0 | 0.1 | 0.1
00902 TEST: MeterCurrent 0.0 +/- 0.1
00902 PASS: MeterCurrent 0.0
00903 
00903 #set current and turn on output and verify feedback
00903 LdCurrentSet = 500: NULL : WAIT = 0.1
00904 LdEnable = 1 : NULL
00905 #TESING Output8B
00905 sdo[0x6200][2] = 128 : NULL : WAIT = 0.1
00906 #verify reading  Output8B
00906 NULL : sdo[0x5003][16] = 5.0 | 2 | 0.5
00906 TEST: Status Message Amp.Port_8B 5.0 +/- 2.0
00906 PASS: Status Message Amp.Port_8B 4.0
00907 NULL : sdo[0x5001][6] = 106 | 0.01 | 0.1
00907 PASS: Status Message F1.Status_Output7-8 106.0
00908 #verify reading from load
00908 NULL : MeterCurrent = 0.5 | 0.1 | 0.1
00908 TEST: MeterCurrent 0.5 +/- 0.1
00908 PASS: MeterCurrent 0.499
00909 
00909 #set current and turn on output and verify feedback
00909 LdCurrentSet = 1000: NULL : WAIT = 0.1
00910 LdEnable = 1 : NULL
00911 #TESING Output8B
00911 sdo[0x6200][2] = 128 : NULL : WAIT = 0.1
00912 #verify reading  Output8B
00912 NULL : sdo[0x5003][16] = 10.0 | 2 | 0.5
00912 TEST: Status Message Amp.Port_8B 10.0 +/- 2.0
00912 PASS: Status Message Amp.Port_8B 9.0
00913 NULL : sdo[0x5001][6] = 106 | 0.01 | 0.1
00913 PASS: Status Message F1.Status_Output7-8 106.0
00914 #verify reading from load
00914 NULL : MeterCurrent = 1.0 | 0.1 | 0.1
00914 TEST: MeterCurrent 1.0 +/- 0.1
00914 PASS: MeterCurrent 1.0
00915 
00915 #set current and turn on output and verify feedback
00915 LdCurrentSet = 1500: NULL : WAIT = 0.1
00916 LdEnable = 1 : NULL
00917 #TESING Output8B
00917 sdo[0x6200][2] = 128 : NULL : WAIT = 0.1
00918 #verify reading  Output8B
00918 NULL : sdo[0x5003][16] = 15.0 | 2 | 0.5
00918 TEST: Status Message Amp.Port_8B 15.0 +/- 2.0
00918 PASS: Status Message Amp.Port_8B 14.0
00919 NULL : sdo[0x5001][6] = 106 | 0.01 | 0.1
00919 PASS: Status Message F1.Status_Output7-8 106.0
00920 #verify reading from load
00920 NULL : MeterCurrent = 1.5 | 0.1 | 0.1
00920 TEST: MeterCurrent 1.5 +/- 0.1
00920 PASS: MeterCurrent 1.499
00921 
00921 #set current and turn on output and verify feedback
00921 LdCurrentSet = 2000: NULL : WAIT = 0.1
00922 LdEnable = 1 : NULL
00923 #TESING Output8B
00923 sdo[0x6200][2] = 128 : NULL : WAIT = 0.1
00924 #verify reading  Output8B
00924 NULL : sdo[0x5003][16] = 20.0 | 2 | 0.5
00924 TEST: Status Message Amp.Port_8B 20.0 +/- 2.0
00924 PASS: Status Message Amp.Port_8B 19.0
00925 NULL : sdo[0x5001][6] = 106 | 0.01 | 0.1
00925 PASS: Status Message F1.Status_Output7-8 106.0
00926 #verify reading from load
00926 NULL : MeterCurrent = 2.0 | 0.1 | 0.1
00926 TEST: MeterCurrent 2.0 +/- 0.1
00926 PASS: MeterCurrent 1.999
00927 
00927 #set current and turn on output and verify feedback
00927 LdCurrentSet = 2500: NULL : WAIT = 0.1
00928 LdEnable = 1 : NULL
00929 #TESING Output8B
00929 sdo[0x6200][2] = 128 : NULL : WAIT = 0.1
00930 #verify reading  Output8B
00930 NULL : sdo[0x5003][16] = 25.0 | 2 | 0.5
00930 TEST: Status Message Amp.Port_8B 25.0 +/- 2.0
00930 PASS: Status Message Amp.Port_8B 25.0
00931 NULL : sdo[0x5001][6] = 106 | 0.01 | 0.1
00931 PASS: Status Message F1.Status_Output7-8 106.0
00932 #verify reading from load
00932 NULL : MeterCurrent = 2.5 | 0.1 | 0.1
00932 TEST: MeterCurrent 2.5 +/- 0.1
00932 PASS: MeterCurrent 2.5
00933 
00933 #set current and turn on output and verify feedback
00933 LdCurrentSet = 3000: NULL : WAIT = 0.1
00934 LdEnable = 1 : NULL
00935 #TESING Output8B
00935 sdo[0x6200][2] = 128 : NULL : WAIT = 0.1
00936 #verify reading  Output8B
00936 NULL : sdo[0x5003][16] = 30.0 | 2 | 0.5
00936 TEST: Status Message Amp.Port_8B 30.0 +/- 2.0
00936 PASS: Status Message Amp.Port_8B 30.0
00937 NULL : sdo[0x5001][6] = 106 | 0.01 | 0.1
00937 PASS: Status Message F1.Status_Output7-8 106.0
00938 #verify reading from load
00938 NULL : MeterCurrent = 3.0 | 0.1 | 0.1
00938 TEST: MeterCurrent 3.0 +/- 0.1
00938 PASS: MeterCurrent 2.999
00939 
00939 #set current and turn on output and verify feedback
00939 LdCurrentSet = 3500: NULL : WAIT = 0.1
00940 LdEnable = 1 : NULL
00941 #TESING Output8B
00941 sdo[0x6200][2] = 128 : NULL : WAIT = 0.1
00942 #verify reading  Output8B
00942 NULL : sdo[0x5003][16] = 35.0 | 2 | 0.5
00942 TEST: Status Message Amp.Port_8B 35.0 +/- 2.0
00942 PASS: Status Message Amp.Port_8B 35.0
00943 NULL : sdo[0x5001][6] = 106 | 0.01 | 0.1
00943 PASS: Status Message F1.Status_Output7-8 106.0
00944 #verify reading from load
00944 NULL : MeterCurrent = 3.5 | 0.1 | 0.1
00944 TEST: MeterCurrent 3.5 +/- 0.1
00944 PASS: MeterCurrent 3.499
00945 
00945 #set current and turn on output and verify feedback
00945 LdCurrentSet = 4000: NULL : WAIT = 0.1
00946 LdEnable = 1 : NULL
00947 #TESING Output8B
00947 sdo[0x6200][2] = 128 : NULL : WAIT = 0.1
00948 #verify reading  Output8B
00948 NULL : sdo[0x5003][16] = 40.0 | 2 | 0.5
00948 TEST: Status Message Amp.Port_8B 40.0 +/- 2.0
00948 PASS: Status Message Amp.Port_8B 40.0
00949 NULL : sdo[0x5001][6] = 106 | 0.01 | 0.1
00949 PASS: Status Message F1.Status_Output7-8 106.0
00950 #verify reading from load
00950 NULL : MeterCurrent = 4.0 | 0.1 | 0.1
00950 TEST: MeterCurrent 4.0 +/- 0.1
00950 PASS: MeterCurrent 3.999
00951 
00951 #set current and turn on output and verify feedback
00951 LdCurrentSet = 4500: NULL : WAIT = 0.1
00952 LdEnable = 1 : NULL
00953 #TESING Output8B
00953 sdo[0x6200][2] = 128 : NULL : WAIT = 0.1
00954 #verify fault Output8B
00954 NULL : sdo[0x5003][16] = 0 | 0.1 | 0.1
00954 TEST: Status Message Amp.Port_8B 0.0 +/- 0.1
00954 PASS: Status Message Amp.Port_8B 0.0
00955 NULL : sdo[0x5001][6] = 170 | 0 | 0.1
00955 PASS: Status Message F1.Status_Output7-8 170.0
00956 #verify reading from load
00956 NULL : MeterCurrent = 0  | 0.01 | 0.1
00956 TEST: MeterCurrent 0.0 +/- 0.01
00956 PASS: MeterCurrent 0.0
00957 
00957 #switch out load line, clear current
00957 sdo[0x6200][2] = 0 : NULL : WAIT = 0.1
00958 J3_04 = 0 : NULL : WAIT = 0.5
00959 #read signal value to update
00959 NULL : sdo[0x5003][16] = 0 | 155 | 0.5
00959 TEST: Status Message Amp.Port_8B 0.0 +/- 155.0
00959 PASS: Status Message Amp.Port_8B 0.0
00960 LdCurrentSet = 0 : NULL : WAIT = 0.1
00961 NULL : sdo[0x5001][6] = 170 | 0 | 0.1
00961 TEST: Status Message F1.Status_Output7-8 170.0 +/- 0.0
00961 PASS: Status Message F1.Status_Output7-8 170.0
00962 NULL : sdo[0x5001][3] = 168 | 0 | 0.1
00962 PASS: Status Message F1.Status_Output1-2 168.0
00963 NULL : sdo[0x5001][4] = 168 | 0 | 0.1
00963 PASS: Status Message F1.Status_Output3-4 168.0
00964 NULL : sdo[0x5001][5] = 170 | 0 | 0.1
00964 PASS: Status Message F1.Status_Output5-6 170.0
00965 NULL : sdo[0x5001][6] = 170 | 0 | 0.1
00965 PASS: Status Message F1.Status_Output7-8 170.0
00966 LdRemote = 0 : NULL : WAIT = 0.1
00967 LdEnable = 0 : NULL : WAIT = 0.1
00968 J0_08_METER_LOAD = 0 : NULL : WAIT = 1
00969 PRE_OPERATIONAL
00969 SAVE
00969 END
Fail count: 0
Finished on: 2025-09-04-12:35:03
elapsed time: 0:08:50.951006
