Started on: 2025-09-10-14:23:03
00000 #37000-4
00000 #Verion 0.0
00000 #digital normal test using the E-LOAD
00000 UUT_EDS = 37000-564.eds
00000 UUT_DATANAME = 37000-4-CANOPEN-OUTPUT-SHORT
00000 
00000 PRE_OPERATIONAL
00000 #-----setup PAT-----
00000 #setup load
00000 LdRemote = 0 : NULL : WAIT = 0.1
00001 LdCurrentSet = 0 : NULL : WAIT = 0.1
00002 LdShort = 1 : NULL : WAIT = 1
00003 LdEnable = 1 : NULL : WAIT = 0.1
00004 J0_08_METER_LOAD = 1 : NULL : WAIT = 1
00005 NULL : sdo[0x5001][3] = 0 | 0.1 | 0.1
00005 TEST: Status Message F1.Status_Output1-2 0.0 +/- 0.1
00005 PASS: Status Message F1.Status_Output1-2 0.0
00006 NULL : sdo[0x5001][4] = 0 | 0.1 | 0.1
00006 PASS: Status Message F1.Status_Output3-4 0.0
00007 OPERATIONAL
00007 #-----setup 34044-----
00007 sdo[0x2000][1] = 0, sdo[0x2000][2] = 0 : NULL : WAIT = 0.1
00008 #disable global modes
00008 sdo[0x2000][3] = 0 : NULL : WAIT = 0.1
00009 sdo[0x2000][4] = 0 : NULL : WAIT = 0.1
00010 sdo[0x2000][1] = 0 : NULL : WAIT = 0.2
00011 sdo[0x2001][1] = 17 : NULL : WAIT = 0.2
00012 #switch in load line, set current
00012 J2_01 = 1 : NULL : WAIT = 0.5
00013 sdo[0x2005][1] = 0 : NULL : WAIT = 0.1
00014 
00014 #set current and turn on output and verify feedback
00014 sdo[0x6200][1] = 1 : NULL : WAIT = 0.1
00015 #check feedback is 0
00015 NULL : sdo[0x5003][1] = 0 | 0 | 0.1
00015 TEST: Status Message Amp.Port_1 0.0 +/- 0.0
00015 PASS: Status Message Amp.Port_1 0.0
00016 #check fault is set
00016 NULL : sdo[0x5001][3] = 2 | 0 | 0.1
00016 TEST: Status Message F1.Status_Output1-2 2.0 +/- 0.0
00016 PASS: Status Message F1.Status_Output1-2 2.0
00017 #check fault code
00017 NULL : sdo[0x5000][3] = 1 | 0 | 0.1
00017 TEST: Response Message.Active_Fault_Code 1.0 +/- 0.0
00017 PASS: Response Message.Active_Fault_Code 1.0
00018 #switch out load line
00018 sdo[0x6200][1] = 0 : NULL : WAIT = 0.1
00019 J2_01 = 0 : NULL : WAIT = 0.5
00020 #-----setup 34044-----
00020 sdo[0x2000][1] = 0, sdo[0x2000][2] = 0 : NULL : WAIT = 0.1
00021 #disable global modes
00021 sdo[0x2000][3] = 0 : NULL : WAIT = 0.1
00022 sdo[0x2000][4] = 0 : NULL : WAIT = 0.1
00023 sdo[0x2000][1] = 0 : NULL : WAIT = 0.2
00024 sdo[0x2001][1] = 17 : NULL : WAIT = 0.2
00025 #switch in load line, set current
00025 J2_02 = 1 : NULL : WAIT = 0.5
00026 sdo[0x2005][1] = 1 : NULL : WAIT = 0.1
00027 
00027 #set current and turn on output and verify feedback
00027 sdo[0x6200][1] = 2 : NULL : WAIT = 0.1
00028 #check feedback is 0
00028 NULL : sdo[0x5003][1] = 0 | 0 | 0.1
00028 TEST: Status Message Amp.Port_1 0.0 +/- 0.0
00028 PASS: Status Message Amp.Port_1 0.0
00029 #check fault is set
00029 NULL : sdo[0x5001][3] = 10 | 0 | 0.1
00029 TEST: Status Message F1.Status_Output1-2 10.0 +/- 0.0
00029 PASS: Status Message F1.Status_Output1-2 10.0
00030 #check fault code
00030 NULL : sdo[0x5000][3] = 1 | 0 | 0.1
00030 TEST: Response Message.Active_Fault_Code 1.0 +/- 0.0
00030 PASS: Response Message.Active_Fault_Code 1.0
00031 #switch out load line
00031 sdo[0x6200][1] = 0 : NULL : WAIT = 0.1
00032 J2_02 = 0 : NULL : WAIT = 0.5
00033 #-----setup 34044-----
00033 sdo[0x2000][1] = 0, sdo[0x2000][2] = 0 : NULL : WAIT = 0.1
00034 #disable global modes
00034 sdo[0x2000][3] = 0 : NULL : WAIT = 0.1
00035 sdo[0x2000][4] = 0 : NULL : WAIT = 0.1
00036 sdo[0x2000][1] = 0 : NULL : WAIT = 0.2
00037 sdo[0x2001][2] = 17 : NULL : WAIT = 0.2
00038 #switch in load line, set current
00038 J2_03 = 1 : NULL : WAIT = 0.5
00039 sdo[0x2005][1] = 0 : NULL : WAIT = 0.1
00040 
00040 #set current and turn on output and verify feedback
00040 sdo[0x6200][1] = 4 : NULL : WAIT = 0.1
00041 #check feedback is 0
00041 NULL : sdo[0x5003][2] = 0 | 0 | 0.1
00041 TEST: Status Message Amp.Port_2 0.0 +/- 0.0
00041 PASS: Status Message Amp.Port_2 0.0
00042 #check fault is set
00042 NULL : sdo[0x5001][3] = 42 | 0 | 0.1
00042 TEST: Status Message F1.Status_Output1-2 42.0 +/- 0.0
00042 PASS: Status Message F1.Status_Output1-2 42.0
00043 #check fault code
00043 NULL : sdo[0x5000][3] = 1 | 0 | 0.1
00043 TEST: Response Message.Active_Fault_Code 1.0 +/- 0.0
00043 PASS: Response Message.Active_Fault_Code 1.0
00044 #switch out load line
00044 sdo[0x6200][1] = 0 : NULL : WAIT = 0.1
00045 J2_03 = 0 : NULL : WAIT = 0.5
00046 #-----setup 34044-----
00046 sdo[0x2000][1] = 0, sdo[0x2000][2] = 0 : NULL : WAIT = 0.1
00047 #disable global modes
00047 sdo[0x2000][3] = 0 : NULL : WAIT = 0.1
00048 sdo[0x2000][4] = 0 : NULL : WAIT = 0.1
00049 sdo[0x2000][1] = 0 : NULL : WAIT = 0.2
00050 sdo[0x2001][2] = 17 : NULL : WAIT = 0.2
00051 #switch in load line, set current
00051 J2_04 = 1 : NULL : WAIT = 0.5
00052 sdo[0x2005][1] = 2 : NULL : WAIT = 0.1
00053 
00053 #set current and turn on output and verify feedback
00053 sdo[0x6200][1] = 8 : NULL : WAIT = 0.1
00054 #check feedback is 0
00054 NULL : sdo[0x5003][2] = 0 | 0 | 0.1
00054 TEST: Status Message Amp.Port_2 0.0 +/- 0.0
00054 PASS: Status Message Amp.Port_2 0.0
00055 #check fault is set
00055 NULL : sdo[0x5001][3] = 170 | 0 | 0.1
00055 TEST: Status Message F1.Status_Output1-2 170.0 +/- 0.0
00055 PASS: Status Message F1.Status_Output1-2 170.0
00056 #check fault code
00056 NULL : sdo[0x5000][3] = 1 | 0 | 0.1
00056 TEST: Response Message.Active_Fault_Code 1.0 +/- 0.0
00056 PASS: Response Message.Active_Fault_Code 1.0
00057 #switch out load line
00057 sdo[0x6200][1] = 0 : NULL : WAIT = 0.1
00058 J2_04 = 0 : NULL : WAIT = 0.5
00059 #-----setup 34044-----
00059 sdo[0x2000][1] = 0, sdo[0x2000][2] = 0 : NULL : WAIT = 0.1
00060 #disable global modes
00060 sdo[0x2000][3] = 0 : NULL : WAIT = 0.1
00061 sdo[0x2000][4] = 0 : NULL : WAIT = 0.1
00062 sdo[0x2000][1] = 0 : NULL : WAIT = 0.2
00063 sdo[0x2001][3] = 17 : NULL : WAIT = 0.2
00064 #switch in load line, set current
00064 J2_05 = 1 : NULL : WAIT = 0.5
00065 sdo[0x2005][1] = 0 : NULL : WAIT = 0.1
00066 
00066 #set current and turn on output and verify feedback
00066 sdo[0x6200][1] = 16 : NULL : WAIT = 0.1
00067 #check feedback is 0
00067 NULL : sdo[0x5003][3] = 0 | 0 | 0.1
00067 TEST: Status Message Amp.Port_3 0.0 +/- 0.0
00067 PASS: Status Message Amp.Port_3 0.0
00068 #check fault is set
00068 NULL : sdo[0x5001][4] = 2 | 0 | 0.1
00068 TEST: Status Message F1.Status_Output3-4 2.0 +/- 0.0
00068 PASS: Status Message F1.Status_Output3-4 2.0
00069 #check fault code
00069 NULL : sdo[0x5000][3] = 1 | 0 | 0.1
00069 TEST: Response Message.Active_Fault_Code 1.0 +/- 0.0
00069 PASS: Response Message.Active_Fault_Code 1.0
00070 #switch out load line
00070 sdo[0x6200][1] = 0 : NULL : WAIT = 0.1
00071 J2_05 = 0 : NULL : WAIT = 0.5
00072 #-----setup 34044-----
00072 sdo[0x2000][1] = 0, sdo[0x2000][2] = 0 : NULL : WAIT = 0.1
00073 #disable global modes
00073 sdo[0x2000][3] = 0 : NULL : WAIT = 0.1
00074 sdo[0x2000][4] = 0 : NULL : WAIT = 0.1
00075 sdo[0x2000][1] = 0 : NULL : WAIT = 0.2
00076 sdo[0x2001][3] = 17 : NULL : WAIT = 0.2
00077 #switch in load line, set current
00077 J2_06 = 1 : NULL : WAIT = 0.5
00078 sdo[0x2005][1] = 4 : NULL : WAIT = 0.1
00079 
00079 #set current and turn on output and verify feedback
00079 sdo[0x6200][1] = 32 : NULL : WAIT = 0.1
00080 #check feedback is 0
00080 NULL : sdo[0x5003][3] = 0 | 0 | 0.1
00080 TEST: Status Message Amp.Port_3 0.0 +/- 0.0
00080 PASS: Status Message Amp.Port_3 0.0
00081 #check fault is set
00081 NULL : sdo[0x5001][4] = 10 | 0 | 0.1
00081 TEST: Status Message F1.Status_Output3-4 10.0 +/- 0.0
00081 PASS: Status Message F1.Status_Output3-4 10.0
00082 #check fault code
00082 NULL : sdo[0x5000][3] = 1 | 0 | 0.1
00082 TEST: Response Message.Active_Fault_Code 1.0 +/- 0.0
00082 PASS: Response Message.Active_Fault_Code 1.0
00083 #switch out load line
00083 sdo[0x6200][1] = 0 : NULL : WAIT = 0.1
00084 J2_06 = 0 : NULL : WAIT = 0.5
00085 #-----setup 34044-----
00085 sdo[0x2000][1] = 0, sdo[0x2000][2] = 0 : NULL : WAIT = 0.1
00086 #disable global modes
00086 sdo[0x2000][3] = 0 : NULL : WAIT = 0.1
00087 sdo[0x2000][4] = 0 : NULL : WAIT = 0.1
00088 sdo[0x2000][1] = 0 : NULL : WAIT = 0.2
00089 sdo[0x2001][4] = 17 : NULL : WAIT = 0.2
00090 #switch in load line, set current
00090 J2_07 = 1 : NULL : WAIT = 0.5
00091 sdo[0x2005][1] = 0 : NULL : WAIT = 0.1
00092 
00092 #set current and turn on output and verify feedback
00092 sdo[0x6200][1] = 64 : NULL : WAIT = 0.1
00093 #check feedback is 0
00093 NULL : sdo[0x5003][4] = 0 | 0 | 0.1
00093 TEST: Status Message Amp.Port_4 0.0 +/- 0.0
00093 PASS: Status Message Amp.Port_4 0.0
00094 #check fault is set
00094 NULL : sdo[0x5001][4] = 42 | 0 | 0.1
00094 TEST: Status Message F1.Status_Output3-4 42.0 +/- 0.0
00094 PASS: Status Message F1.Status_Output3-4 42.0
00095 #check fault code
00095 NULL : sdo[0x5000][3] = 1 | 0 | 0.1
00095 TEST: Response Message.Active_Fault_Code 1.0 +/- 0.0
00095 PASS: Response Message.Active_Fault_Code 1.0
00096 #switch out load line
00096 sdo[0x6200][1] = 0 : NULL : WAIT = 0.1
00097 J2_07 = 0 : NULL : WAIT = 0.5
00098 #-----setup 34044-----
00098 sdo[0x2000][1] = 0, sdo[0x2000][2] = 0 : NULL : WAIT = 0.1
00099 #disable global modes
00099 sdo[0x2000][3] = 0 : NULL : WAIT = 0.1
00100 sdo[0x2000][4] = 0 : NULL : WAIT = 0.1
00101 sdo[0x2000][1] = 0 : NULL : WAIT = 0.2
00102 sdo[0x2001][4] = 17 : NULL : WAIT = 0.2
00103 #switch in load line, set current
00103 J2_08 = 1 : NULL : WAIT = 0.5
00104 sdo[0x2005][1] = 8 : NULL : WAIT = 0.1
00105 
00105 #set current and turn on output and verify feedback
00105 sdo[0x6200][1] = 128 : NULL : WAIT = 0.1
00106 #check feedback is 0
00106 NULL : sdo[0x5003][4] = 0 | 0 | 0.1
00106 TEST: Status Message Amp.Port_4 0.0 +/- 0.0
00106 PASS: Status Message Amp.Port_4 0.0
00107 #check fault is set
00107 NULL : sdo[0x5001][4] = 170 | 0 | 0.1
00107 TEST: Status Message F1.Status_Output3-4 170.0 +/- 0.0
00107 PASS: Status Message F1.Status_Output3-4 170.0
00108 #check fault code
00108 NULL : sdo[0x5000][3] = 1 | 0 | 0.1
00108 TEST: Response Message.Active_Fault_Code 1.0 +/- 0.0
00108 PASS: Response Message.Active_Fault_Code 1.0
00109 #switch out load line
00109 sdo[0x6200][1] = 0 : NULL : WAIT = 0.1
00110 J2_08 = 0 : NULL : WAIT = 0.5
00111 #-----setup 34044-----
00111 sdo[0x2000][1] = 0, sdo[0x2000][2] = 0 : NULL : WAIT = 0.1
00112 #disable global modes
00112 sdo[0x2000][3] = 0 : NULL : WAIT = 0.1
00113 sdo[0x2000][4] = 0 : NULL : WAIT = 0.1
00114 sdo[0x2000][1] = 0 : NULL : WAIT = 0.2
00115 sdo[0x2001][5] = 17 : NULL : WAIT = 0.2
00116 #switch in load line, set current
00116 J2_09 = 1 : NULL : WAIT = 0.5
00117 sdo[0x2005][1] = 0 : NULL : WAIT = 0.1
00118 
00118 #set current and turn on output and verify feedback
00118 sdo[0x6200][2] = 1 : NULL : WAIT = 0.1
00119 #check feedback is 0
00119 NULL : sdo[0x5003][5] = 0 | 0 | 0.1
00119 TEST: Status Message Amp.Port_5 0.0 +/- 0.0
00119 PASS: Status Message Amp.Port_5 0.0
00120 #check fault is set
00120 NULL : sdo[0x5001][5] = 2 | 0 | 0.1
00120 TEST: Status Message F1.Status_Output5-6 2.0 +/- 0.0
00120 PASS: Status Message F1.Status_Output5-6 2.0
00121 #check fault code
00121 NULL : sdo[0x5000][3] = 1 | 0 | 0.1
00121 TEST: Response Message.Active_Fault_Code 1.0 +/- 0.0
00121 PASS: Response Message.Active_Fault_Code 1.0
00122 #switch out load line
00122 sdo[0x6200][2] = 0 : NULL : WAIT = 0.1
00123 J2_09 = 0 : NULL : WAIT = 0.5
00124 #-----setup 34044-----
00124 sdo[0x2000][1] = 0, sdo[0x2000][2] = 0 : NULL : WAIT = 0.1
00125 #disable global modes
00125 sdo[0x2000][3] = 0 : NULL : WAIT = 0.1
00126 sdo[0x2000][4] = 0 : NULL : WAIT = 0.1
00127 sdo[0x2000][1] = 0 : NULL : WAIT = 0.2
00128 sdo[0x2001][5] = 17 : NULL : WAIT = 0.2
00129 #switch in load line, set current
00129 J2_10 = 1 : NULL : WAIT = 0.5
00130 sdo[0x2005][1] = 16 : NULL : WAIT = 0.1
00131 
00131 #set current and turn on output and verify feedback
00131 sdo[0x6200][2] = 2 : NULL : WAIT = 0.1
00132 #check feedback is 0
00132 NULL : sdo[0x5003][5] = 0 | 0 | 0.1
00132 TEST: Status Message Amp.Port_5 0.0 +/- 0.0
00132 PASS: Status Message Amp.Port_5 0.0
00133 #check fault is set
00133 NULL : sdo[0x5001][5] = 10 | 0 | 0.1
00133 TEST: Status Message F1.Status_Output5-6 10.0 +/- 0.0
00133 PASS: Status Message F1.Status_Output5-6 10.0
00134 #check fault code
00134 NULL : sdo[0x5000][3] = 1 | 0 | 0.1
00134 TEST: Response Message.Active_Fault_Code 1.0 +/- 0.0
00134 PASS: Response Message.Active_Fault_Code 1.0
00135 #switch out load line
00135 sdo[0x6200][2] = 0 : NULL : WAIT = 0.1
00136 J2_10 = 0 : NULL : WAIT = 0.5
00137 #-----setup 34044-----
00137 sdo[0x2000][1] = 0, sdo[0x2000][2] = 0 : NULL : WAIT = 0.1
00138 #disable global modes
00138 sdo[0x2000][3] = 0 : NULL : WAIT = 0.1
00139 sdo[0x2000][4] = 0 : NULL : WAIT = 0.1
00140 sdo[0x2000][1] = 0 : NULL : WAIT = 0.2
00141 sdo[0x2001][6] = 17 : NULL : WAIT = 0.2
00142 #switch in load line, set current
00142 J2_11 = 1 : NULL : WAIT = 0.5
00143 sdo[0x2005][1] = 0 : NULL : WAIT = 0.1
00144 
00144 #set current and turn on output and verify feedback
00144 sdo[0x6200][2] = 4 : NULL : WAIT = 0.1
00145 #check feedback is 0
00145 NULL : sdo[0x5003][6] = 0 | 0 | 0.1
00145 TEST: Status Message Amp.Port_6 0.0 +/- 0.0
00145 PASS: Status Message Amp.Port_6 0.0
00146 #check fault is set
00146 NULL : sdo[0x5001][5] = 42 | 0 | 0.1
00146 TEST: Status Message F1.Status_Output5-6 42.0 +/- 0.0
00146 PASS: Status Message F1.Status_Output5-6 42.0
00147 #check fault code
00147 NULL : sdo[0x5000][3] = 1 | 0 | 0.1
00147 TEST: Response Message.Active_Fault_Code 1.0 +/- 0.0
00147 PASS: Response Message.Active_Fault_Code 1.0
00148 #switch out load line
00148 sdo[0x6200][2] = 0 : NULL : WAIT = 0.1
00149 J2_11 = 0 : NULL : WAIT = 0.5
00150 #-----setup 34044-----
00150 sdo[0x2000][1] = 0, sdo[0x2000][2] = 0 : NULL : WAIT = 0.1
00151 #disable global modes
00151 sdo[0x2000][3] = 0 : NULL : WAIT = 0.1
00152 sdo[0x2000][4] = 0 : NULL : WAIT = 0.1
00153 sdo[0x2000][1] = 0 : NULL : WAIT = 0.2
00154 sdo[0x2001][6] = 17 : NULL : WAIT = 0.2
00155 #switch in load line, set current
00155 J2_12 = 1 : NULL : WAIT = 0.5
00156 sdo[0x2005][1] = 32 : NULL : WAIT = 0.1
00157 
00157 #set current and turn on output and verify feedback
00157 sdo[0x6200][2] = 8 : NULL : WAIT = 0.1
00158 #check feedback is 0
00158 NULL : sdo[0x5003][6] = 0 | 0 | 0.1
00158 TEST: Status Message Amp.Port_6 0.0 +/- 0.0
00158 PASS: Status Message Amp.Port_6 0.0
00159 #check fault is set
00159 NULL : sdo[0x5001][5] = 170 | 0 | 0.1
00159 TEST: Status Message F1.Status_Output5-6 170.0 +/- 0.0
00159 PASS: Status Message F1.Status_Output5-6 170.0
00160 #check fault code
00160 NULL : sdo[0x5000][3] = 1 | 0 | 0.1
00160 TEST: Response Message.Active_Fault_Code 1.0 +/- 0.0
00160 PASS: Response Message.Active_Fault_Code 1.0
00161 #switch out load line
00161 sdo[0x6200][2] = 0 : NULL : WAIT = 0.1
00162 J2_12 = 0 : NULL : WAIT = 0.5
00163 #-----setup 34044-----
00163 sdo[0x2000][1] = 0, sdo[0x2000][2] = 0 : NULL : WAIT = 0.1
00164 #disable global modes
00164 sdo[0x2000][3] = 0 : NULL : WAIT = 0.1
00165 sdo[0x2000][4] = 0 : NULL : WAIT = 0.1
00166 sdo[0x2000][1] = 0 : NULL : WAIT = 0.2
00167 sdo[0x2001][7] = 17 : NULL : WAIT = 0.2
00168 #switch in load line, set current
00168 J3_01 = 1 : NULL : WAIT = 0.5
00169 sdo[0x2005][1] = 0 : NULL : WAIT = 0.1
00170 
00170 #set current and turn on output and verify feedback
00170 sdo[0x6200][2] = 16 : NULL : WAIT = 0.1
00171 #check feedback is 0
00171 NULL : sdo[0x5003][7] = 0 | 0 | 0.1
00171 TEST: Status Message Amp.Port_7 0.0 +/- 0.0
00171 PASS: Status Message Amp.Port_7 0.0
00172 #check fault is set
00172 NULL : sdo[0x5001][6] = 2 | 0 | 0.1
00172 TEST: Status Message F1.Status_Output7-8 2.0 +/- 0.0
00172 PASS: Status Message F1.Status_Output7-8 2.0
00173 #check fault code
00173 NULL : sdo[0x5000][3] = 1 | 0 | 0.1
00173 TEST: Response Message.Active_Fault_Code 1.0 +/- 0.0
00173 PASS: Response Message.Active_Fault_Code 1.0
00174 #switch out load line
00174 sdo[0x6200][2] = 0 : NULL : WAIT = 0.1
00175 J3_01 = 0 : NULL : WAIT = 0.5
00176 #-----setup 34044-----
00176 sdo[0x2000][1] = 0, sdo[0x2000][2] = 0 : NULL : WAIT = 0.1
00177 #disable global modes
00177 sdo[0x2000][3] = 0 : NULL : WAIT = 0.1
00178 sdo[0x2000][4] = 0 : NULL : WAIT = 0.1
00179 sdo[0x2000][1] = 0 : NULL : WAIT = 0.2
00180 sdo[0x2001][7] = 17 : NULL : WAIT = 0.2
00181 #switch in load line, set current
00181 J3_02 = 1 : NULL : WAIT = 0.5
00182 sdo[0x2005][1] = 64 : NULL : WAIT = 0.1
00183 
00183 #set current and turn on output and verify feedback
00183 sdo[0x6200][2] = 32 : NULL : WAIT = 0.1
00184 #check feedback is 0
00184 NULL : sdo[0x5003][7] = 0 | 0 | 0.1
00184 TEST: Status Message Amp.Port_7 0.0 +/- 0.0
00184 PASS: Status Message Amp.Port_7 0.0
00185 #check fault is set
00185 NULL : sdo[0x5001][6] = 10 | 0 | 0.1
00185 TEST: Status Message F1.Status_Output7-8 10.0 +/- 0.0
00185 PASS: Status Message F1.Status_Output7-8 10.0
00186 #check fault code
00186 NULL : sdo[0x5000][3] = 1 | 0 | 0.1
00186 TEST: Response Message.Active_Fault_Code 1.0 +/- 0.0
00186 PASS: Response Message.Active_Fault_Code 1.0
00187 #switch out load line
00187 sdo[0x6200][2] = 0 : NULL : WAIT = 0.1
00188 J3_02 = 0 : NULL : WAIT = 0.5
00189 #-----setup 34044-----
00189 sdo[0x2000][1] = 0, sdo[0x2000][2] = 0 : NULL : WAIT = 0.1
00190 #disable global modes
00190 sdo[0x2000][3] = 0 : NULL : WAIT = 0.1
00191 sdo[0x2000][4] = 0 : NULL : WAIT = 0.1
00192 sdo[0x2000][1] = 0 : NULL : WAIT = 0.2
00193 sdo[0x2001][8] = 17 : NULL : WAIT = 0.2
00194 #switch in load line, set current
00194 J3_03 = 1 : NULL : WAIT = 0.5
00195 sdo[0x2005][1] = 0 : NULL : WAIT = 0.1
00196 
00196 #set current and turn on output and verify feedback
00196 sdo[0x6200][2] = 64 : NULL : WAIT = 0.1
00197 #check feedback is 0
00197 NULL : sdo[0x5003][8] = 0 | 0 | 0.1
00197 TEST: Status Message Amp.Port_8 0.0 +/- 0.0
00197 PASS: Status Message Amp.Port_8 0.0
00198 #check fault is set
00198 NULL : sdo[0x5001][6] = 42 | 0 | 0.1
00198 TEST: Status Message F1.Status_Output7-8 42.0 +/- 0.0
00198 PASS: Status Message F1.Status_Output7-8 42.0
00199 #check fault code
00199 NULL : sdo[0x5000][3] = 1 | 0 | 0.1
00199 TEST: Response Message.Active_Fault_Code 1.0 +/- 0.0
00199 PASS: Response Message.Active_Fault_Code 1.0
00200 #switch out load line
00200 sdo[0x6200][2] = 0 : NULL : WAIT = 0.1
00201 J3_03 = 0 : NULL : WAIT = 0.5
00202 #-----setup 34044-----
00202 sdo[0x2000][1] = 0, sdo[0x2000][2] = 0 : NULL : WAIT = 0.1
00203 #disable global modes
00203 sdo[0x2000][3] = 0 : NULL : WAIT = 0.1
00204 sdo[0x2000][4] = 0 : NULL : WAIT = 0.1
00205 sdo[0x2000][1] = 0 : NULL : WAIT = 0.2
00206 sdo[0x2001][8] = 17 : NULL : WAIT = 0.2
00207 #switch in load line, set current
00207 J3_04 = 1 : NULL : WAIT = 0.5
00208 sdo[0x2005][1] = 128 : NULL : WAIT = 0.1
00209 
00209 #set current and turn on output and verify feedback
00209 sdo[0x6200][2] = 128 : NULL : WAIT = 0.1
00210 #check feedback is 0
00210 NULL : sdo[0x5003][8] = 0 | 0 | 0.1
00210 TEST: Status Message Amp.Port_8 0.0 +/- 0.0
00210 PASS: Status Message Amp.Port_8 0.0
00211 #check fault is set
00211 NULL : sdo[0x5001][6] = 170 | 0 | 0.1
00211 TEST: Status Message F1.Status_Output7-8 170.0 +/- 0.0
00211 PASS: Status Message F1.Status_Output7-8 170.0
00212 #check fault code
00212 NULL : sdo[0x5000][3] = 1 | 0 | 0.1
00212 TEST: Response Message.Active_Fault_Code 1.0 +/- 0.0
00212 PASS: Response Message.Active_Fault_Code 1.0
00213 #switch out load line
00213 sdo[0x6200][2] = 0 : NULL : WAIT = 0.1
00214 J3_04 = 0 : NULL : WAIT = 0.5
00215 NULL : sdo[0x5001][3] = 170 | 0 | 0.1
00215 TEST: Status Message F1.Status_Output1-2 170.0 +/- 0.0
00215 PASS: Status Message F1.Status_Output1-2 170.0
00216 NULL : sdo[0x5001][4] = 170 | 0 | 0.1
00216 PASS: Status Message F1.Status_Output3-4 170.0
00217 NULL : sdo[0x5001][5] = 170 | 0 | 0.1
00217 PASS: Status Message F1.Status_Output5-6 170.0
00218 NULL : sdo[0x5001][6] = 170 | 0 | 0.1
00218 PASS: Status Message F1.Status_Output7-8 170.0
00219 LdRemote = 0 : NULL : WAIT = 0.1
00220 LdEnable = 0 : NULL : WAIT = 0.1
00221 J0_08_METER_LOAD = 0 : NULL : WAIT = 1
00222 PRE_OPERATIONAL
00222 SAVE
00222 END
Fail count: 0
Finished on: 2025-09-10-14:24:40
elapsed time: 0:01:33.349916
